[93m[1m! [0m agent "reviewer" not found. Falling back to default agent
[0m
> build · muse-spark-1.3-contributor-free
[0m
Hunting the phase-022 diff for fake completions and silent fallbacks — reading the changed files now.
[0m→ [0mRead tests/bootstrap_selfhost_test.rs
[0m→ [0mRead src/runtime.rs
[0m→ [0mRead src/interpreter.rs[90m [limit=100, offset=1][0m
[0m→ [0mRead tests/bootstrap_selfhost_test.rs[90m [offset=1299][0m
[0m→ [0mRead bootstrap/compiler.rb[90m [limit=120, offset=40][0m
Found the step-budget hike and the fixed-point tests — now probing the remaining risk areas for hidden defects.
[0m✱ [0mGrep "append_target|apply_map|MAX_STEPS|MAX_ITERATIONS|MAX_CALL_DEPTH"[90m in src · 41 matches[0m
[0m→ [0mRead bootstrap/compiler.rb[90m [limit=150, offset=245][0m
[0m→ [0mRead src/interpreter.rs[90m [limit=130, offset=100][0m
[0m→ [0mRead src/interpreter.rs[90m [limit=120, offset=1540][0m
[0m→ [0mRead bootstrap/compiler.rb[90m [limit=120, offset=405][0m
[0m→ [0mRead bootstrap/compiler.rb[90m [limit=150, offset=2650][0m
[0m→ [0mRead bootstrap/compiler.rb[90m [limit=80, offset=2255][0m
[0m✱ [0mGrep "compile_(for|loop|if|unless|while)"[90m in bootstrap · 23 matches[0m
[0m✱ [0mGrep "ignore|skip|unwrap_or_default|is_ok\(\)|return Ok"[90m in tests · 100 matches[0m
[0m→ [0mRead bootstrap/compiler.rb[90m [limit=120, offset=2331][0m
The nesting fix checks out so far — now verifying no other global-slot paths remain exposed and the test gates are genuine.
[0m✱ [0mGrep "cat\(|put\(|G_BYTES|G_TOKENS|G_PATCHED"[90m in bootstrap · 43 matches[0m
[0m✱ [0mGrep "#\[ignore\]|#\[cfg\(.*ignore"[90m in . · 0 matches[0m
[0m→ [0mRead bootstrap/compiler.rb[90m [limit=80, offset=2799][0m
[0m✱ [0mGrep "apply_patches|nested_block|patch_at|emit_jump"[90m in bootstrap · 41 matches[0m
[0m→ [0mRead bootstrap/compiler.rb[90m [limit=100, offset=2140][0m
[0m→ [0mRead bootstrap/compiler.rb[90m [limit=130, offset=2525][0m
[0m→ [0mRead bootstrap/compiler.rb[90m [limit=60, offset=2490][0m
Core code looks sound — now checking the supporting docs and measurements for consistency gaps.
[0m→ [0mRead phases/phase-022/REPORT.md[90m [limit=50][0m
FINDINGS: none
REVIEW VERDICT: CLEAN
