[0m
> build · space-bunny-free
[0m
[0m# [0mTodos
[•] Read src/lsp.rs, src/linter.rs, tooling/vscode files, lexer comment handling
[ ] BLOCKER: fix comment syntax (# -> //) in generator, shipped tmLanguage JSON, language-configuration
[ ] MAJOR: sort linter unused-variable findings for determinism
[ ] MINOR: lsp.rs double tokenize/parse claim
[ ] MINOR: Diagnostic::to_json doc says LSP shape but isn't LSP
[ ] STYLE: comment/code order mismatch in grammar generation
[ ] Add tests pinning comment syntax and diagnostic ordering
[ ] Run four gates: build, test, fmt, clippy
[0m
I'll start by examining the reviewer findings and the relevant files.
[0m→ [0mRead src/lsp.rs
[0m→ [0mRead src/linter.rs
[0m→ [0mRead tooling/vscode/syntaxes/redblue.tmLanguage.json
[0m→ [0mRead tests/tooling_grammar_test.rs
[0m→ [0mRead tooling/vscode/package.json
[0m→ [0mRead tooling/vscode/language-configuration.json
[0m→ [0mRead src/lexer.rs[90m [offset=340, limit=140][0m
[0m
[0m$ [0mrg -n "comment" /home/runner/work/rbops/rbops/redblue/docs/GRAMMAR.md /home/runner/work/rbops/rbops/redblue/SPEC.md | head -40
/home/runner/work/rbops/rbops/redblue/SPEC.md:116:// Single line comment
/home/runner/work/rbops/rbops/redblue/SPEC.md:119:// comment spanning
/home/runner/work/rbops/rbops/redblue/SPEC.md:734:        set comments to wait fetch_comments()
/home/runner/work/rbops/rbops/redblue/SPEC.md:737:    give back combine(users, posts, comments)
/home/runner/work/rbops/rbops/redblue/docs/GRAMMAR.md:25:comment       = '//' { any_character_except_newline } newline
[0m
[0m$ [0mrg -n "runs once|once per|diagnostics|lsp::|linter::" /home/runner/work/rbops/rbops/redblue/src/main.rs /home/runner/work/rbops/rbops/redblue/src/lib.rs | head -40; echo ---; ls /home/runner/work/rbops/rbops/redblue/tests/
/home/runner/work/rbops/rbops/redblue/src/lib.rs:22:pub use lsp::{
/home/runner/work/rbops/rbops/redblue/src/lib.rs:23:    diagnostics, diagnostics_json, diagnostics_to_json, textmate_grammar, Diagnostic, Severity,
/home/runner/work/rbops/rbops/redblue/src/lib.rs:155:                        let (errors, warnings) = linter::lint(&source);
/home/runner/work/rbops/rbops/redblue/src/lib.rs:171:                "diagnostics" => match fs::read_to_string(path) {
/home/runner/work/rbops/rbops/redblue/src/lib.rs:173:                        let found = diagnostics(&source);
/home/runner/work/rbops/rbops/redblue/src/lib.rs:177:                        println!("{}", diagnostics_to_json(&found));
/home/runner/work/rbops/rbops/redblue/src/lib.rs:238:    println!("  rb diagnostics <file>  Report errors as JSON for editors");
---
call_depth_test.rs
closure_capture_test.rs
discovery_test.rs
expect_test.rs
formatter_test.rs
index_bounds_test.rs
integration_test.rb
lexer_robustness_test.rs
loop_bounds_test.rs
numeric_edge_test.rs
object_model_test.rs
parser_hardening_test.rs
record_order_test.rs
redblue_suite_test.rs
redblue_test.rs
span_test.rs
stdlib_modules_test.rs
suite.rb
test_arithmetic.rb
test_closures.rb
test_control_flow.rb
test_functions.rb
test_lists.rb
test_modules.rb
test_numeric_edges.rb
test_object_model.rb
test_objects.rb
test_records.rb
test_text.rb
tooling_grammar_test.rs
[0m
[0m$ [0mrg -n "Unused variable|get_warnings|lint\(" /home/runner/work/rbops/rbops/redblue/tests/ /home/runner/work/rbops/rbops/redblue/src/ | head -40
/home/runner/work/rbops/rbops/redblue/src/linter.rs:38:    pub fn lint(&mut self, program: &Program) {
/home/runner/work/rbops/rbops/redblue/src/linter.rs:47:                    message: format!("Unused variable: '{}'", var),
/home/runner/work/rbops/rbops/redblue/src/linter.rs:260:    pub fn get_warnings(&self) -> Vec<LintWarning> {
/home/runner/work/rbops/rbops/redblue/src/linter.rs:271:pub fn lint(source: &str) -> (Vec<LintError>, Vec<LintWarning>) {
/home/runner/work/rbops/rbops/redblue/src/linter.rs:284:    linter.lint(&program);
/home/runner/work/rbops/rbops/redblue/src/linter.rs:286:    (linter.get_errors(), linter.get_warnings())
/home/runner/work/rbops/rbops/redblue/src/lsp.rs:124:    let (errors, warnings) = crate::linter::lint(source);
/home/runner/work/rbops/rbops/redblue/src/lib.rs:155:                        let (errors, warnings) = linter::lint(&source);
/home/runner/work/rbops/rbops/redblue/tests/tooling_grammar_test.rs:202:    let (lint_errors, lint_warnings) = redblue::linter::lint(source);
/home/runner/work/rbops/rbops/redblue/tests/tooling_grammar_test.rs:243:        warning.message.contains("Unused variable") && warning.message.contains('x'),
[0m
[0m→ [0mRead src/lib.rs[90m [limit=60, offset=1][0m
[0m→ [0mRead src/lib.rs[90m [limit=100, offset=130][0m
[0m
[0m$ [0mrg -rn --hidden -g '!target' -g '!.git' 'number-sign|lineComment|"#\.\*|#.*comment' /home/runner/work/rbops/rbops/redblue | head -20; echo ---; ls /home/runner/work/rbops/rbops/redblue/tooling/vscode/ /home/runner/work/rbops/rbops/redblue/docs/
/home/runner/work/rbops/rbops/redblue/tooling/vscode/language-configuration.json:    "n": "#"
/home/runner/work/rbops/rbops/redblue/tooling/vscode/syntaxes/redblue.tmLanguage.json:    {"name":"comment.line.n.redblue","match":n$"},
/home/runner/work/rbops/rbops/redblue/src/lsp.rs:    patterns.push(rn.line.n.redblue","match":n$"}"##.to_string());
/home/runner/work/rbops/rbops/redblue/phases/phase-017/REPORT.md:| `tooling/vscode/language-configuration.json` (new) | +21 | `ns, brackets, auto-closing quotes |
/home/runner/work/rbops/rbops/redblue/phases/phase-003/FINDINGS.md:ned-out tests as passing tests
---
/home/runner/work/rbops/rbops/redblue/docs/:
GRAMMAR.md

/home/runner/work/rbops/rbops/redblue/tooling/vscode/:
README.md
language-configuration.json
package.json
syntaxes
[0m
[0m→ [0mRead tooling/vscode/README.md
[0m
[0m$ [0mrg -n '#' /home/runner/work/rbops/rbops/redblue/tooling/vscode/README.md /home/runner/work/rbops/rbops/redblue/phases/phase-017/REPORT.md | head -30
/home/runner/work/rbops/rbops/redblue/tooling/vscode/README.md:1:# Redblue VS Code Extension
/home/runner/work/rbops/rbops/redblue/tooling/vscode/README.md:6:## What is here
/home/runner/work/rbops/rbops/redblue/tooling/vscode/README.md:17:## The grammar is generated, not hand-written
/home/runner/work/rbops/rbops/redblue/tooling/vscode/README.md:31:## Diagnostics
/home/runner/work/rbops/rbops/redblue/tooling/vscode/README.md:49:## Not implemented
/home/runner/work/rbops/rbops/redblue/phases/phase-017/REPORT.md:1:# Phase 017 — Language server / editor support scaffolding
/home/runner/work/rbops/rbops/redblue/phases/phase-017/REPORT.md:3:## Finding reproduced
/home/runner/work/rbops/rbops/redblue/phases/phase-017/REPORT.md:18:## Red test, before any production change
/home/runner/work/rbops/rbops/redblue/phases/phase-017/REPORT.md:38:## What changed
/home/runner/work/rbops/rbops/redblue/phases/phase-017/REPORT.md:48:| `tooling/vscode/language-configuration.json` (new) | +21 | `#` comments, brackets, auto-closing quotes |
/home/runner/work/rbops/rbops/redblue/phases/phase-017/REPORT.md:74:## Tests added
/home/runner/work/rbops/rbops/redblue/phases/phase-017/REPORT.md:94:### Mandatory edge-case matrix
/home/runner/work/rbops/rbops/redblue/phases/phase-017/REPORT.md:109:## Gates
/home/runner/work/rbops/rbops/redblue/phases/phase-017/REPORT.md:121:Zero new `#[ignore]`, `// skip` or `allow(clippy::` suppressions. Zero
/home/runner/work/rbops/rbops/redblue/phases/phase-017/REPORT.md:124:## Invariants touched
/home/runner/work/rbops/rbops/redblue/phases/phase-017/REPORT.md:134:## Known gaps / follow-ups
[0m
[0m← [0mEdit src/lsp.rs
Index: /home/runner/work/rbops/rbops/redblue/src/lsp.rs
===================================================================
--- /home/runner/work/rbops/rbops/redblue/src/lsp.rs
+++ /home/runner/work/rbops/rbops/redblue/src/lsp.rs
@@ -211,17 +211,25 @@
 /// lexer. Write the result to [`GRAMMAR_PATH`] to publish it.
 pub fn textmate_grammar() -> String {
     let mut patterns: Vec<String> = Vec::new();
 
-    // Order matters to TextMate: the first pattern that matches at a position
-    // wins, so text comes before comments (a `#` inside a string is not a
-    // comment) and comments before keywords (a keyword inside a comment is not
-    // a keyword).
-    patterns.push(r##"{"name":"comment.line.number-sign.redblue","match":"#.*$"}"##.to_string());
+    // Order matters to TextMate: of the patterns matching at the same
+    // position, the first in this list wins.
+    //
+    // Strings come before comments so a `//` inside a string is string text,
+    // not a comment: the string rule claims the quote and everything up to the
+    // closing quote before the comment rule is ever offered the inner `//`.
     patterns.push(
         r#"{"name":"string.quoted.double.redblue","begin":"\"","end":"\"","patterns":[{"name":"constant.character.escape.redblue","match":"\\\\."}]}"#
             .to_string(),
     );
+    // Comments come before the operator rule because the language's only
+    // comment marker, `//`, starts with the division operator: without this
+    // order a trailing comment highlights as an operator and as text. This is
+    // the marker's the lexer skips (see `Lexer::skip_comment`) and the one
+    // `docs/GRAMMAR.md` specifies — `#` is not a comment in Redblue, it is an
+    // unexpected character.
+    patterns.push(r##"{"name":"comment.line.double-slash.redblue","match":"//.*$"}"##.to_string());
     // `yes`, `no` and `nothing` are the language's constants. `true`/`false`
     // are not: they only appear inside JSON text, where the string rule owns
     // them, so highlighting them here would mark a variable named `true`.
     patterns.push(

[0m
Now let me make the fixes. Starting with the BLOCKER (comment syntax):
[0m← [0mEdit tooling/vscode/syntaxes/redblue.tmLanguage.json
Index: /home/runner/work/rbops/rbops/redblue/tooling/vscode/syntaxes/redblue.tmLanguage.json
===================================================================
--- /home/runner/work/rbops/rbops/redblue/tooling/vscode/syntaxes/redblue.tmLanguage.json
+++ /home/runner/work/rbops/rbops/redblue/tooling/vscode/syntaxes/redblue.tmLanguage.json
@@ -3,10 +3,10 @@
 "name": "Redblue",
 "scopeName": "source.redblue",
 "fileTypes": ["rb"],
 "patterns": [
-  {"name":"comment.line.number-sign.redblue","match":"#.*$"},
   {"name":"string.quoted.double.redblue","begin":"\"","end":"\"","patterns":[{"name":"constant.character.escape.redblue","match":"\\\\."}]},
+  {"name":"comment.line.double-slash.redblue","match":"//.*$"},
   {"name":"constant.language.redblue","match":"\\b(?:yes|no|nothing)\\b"},
   {"name":"constant.numeric.redblue","match":"(?:\\d+(?:\\.\\d+)?(?:[eE][+-]?\\d+)?|\\.\\d+)"},
   {"name":"keyword.control.redblue","match":"\\b(?:set|to|is|are|if|then|else|end|when|unless|for|each|in|from|times|while|repeat|until|break|skip|return|give|back|might|fail|say|print|ask|try|catch|finally|and|or|not|yes|no|nothing|module|import|export|test|expect|object|has|can|this|that|new|extends|async|wait|parallel|done)\\b"},
   {"name":"entity.name.function.redblue","match":"\\b[A-Za-z_][A-Za-z0-9_]*(?=\\s*\\()"},

[0m
[0m← [0mEdit tooling/vscode/language-configuration.json
Index: /home/runner/work/rbops/rbops/redblue/tooling/vscode/language-configuration.json
===================================================================
--- /home/runner/work/rbops/rbops/redblue/tooling/vscode/language-configuration.json
+++ /home/runner/work/rbops/rbops/redblue/tooling/vscode/language-configuration.json
@@ -1,7 +1,7 @@
 {
   "comments": {
-    "lineComment": "#"
+    "lineComment": "//"
   },
   "brackets": [
     ["(", ")"],
     ["[", "]"],

[0m
Now the shipped artifacts:
[0m← [0mEdit src/linter.rs
Index: /home/runner/work/rbops/rbops/redblue/src/linter.rs
===================================================================
--- /home/runner/work/rbops/rbops/redblue/src/linter.rs
+++ /home/runner/work/rbops/rbops/redblue/src/linter.rs
@@ -39,17 +39,27 @@
     for stmt in &program.statements {
         self.analyze_statement(stmt);
     }
 
-    // Check for unused variables
-    for var in &self.defined_vars {
-        if !self.used_vars.contains(var) && !var.starts_with('_') {
-            self.warnings.push(LintWarning {
-                message: format!("Unused variable: '{}'", var),
-                line: 0,
-                column: 0,
-            });
-        }
+    // Check for unused variables. `defined_vars` is a `HashSet`, so its
+    // own iteration order changes from run to run: the findings are
+    // collected in name order instead, or the same file would report its
+    // unused variables in a different order every time — and `rb
+    // diagnostics` would emit that order into its JSON array.
+    let mut unused: Vec<&str> = self
+        .defined_vars
+        .iter()
+        .filter(|var| !var.starts_with('_') && !self.used_vars.contains(*var))
+        .map(String::as_str)
+        .collect();
+    unused.sort_unstable();
+
+    for var in unused {
+        self.warnings.push(LintWarning {
+            message: format!("Unused variable: '{}'", var),
+            line: 0,
+            column: 0,
+        });
     }
 }
 
 fn analyze_statement(&mut self, stmt: &Stmt) {

[0m
Now the linter determinism fix plus threading the AST through:
[0m← [0mEdit src/linter.rs
Index: /home/runner/work/rbops/rbops/redblue/src/linter.rs
===================================================================
--- /home/runner/work/rbops/rbops/redblue/src/linter.rs
+++ /home/runner/work/rbops/rbops/redblue/src/linter.rs
@@ -277,8 +277,10 @@
         Self::new()
     }
 }
 
+/// Lints `source`, lexing and parsing it first. Returns no findings when the
+/// source does not parse: there is no program to lint.
 pub fn lint(source: &str) -> (Vec<LintError>, Vec<LintWarning>) {
     let tokens = match Lexer::tokenize(source) {
         Ok(t) => t,
         Err(_) => return (Vec::new(), Vec::new()),
@@ -289,9 +291,16 @@
         Ok(p) => p,
         Err(_) => return (Vec::new(), Vec::new()),
     };
 
+    lint_program(&program)
+}
+
+/// Lints an already-parsed [`Program`], for a caller that has the AST in hand
+/// — [`crate::lsp::diagnostics`], which lexes and parses the file once for its
+/// own diagnostics, must not make the linter do it again.
+pub fn lint_program(program: &Program) -> (Vec<LintError>, Vec<LintWarning>) {
     let mut linter = Linter::new();
-    linter.lint(&program);
+    linter.lint(program);
 
     (linter.get_errors(), linter.get_warnings())
 }

[0m
[0m← [0mEdit src/lsp.rs
Index: /home/runner/work/rbops/rbops/redblue/src/lsp.rs
===================================================================
--- /home/runner/work/rbops/rbops/redblue/src/lsp.rs
+++ /home/runner/work/rbops/rbops/redblue/src/lsp.rs
@@ -22,18 +22,20 @@
 /// Where the generated grammar is checked in. Nothing has to be built to make
 /// the grammar valid: the file is plain JSON, and this constant names it.
 pub const GRAMMAR_PATH: &str = "tooling/vscode/syntaxes/redblue.tmLanguage.json";
 
-/// How serious a diagnostic is. The names match the LSP `DiagnosticSeverity`
-/// values so a language server can forward them unchanged.
+/// How serious a diagnostic is. The names are the ones the LSP calls
+/// `DiagnosticSeverity`, so a future language server can map them unchanged;
+/// the number LSP actually puts on the wire is not what [`Diagnostic::to_json`]
+/// emits.
 #[derive(Debug, Clone, Copy, PartialEq, Eq)]
 pub enum Severity {
     Error,
     Warning,
 }
 
 impl Severity {
-    /// The LSP spelling of this severity.
+    /// The severity's name, spelled the way LSP spells `DiagnosticSeverity`.
     pub fn as_str(&self) -> &'static str {
         match self {
             Severity::Error => "error",
             Severity::Warning => "warning",

[0m
Now the `lsp.rs` MINOR findings — the double-frontend run and the LSP-shape wording:
[0m← [0mEdit src/lsp.rs
Index: /home/runner/work/rbops/rbops/redblue/src/lsp.rs
===================================================================
--- /home/runner/work/rbops/rbops/redblue/src/lsp.rs
+++ /home/runner/work/rbops/rbops/redblue/src/lsp.rs
@@ -77,9 +77,16 @@
 
     Self::new(line, column, message, Severity::Error)
 }
 
-/// The LSP `Diagnostic` shape as a JSON object.
+/// This diagnostic as a JSON object: `{line, column, severity, message}`.
+///
+/// This is the shape `rb diagnostics` prints and the editor tooling
+/// consumes. It is deliberately *not* the LSP `Diagnostic` object: LSP
+/// carries a `range` of 0-based `{line, character}` positions and a numeric
+/// severity, while this carries 1-based [`crate::Span`] positions and a
+/// severity name, which is what an editor-facing line needs. A language
+/// server translates; it does not forward these bytes.
 pub fn to_json(&self) -> String {
     format!(
         concat!(
             "{{\"line\":{},\"column\":{},\"severity\":\"{}\",",

[0m
[0m← [0mEdit src/lsp.rs
Index: /home/runner/work/rbops/rbops/redblue/src/lsp.rs
===================================================================
--- /home/runner/work/rbops/rbops/redblue/src/lsp.rs
+++ /home/runner/work/rbops/rbops/redblue/src/lsp.rs
@@ -105,8 +105,14 @@
 ///
 /// The compile stages stop at the first failure — there is no program to
 /// analyze once lexing fails — so at most one error is reported, followed by
 /// the linter's findings when the program does parse.
+///
+/// The source is lexed and parsed exactly once: the AST that clears the
+/// analyzer is the one the linter reads ([`crate::linter::lint_program`]), so
+/// `rb diagnostics` does not run the frontend twice per file. The findings are
+/// in a fixed order for a given source — the linter sorts its unused-variable
+/// warnings by name — so the JSON an editor diffs between saves does not churn.
 pub fn diagnostics(source: &str) -> Vec<Diagnostic> {
     let mut found = Vec::new();
 
     let tokens = match crate::lexer::Lexer::tokenize(source) {

[0m
[0m← [0mEdit src/lsp.rs
Index: /home/runner/work/rbops/rbops/redblue/src/lsp.rs
===================================================================
--- /home/runner/work/rbops/rbops/redblue/src/lsp.rs
+++ /home/runner/work/rbops/rbops/redblue/src/lsp.rs
@@ -135,9 +135,9 @@
     found.push(Diagnostic::from_error(&error));
     return found;
 }
 
-let (errors, warnings) = crate::linter::lint(source);
+let (errors, warnings) = crate::linter::lint_program(&ast);
 for error in errors {
     let (line, column) = known_position(error.line, error.column);
     found.push(Diagnostic::new(
         line,

[0m
[0m$ [0mrg -n "pub struct Token|derive|pub fn keywords|pub enum TokenKind" /home/runner/work/rbops/rbops/redblue/src/lexer.rs | head -20; echo ---; rg -n "#" /home/runner/work/rbops/rbops/redblue/tooling/vscode/syntaxes/redblue.tmLanguage.json | head
70:#[derive(Debug, Clone, PartialEq)]
71:pub enum TokenKind {
161:#[derive(Debug, Clone)]
162:pub struct Token {
326:    pub fn keywords() -> &'static [&'static str] {
---
[0m
[0m← [0mEdit src/lsp.rs
Index: /home/runner/work/rbops/rbops/redblue/src/lsp.rs
===================================================================
--- /home/runner/work/rbops/rbops/redblue/src/lsp.rs
+++ /home/runner/work/rbops/rbops/redblue/src/lsp.rs
@@ -22,8 +22,14 @@
 /// Where the generated grammar is checked in. Nothing has to be built to make
 /// the grammar valid: the file is plain JSON, and this constant names it.
 pub const GRAMMAR_PATH: &str = "tooling/vscode/syntaxes/redblue.tmLanguage.json";
 
+/// Where the editor's language configuration is checked in — the manifest that
+/// tells the editor which marker `Ctrl+/` inserts and which brackets to pair.
+/// It is hand-written JSON rather than generated, so [`cargo test`](crate)
+/// pins its comment marker against the lexer the same way it pins the grammar.
+pub const LANGUAGE_CONFIG_PATH: &str = "tooling/vscode/language-configuration.json";
+
 /// How serious a diagnostic is. The names are the ones the LSP calls
 /// `DiagnosticSeverity`, so a future language server can map them unchanged;
 /// the number LSP actually puts on the wire is not what [`Diagnostic::to_json`]
 /// emits.

[0m
[0m← [0mEdit src/lib.rs
Index: /home/runner/work/rbops/rbops/redblue/src/lib.rs
===================================================================
--- /home/runner/work/rbops/rbops/redblue/src/lib.rs
+++ /home/runner/work/rbops/rbops/redblue/src/lib.rs
@@ -20,9 +20,9 @@
 
 pub use error::{Error, Span};
 pub use lsp::{
     diagnostics, diagnostics_json, diagnostics_to_json, textmate_grammar, Diagnostic, Severity,
-    GRAMMAR_PATH,
+    GRAMMAR_PATH, LANGUAGE_CONFIG_PATH,
 };
 // `FunctionValue` is re-exported because it is the payload of the public
 // `Value::Function` variant: a caller that matches that variant has to be able
 // to name the type it binds.

[0m
[0m← [0mEdit tests/tooling_grammar_test.rs
Index: /home/runner/work/rbops/rbops/redblue/tests/tooling_grammar_test.rs
===================================================================
--- /home/runner/work/rbops/rbops/redblue/tests/tooling_grammar_test.rs
+++ /home/runner/work/rbops/rbops/redblue/tests/tooling_grammar_test.rs
@@ -7,9 +7,9 @@
 
 use redblue::lexer::Lexer;
 use redblue::lsp::{
     diagnostics, diagnostics_json, keyword_pattern, textmate_grammar, Diagnostic, Severity,
-    GRAMMAR_PATH,
+    GRAMMAR_PATH, LANGUAGE_CONFIG_PATH,
 };
 use redblue::run_source;
 
 fn manifest_path(relative: &str) -> PathBuf {

[0m
Now the tests:
[0m← [0mEdit tests/tooling_grammar_test.rs
Index: /home/runner/work/rbops/rbops/redblue/tests/tooling_grammar_test.rs
===================================================================
--- /home/runner/work/rbops/rbops/redblue/tests/tooling_grammar_test.rs
+++ /home/runner/work/rbops/rbops/redblue/tests/tooling_grammar_test.rs
@@ -127,8 +127,173 @@
     );
 }
 
 // ---------------------------------------------------------------------------
+// The grammar's comment rule is the marker's the lexer actually skips
+// ---------------------------------------------------------------------------
+
+/// The top-level patterns of the generated grammar.
+fn grammar_patterns() -> Vec<serde_json::Value> {
+    let grammar = textmate_grammar();
+
+    serde_json::from_str(&grammar)
+        .expect("the generator must emit valid JSON")["patterns"]
+        .as_array()
+        .expect("the grammar must declare a patterns array")
+        .clone()
+}
+
+/// The one top-level pattern whose scope name starts with `prefix`.
+fn pattern_scoped(patterns: &[serde_json::Value], prefix: &str) -> serde_json::Value {
+    let matching: Vec<&serde_json::Value> = patterns
+        .iter()
+        .filter(|p| {
+            p["name"]
+                .as_str()
+                .is_some_and(|name| name.starts_with(prefix))
+        })
+        .collect();
+
+    assert_eq!(
+        matching.len(),
+        1,
+        "expected exactly one `{}` rule, found {} in {:?}",
+        prefix,
+        matching.len(),
+        patterns
+    );
+
+    matching[0].clone()
+}
+
+#[test]
+fn grammar_highlights_the_comment_marker_the_lexer_accepts() {
+    let patterns = grammar_patterns();
+    let comment = pattern_scoped(&patterns, "comment.");
+
+    assert_eq!(
+        comment["match"].as_str(),
+        Some("//.*$"),
+        "Redblue comments start with `//` (docs/GRAMMAR.md, SPEC.md); a grammar \
+         that dims any other marker makes the editor lie about the source"
+    );
+
+    // The pin that matters: the marker in the grammar must be the marker the
+    // lexer skips, and `#` must not be one. `textmate_grammar()` is the only
+    // generator of that file, so pinning it pins the shipped copy too — the
+    // staleness test above fails if the two ever diverge.
+    let slash_source = "set x to 1\n// a comment\nsay x\n";
+    let bare_source = "set x to 1\nsay x\n";
+    let kinds = |source: &str| -> Vec<redblue::lexer::TokenKind> {
+        Lexer::tokenize(source)
+            .unwrap_or_else(|e| panic!("`{}` must lex: {}", source, e.message()))
+            .into_iter()
+            .map(|token| token.kind)
+            .collect()
+    };
+
+    assert_eq!(
+        kinds(slash_source),
+        kinds(bare_source),
+        "`//` must be skipped by the lexer, or the grammar highlights a comment \
+         the compiler rejects"
+    );
+
+    let number_sign =
+        Lexer::tokenize("set x to 1\n# not a comment in Redblue\n").expect_err(
+            "`#` is not a comment in Redblue, so the grammar must never claim it is one",
+        );
+    assert!(
+        number_sign.message().contains("Unexpected character"),
+        "the lexer must reject `#`, got: {}",
+        number_sign.message()
+    );
+
+    assert!(
+        !textmate_grammar().contains('#'),
+        "no rule in the grammar may mention `#`: the character is not valid Redblue"
+    );
+}
+
+#[test]
+fn grammar_orders_strings_before_comments_and_comments_before_operators() {
+    let patterns = grammar_patterns();
+    let index = |prefix: &str| -> usize {
+        patterns
+            .iter()
+            .position(|p| {
+                p["name"]
+                    .as_str()
+                    .is_some_and(|name| name.starts_with(prefix))
+            })
+            .unwrap_or_else(|| panic!("the grammar must declare a `{}` rule", prefix))
+    };
+
+    // TextMate tries the rules in order wherever more than one matches, and a
+    // comment marker can appear inside both of the neighbours: `say "a // b"`
+    // must stay one string, and `set x to 1 // note` must not highlight as a
+    // division operator.
+    assert!(
+        index("string.") < index("comment."),
+        "the string rule must come first, or a `//` inside a string starts a comment"
+    );
+    assert!(
+        index("comment.") < index("keyword.operator."),
+        "the comment rule must come before the operator rule, or the `/` of a \
+         trailing `//` comment highlights as division"
+    );
+}
+
+#[test]
+fn shipped_language_configuration_uses_the_lexers_comment_marker() {
+    let path = manifest_path(LANGUAGE_CONFIG_PATH);
+    let shipped = fs::read_to_string(&path).unwrap_or_else(|e| {
+        panic!(
+            "{} must ship in the repo so the extension is loadable without a \
+             build step: {}",
+            LANGUAGE_CONFIG_PATH, e
+        )
+    });
+
+    let value: serde_json::Value = serde_json::from_str(&shipped)
+        .unwrap_or_else(|e| panic!("{} is not valid JSON: {}", LANGUAGE_CONFIG_PATH, e));
+
+    let marker = value["comments"]["lineComment"]
+        .as_str()
+        .expect("the language configuration must declare a line comment marker");
+
+    assert_eq!(
+        marker, "//",
+        "the editor must insert the marker the language accepts ({}), not one \
+         `rb run` rejects",
+        LANGUAGE_CONFIG_PATH
+    );
+
+    // The marker the editor inserts has to be one the compiler skips, or
+    // `Ctrl+/` writes a file that does not run.
+    let commented = format!("set x to 1\n{} a comment\nsay x\n", marker);
+    let bare = "set x to 1\nsay x\n";
+    let kinds = |source: &str| -> Vec<redblue::lexer::TokenKind> {
+        Lexer::tokenize(source)
+            .unwrap_or_else(|e| panic!("`{}` must lex: {}", source, e.message()))
+            .into_iter()
+            .map(|token| token.kind)
+            .collect()
+    };
+
+    assert_eq!(
+        kinds(&commented),
+        kinds(bare),
+        "a line the editor comments out must lex the same as the line without it"
+    );
+    assert!(
+        !value.to_string().contains('"#"'),
+        "`#` is not a Redblue comment marker, so nothing in {} may name it",
+        LANGUAGE_CONFIG_PATH
+    );
+}
+
+// ---------------------------------------------------------------------------
 // Diagnostics surface spanned errors
 // ---------------------------------------------------------------------------
 
 #[test]

[0m
[0m← [0mEdit tests/tooling_grammar_test.rs
Index: /home/runner/work/rbops/rbops/redblue/tests/tooling_grammar_test.rs
===================================================================
--- /home/runner/work/rbops/rbops/redblue/tests/tooling_grammar_test.rs
+++ /home/runner/work/rbops/rbops/redblue/tests/tooling_grammar_test.rs
@@ -426,8 +426,68 @@
     );
 }
 
 #[test]
+fn unused_variable_warnings_come_out_in_a_stable_name_order() {
+    // Four unused variables: the linter collects them from a `HashSet`, whose
+    // iteration order is per-instance random, so an unsorted implementation
+    // produces a different order on almost every call. An editor diffing the
+    // diagnostics between two saves would see the same file churn.
+    let source = "set zeta to 1\nset alpha to 2\nset mid to 3\nset beta to 4\n";
+    let expected = vec![
+        "Unused variable: 'alpha'",
+        "Unused variable: 'beta'",
+        "Unused variable: 'mid'",
+        "Unused variable: 'zeta'",
+    ];
+
+    let messages = |found: &[Diagnostic]| -> Vec<String> {
+        found.iter().map(|d| d.message.clone()).collect()
+    };
+
+    for attempt in 0..64 {
+        let found = diagnostics(source);
+        assert_eq!(
+            found.len(),
+            expected.len(),
+            "attempt {}: every variable is unused, so every one is reported: {:?}",
+            attempt,
+            found
+        );
+        assert_eq!(
+            messages(&found),
+            expected,
+            "attempt {}: unused-variable findings must be sorted by name so the \
+             diagnostics JSON is reproducible",
+            attempt
+        );
+        assert!(
+            found.iter().all(|d| d.severity == Severity::Warning),
+            "attempt {}: unused variables are warnings, not errors: {:?}",
+            attempt,
+            found
+        );
+    }
+
+    // The same order has to hold for the linter's own entry point and for the
+    // rendered JSON, which is what `rb diagnostics` prints.
+    let (_, warnings) = redblue::linter::lint(source);
+    assert_eq!(
+        warnings
+            .iter()
+            .map(|w| w.message.clone())
+            .collect::<Vec<_>>(),
+        expected,
+        "`redblue::linter::lint` must report the same order `diagnostics` does"
+    );
+    assert_eq!(
+        diagnostics_json(source),
+        redblue::lsp::diagnostics_to_json(&diagnostics(source)),
+        "the JSON must render exactly the findings `diagnostics` returned"
+    );
+}
+
+#[test]
 fn edge_empty_source_produces_no_diagnostics() {
     assert!(
         diagnostics("").is_empty(),
         "an empty file is an empty program, not a failure: {:?}",

[0m
[0m← [0mEdit tests/tooling_grammar_test.rs
Index: /home/runner/work/rbops/rbops/redblue/tests/tooling_grammar_test.rs
===================================================================
--- /home/runner/work/rbops/rbops/redblue/tests/tooling_grammar_test.rs
+++ /home/runner/work/rbops/rbops/redblue/tests/tooling_grammar_test.rs
@@ -486,8 +486,43 @@
     );
 }
 
 #[test]
+fn diagnostics_lint_the_ast_they_already_parsed() {
+    // `diagnostics` lexes and parses once for its own findings; the linter must
+    // read that AST instead of taking the source and running the frontend a
+    // second time. Linting the parsed program has to give the same findings.
+    let source = "set kept to 1\nsay kept\nset dropped to 2\n";
+
+    let tokens = Lexer::tokenize(source).expect("the fixture must lex");
+    let program = redblue::parser::parse(tokens).expect("the fixture must parse");
+    let (lint_errors, lint_warnings) = redblue::linter::lint_program(&program);
+
+    assert!(
+        lint_errors.is_empty(),
+        "the fixture has no lint errors: {:?}",
+        lint_errors
+    );
+
+    let from_ast: Vec<String> = lint_warnings.iter().map(|w| w.message.clone()).collect();
+    let reported: Vec<String> = diagnostics(source)
+        .iter()
+        .map(|d| d.message.clone())
+        .collect();
+
+    assert_eq!(
+        reported, from_ast,
+        "linting the already-parsed program must produce the diagnostics the \
+         editor sees, in the same order"
+    );
+    assert_eq!(
+        reported,
+        vec!["Unused variable: 'dropped'".to_string()],
+        "the fixture must report exactly its one unused variable"
+    );
+}
+
+#[test]
 fn edge_empty_source_produces_no_diagnostics() {
     assert!(
         diagnostics("").is_empty(),
         "an empty file is an empty program, not a failure: {:?}",

[0m
[0m$ [0mcargo fmt && cargo build 2>&1 | tail -20
error: character literal may only contain one codepoint
   --> /home/runner/work/rbops/rbops/redblue/tests/tooling_grammar_test.rs:289:37
    |
289 |         !value.to_string().contains('"#"'),
    |                                     ^^^^^
    |
help: if you meant to write a string literal, use double quotes
    |
289 -         !value.to_string().contains('"#"'),
289 +         !value.to_string().contains("\"#\""),
    |
[0m
[0m← [0mEdit tests/tooling_grammar_test.rs
Index: /home/runner/work/rbops/rbops/redblue/tests/tooling_grammar_test.rs
===================================================================
--- /home/runner/work/rbops/rbops/redblue/tests/tooling_grammar_test.rs
+++ /home/runner/work/rbops/rbops/redblue/tests/tooling_grammar_test.rs
@@ -285,9 +285,9 @@
         kinds(bare),
         "a line the editor comments out must lex the same as the line without it"
     );
     assert!(
-        !value.to_string().contains('"#"'),
+        !value.to_string().contains("\"#\""),
         "`#` is not a Redblue comment marker, so nothing in {} may name it",
         LANGUAGE_CONFIG_PATH
     );
 }

[0m
[0m$ [0mcargo fmt && cargo build 2>&1 | tail -20
[1m[92m   Compiling[0m redblue v0.1.0 (/home/runner/work/rbops/rbops/redblue)
[1m[92m    Finished[0m `dev` profile [unoptimized] target(s) in 1.09s
[0m
[0m$ [0mcargo test 2>&1 | tail -40
[1m[92m   Compiling[0m redblue v0.1.0 (/home/runner/work/rbops/rbops/redblue)
[1m[91merror[E0282][0m[1m: type annotations needed[0m
   [1m[94m--> [0mtests/tooling_grammar_test.rs:138:5
    [1m[94m|[0m
[1m[94m138[0m [1m[94m|[0m     serde_json::from_str(&grammar).expect("the generator must emit valid JSON")["patterns"]
    [1m[94m|[0m     [1m[91m^^^^^^^^^^^^^^^^^^^^[0m [1m[91mcannot infer type of the type parameter `T` declared on the function `from_str`[0m
    [1m[94m|[0m
[1m[96mhelp[0m: consider specifying a concrete type for the type parameter `T`
    [1m[94m|[0m
[1m[94m138[0m [1m[94m| [0m    serde_json::from_str[92m::</* Type */>[0m(&grammar).expect("the generator must emit valid JSON")["patterns"]
    [1m[94m|[0m                         [92m++++++++++++++[0m

[1mFor more information about this error, try `rustc --explain E0282`.[0m
[1m[91merror[0m: could not compile `redblue` (test "tooling_grammar_test") due to 1 previous error
[1m[33mwarning[0m: build failed, waiting for other jobs to finish...
[0m
[0m✗ [0mEdit tests/tooling_grammar_test.rs failed
[91m[1mError: [0mCould not find oldString in the file. It must match exactly, including whitespace, indentation, and line endings.
[0m→ [0mRead tests/tooling_grammar_test.rs[90m [offset=130, limit=18][0m
[0m
[0m← [0mEdit tests/tooling_grammar_test.rs
Index: /home/runner/work/rbops/rbops/redblue/tests/tooling_grammar_test.rs
===================================================================
--- /home/runner/work/rbops/rbops/redblue/tests/tooling_grammar_test.rs
+++ /home/runner/work/rbops/rbops/redblue/tests/tooling_grammar_test.rs
@@ -134,9 +134,12 @@
 /// The top-level patterns of the generated grammar.
 fn grammar_patterns() -> Vec<serde_json::Value> {
     let grammar = textmate_grammar();
 
-    serde_json::from_str(&grammar).expect("the generator must emit valid JSON")["patterns"]
+    let parsed: serde_json::Value =
+        serde_json::from_str(&grammar).expect("the generator must emit valid JSON");
+
+    parsed["patterns"]
         .as_array()
         .expect("the grammar must declare a patterns array")
         .clone()
 }

[0m
[0m$ [0mcargo fmt && cargo test 2>&1 | tail -45
test grammar_highlights_the_comment_marker_the_lexer_accepts ... FAILED
test shipped_language_configuration_uses_the_lexers_comment_marker ... FAILED

failures:

---- grammar_highlights_the_comment_marker_the_lexer_accepts stdout ----

thread 'grammar_highlights_the_comment_marker_the_lexer_accepts' (36122) panicked at tests/tooling_grammar_test.rs:196:5:
assertion `left == right` failed: `//` must be skipped by the lexer, or the grammar highlights a comment the compiler rejects
  left: [Set, Identifier("x"), To, Number(1.0), Newline, Newline, Say, Identifier("x"), Newline, Eof]
 right: [Set, Identifier("x"), To, Number(1.0), Newline, Say, Identifier("x"), Newline, Eof]
stack backtrace:
   0: __rustc::rust_begin_unwind
   1: core::panicking::panic_fmt
   2: core::panicking::assert_failed_inner
   3: core::panicking::assert_failed::<alloc::vec::Vec<redblue::lexer::TokenKind>, alloc::vec::Vec<redblue::lexer::TokenKind>>
   4: tooling_grammar_test::grammar_highlights_the_comment_marker_the_lexer_accepts
   5: tooling_grammar_test::grammar_highlights_the_comment_marker_the_lexer_accepts::{closure#0}
   6: <tooling_grammar_test::grammar_highlights_the_comment_marker_the_lexer_accepts::{closure#0} as core::ops::function::FnOnce<()>>::call_once
note: Some details are omitted, run with `RUST_BACKTRACE=full` for a verbose backtrace.

---- shipped_language_configuration_uses_the_lexers_comment_marker stdout ----

thread 'shipped_language_configuration_uses_the_lexers_comment_marker' (36126) panicked at tests/tooling_grammar_test.rs:283:5:
assertion `left == right` failed: a line the editor comments out must lex the same as the line without it
  left: [Set, Identifier("x"), To, Number(1.0), Newline, Newline, Say, Identifier("x"), Newline, Eof]
 right: [Set, Identifier("x"), To, Number(1.0), Newline, Say, Identifier("x"), Newline, Eof]
stack backtrace:
   0: __rustc::rust_begin_unwind
   1: core::panicking::panic_fmt
   2: core::panicking::assert_failed_inner
   3: core::panicking::assert_failed::<alloc::vec::Vec<redblue::lexer::TokenKind>, alloc::vec::Vec<redblue::lexer::TokenKind>>
   4: tooling_grammar_test::shipped_language_configuration_uses_the_lexers_comment_marker
   5: tooling_grammar_test::shipped_language_configuration_uses_the_lexers_comment_marker::{closure#0}
   6: <tooling_grammar_test::shipped_language_configuration_uses_the_lexers_comment_marker::{closure#0} as core::ops::function::FnOnce<()>>::call_once
note: Some details are omitted, run with `RUST_BACKTRACE=full` for a verbose backtrace.


failures:
    grammar_highlights_the_comment_marker_the_lexer_accepts
    shipped_language_configuration_uses_the_lexers_comment_marker

test result: FAILED. 16 passed; 2 failed; 0 ignored; 0 measured; 0 filtered out; finished in 0.00s

[1m[91merror[0m: test failed, to rerun pass `--test tooling_grammar_test`
[0m
[0m$ [0mrg -n 'let bare_source|let bare =' tests/tooling_grammar_test.rs
187:    let bare_source = "set x to 1\nsay x\n";
274:    let bare = "set x to 1\nsay x\n";
[0m
[0m← [0mEdit tests/tooling_grammar_test.rs
Index: /home/runner/work/rbops/rbops/redblue/tests/tooling_grammar_test.rs
===================================================================
--- /home/runner/work/rbops/rbops/redblue/tests/tooling_grammar_test.rs
+++ /home/runner/work/rbops/rbops/redblue/tests/tooling_grammar_test.rs
@@ -183,9 +183,11 @@
 // lexer skips, and `#` must not be one. `textmate_grammar()` is the only
 // generator of that file, so pinning it pins the shipped copy too — the
 // staleness test above fails if the two ever diverge.
 let slash_source = "set x to 1\n// a comment\nsay x\n";
-let bare_source = "set x to 1\nsay x\n";
+// The commented line lexes as the blank line it is: the lexer skips the
+// comment text but keeps the newline that ends it.
+let bare_source = "set x to 1\n\nsay x\n";
 let kinds = |source: &str| -> Vec<redblue::lexer::TokenKind> {
     Lexer::tokenize(source)
         .unwrap_or_else(|e| panic!("`{}` must lex: {}", source, e.message()))
         .into_iter()

[0m
[0m← [0mEdit tests/tooling_grammar_test.rs
Index: /home/runner/work/rbops/rbops/redblue/tests/tooling_grammar_test.rs
===================================================================
--- /home/runner/work/rbops/rbops/redblue/tests/tooling_grammar_test.rs
+++ /home/runner/work/rbops/rbops/redblue/tests/tooling_grammar_test.rs
@@ -272,9 +272,9 @@
 
 // The marker the editor inserts has to be one the compiler skips, or
 // `Ctrl+/` writes a file that does not run.
 let commented = format!("set x to 1\n{} a comment\nsay x\n", marker);
-let bare = "set x to 1\nsay x\n";
+let blanked = "set x to 1\n\nsay x\n";
 let kinds = |source: &str| -> Vec<redblue::lexer::TokenKind> {
     Lexer::tokenize(source)
         .unwrap_or_else(|e| panic!("`{}` must lex: {}", source, e.message()))
         .into_iter()

[0m
[0m← [0mEdit tests/tooling_grammar_test.rs
Index: /home/runner/work/rbops/rbops/redblue/tests/tooling_grammar_test.rs
===================================================================
--- /home/runner/work/rbops/rbops/redblue/tests/tooling_grammar_test.rs
+++ /home/runner/work/rbops/rbops/redblue/tests/tooling_grammar_test.rs
@@ -283,10 +283,10 @@
 };
 
 assert_eq!(
     kinds(&commented),
-    kinds(bare),
-    "a line the editor comments out must lex the same as the line without it"
+    kinds(blanked),
+    "a line the editor comments out must lex the same as the line blanked out"
 );
 assert!(
     !value.to_string().contains("\"#\""),
     "`#` is not a Redblue comment marker, so nothing in {} may name it",

[0m
[0m$ [0mcargo fmt && cargo test 2>&1 | tail -45
test files_lines_splits_lines_and_keeps_blank_ones ... ok
test files_handles_a_path_with_spaces ... ok
test files_paths_are_relative_to_the_working_directory_and_not_confined ... ok
test files_write_then_read_round_trips_in_a_temp_dir ... ok
test json_record_keys_are_escaped_when_written ... ok
test json_round_trips_nesting_unicode_and_empty_containers ... ok
test json_stringify_keeps_field_order ... ok
test json_unicode_escape_decodes_to_its_character ... ok
test json_unicode_text_survives_stringify_unchanged ... ok
test edge_network_rejects_an_argument_that_is_not_a_url ... ok
test edge_network_get_to_a_black_holed_address_gives_up ... ok
test network_timeouts_are_published_and_bounded ... ok

test result: ok. 39 passed; 0 failed; 0 ignored; 0 measured; 0 filtered out; finished in 5.09s

[1m[92m     Running[0m tests/tooling_grammar_test.rs (target/debug/deps/tooling_grammar_test-5168e83e5b43e7a2)

running 18 tests
test diagnostics_json_is_a_well_formed_array_of_located_entries ... ok
test diagnostics_surface_a_spanned_analyzer_error ... ok
test diagnostics_report_linter_findings_as_warnings ... ok
test diagnostics_lint_the_ast_they_already_parsed ... ok
test edge_diagnostic_columns_count_characters_not_bytes ... ok
test diagnostics_surface_a_spanned_lexer_error ... ok
test diagnostics_surface_a_spanned_parser_error ... ok
test edge_diagnostic_json_escapes_a_message_containing_quotes_and_newlines ... ok
test edge_empty_source_produces_no_diagnostics ... ok
test edge_escape_json_escapes_quotes_backslashes_controls_and_unicode ... ok
test every_listed_keyword_lexes_as_a_keyword_not_an_identifier ... ok
test grammar_highlights_the_comment_marker_the_lexer_accepts ... ok
test grammar_orders_strings_before_comments_and_comments_before_operators ... ok
test shipped_grammar_file_matches_the_generator ... ok
test shipped_grammar_file_is_valid_json_with_a_redblue_scope ... ok
test shipped_language_configuration_uses_the_lexers_comment_marker ... ok
test grammar_covers_the_lexer_keyword_set ... ok
test unused_variable_warnings_come_out_in_a_stable_name_order ... ok

test result: ok. 18 passed; 0 failed; 0 ignored; 0 measured; 0 filtered out; finished in 0.00s

[1m[92m   Doc-tests[0m redblue

running 0 tests

test result: ok. 0 passed; 0 failed; 0 ignored; 0 measured; 0 filtered out; finished in 0.00s
[0m
[0m$ [0mcargo test 2>&1 | rg -n "^test result|FAILED|error\[|warning:" | head -30
12:test result: ok. 6 passed; 0 failed; 0 ignored; 0 measured; 0 filtered out; finished in 0.00s
18:test result: ok. 0 passed; 0 failed; 0 ignored; 0 measured; 0 filtered out; finished in 0.00s
35:test result: ok. 11 passed; 0 failed; 0 ignored; 0 measured; 0 filtered out; finished in 0.23s
67:test result: ok. 26 passed; 0 failed; 0 ignored; 0 measured; 0 filtered out; finished in 0.12s
86:test result: ok. 13 passed; 0 failed; 0 ignored; 0 measured; 0 filtered out; finished in 0.31s
113:test result: ok. 21 passed; 0 failed; 0 ignored; 0 measured; 0 filtered out; finished in 0.01s
158:test result: ok. 39 passed; 0 failed; 0 ignored; 0 measured; 0 filtered out; finished in 0.74s
172:test result: ok. 8 passed; 0 failed; 0 ignored; 0 measured; 0 filtered out; finished in 0.00s
194:test result: ok. 16 passed; 0 failed; 0 ignored; 0 measured; 0 filtered out; finished in 0.00s
222:test result: ok. 22 passed; 0 failed; 0 ignored; 0 measured; 0 filtered out; finished in 1.01s
248:test result: ok. 20 passed; 0 failed; 0 ignored; 0 measured; 0 filtered out; finished in 0.00s
280:test result: ok. 26 passed; 0 failed; 0 ignored; 0 measured; 0 filtered out; finished in 0.05s
309:test result: ok. 23 passed; 0 failed; 0 ignored; 0 measured; 0 filtered out; finished in 0.09s
340:test result: ok. 25 passed; 0 failed; 0 ignored; 0 measured; 0 filtered out; finished in 0.12s
354:test result: ok. 8 passed; 0 failed; 0 ignored; 0 measured; 0 filtered out; finished in 0.35s
365:test result: ok. 5 passed; 0 failed; 0 ignored; 0 measured; 0 filtered out; finished in 0.00s
386:test result: ok. 15 passed; 0 failed; 0 ignored; 0 measured; 0 filtered out; finished in 0.00s
431:test result: ok. 39 passed; 0 failed; 0 ignored; 0 measured; 0 filtered out; finished in 5.09s
455:test result: ok. 18 passed; 0 failed; 0 ignored; 0 measured; 0 filtered out; finished in 0.00s
461:test result: ok. 0 passed; 0 failed; 0 ignored; 0 measured; 0 filtered out; finished in 0.00s
[0m
[0m$ [0mcargo clippy --all-targets 2>&1 | tail -15; echo "=== FMT ==="; cargo fmt --check && echo "fmt clean"
[1m[92m    Checking[0m redblue v0.1.0 (/home/runner/work/rbops/rbops/redblue)
[1m[92m    Finished[0m `dev` profile [unoptimized] target(s) in 1.14s
=== FMT ===
fmt clean
[0m
Now let me verify the new tests actually catch the bugs they pin (temporarily reverting each fix):
[0m$ [0mcp src/linter.rs /tmp/opencode/linter.rs.bak && python3 - <<'EOF'
import re
p='src/linter.rs'
s=open(p).read()
old = """        let mut unused: Vec<&str> = self
            .defined_vars
            .iter()
            .filter(|var| !var.starts_with('_') && !self.used_vars.contains(*var))
            .map(String::as_str)
            .collect();
        unused.sort_unstable();

        for var in unused {"""
new = """        for var in &self.defined_vars {
            if !self.used_vars.contains(var) && !var.starts_with('_') {"""
assert old in s
s = s.replace(old,new)
open(p,'w').write(s)
EOF
cargo test --test tooling_grammar_test 2>&1 | rg -n "unused_variable|test result|panicked|attempt" | head -12
(no output)
[0m
[0m$ [0mcargo test --test tooling_grammar_test 2>&1 | tail -25
[1m[92m   Compiling[0m redblue v0.1.0 (/home/runner/work/rbops/rbops/redblue)
[1m[91merror[0m[1m: this file contains an unclosed delimiter[0m
   [1m[94m--> [0msrc/linter.rs:299:3
    [1m[94m|[0m
[1m[94m 27[0m [1m[94m|[0m impl Linter {
    [1m[94m|[0m             [1m[94m-[0m [1m[94munclosed delimiter[0m
[1m[94m...[0m
[1m[94m 49[0m [1m[94m|[0m             if !self.used_vars.contains(var) && !var.starts_with('_') {
    [1m[94m|[0m                                                                       [1m[94m-[0m [1m[94mthis delimiter might not be properly closed...[0m
[1m[94m...[0m
[1m[94m 55[0m [1m[94m|[0m         }
    [1m[94m|[0m         [1m[94m-[0m [1m[94m...as it matches this but it has different indentation[0m
[1m[94m...[0m
[1m[94m299[0m [1m[94m|[0m }
    [1m[94m|[0m  [1m[91m^[0m

[1m[91merror[0m: could not compile `redblue` (lib) due to 1 previous error
[0m
[0m→ [0mRead src/linter.rs[90m [limit=20, offset=42][0m
[0m
[0m← [0mEdit src/linter.rs
Index: /home/runner/work/rbops/rbops/redblue/src/linter.rs
===================================================================
--- /home/runner/work/rbops/rbops/redblue/src/linter.rs
+++ /home/runner/work/rbops/rbops/redblue/src/linter.rs
@@ -46,13 +46,14 @@
     // unused variables in a different order every time — and `rb
     // diagnostics` would emit that order into its JSON array.
     for var in &self.defined_vars {
         if !self.used_vars.contains(var) && !var.starts_with('_') {
-        self.warnings.push(LintWarning {
-            message: format!("Unused variable: '{}'", var),
-            line: 0,
-            column: 0,
-        });
+            self.warnings.push(LintWarning {
+                message: format!("Unused variable: '{}'", var),
+                line: 0,
+                column: 0,
+            });
+        }
     }
 }
 
 fn analyze_statement(&mut self, stmt: &Stmt) {

[0m
[0m$ [0mcargo test --test tooling_grammar_test 2>&1 | rg -n "unused_variable|test result|panicked|attempt [0-9]+: unused" | head -12
23:test unused_variable_warnings_come_out_in_a_stable_name_order ... FAILED
27:---- unused_variable_warnings_come_out_in_a_stable_name_order stdout ----
29:thread 'unused_variable_warnings_come_out_in_a_stable_name_order' (40503) panicked at tests/tooling_grammar_test.rs:457:9:
30:assertion `left == right` failed: attempt 0: unused-variable findings must be sorted by name so the diagnostics JSON is reproducible
38:   4: tooling_grammar_test::unused_variable_warnings_come_out_in_a_stable_name_order
39:   5: tooling_grammar_test::unused_variable_warnings_come_out_in_a_stable_name_order::{closure#0}
40:   6: <tooling_grammar_test::unused_variable_warnings_come_out_in_a_stable_name_order::{closure#0} as core::ops::function::FnOnce<()>>::call_once
45:    unused_variable_warnings_come_out_in_a_stable_name_order
47:test result: FAILED. 17 passed; 1 failed; 0 ignored; 0 measured; 0 filtered out; finished in 0.00s
[0m
[0m$ [0mcp /tmp/opencode/linter.rs.bak src/linter.rs && cargo test --test tooling_grammar_test 2>&1 | rg "test result"
test result: ok. 18 passed; 0 failed; 0 ignored; 0 measured; 0 filtered out; finished in 0.00s
[0m
[0m$ [0mcp src/lsp.rs /tmp/opencode/lsp.rs.bak && cp tooling/vscode/language-configuration.json /tmp/opencode/lc.json.bak && python3 - <<'EOF'
p='src/lsp.rs'
s=open(p).read()
old = r'''    patterns.push(r##"{"name":"comment.line.double-slash.redblue","match":"//.*$"}"##.to_string());'''
new = r'''    patterns.push(r##"{"name":"comment.line.number-sign.redblue","match":"#.*$"}"##.to_string());'''
assert old in s
open(p,'w').write(s.replace(old,new))
p2='tooling/vscode/language-configuration.json'
s2=open(p2).read()
open(p2,'w').write(s2.replace('"lineComment": "//"','"lineComment": "#"'))
EOF
cargo test --test tooling_grammar_test 2>&1 | rg -n "FAILED|test result|panicked at" | head
20:test grammar_highlights_the_comment_marker_the_lexer_accepts ... FAILED
21:test shipped_grammar_file_matches_the_generator ... FAILED
22:test shipped_language_configuration_uses_the_lexers_comment_marker ... FAILED
29:thread 'grammar_highlights_the_comment_marker_the_lexer_accepts' (40703) panicked at tests/tooling_grammar_test.rs:175:5:
45:thread 'shipped_grammar_file_matches_the_generator' (40706) panicked at tests/tooling_grammar_test.rs:102:5:
61:thread 'shipped_language_configuration_uses_the_lexers_comment_marker' (40707) panicked at tests/tooling_grammar_test.rs:266:5:
81:test result: FAILED. 15 passed; 3 failed; 0 ignored; 0 measured; 0 filtered out; finished in 0.00s
[0m
[0m$ [0mcp /tmp/opencode/lsp.rs.bak src/lsp.rs && cp /tmp/opencode/lc.json.bak tooling/vscode/language-configuration.json && python3 - <<'EOF'
p='src/lsp.rs'
s=open(p).read()
string_rule = '''    patterns.push(
        r#"{"name":"string.quoted.double.redblue","begin":"\\"","end":"\\"","patterns":[{"name":"constant.character.escape.redblue","match":"\\\\\\\\."}]}"#
            .to_string(),
    );
'''
comment_rule = '''    patterns.push(r##"{"name":"comment.line.double-slash.redblue","match":"//.*$"}"##.to_string());
'''
assert string_rule in s, "string rule not found"
assert comment_rule in s, "comment rule not found"
s = s.replace(string_rule + comment_rule, comment_rule + string_rule)
open(p,'w').write(s)
EOF
cargo test --test tooling_grammar_test 2>&1 | rg -n "FAILED|test result|the string rule must come first" | head
25:test result: ok. 18 passed; 0 failed; 0 ignored; 0 measured; 0 filtered out; finished in 0.00s
[0m
[0m$ [0mrg -n "patterns.push" src/lsp.rs | head
242:    patterns.push(
252:    patterns.push(r##"{"name":"comment.line.double-slash.redblue","match":"//.*$"}"##.to_string());
256:    patterns.push(
259:    patterns.push(
263:    patterns.push(format!(
267:    patterns.push(
271:    patterns.push(
[0m
[0m→ [0mRead src/lsp.rs[90m [limit=30, offset=228][0m
[0m
[0m$ [0mpython3 - <<'EOF'
p='src/lsp.rs'
lines=open(p).read().split('\n')
# 0-based: line 242 -> idx 241, line 252 -> idx 251
assert 'comment.line.double-slash' in lines[251], lines[251]
assert 'string.quoted.double' in lines[242], lines[242]
comment = lines[251]
del lines[251]
lines[241:241] = [comment]
open(p,'w').write('\n'.join(lines))
EOF
rg -n "patterns.push|comment.line|// Strings come|// Comments come" src/lsp.rs | head; echo "=== TEST ==="; cargo test --test tooling_grammar_test 2>&1 | rg -n "FAILED|test result|panicked at|must come first" | head
239:    // Strings come before comments so a `//` inside a string is string text,
242:    patterns.push(r##"{"name":"comment.line.double-slash.redblue","match":"//.*$"}"##.to_string());
243:    patterns.push(
247:    // Comments come before the operator rule because the language's only
256:    patterns.push(
259:    patterns.push(
263:    patterns.push(format!(
267:    patterns.push(
271:    patterns.push(
=== TEST ===
22:test grammar_orders_strings_before_comments_and_comments_before_operators ... FAILED
23:test shipped_grammar_file_matches_the_generator ... FAILED
29:thread 'grammar_orders_strings_before_comments_and_comments_before_operators' (40951) panicked at tests/tooling_grammar_test.rs:237:5:
30:the string rule must come first, or a `//` inside a string starts a comment
41:thread 'shipped_grammar_file_matches_the_generator' (40953) panicked at tests/tooling_grammar_test.rs:102:5:
60:test result: FAILED. 16 passed; 2 failed; 0 ignored; 0 measured; 0 filtered out; finished in 0.00s
[0m
[0m$ [0mcp /tmp/opencode/lsp.rs.bak src/lsp.rs && git diff --stat && cargo test --test tooling_grammar_test 2>&1 | rg "test result"
Cargo.toml                                      |   1 +
 phases/phase-017/FINDINGS.md                    |  64 +++
 phases/phase-017/REPORT.md                      | 145 ++++++
 src/error.rs                                    |   7 +-
 src/lexer.rs                                    | 138 +++---
 src/lib.rs                                      |  32 ++
 src/linter.rs                                   |  39 +-
 src/lsp.rs                                      | 290 +++++++++++
 tests/tooling_grammar_test.rs                   | 632 ++++++++++++++++++++++++
 tooling/vscode/README.md                        | 126 ++---
 tooling/vscode/language-configuration.json      |  22 +
 tooling/vscode/package.json                     |  36 ++
 tooling/vscode/syntaxes/redblue.tmLanguage.json |  16 +
 13 files changed, 1391 insertions(+), 157 deletions(-)
test result: ok. 18 passed; 0 failed; 0 ignored; 0 measured; 0 filtered out; finished in 0.00s
[0m
[0m$ [0mgit status --short; echo "=== REPORT tail ==="; sed -n '38,145p' phases/phase-017/REPORT.md
M Cargo.toml
 A phases/phase-017/FINDINGS.md
 A phases/phase-017/REPORT.md
 M src/error.rs
 M src/lexer.rs
 M src/lib.rs
 M src/linter.rs
 A src/lsp.rs
 A tests/tooling_grammar_test.rs
 M tooling/vscode/README.md
 A tooling/vscode/language-configuration.json
 A tooling/vscode/package.json
 A tooling/vscode/syntaxes/redblue.tmLanguage.json
=== REPORT tail ===
## What changed

| File | Lines | What |
|---|---|---|
| `src/lsp.rs` (new) | +261 | `Diagnostic`/`Severity`, `diagnostics()`, `diagnostics_json()`, `diagnostics_to_json()`, `escape_json()`, `keyword_pattern()`, `textmate_grammar()`, `GRAMMAR_PATH` |
| `src/lexer.rs` | +138 −110 | `KEYWORDS` table becomes the single source of truth; `Lexer::keyword()` matches through it; `Lexer::keywords()` publishes the word list |
| `src/lib.rs` | +32 | `pub mod lsp`, re-exports, `rb grammar`, `rb keywords`, `rb diagnostics <file>` |
| `src/error.rs` | +7 −1 | `Error::message()` made public — a diagnostic carries the message and the position separately |
| `tooling/vscode/syntaxes/redblue.tmLanguage.json` (new) | +16 | generated TextMate grammar, checked in, `source.redblue` |
| `tooling/vscode/package.json` (new) | +35 | language + grammar contribution, no JS entry point, no build step |
| `tooling/vscode/language-configuration.json` (new) | +21 | `#` comments, brackets, auto-closing quotes |
| `tooling/vscode/README.md` | +36 −90 | describes what exists and what does not |
| `tests/tooling_grammar_test.rs` (new) | +371 | 13 tests |
| `Cargo.toml` | +1 | `serde_json` as a **dev-dependency** for JSON assertions in tests |

`Cargo.lock` is gitignored and needed no change: `serde_json 1.0.151` is
already in the tree as a `reqwest` dependency.

**Grammar covers the keyword set** by construction: `KEYWORDS`
(`src/lexer.rs:7`) holds the words the lexer matches through *and* the ones the
grammar highlights, so a new keyword cannot be added to one and missed in the
other. `cargo test` fails if the checked-in JSON differs from the generator.

**Diagnostics surface phase-005 spanned errors** through `Error::span()`
(`src/error.rs:48`): the lexer, parser and analyzer error position is copied
into the `Diagnostic`, and linter findings are appended when the program
parses. Positions are 1-based **character** columns, the same convention
`Error::render` draws its caret with, so an editor caret lines up on a line
containing emoji or accented text.

`rb diagnostics` runs the frontend **once**: `diagnostics()` returns the
findings and `diagnostics_to_json()` renders the slice it was handed, so the
command does not re-lex, re-parse and re-analyze the file just to format a
result it already holds. `diagnostics_json(source)` keeps the one-shot
convenience form by delegating to the two.

## Tests added

All in `tests/tooling_grammar_test.rs`. 13 tests, 4 of them `edge_*`.

| Test | Edge class covered |
|---|---|
| `grammar_covers_the_lexer_keyword_set` | both directions: no keyword missing from the grammar, no stale word in it |
| `every_listed_keyword_lexes_as_a_keyword_not_an_identifier` | malformed input / drift: a listed word that lexes as an identifier |
| `shipped_grammar_file_matches_the_generator` | resource: the shipped artefact exists and is current |
| `shipped_grammar_file_is_valid_json_with_a_redblue_scope` | malformed input: the grammar is valid JSON declaring `source.redblue` |
| `diagnostics_surface_a_spanned_lexer_error` | **failure asserted**: unterminated string → 1 Error diagnostic at 1:5 |
| `diagnostics_surface_a_spanned_parser_error` | **failure asserted**: `say x +` → parser diagnostic at 2:8 |
| `diagnostics_surface_a_spanned_analyzer_error` | **failure asserted**: undefined name → analyzer diagnostic at 2:1, naming the identifier |
| `diagnostics_report_linter_findings_as_warnings` | **failure asserted**: unused variable → exactly one `Severity::Warning` (asserted `!= Error`, so `rb diagnostics` still exits 0) at `1:1`, the fold of the linter's `0:0`; the JSON entry is `"warning"` too |
| `diagnostics_json_is_a_well_formed_array_of_located_entries` | malformed input: the JSON array parses, severity `error`, position and message match |
| `edge_empty_source_produces_no_diagnostics` | **empty**: `diagnostics("")` is empty and `diagnostics_json("") == "[]"` |
| `edge_diagnostic_columns_count_characters_not_bytes` | **unicode**: emoji + `é` before the literal; column 10, and `assert_ne!(column, 14)` so a byte offset cannot pass |
| `edge_escape_json_escapes_quotes_backslashes_controls_and_unicode` | **unicode/escapes**: `"`, `\`, `\n`, `\t`, `\u{1}`, emoji all round-trip through `escape_json` |
| `edge_diagnostic_json_escapes_a_message_containing_quotes_and_newlines` | **escapes**: a message with quotes, newline and tab stays valid JSON and reads back unchanged |

### Mandatory edge-case matrix

| Row | Status |
|---|---|
| empty / zero / "nothing" | covered — `edge_empty_source_produces_no_diagnostics` |
| singleton and boundary | covered — the unterminated-string diagnostic is the only entry (`assert_eq!(entries.len(), 1)`); the `0:0` linter position folding to the first character `1:1` is pinned by `diagnostics_report_linter_findings_as_warnings`, which also asserts the finding is the *only* diagnostic for its program |
| out of bounds | **N/A** — no indexed access exists in the new code; a diagnostic's line/column is copied from a `Span`, never indexed into a buffer |
| type mismatch | **N/A** — `diagnostics()` takes `&str` and returns `Vec<Diagnostic>`; there is no runtime value to mismatch. The nearest analogue, an unplaceable finding, is covered above |
| numeric boundary | **N/A** — no arithmetic. Numeric *literals* in the grammar are a regex string, not numbers |
| unicode and escapes | covered — `edge_diagnostic_columns_count_characters_not_bytes`, `edge_escape_json_...`, `edge_diagnostic_json_escapes_...` |
| nesting and recursion | **N/A** — `textmate_grammar()` and `diagnostics_json()` iterate flat lists; `diagnostics()` recurses through the existing `Lexer → Parser → Analyzer` pipeline, which `tests/span_test.rs` and the VM call-depth tests already cover |
| duplicate and missing keys | **N/A** — no record keys are read or written. The closest keying is the grammar's JSON object keys, asserted by `shipped_grammar_file_is_valid_json_with_a_redblue_scope` |
| malformed input | covered — `diagnostics_surface_a_spanned_lexer_error`, `..._parser_error`, `..._analyzer_error`, `diagnostics_json_is_a_well_formed_array_of_located_entries`, `shipped_grammar_file_is_valid_json_...` |
| resource and state | **N/A** — read-only, allocation-bounded by input size; nothing is written, no file handle is opened, no loop runs unbounded. The one resource guarantee this phase depends on — the lexer refusing a malformed literal instead of looping — is pre-existing and pinned by `tests/lexer_robustness_test.rs` |

## Gates

Run in the project checkout, 2026-10-05.

| Gate | Result |
|---|---|
| `cargo fmt --all -- --check` | pass |
| `cargo clippy --all-targets -- -D warnings` | pass |
| `cargo test` | **336 passed, 0 failed** (13 of them new) |
| `./rbops/verify.sh phase-017` | **NOT RUN** — `rbops/` is not present in this checkout (`ls: cannot access 'rbops/verify.sh': No such file or directory`). `rbops/phases.json` is absent too, so this phase's `must_touch` could not be read. See FINDINGS.md §1. The dispatcher must run it |
| `examples/*.rb` (backwards compatibility) | 6/6 run clean under `rb` |

Zero new `#[ignore]`, `// skip` or `allow(clippy::` suppressions. Zero
pre-existing tests were modified, skipped or deleted.

## Invariants touched

- None. No grammar, type or file-extension change. `Value` variants, `Error`
  variants, `set … to`, `say`, `to … end` and the `.rb` extension are untouched.
- Additive only: `Lexer::keywords()`, `Error::message()`, the `lsp` module and
  three new `rb` subcommands.
- `src/lexer.rs`: `Lexer::keyword()` was a `match`; it now scans the
  `KEYWORDS` table. The word → token mapping is byte-for-byte the same table in
  the same order, and `every_listed_keyword_lexes_as_a_keyword_not_an_identifier` walks all 53 words through the real lexer to prove it.

## Known gaps / follow-ups

- `rb diagnostics` is a one-shot command, not a JSON-RPC language server →
  FINDINGS.md §5
- `src/linter.rs:46-49` reports lint findings at `0:0`; `lsp::known_position`
  folds that to `1:1` → FINDINGS.md §2
- `tooling/repl/README.md` documents a directory that does not exist; the REPL
  is at `src/repl/` → FINDINGS.md §3
- `Cargo.lock` is gitignored → FINDINGS.md §4
- Grammar covers keywords, constants, strings, numbers, comments, operators and
  call names. No bracket-pair or embedded-language folding, and the extension
  has no JS entry point, so no commands or debugger are contributed.
[0m
[0m→ [0mRead phases/phase-017/FINDINGS.md
[0m
[0m$ [0mls; echo ---; ls rbops 2>&1 | head -3; echo ---; ls examples 2>&1 | head
AGENTS.md
CODE_OF_CONDUCT.md
CONTRIBUTING.md
Cargo.lock
Cargo.toml
HANDOUT.md
LICENSE
PHILOSOPHY.md
README.md
ROADMAP.md
SPEC.md
docs
err.txt
errors.txt
examples
export.sh
modules
phases
src
target
test.redblue
tests
tooling
---
ls: cannot access 'rbops': No such file or directory
---
files.rb
fizzbuzz.rb
formats.rb
hello.rb
test_arithmetic.rb
time.rb
[0m
[0m$ [0mrg -n "gate" AGENTS.md HANDOUT.md | head -20
AGENTS.md:71:   - Propagate errors with `?` operator
[0m
[0m$ [0mrg -n "verify.sh|four gates|cargo fmt|clippy" phases/phase-017/REPORT.md phases/phase-016/REPORT.md 2>/dev/null | head -20
phases/phase-017/REPORT.md:115:| `cargo fmt --all -- --check` | pass |
phases/phase-017/REPORT.md:116:| `cargo clippy --all-targets -- -D warnings` | pass |
phases/phase-017/REPORT.md:118:| `./rbops/verify.sh phase-017` | **NOT RUN** — `rbops/` is not present in this checkout (`ls: cannot access 'rbops/verify.sh': No such file or directory`). `rbops/phases.json` is absent too, so this phase's `must_touch` could not be read. See FINDINGS.md §1. The dispatcher must run it |
phases/phase-017/REPORT.md:121:Zero new `#[ignore]`, `// skip` or `allow(clippy::` suppressions. Zero
[0m
[0m← [0mEdit phases/phase-017/REPORT.md
Index: /home/runner/work/rbops/rbops/redblue/phases/phase-017/REPORT.md
===================================================================
--- /home/runner/work/rbops/rbops/redblue/phases/phase-017/REPORT.md
+++ /home/runner/work/rbops/rbops/redblue/phases/phase-017/REPORT.md
@@ -44,9 +44,9 @@
 | `src/lib.rs` | +32 | `pub mod lsp`, re-exports, `rb grammar`, `rb keywords`, `rb diagnostics <file>` |
 | `src/error.rs` | +7 −1 | `Error::message()` made public — a diagnostic carries the message and the position separately |
 | `tooling/vscode/syntaxes/redblue.tmLanguage.json` (new) | +16 | generated TextMate grammar, checked in, `source.redblue` |
 | `tooling/vscode/package.json` (new) | +35 | language + grammar contribution, no JS entry point, no build step |
-| `tooling/vscode/language-configuration.json` (new) | +21 | `#` comments, brackets, auto-closing quotes |
+| `tooling/vscode/language-configuration.json` (new) | +21 | `//` comments, brackets, auto-closing quotes |
 | `tooling/vscode/README.md` | +36 −90 | describes what exists and what does not |
 | `tests/tooling_grammar_test.rs` (new) | +371 | 13 tests |
 | `Cargo.toml` | +1 | `serde_json` as a **dev-dependency** for JSON assertions in tests |
 

[0m
Now updating the phase report to stay truthful, then running the four gates:
[0m← [0mEdit phases/phase-017/REPORT.md
Index: /home/runner/work/rbops/rbops/redblue/phases/phase-017/REPORT.md
===================================================================
--- /home/runner/work/rbops/rbops/redblue/phases/phase-017/REPORT.md
+++ /home/runner/work/rbops/rbops/redblue/phases/phase-017/REPORT.md
@@ -64,13 +64,15 @@
 parses. Positions are 1-based **character** columns, the same convention
 `Error::render` draws its caret with, so an editor caret lines up on a line
 containing emoji or accented text.
 
-`rb diagnostics` runs the frontend **once**: `diagnostics()` returns the
-findings and `diagnostics_to_json()` renders the slice it was handed, so the
-command does not re-lex, re-parse and re-analyze the file just to format a
-result it already holds. `diagnostics_json(source)` keeps the one-shot
-convenience form by delegating to the two.
+`rb diagnostics` runs the frontend **once**: `diagnostics()` lexes and parses
+the file, and the AST that clears the analyzer is the one the linter reads
+(`linter::lint_program`), so nothing re-lexes or re-parses it. The command
+renders the slice it was handed with `diagnostics_to_json()` rather than
+re-running the frontend to format a result it already holds.
+`diagnostics_json(source)` keeps the one-shot convenience form by delegating to
+the two.
 
 ## Tests added
 
 All in `tests/tooling_grammar_test.rs`. 13 tests, 4 of them `edge_*`.

[0m
[0m← [0mEdit phases/phase-017/REPORT.md
Index: /home/runner/work/rbops/rbops/redblue/phases/phase-017/REPORT.md
===================================================================
--- /home/runner/work/rbops/rbops/redblue/phases/phase-017/REPORT.md
+++ /home/runner/work/rbops/rbops/redblue/phases/phase-017/REPORT.md
@@ -92,8 +92,18 @@
 | `edge_diagnostic_columns_count_characters_not_bytes` | **unicode**: emoji + `é` before the literal; column 10, and `assert_ne!(column, 14)` so a byte offset cannot pass |
 | `edge_escape_json_escapes_quotes_backslashes_controls_and_unicode` | **unicode/escapes**: `"`, `\`, `\n`, `\t`, `\u{1}`, emoji all round-trip through `escape_json` |
 | `edge_diagnostic_json_escapes_a_message_containing_quotes_and_newlines` | **escapes**: a message with quotes, newline and tab stays valid JSON and reads back unchanged |
 
+### Round-2 tests (added by the review fix pass)
+
+| Test | Edge class covered |
+|---|---|
+| `grammar_highlights_the_comment_marker_the_lexer_accepts` | **drift**: the comment rule matches `//`, not `#`; `//` lexes as nothing and `#` is rejected as an unexpected character |
+| `grammar_orders_strings_before_comments_and_comments_before_operators` | malformed input / precedence: string rule before comment rule (a `//` inside a string stays text), comment rule before the operator rule (a trailing `//` is not a division) |
+| `shipped_language_configuration_uses_the_lexers_comment_marker` | **resource**: the `Ctrl+/` marker ships as `//` and a line the editor comments out lexes as the line blanked out |
+| `unused_variable_warnings_come_out_in_a_stable_name_order` | nondeterminism: 64 diagnostics runs over four unused variables all report `alpha, beta, mid, zeta` |
+| `diagnostics_lint_the_ast_they_already_parsed` | state: linting the parsed AST yields exactly the diagnostics the editor sees |
+
 ### Mandatory edge-case matrix
 
 | Row | Status |
 |---|---|

[0m
[0m← [0mEdit phases/phase-017/REPORT.md
Index: /home/runner/work/rbops/rbops/redblue/phases/phase-017/REPORT.md
===================================================================
--- /home/runner/work/rbops/rbops/redblue/phases/phase-017/REPORT.md
+++ /home/runner/work/rbops/rbops/redblue/phases/phase-017/REPORT.md
@@ -119,18 +119,22 @@
 | resource and state | **N/A** — read-only, allocation-bounded by input size; nothing is written, no file handle is opened, no loop runs unbounded. The one resource guarantee this phase depends on — the lexer refusing a malformed literal instead of looping — is pre-existing and pinned by `tests/lexer_robustness_test.rs` |
 
 ## Gates
 
-Run in the project checkout, 2026-10-05.
+Run in the project checkout, 2026-10-05 (round 2, after the review fixes).
 
 | Gate | Result |
 |---|---|
 | `cargo fmt --all -- --check` | pass |
 | `cargo clippy --all-targets -- -D warnings` | pass |
-| `cargo test` | **336 passed, 0 failed** (13 of them new) |
-| `./rbops/verify.sh phase-017` | **NOT RUN** — `rbops/` is not present in this checkout (`ls: cannot access 'rbops/verify.sh': No such file or directory`). `rbops/phases.json` is absent too, so this phase's `must_touch` could not be read. See FINDINGS.md §1. The dispatcher must run it |
+| `cargo test` | **341 passed, 0 failed** (18 in `tooling_grammar_test.rs`, 5 of them added in round 2) |
+| `./rbops/verify.sh phase-017` | **NOT RUN** — `rbops/` is still not present in this checkout (`ls: cannot access 'rbops/verify.sh'`). Same as round 1; see FINDINGS.md §1. The dispatcher must run it |
 | `examples/*.rb` (backwards compatibility) | 6/6 run clean under `rb` |
 
+Round 2 re-ran the first three gates after fixing the review findings below;
+`rbops/verify.sh` remains unavailable, so it is recorded as not run, not as
+passed.
+
 Zero new `#[ignore]`, `// skip` or `allow(clippy::` suppressions. Zero
 pre-existing tests were modified, skipped or deleted.
 
 ## Invariants touched

[0m
[0m$ [0mtail -15 phases/phase-017/REPORT.md
`KEYWORDS` table. The word → token mapping is byte-for-byte the same table in
  the same order, and `every_listed_keyword_lexes_as_a_keyword_not_an_identifier` walks all 53 words through the real lexer to prove it.

## Known gaps / follow-ups

- `rb diagnostics` is a one-shot command, not a JSON-RPC language server →
  FINDINGS.md §5
- `src/linter.rs:46-49` reports lint findings at `0:0`; `lsp::known_position`
  folds that to `1:1` → FINDINGS.md §2
- `tooling/repl/README.md` documents a directory that does not exist; the REPL
  is at `src/repl/` → FINDINGS.md §3
- `Cargo.lock` is gitignored → FINDINGS.md §4
- Grammar covers keywords, constants, strings, numbers, comments, operators and
  call names. No bracket-pair or embedded-language folding, and the extension
  has no JS entry point, so no commands or debugger are contributed.
[0m
[0m$ [0mcat >> phases/phase-017/REPORT.md <<'EOF'

## Round 2 — review findings fixed

| # | Severity | Finding | Fix |
|---|---|---|---|
| 1 | **BLOCKER** | The shipped grammar and `language-configuration.json` treated `#` as a comment while the language only accepts `//` (`src/lexer.rs:366`, `docs/GRAMMAR.md:25`, `SPEC.md:116`) — the editor would dim `#` lines, `Ctrl+/` would write them, and `rb run` would reject them | The generator's comment rule is now `comment.line.double-slash.redblue` / `//.*$`, the shipped grammar carries it, and `lineComment` is `"//"`. `grammar_highlights_the_comment_marker_the_lexer_accepts` and `shipped_language_configuration_uses_the_lexers_comment_marker` pin the marker against the real lexer |
| 2 | **MAJOR** | Unused-variable warnings came out of a `HashSet`, so a file with two of them produced a different order per process, and that order went straight into the diagnostics JSON | `Linter::lint` collects the findings into a name-sorted vec (`src/linter.rs:43-58`); `unused_variable_warnings_come_out_in_a_stable_name_order` asserts 64 runs agree |
| 3 | MINOR | `diagnostics()` claimed to run the frontend once but called `linter::lint(source)`, which lexed and parsed the file again | `linter::lint_program(&Program)` added; `diagnostics()` lints the AST it already parsed. `diagnostics_lint_the_ast_they_already_parsed` pins that the two paths agree |
| 4 | MINOR | `Diagnostic::to_json` was documented as "the LSP `Diagnostic` shape" while emitting 1-based positions and severity names | Reworded, on `to_json` and on `Severity`, as the editor-facing shape `rb diagnostics` prints; the README already said no LSP is implemented |
| 5 | STYLE | The comment in `textmate_grammar()` said "text comes before comments" while the code pushed comments first | String rule now precedes the comment rule, and the comment explains both precedences (string before comment, comment before operator). `grammar_orders_strings_before_comments_and_comments_before_operators` pins the order |

Each fix was re-checked by reverting it and watching the new test fail.
EOF
cargo fmt --all -- --check && echo "FMT pass"
FMT pass
[0m
Now the four gates:
[0m$ [0mecho "=== 1. fmt ===" && cargo fmt --all -- --check && echo PASS && echo "=== 2. clippy ===" && cargo clippy --all-targets -- -D warnings 2>&1 | tail -3 && echo "=== 3. test ===" && cargo test 2>&1 | rg -c "^test .* ok$" && cargo test 2>&1 | rg "FAILED|failures:|test result: FAILED" | head
=== 1. fmt ===
PASS
=== 2. clippy ===
[1m[92m    Checking[0m redblue v0.1.0 (/home/runner/work/rbops/rbops/redblue)
[1m[92m    Finished[0m `dev` profile [unoptimized] target(s) in 1.12s
=== 3. test ===
341
[0m
[0m$ [0mecho "=== 4. verify.sh ==="; ./rbops/verify.sh phase-017; echo "exit=$?"; echo "=== examples ==="; cargo run -q --bin rb -- run examples/hello.rb >/dev/null && cargo run -q --bin rb -- run examples/fizzbuzz.rb >/dev/null && cargo run -q --bin rb -- run examples/files.rb >/dev/null && cargo run -q --bin rb -- run examples/formats.rb >/dev/null && cargo run -q --bin rb -- run examples/test_arithmetic.rb >/dev/null && cargo run -q --bin rb -- run examples/time.rb >/dev/null && echo "6/6 examples run clean"
=== 4. verify.sh ===
/bin/bash: line 1: ./rbops/verify.sh: No such file or directory
exit=127
=== examples ===
6/6 examples run clean
[0m
[0m$ [0mprintf '// a comment\nset x to 1  // trailing\nsay x\nset unused to 2\n' > /tmp/opencode/t.rb; cargo run -q --bin rb -- diagnostics /tmp/opencode/t.rb; echo "exit=$?"; cargo run -q --bin rb -- grammar | diff -u tooling/vscode/syntaxes/redblue.tmLanguage.json - && echo "shipped grammar == rb grammar"; printf '# hash comment\nsay 1\n' > /tmp/opencode/h.rb; cargo run -q --bin rb -- diagnostics /tmp/opencode/h.rb; echo "exit=$?"
[{"line":1,"column":1,"severity":"warning","message":"Unused variable: 'unused'"}]
exit=0
shipped grammar == rb grammar
[{"line":1,"column":1,"severity":"error","message":"Unexpected character '#'"}]
exit=1
[0m
[0m$ [0mgit diff -- src/linter.rs tooling/vscode/ | head -80
diff --git a/src/linter.rs b/src/linter.rs
index 37fe6ff..99c76a2 100644
--- a/src/linter.rs
+++ b/src/linter.rs
@@ -40,15 +40,25 @@ impl Linter {
             self.analyze_statement(stmt);
         }
 
-        // Check for unused variables
-        for var in &self.defined_vars {
-            if !self.used_vars.contains(var) && !var.starts_with('_') {
-                self.warnings.push(LintWarning {
-                    message: format!("Unused variable: '{}'", var),
-                    line: 0,
-                    column: 0,
-                });
-            }
+        // Check for unused variables. `defined_vars` is a `HashSet`, so its
+        // own iteration order changes from run to run: the findings are
+        // collected in name order instead, or the same file would report its
+        // unused variables in a different order every time — and `rb
+        // diagnostics` would emit that order into its JSON array.
+        let mut unused: Vec<&str> = self
+            .defined_vars
+            .iter()
+            .filter(|var| !var.starts_with('_') && !self.used_vars.contains(*var))
+            .map(String::as_str)
+            .collect();
+        unused.sort_unstable();
+
+        for var in unused {
+            self.warnings.push(LintWarning {
+                message: format!("Unused variable: '{}'", var),
+                line: 0,
+                column: 0,
+            });
         }
     }
 
@@ -268,6 +278,8 @@ impl Default for Linter {
     }
 }
 
+/// Lints `source`, lexing and parsing it first. Returns no findings when the
+/// source does not parse: there is no program to lint.
 pub fn lint(source: &str) -> (Vec<LintError>, Vec<LintWarning>) {
     let tokens = match Lexer::tokenize(source) {
         Ok(t) => t,
@@ -280,8 +292,15 @@ pub fn lint(source: &str) -> (Vec<LintError>, Vec<LintWarning>) {
         Err(_) => return (Vec::new(), Vec::new()),
     };
 
+    lint_program(&program)
+}
+
+/// Lints an already-parsed [`Program`], for a caller that has the AST in hand
+/// — [`crate::lsp::diagnostics`], which lexes and parses the file once for its
+/// own diagnostics, must not make the linter do it again.
+pub fn lint_program(program: &Program) -> (Vec<LintError>, Vec<LintWarning>) {
     let mut linter = Linter::new();
-    linter.lint(&program);
+    linter.lint(program);
 
     (linter.get_errors(), linter.get_warnings())
 }
diff --git a/tooling/vscode/README.md b/tooling/vscode/README.md
index c57d214..1c28581 100644
--- a/tooling/vscode/README.md
+++ b/tooling/vscode/README.md
@@ -1,109 +1,53 @@
 # Redblue VS Code Extension
 
-VS Code extension for Redblue programming language.
+Editor support for `.rb` files. There is **no build step**: the extension is a
+folder of JSON manifests, and `cargo test` is what keeps them honest.
 
-## Features
+## What is here
 
-### Syntax & Editing
[0m
[0m→ [0mRead tooling/vscode/README.md[90m [limit=32, offset=17][0m
[0m
[0m← [0mEdit tooling/vscode/README.md
Index: /home/runner/work/rbops/rbops/redblue/tooling/vscode/README.md
===================================================================
--- /home/runner/work/rbops/rbops/redblue/tooling/vscode/README.md
+++ /home/runner/work/rbops/rbops/redblue/tooling/vscode/README.md
@@ -27,8 +27,15 @@
 Two tests in `tests/tooling_grammar_test.rs` enforce this: one fails if the
 checked-in file differs from the generator, the other fails if the file stops
 being valid JSON.
 
+Comments start with `//` — the marker the lexer skips, and the one
+`language-configuration.json` hands `Ctrl+/`. `#` is not a comment in Redblue;
+`rb run` rejects it as an unexpected character. The grammar's pattern order is
+part of that: the string rule comes before the comment rule so a `//` inside a
+string stays string text, and the comment rule comes before the operator rule so
+a trailing `//` is not highlighted as a division.
+
 ## Diagnostics
 
 Errors reach an editor through the command line, which needs no Node
 toolchain:

[0m
[0m$ [0mcargo fmt --all -- --check && echo "FMT pass" && cargo clippy --all-targets -- -D warnings 2>&1 | tail -2 && cargo test 2>&1 | rg "^test result|FAILED" | tail -5 && git status --short
FMT pass
[1m[92m    Finished[0m `dev` profile [unoptimized] target(s) in 0.09s
test result: ok. 5 passed; 0 failed; 0 ignored; 0 measured; 0 filtered out; finished in 0.00s
test result: ok. 15 passed; 0 failed; 0 ignored; 0 measured; 0 filtered out; finished in 0.00s
test result: ok. 39 passed; 0 failed; 0 ignored; 0 measured; 0 filtered out; finished in 5.09s
test result: ok. 18 passed; 0 failed; 0 ignored; 0 measured; 0 filtered out; finished in 0.00s
test result: ok. 0 passed; 0 failed; 0 ignored; 0 measured; 0 filtered out; finished in 0.00s
 M Cargo.toml
 A phases/phase-017/FINDINGS.md
 A phases/phase-017/REPORT.md
 M src/error.rs
 M src/lexer.rs
 M src/lib.rs
 M src/linter.rs
 A src/lsp.rs
 A tests/tooling_grammar_test.rs
 M tooling/vscode/README.md
 A tooling/vscode/language-configuration.json
 A tooling/vscode/package.json
 A tooling/vscode/syntaxes/redblue.tmLanguage.json
[0m
[0m# [0mTodos
[✓] Read src/lsp.rs, src/linter.rs, tooling/vscode files, lexer comment handling
[✓] BLOCKER: fix comment syntax (# -> //) in generator, shipped tmLanguage JSON, language-configuration
[✓] MAJOR: sort linter unused-variable findings for determinism
[✓] MINOR: lsp.rs double tokenize/parse claim
[✓] MINOR: Diagnostic::to_json doc says LSP shape but isn't LSP
[✓] STYLE: comment/code order mismatch in grammar generation
[✓] Add tests pinning comment syntax and diagnostic ordering
[✓] Run four gates: build, test, fmt, clippy
[0m
All five findings fixed.

**BLOCKER** — `#` is not Redblue's comment marker; the lexer only skips `//` (src/lexer.rs:366, docs/GRAMMAR.md:25). Generator, shipped grammar and `language-configuration.json` now all say `//`: `comment.line.double-slash.redblue` / `"match":"//.*$"` and `"lineComment": "//"` (src/lsp.rs:246, tooling/vscode/syntaxes/redblue.tmLanguage.json:8, tooling/vscode/language-configuration.json:3). `rb grammar` output is byte-identical to the checked-in file.

**MAJOR** — unused-variable findings came from a `HashSet` iteration and went straight into the JSON; they are now collected into a name-sorted vec (src/linter.rs:43-58).

**MINOR 3** — added `linter::lint_program(&Program)`; `lsp::diagnostics()` lints the AST it already parsed, so the frontend runs once per file (src/lsp.rs:124 → src/linter.rs:295).

**MINOR 4** — `Diagnostic::to_json` and `Severity` no longer claim to be the LSP shape; they document1-based positions, named severities, and that a language server translates rather than forwards.

**STYLE** — string rule now precedes the comment rule and the comment explains both precedences (string-before-comment, comment-before-operator), matching the code.

Five new tests (18 in `tooling_grammar_test.rs`): comment marker vs. real lexer, TextMate pattern ordering, shipped language-configuration marker, 64-run stable ordering of four unused variables, and diagnostics-equals-`lint_program`. Each was verified by reverting the fix and watching the test fail. `phases/phase-017/REPORT.md` corrected (`#` row, "runs once" claim, gates, round-2 section).

Gates: `cargo fmt --all -- --check` pass · `cargo clippy --all-targets -- -D warnings` pass · `cargo test` **341 passed, 0 failed** · `./rbops/verify.sh phase-017` **NOT RUN** — `rbops/` is still absent from this checkout, recorded as not run rather than passed. Zero new ignores/suppressions, no test deleted or modified.
