[0m
> build · space-bunny-free
[0m
[0m→ [0mRead src/runtime.rs[90m [offset=280, limit=60][0m
I'll start by reading the flagged locations to verify both findings.
[0m→ [0mRead src/runtime.rs[90m [offset=405, limit=40][0m
[0m→ [0mRead src/runtime.rs[90m [limit=60, offset=590][0m
Finding 1 confirmed at line 298. Now the other three occurrences:
[0m✱ [0mGrep "duration_since"[90m in src · 6 matches[0m
[0m→ [0mRead src/runtime.rs[90m [limit=45, offset=445][0m
Line 462 is a fifth occurrence the reviewer didn't list. Let me check it:
[0m→ [0mRead src/bytecode/codegen.rs[90m [limit=50, offset=155][0m
[0m→ [0mRead src/bytecode/codegen.rs[90m [limit=45, offset=505][0m
[0m→ [0mRead src/vm.rs[90m [limit=60, offset=700][0m
Now finding 2 — the codegen/vm step-count asymmetry:
[0m✱ [0mGrep "STATEMENT_MARKER"[90m in src · 10 matches[0m
Both confirmed. Now let me understand the marker/step-budget mechanics before changing them:
[0m✱ [0mGrep "fn module_exports"[90m in src · 3 matches[0m
[0m→ [0mRead src/bytecode/opcode.rs[90m [limit=35, offset=38][0m
[0m→ [0mRead src/bytecode/vm.rs[90m [limit=30, offset=1345][0m
[0m→ [0mRead src/bytecode/codegen.rs[90m [limit=40, offset=670][0m
[0m✱ [0mGrep "fn execute_statement|charge_step\(\)"[90m in src/vm.rs · 7 matches[0m
[0m
[0m$ [0mls -a .github/workflows/ 2>/dev/null; ls Makefile justfile 2>/dev/null
.
..
ci.yml
[0m
[0m→ [0mRead src/vm.rs[90m [limit=20, offset=920][0m
[0m→ [0mRead .github/workflows/ci.yml
[0m
[0m$ [0mgit log --oneline -8; echo "---BRANCH---"; git branch --show-current; echo "---DOCS---"; ls docs/ 2>/dev/null | head -30
861080d resume phase-025: adopt preserved work
3479d17 rbops: phase-020 (2026-10-07T07:22:55Z)
25e9b68 resume phase-020: adopt preserved work
c495de5 rbops: phase-015 (2026-10-07T02:50:08Z)
87752c5 rbops: phase-031 (2026-10-07T00:05:12Z)
825193a resume phase-031: adopt preserved work
a4b16d6 rbops: phase-030 (2026-10-06T21:17:41Z)
694cc85 rbops: phase-029 (2026-10-06T20:57:38Z)
---BRANCH---
main
---DOCS---
BYTECODE.md
GRAMMAR.md
[0m
[0m✱ [0mGrep "four gates|gates are|cargo fmt --check"[90m in . · 9 matches[0m
[0m
[0m$ [0mls rbops/ 2>/dev/null; echo "---"; sed -n '1245,1270p' phases/phase-025/REPORT.md
---
  PASS report has at least one real evidence row

== diff hygiene
  PASS forbidden-path scan done
  PASS no gate-weakening constructs added
  PASS no scratch files
  PASS diff substance: +574 -31 (min +5)
  PASS implementation touched src/ (must_touch: src/)

== cargo fmt
  PASS cargo fmt --check

== cargo clippy
  PASS cargo clippy -D warnings

== cargo test
  PASS cargo test: 838 passed, 0 failed

== doc tests

== examples
  PASS runs: examples/files.rb
  PASS runs: examples/fizzbuzz.rb
  PASS runs: examples/formats.rb
  PASS runs: examples/hello.rb
  PASS runs: examples/test_arithmetic.rb
[0m
[0m$ [0mfind / -name "verify.sh" -path "*rbops*" 2>/dev/null | head -5
(no output)

<shell_metadata>
shell tool terminated command after exceeding timeout 120000 ms. If this command is expected to take longer and is not waiting for interactive input, retry with a larger timeout value in milliseconds.
</shell_metadata>
[0m
[0m✱ [0mGrep "Statement::Export"[90m in src/vm.rs · 9 matches[0m
`verify.sh` isn't available here, so I'll run the cargo gates. First, one thing to check for finding 2 — what the tree-walking VM does with a *top-level* `export` (it charges a step there, unlike inside a module):
[0m✱ [0mGrep "self\.statements\(|fn statements\(|fn nested\(|fn statement\("[90m in src/bytecode/codegen.rs · 14 matches[0m
[0m→ [0mRead src/bytecode/codegen.rs[90m [limit=45, offset=110][0m
Top-level `export` charges 1 step (`execute_statement` → vm.rs:923), but in-module charges 0 — so the marker must depend on context. Let me map the call graph:
[0m→ [0mRead src/bytecode/codegen.rs[90m [limit=55, offset=56][0m
[0m→ [0mRead src/bytecode/codegen.rs[90m [limit=30, offset=488][0m
[0m→ [0mRead src/bytecode/vm.rs[90m [limit=22, offset=912][0m
[0m✱ [0mGrep "BlockKind::Module"[90m in . · 3 matches[0m
Now let me find the existing step-parity tests so my fix matches the established test conventions:
[0m
[0m$ [0mgrep -rn "fn .*step" tests/*.rs | head -40; echo "=== module+step ==="; grep -rln "step" tests/*.rs
tests/bytecode_vm_test.rs:185:fn tree_walk_bounded(source: &str, max_iterations: usize, max_steps: usize) -> Outcome {
tests/bytecode_vm_test.rs:208:fn bytecode_bounded(source: &str, max_iterations: usize, max_steps: usize) -> Outcome {
tests/bytecode_vm_test.rs:2165:fn edge_both_vms_enforce_the_same_step_budget() {
tests/bytecode_vm_test.rs:2656:fn edge_the_step_budget_is_a_configurable_limit_not_a_hard_coded_one() {
tests/for_range_test.rs:110:fn a_step_of_five_visits_only_the_multiples_of_five() {
tests/for_range_test.rs:119:fn a_step_of_one_and_an_omitted_step_are_the_same_loop() {
tests/for_range_test.rs:130:fn a_step_that_does_not_land_on_the_end_still_stops_at_or_before_it() {
tests/for_range_test.rs:219:fn edge_a_descending_step_counts_down() {
tests/for_range_test.rs:230:fn edge_a_descending_step_that_starts_below_its_end_is_empty() {
tests/for_range_test.rs:244:fn edge_a_fractional_step_on_a_whole_number_range() {
tests/for_range_test.rs:253:fn edge_a_fractional_step_that_would_overshoot_still_terminates() {
tests/for_range_test.rs:327:fn edge_a_step_missing_its_end_of_the_range_is_a_parser_error() {
tests/for_range_test.rs:358:fn edge_a_zero_step_stops_at_the_iteration_guard_rather_than_hanging() {
tests/for_range_test.rs:432:fn edge_a_step_that_overflows_the_counter_is_a_runtime_error() {
tests/for_range_test.rs:490:fn the_analyzer_accepts_a_range_loop_and_its_step() {
tests/formatter_test.rs:2043:fn edge_a_range_loop_is_formatted_and_keeps_its_bounds_and_step() {
tests/formatter_test.rs:2068:fn edge_a_range_loop_step_is_not_lost_or_invented() {
tests/loop_bounds_test.rs:271:fn step_budget_bounds_a_program_of_many_short_loops() {
tests/loop_bounds_test.rs:292:fn step_budget_does_not_fire_under_the_limit() {
tests/loop_bounds_test.rs:305:fn edge_step_budget_is_not_spent_by_unentered_loops() {
tests/loop_bounds_test.rs:327:fn step_budget_makes_a_runaway_loop_assertable() {
tests/loop_bounds_test.rs:495:fn edge_nested_recursion_is_bounded_by_the_step_budget() {
tests/loop_control_test.rs:1576:fn edge_break_and_skip_in_a_stepped_range_loop() {
tests/loop_control_test.rs:2564:fn edge_break_and_skip_in_a_stepped_range_loop_written_as_source() {
tests/numeric_edge_test.rs:492:fn edge_a_numeric_for_range_cannot_step_into_a_non_finite_number() {
=== module+step ===
tests/bytecode_test.rs
tests/bytecode_vm_test.rs
tests/comparison_lex_test.rs
tests/comparison_words_test.rs
tests/differential_test.rs
tests/for_range_test.rs
tests/formatter_test.rs
tests/loop_bounds_test.rs
tests/loop_control_test.rs
tests/numeric_edge_test.rs
tests/tooling_grammar_test.rs
[0m
[0m→ [0mRead tests/bytecode_vm_test.rs[90m [limit=65, offset=2160][0m
[0m→ [0mRead tests/bytecode_vm_test.rs[90m [limit=45, offset=180][0m
[0m→ [0mRead tests/bytecode_vm_test.rs[90m [limit=100, offset=2224][0m
[0m→ [0mRead tests/bytecode_vm_test.rs[90m [limit=40, offset=223][0m
[0m
[0m$ [0mls modules/ 2>/dev/null; echo "=== sample ==="; head -20 modules/MathUtils.rb 2>/dev/null
MathUtils.rb
SuiteKit.rb
=== sample ===
// MathUtils module example
// Demonstrates module exports

module MathUtils
    constant PI to 3.14159
    constant TAU to 6.28318

    to circle_area(radius)
        give back PI * radius * radius
    end

    to circle_circumference(radius)
        give back TAU * radius
    end

    to degrees_to_radians(degrees)
        give back degrees * PI / 180
    end

    to radians_to_degrees(radians)
[0m
Now let me confirm the module/export syntax before writing a regression test:
[0m$ [0mgrep -n "export\|import" modules/MathUtils.rb modules/SuiteKit.rb | head -20
modules/MathUtils.rb:2:// Demonstrates module exports
modules/MathUtils.rb:24:    export all
modules/SuiteKit.rb:2:// `import` statement against a module file that parses.
[0m
[0m# [0mTodos
[•] Fix BLOCKER: runtime.rs duration_since().unwrap() panics (4 sites + time_format)
[ ] Fix step-count asymmetry: in-module export charged by bytecode marker but not by tree VM
[ ] Add regression test pinning module/export step parity
[ ] Run the four gates: fmt --check, clippy -D warnings, test, doc tests
[0m
Both findings confirmed. Let me track the work and start fixing.
[0m← [0mEdit src/runtime.rs
Index: /home/runner/work/rbops/rbops/redblue/src/runtime.rs
===================================================================
--- /home/runner/work/rbops/rbops/redblue/src/runtime.rs
+++ /home/runner/work/rbops/rbops/redblue/src/runtime.rs
@@ -294,9 +294,11 @@
     Ok(Some(Value::Text(input)))
 }
 "random" => {
     use std::time::{SystemTime, UNIX_EPOCH};
-    let now = SystemTime::now().duration_since(UNIX_EPOCH).unwrap();
+    let now = SystemTime::now()
+        .duration_since(UNIX_EPOCH)
+        .map_err(|e| Error::Runtime(e.to_string(), span))?;
     Ok(Some(Value::Number((now.as_nanos() % 1000) as f64)))
 }
 // Files module
 "files_read" => {

[0m
Fixing finding 1 — each `unwrap()` becomes the `map_err` path `time_now` already uses:
[0m← [0mEdit src/runtime.rs
Index: /home/runner/work/rbops/rbops/redblue/src/runtime.rs
===================================================================
--- /home/runner/work/rbops/rbops/redblue/src/runtime.rs
+++ /home/runner/work/rbops/rbops/redblue/src/runtime.rs
@@ -603,9 +603,11 @@
     (Some(Value::Number(max)), None) => (0.0, *max),
     _ => (0.0, 1.0),
 };
 use std::time::{SystemTime, UNIX_EPOCH};
-let now = SystemTime::now().duration_since(UNIX_EPOCH).unwrap();
+let now = SystemTime::now()
+    .duration_since(UNIX_EPOCH)
+    .map_err(|e| Error::Runtime(e.to_string(), span))?;
 let r = (now.as_nanos() % 1000000) as f64 / 1000000.0;
 // `max - min` overflows for a range as ordinary as
 // `-1e308` to `1e308`, which is a number that does not exist.
 Value::number(min + r * (max - min), span).map(Some)

[0m
[0m← [0mEdit src/runtime.rs
Index: /home/runner/work/rbops/rbops/redblue/src/runtime.rs
===================================================================
--- /home/runner/work/rbops/rbops/redblue/src/runtime.rs
+++ /home/runner/work/rbops/rbops/redblue/src/runtime.rs
@@ -617,9 +617,11 @@
     if items.is_empty() {
         return Ok(Some(Value::Nothing));
     }
     use std::time::{SystemTime, UNIX_EPOCH};
-    let now = SystemTime::now().duration_since(UNIX_EPOCH).unwrap();
+    let now = SystemTime::now()
+        .duration_since(UNIX_EPOCH)
+        .map_err(|e| Error::Runtime(e.to_string(), span))?;
     let idx = (now.as_nanos() as usize) % items.len();
     Ok(Some(items[idx].clone()))
 } else {
     Err(Error::Runtime(

[0m
[0m← [0mEdit src/runtime.rs
Index: /home/runner/work/rbops/rbops/redblue/src/runtime.rs
===================================================================
--- /home/runner/work/rbops/rbops/redblue/src/runtime.rs
+++ /home/runner/work/rbops/rbops/redblue/src/runtime.rs
@@ -632,9 +632,11 @@
 }
 "random_shuffle" => {
     if let Some(Value::List(mut items)) = args.first().cloned() {
         use std::time::{SystemTime, UNIX_EPOCH};
-        let now = SystemTime::now().duration_since(UNIX_EPOCH).unwrap();
+        let now = SystemTime::now()
+            .duration_since(UNIX_EPOCH)
+            .map_err(|e| Error::Runtime(e.to_string(), span))?;
         let seed = now.as_nanos() as usize;
 
         for i in (1..items.len()).rev() {
             let j = seed % (i + 1);

[0m
[0m← [0mEdit src/runtime.rs
Index: /home/runner/work/rbops/rbops/redblue/src/runtime.rs
===================================================================
--- /home/runner/work/rbops/rbops/redblue/src/runtime.rs
+++ /home/runner/work/rbops/rbops/redblue/src/runtime.rs
@@ -459,13 +459,14 @@
             ))
         }
     };
     let datetime = UNIX_EPOCH + std::time::Duration::from_secs(timestamp as u64);
-    let tm = chrono::DateTime::from_timestamp(
-        datetime.duration_since(UNIX_EPOCH).unwrap().as_secs() as i64,
-        0,
-    )
-    .ok_or_else(|| Error::Runtime("Invalid timestamp".to_string(), span))?;
+    let secs = datetime
+        .duration_since(UNIX_EPOCH)
+        .map_err(|e| Error::Runtime(e.to_string(), span))?
+        .as_secs() as i64;
+    let tm = chrono::DateTime::from_timestamp(secs, 0)
+        .ok_or_else(|| Error::Runtime("Invalid timestamp".to_string(), span))?;
     Ok(Some(Value::Text(tm.format(&format).to_string())))
 }
 "time_unix" => {
     let text = match args.first() {

[0m
Now the fifth occurrence in `time_format` the reviewer didn't flag — same panic-instead-of-error class:
[0m$ [0mgrep -n "duration_since" src/runtime.rs
299:                .duration_since(UNIX_EPOCH)
427:                .duration_since(UNIX_EPOCH)
464:                .duration_since(UNIX_EPOCH)
609:                .duration_since(UNIX_EPOCH)
623:                    .duration_since(UNIX_EPOCH)
638:                    .duration_since(UNIX_EPOCH)
[0m
[0m← [0mEdit src/bytecode/codegen.rs
Index: /home/runner/work/rbops/rbops/redblue/src/bytecode/codegen.rs
===================================================================
--- /home/runner/work/rbops/rbops/redblue/src/bytecode/codegen.rs
+++ /home/runner/work/rbops/rbops/redblue/src/bytecode/codegen.rs
@@ -102,9 +102,16 @@
 let reads_value = matches!(
     decl.kind,
     BlockKind::Main | BlockKind::Function | BlockKind::Method
 );
-self.statements(decl.body, &mut code, &mut blocks, depth, reads_value)?;
+self.statements(
+    decl.body,
+    &mut code,
+    &mut blocks,
+    depth,
+    reads_value,
+    matches!(decl.kind, BlockKind::Module),
+)?;
 
 Ok(Block {
     name: decl.name.to_string(),
     kind: decl.kind,

[0m
All six converted. Now finding 2 — threading the module-body context into codegen:
[0m← [0mEdit src/bytecode/codegen.rs
Index: /home/runner/work/rbops/rbops/redblue/src/bytecode/codegen.rs
===================================================================
--- /home/runner/work/rbops/rbops/redblue/src/bytecode/codegen.rs
+++ /home/runner/work/rbops/rbops/redblue/src/bytecode/codegen.rs
@@ -145,18 +145,24 @@
 /// Before this was threaded, a branch's last statement left a value behind
 /// for its enclosing block, which then left it behind in turn. Nothing
 /// noticed, because the frame that finally discarded the stack also
 /// discarded the answer to what a program was worth.
+///
+/// `module_body` says whether `body` is the *direct* body of a `module`
+/// declaration — the statements a module publishes are read from, rather
+/// than statements the body runs. It is what decides whether an `export`
+/// among them is charged a step; see [`Compiler::statement`].
 fn statements(
     &mut self,
     body: &[Stmt],
     code: &mut Vec<Instruction>,
     blocks: &mut Vec<Block>,
     depth: usize,
     reads_value: bool,
+    module_body: bool,
 ) -> Result<()> {
     for stmt in body {
-        self.statement(stmt, code, blocks, depth, reads_value)?;
+        self.statement(stmt, code, blocks, depth, reads_value, module_body)?;
     }
     Ok(())
 }
 

[0m
[0m← [0mEdit src/bytecode/codegen.rs
Index: /home/runner/work/rbops/rbops/redblue/src/bytecode/codegen.rs
===================================================================
--- /home/runner/work/rbops/rbops/redblue/src/bytecode/codegen.rs
+++ /home/runner/work/rbops/rbops/redblue/src/bytecode/codegen.rs
@@ -173,18 +173,32 @@
 /// place the step budget is charged, so the file counts one step per
 /// statement — the unit the tree-walking VM charges — instead of one per
 /// instruction. Without it the same program reached the budget at different
 /// points on the two engines, and so was stopped by different limits.
+///
+/// The one statement the tree-walking VM does not charge is an `export` in
+/// the direct body of a module declaration: that VM reads the names when the
+/// declaration runs and skips `execute_statement` for them, so they cost
+/// nothing there. Charging one here made a module body cost more on this
+/// engine than on the other by its number of `export`s — so the same program
+/// was stopped by the budget at a different statement. `module_body` is what
+/// tells those two apart, and an `export` anywhere else is still charged:
+/// outside a declaration the tree-walking VM runs it as an ordinary statement.
 fn statement(
     &mut self,
     stmt: &Stmt,
     code: &mut Vec<Instruction>,
     blocks: &mut Vec<Block>,
     depth: usize,
     reads_value: bool,
+    module_body: bool,
 ) -> Result<()> {
     let line = stmt.span.line as u32;
-    emit(code, Opcode::Nop, STATEMENT_MARKER, 0, line);
+    let charges_step =
+        !(module_body && matches!(&stmt.statement, Statement::Export { .. }));
+    if charges_step {
+        emit(code, Opcode::Nop, STATEMENT_MARKER, 0, line);
+    }
 
     match &stmt.statement {
         Statement::Say(expr) => {
             self.expr(expr, code, line)?;

[0m
Now the marker emission itself — the core of finding 2:
Now updating the remaining `statements` call sites. Let me see them all with their context:
[0m$ [0mgrep -n "self\.statements(" src/bytecode/codegen.rs
106:        self.statements(
262:                self.statements(then_branch, code, blocks, depth, false)?;
269:                    self.statements(else_branch, code, blocks, depth, false)?;
280:                self.statements(body, code, blocks, depth, false)?;
293:                self.statements(body, code, blocks, depth, false)?;
316:                self.statements(body, code, blocks, depth, false)?;
325:                self.statements(body, code, blocks, depth, false)?;
332:                self.statements(body, code, blocks, depth, false)?;
445:                self.statements(&rest, code, blocks, depth, false)?;
489:                self.statements(body, code, blocks, depth, false)?;
533:                self.statements(
[0m
All nine of those are nested blocks (if/loop/catch/object bodies), none a module body — safe to append `false` uniformly:
[0m← [0mEdit src/bytecode/codegen.rs
Index: /home/runner/work/rbops/rbops/redblue/src/bytecode/codegen.rs
===================================================================
--- /home/runner/work/rbops/rbops/redblue/src/bytecode/codegen.rs
+++ /home/runner/work/rbops/rbops/redblue/src/bytecode/codegen.rs
@@ -258,16 +258,16 @@
     self.expr(condition, code, line)?;
     // The `end` of an `if` with no `else` is where a false
     // condition lands, so there is one jump either way.
     let to_else = jump(code, Opcode::JumpIfFalse, line);
-    self.statements(then_branch, code, blocks, depth, false)?;
+    self.statements(then_branch, code, blocks, depth, false, false)?;
     if else_branch.is_empty() {
         patch_here(code, to_else);
     } else {
         let to_end = jump(code, Opcode::Jump, line);
         let else_start = code.len() as u32;
         patch(code, to_else, else_start);
-        self.statements(else_branch, code, blocks, depth, false)?;
+        self.statements(else_branch, code, blocks, depth, false, false)?;
         patch_here(code, to_end);
     }
 }
 Statement::Unless { condition, body } => {
@@ -276,9 +276,9 @@
     // existing jump runs the body exactly when it was false. The
     // `end` of a one-branch block is that jump's landing pad.
     emit(code, Opcode::Not, 0, 0, line);
     let to_end = jump(code, Opcode::JumpIfFalse, line);
-    self.statements(body, code, blocks, depth, false)?;
+    self.statements(body, code, blocks, depth, false, false)?;
     patch_here(code, to_end);
 }
 Statement::ForEach {
     variable,
@@ -289,9 +289,9 @@
     emit(code, Opcode::GetIter, 0, 0, line);
     let top = code.len() as u32;
     let variable = self.text(variable);
     emit(code, Opcode::Store, variable, 0, line);
-    self.statements(body, code, blocks, depth, false)?;
+    self.statements(body, code, blocks, depth, false, false)?;
     emit(code, Opcode::Jump, top, 0, line);
 }
 Statement::ForRange {
     variable,
@@ -312,25 +312,25 @@
     emit(code, Opcode::GetRange, 0, arity, line);
     let top = code.len() as u32;
     let variable = self.text(variable);
     emit(code, Opcode::Store, variable, 0, line);
-    self.statements(body, code, blocks, depth, false)?;
+    self.statements(body, code, blocks, depth, false, false)?;
     emit(code, Opcode::Jump, top, 0, line);
 }
 Statement::Repeat { count, body } => {
     self.expr(count, code, line)?;
     emit(code, Opcode::GetRange, 0, 1, line);
     let top = code.len() as u32;
     let counter = self.text(REPEAT_COUNTER);
     emit(code, Opcode::Store, counter, 0, line);
-    self.statements(body, code, blocks, depth, false)?;
+    self.statements(body, code, blocks, depth, false, false)?;
     emit(code, Opcode::Jump, top, 0, line);
 }
 Statement::While { condition, body } => {
     let top = code.len() as u32;
     self.expr(condition, code, line)?;
     let to_end = jump(code, Opcode::JumpIfFalse, line);
-    self.statements(body, code, blocks, depth, false)?;
+    self.statements(body, code, blocks, depth, false, false)?;
     emit(code, Opcode::Jump, top, 0, line);
     patch_here(code, to_end);
 }
 Statement::Break => emit(code, Opcode::Break, 0, 0, line),
@@ -441,9 +441,9 @@
     };
     emit(code, Opcode::DefObject, block, parent, line);
     let name = self.text(name);
     emit(code, Opcode::Store, name, 0, line);
-    self.statements(&rest, code, blocks, depth, false)?;
+    self.statements(&rest, code, blocks, depth, false, false)?;
 }
 Statement::Try {
     body,
     catch_var,
@@ -485,9 +485,9 @@
             blocks,
         )?
     };
     emit(code, Opcode::Try, catch, finally, line);
-    self.statements(body, code, blocks, depth, false)?;
+    self.statements(body, code, blocks, depth, false, false)?;
     // The marked `NOP` closes the protected region: it is where the
     // handlers are popped and the `finally` runs, whether or not the
     // protected code failed. See `Opcode::Nop` and
     // `END_TRY_MARKER`; the operand is what tells it apart from the

[0m
[0m$ [0mgrep -c ", code, blocks, depth, false, false)?;" src/bytecode/codegen.rs; echo "=== module body site ==="; sed -n '528,545p' src/bytecode/codegen.rs
9
=== module body site ===
                    return Err(Error::Parser(
                        format!("program nests blocks more than {MAX_BLOCK_DEPTH} levels deep"),
                        stmt.span,
                    ));
                }
                self.statements(
                    body,
                    &mut module_body.code,
                    &mut module_body.blocks,
                    depth + 1,
                    false,
                )?;
                let index = blocks.len() as u32;
                blocks.push(module_body);
                emit(code, Opcode::Module, index, 0, line);
            }
            // An `export` outside a module declaration publishes nothing: there is
            // no module for it to publish into, and the tree-walking VM says so
[0m
[0m← [0mEdit src/bytecode/codegen.rs
Index: /home/runner/work/rbops/rbops/redblue/src/bytecode/codegen.rs
===================================================================
--- /home/runner/work/rbops/rbops/redblue/src/bytecode/codegen.rs
+++ /home/runner/work/rbops/rbops/redblue/src/bytecode/codegen.rs
@@ -535,8 +535,9 @@
     &mut module_body.code,
     &mut module_body.blocks,
     depth + 1,
     false,
+    true,
 )?;
 let index = blocks.len() as u32;
 blocks.push(module_body);
 emit(code, Opcode::Module, index, 0, line);

[0m
All nine updated. Now the module body site — this is the one that must pass `true`:
[0m$ [0mcargo build 2>&1 | tail -20
[1m[92m   Compiling[0m redblue v0.1.0 (/home/runner/work/rbops/rbops/redblue)
[1m[92m    Finished[0m `dev` profile [unoptimized] target(s) in 1.58s
[0m
Builds clean. Now let me empirically confirm the step counts match, rather than assuming my arithmetic:
[0m$ [0mmkdir -p /tmp/opencode/rb && cat > /tmp/opencode/rb/exp_test.rs <<'EOF'
fn main() {}
EOF
cat > /tmp/opencode/rb/mod.rb <<'EOF'
module M
    export one
    export two
    to one
        give back 1
    end
    to two
        give back 2
    end
end
say M.one
say M.two
EOF
echo written
written
[0m
[0m$ [0mgrep -n "max.steps\|max_steps\|max-steps" src/main.rs | head -20
(no output)
[0m
[0m$ [0mgrep -rn "max_steps" src/ --include=*.rs | grep -v "^src/bytecode/vm.rs\|^src/vm.rs" | head -20; echo "=== with_limits sigs ==="; grep -n "pub fn with_limits" src/vm.rs src/bytecode/vm.rs
src/lib.rs:34:    resolve_max_iterations, resolve_max_iterations_from, resolve_max_steps, resolve_max_steps_from,
=== with_limits sigs ===
src/vm.rs:392:    pub fn with_limits(max_iterations: usize, max_steps: usize) -> Self {
src/bytecode/vm.rs:692:    pub fn with_limits(max_iterations: usize, max_steps: usize) -> Self {
[0m
[0m$ [0mgrep -n "resolve_max_steps" -A 12 src/limits.rs 2>/dev/null | head -40 || grep -rn "fn resolve_max_steps" -A 12 src/*.rs | head -40
(no output)
[0m
[0m$ [0mgrep -rn "fn resolve_max_steps" -A 14 src/ | head -40
src/vm.rs:73:pub fn resolve_max_steps_from(raw: Option<usize>) -> usize {
src/vm.rs-74-    resolve_limit_from(raw, MAX_STEPS)
src/vm.rs-75-}
src/vm.rs-76-
src/vm.rs-77-/// The configured per-loop iteration cap.
src/vm.rs-78-pub fn resolve_max_iterations() -> usize {
src/vm.rs-79-    resolve_max_iterations_from(
src/vm.rs-80-        std::env::var(MAX_ITERATIONS_ENV)
src/vm.rs-81-            .ok()
src/vm.rs-82-            .and_then(|raw| raw.trim().parse::<usize>().ok()),
src/vm.rs-83-    )
src/vm.rs-84-}
src/vm.rs-85-
src/vm.rs-86-/// The configured step budget for one program.
src/vm.rs:87:pub fn resolve_max_steps() -> usize {
src/vm.rs-88-    resolve_max_steps_from(
src/vm.rs-89-        std::env::var(MAX_STEPS_ENV)
src/vm.rs-90-            .ok()
src/vm.rs-91-            .and_then(|raw| raw.trim().parse::<usize>().ok()),
src/vm.rs-92-    )
src/vm.rs-93-}
src/vm.rs-94-
src/vm.rs-95-/// The stack one active call frame is allowed. A frame costs roughly 58 KiB in an
src/vm.rs-96-/// unoptimised build — six nested Rust frames per Redblue call — so
src/vm.rs-97-/// [`MAX_CALL_DEPTH`] needs about 60 MiB, well past the 16 MiB a main thread
src/vm.rs-98-/// gets by default. A limit the process cannot physically reach would turn a
src/vm.rs-99-/// clean `RuntimeError` back into the abort this counter exists to prevent, so
src/vm.rs-100-/// the interpreter runs on a thread sized from the limit.
src/vm.rs-101-const STACK_BYTES_PER_CALL: usize = 256 * 1024;
[0m
[0m$ [0mgrep -n "MAX_STEPS_ENV" src/vm.rs | head -3
51:pub const MAX_STEPS_ENV: &str = "REDBLUE_MAX_STEPS";
71:/// [`resolve_limit_from`] applied to [`MAX_STEPS_ENV`]. `None` means the
89:        std::env::var(MAX_STEPS_ENV)
[0m
[0m← [0mWrite tests/zz_probe_test.rs
Wrote file successfully.
[0m
Let me probe the exact step counts empirically with a temporary test:
[0m$ [0mcargo test --test zz_probe_test -- --nocapture 2>&1 | tail -30
[1m[92m   Compiling[0m redblue v0.1.0 (/home/runner/work/rbops/rbops/redblue)
[1m[91merror[E0432][0m[1m: unresolved import `redblue::bytecode::compile`[0m
 [1m[94m--> [0mtests/zz_probe_test.rs:2:5
  [1m[94m|[0m
[1m[94m2[0m [1m[94m|[0m use redblue::bytecode::compile;
  [1m[94m|[0m     [1m[91m^^^^^^^^^^^^^^^^^^^[0m[1m[94m-------[0m
  [1m[94m|[0m                        [1m[94m|[0m
  [1m[94m|[0m                        [1m[94mno `compile` in `bytecode`[0m

[1m[91merror[E0432][0m[1m: unresolved import `redblue::bytecode::BytecodeVm`[0m
 [1m[94m--> [0mtests/zz_probe_test.rs:5:5
  [1m[94m|[0m
[1m[94m5[0m [1m[94m|[0m use redblue::bytecode::BytecodeVm;
  [1m[94m|[0m     [1m[91m^^^^^^^^^^^^^^^^^^^[0m[1m[94m----------[0m
  [1m[94m|[0m                        [1m[94m|[0m
  [1m[94m|[0m                        [1m[94mno `BytecodeVm` in `bytecode`[0m

[1mFor more information about this error, try `rustc --explain E0432`.[0m
[1m[91merror[0m: could not compile `redblue` (test "zz_probe_test") due to 2 previous errors
[0m
[0m$ [0mgrep -n "fn compile_source" -A 14 tests/bytecode_vm_test.rs | head -25; echo "=== imports ==="; sed -n '1,25p' tests/bytecode_vm_test.rs
=== imports ===
//! Bytecode execution (bootstrap stage S1b): `rb vm file.rbc`.
//!
//! The tree-walking VM is the specification of what a Redblue program *does*.
//! These tests pin that the bytecode VM does the same thing — the same output,
//! the same error kinds and the same error messages — and that it holds the
//! same resource limits while doing it.
//!
//! The comparison runs both VMs as libraries rather than as subprocesses
//! wherever it can, so a mismatch names the program rather than an exit code.
//! `rb vm` itself is covered by the tests that shell out, because the CLI is
//! part of what this phase delivers.

use std::collections::BTreeMap;
use std::fs;
use std::path::{Path, PathBuf};
use std::process::Command;

use redblue::bytecode::vm::BytecodeVm;
use redblue::bytecode::{compile_source, Instruction, Opcode};
use redblue::{expect_repeat_count, run_isolated, Error, Value};

fn scratch_dir(name: &str) -> PathBuf {
    let dir = Path::new(env!("CARGO_MANIFEST_DIR"))
        .join("target/tmp/bytecode-vm-test")
        .join(name);
[0m
[0m$ [0mcd /home/runner/work/rbops/rbops/redblue && python3 - <<'EOF'
import re
p='tests/zz_probe_test.rs'
s=open(p).read()
s=s.replace("use redblue::analyzer::analyze;\nuse redblue::bytecode::compile;\nuse redblue::lexer::Lexer;\nuse redblue::parser::parse;\nuse redblue::bytecode::BytecodeVm;\nuse redblue::Vm;",
"use redblue::analyzer::analyze;\nuse redblue::bytecode::compile_source;\nuse redblue::lexer::Lexer;\nuse redblue::parser::parse;\nuse redblue::bytecode::vm::BytecodeVm;\nuse redblue::Vm;")
s=s.replace("    let chunk = compile(&ast).unwrap();","    let chunk = compile_source(source).unwrap();")
open(p,'w').write(s)
EOF
cargo test --test zz_probe_test -- --nocapture 2>&1 | tail -30
--> 11:1)
MODULE budget=10 tree=err(RuntimeError: Unknown variable 'M'
  --> 11:1) byte=err(RuntimeError: Unknown variable 'M'
  --> 11:1)
MODULE budget=11 tree=err(RuntimeError: Unknown variable 'M'
  --> 11:1) byte=err(RuntimeError: Unknown variable 'M'
  --> 11:1)
---
1
1
TOPEXP budget=0 tree=ok(nothing) byte=ok(nothing)
TOPEXP budget=1 tree=err(RuntimeError: Step budget of 1 reached before the program finished
  --> 2:1) byte=err(RuntimeError: Step budget of 1 reached before the program finished
  --> 2:1)
1
1
TOPEXP budget=2 tree=ok(nothing) byte=ok(nothing)
1
1
TOPEXP budget=3 tree=ok(nothing) byte=ok(nothing)
1
1
TOPEXP budget=4 tree=ok(nothing) byte=ok(nothing)
1
1
TOPEXP budget=5 tree=ok(nothing) byte=ok(nothing)
test probe ... ok

test result: ok. 1 passed; 0 failed; 0 ignored; 0 measured; 0 filtered out; finished in 0.01s
[0m
[0m← [0mEdit tests/zz_probe_test.rs
Index: /home/runner/work/rbops/rbops/redblue/tests/zz_probe_test.rs
===================================================================
--- /home/runner/work/rbops/rbops/redblue/tests/zz_probe_test.rs
+++ /home/runner/work/rbops/rbops/redblue/tests/zz_probe_test.rs
@@ -29,9 +29,9 @@
 }
 
 #[test]
 fn probe() {
-    let module = "module M\n    export one\n    export two\n    to one\n        give back 1\n    end\n    to two\n        give back 2\n    end\nend\nsay M.one\nsay M.two\n";
+    let module = "module M\n    export one\n    export two\n    to one\n        give back 1\n    end\n    to two\n        give back 2\n    end\nend\nimport M\nsay M.one\nsay M.two\n";
     let top_export = "export all\nsay 1\n";
     for n in 0..12 {
         println!("MODULE budget={n} tree={} byte={}", tree(module, n), byte(module, n));
     }

[0m
Top-level `export` correctly still costs 1 step on both. The module program needs `import` — let me correct and re-probe:
[0m$ [0mcargo test --test zz_probe_test -- --nocapture 2>&1 | grep "MODULE\|TOPEXP"
MODULE budget=0 tree=err(RuntimeError: Cannot access property on non-object
MODULE budget=1 tree=err(RuntimeError: Step budget of 1 reached before the program finished
MODULE budget=2 tree=err(RuntimeError: Step budget of 2 reached before the program finished
MODULE budget=3 tree=err(RuntimeError: Step budget of 3 reached before the program finished
MODULE budget=4 tree=err(RuntimeError: Step budget of 4 reached before the program finished
MODULE budget=5 tree=err(RuntimeError: Cannot access property on non-object
MODULE budget=6 tree=err(RuntimeError: Cannot access property on non-object
MODULE budget=7 tree=err(RuntimeError: Cannot access property on non-object
MODULE budget=8 tree=err(RuntimeError: Cannot access property on non-object
MODULE budget=9 tree=err(RuntimeError: Cannot access property on non-object
MODULE budget=10 tree=err(RuntimeError: Cannot access property on non-object
MODULE budget=11 tree=err(RuntimeError: Cannot access property on non-object
TOPEXP budget=0 tree=ok(nothing) byte=ok(nothing)
TOPEXP budget=1 tree=err(RuntimeError: Step budget of 1 reached before the program finished
TOPEXP budget=2 tree=ok(nothing) byte=ok(nothing)
TOPEXP budget=3 tree=ok(nothing) byte=ok(nothing)
TOPEXP budget=4 tree=ok(nothing) byte=ok(nothing)
TOPEXP budget=5 tree=ok(nothing) byte=ok(nothing)
[0m
[0m← [0mEdit tests/zz_probe_test.rs
Index: /home/runner/work/rbops/rbops/redblue/tests/zz_probe_test.rs
===================================================================
--- /home/runner/work/rbops/rbops/redblue/tests/zz_probe_test.rs
+++ /home/runner/work/rbops/rbops/redblue/tests/zz_probe_test.rs
@@ -29,9 +29,9 @@
 }
 
 #[test]
 fn probe() {
-    let module = "module M\n    export one\n    export two\n    to one\n        give back 1\n    end\n    to two\n        give back 2\n    end\nend\nimport M\nsay M.one\nsay M.two\n";
+    let module = "module M\n    export one\n    export two\n    to one\n        give back 1\n    end\n    to two\n        give back 2\n    end\nend\nimport M\nsay M.one()\nsay M.two()\n";
     let top_export = "export all\nsay 1\n";
     for n in 0..12 {
         println!("MODULE budget={n} tree={} byte={}", tree(module, n), byte(module, n));
     }

[0m
Both engines agree, but I need a *succeeding* program to measure the true count. Modules expose calls, not properties:
[0m$ [0mcargo test --test zz_probe_test -- --nocapture 2>&1 | grep "MODULE"
MODULE budget=0 tree=err(RuntimeError: Module 'M' has no function 'one'
MODULE budget=1 tree=err(RuntimeError: Step budget of 1 reached before the program finished
MODULE budget=2 tree=err(RuntimeError: Step budget of 2 reached before the program finished
MODULE budget=3 tree=err(RuntimeError: Step budget of 3 reached before the program finished
MODULE budget=4 tree=err(RuntimeError: Step budget of 4 reached before the program finished
MODULE budget=5 tree=err(RuntimeError: Module 'M' has no function 'one'
MODULE budget=6 tree=err(RuntimeError: Module 'M' has no function 'one'
MODULE budget=7 tree=err(RuntimeError: Module 'M' has no function 'one'
MODULE budget=8 tree=err(RuntimeError: Module 'M' has no function 'one'
MODULE budget=9 tree=err(RuntimeError: Module 'M' has no function 'one'
MODULE budget=10 tree=err(RuntimeError: Module 'M' has no function 'one'
MODULE budget=11 tree=err(RuntimeError: Module 'M' has no function 'one'
[0m
[0m$ [0mcd /home/runner/work/rbops/rbops/redblue && sed -i 's/    export one\\n    export two\\n/    export all\\n/' tests/zz_probe_test.rs && grep -n "let module" tests/zz_probe_test.rs && cargo test --test zz_probe_test -- --nocapture 2>&1 | grep "MODULE"
33:    let module = "module M\n    export all\n    to one\n        give back 1\n    end\n    to two\n        give back 2\n    end\nend\nimport M\nsay M.one()\nsay M.two()\n";
MODULE budget=0 tree=ok(nothing) byte=ok(nothing)
MODULE budget=1 tree=err(RuntimeError: Step budget of 1 reached before the program finished
MODULE budget=2 tree=err(RuntimeError: Step budget of 2 reached before the program finished
MODULE budget=3 tree=err(RuntimeError: Step budget of 3 reached before the program finished
MODULE budget=4 tree=err(RuntimeError: Step budget of 4 reached before the program finished
MODULE budget=5 tree=err(RuntimeError: Step budget of 5 reached before the program finished
MODULE budget=6 tree=err(RuntimeError: Step budget of 6 reached before the program finished
MODULE budget=7 tree=err(RuntimeError: Step budget of 7 reached before the program finished
MODULE budget=8 tree=err(RuntimeError: Step budget of 8 reached before the program finished
MODULE budget=9 tree=err(RuntimeError: Step budget of 9 reached before the program finished
MODULE budget=10 tree=ok(nothing) byte=ok(nothing)
MODULE budget=11 tree=ok(nothing) byte=ok(nothing)
[0m
Now both engines need exactly 10. Let me prove the test will actually discriminate by temporarily disabling my fix:
[0m$ [0mcd /home/runner/work/rbops/rbops/redblue && cp src/bytecode/codegen.rs /tmp/opencode/codegen.rs.fixed && python3 - <<'EOF'
p='src/bytecode/codegen.rs'
s=open(p).read()
old="        let charges_step =\n            !(module_body && matches!(&stmt.statement, Statement::Export { .. }));\n        if charges_step {"
new="        let charges_step = true;\n        let _ = module_body;\n        if charges_step {"
assert old in s
open(p,'w').write(s.replace(old,new))
EOF
cargo test --test zz_probe_test -- --nocapture 2>&1 | grep "MODULE"
MODULE budget=0 tree=ok(nothing) byte=ok(nothing)
MODULE budget=1 tree=err(RuntimeError: Step budget of 1 reached before the program finished
MODULE budget=2 tree=err(RuntimeError: Step budget of 2 reached before the program finished
MODULE budget=3 tree=err(RuntimeError: Step budget of 3 reached before the program finished
MODULE budget=4 tree=err(RuntimeError: Step budget of 4 reached before the program finished
MODULE budget=5 tree=err(RuntimeError: Step budget of 5 reached before the program finished
MODULE budget=6 tree=err(RuntimeError: Step budget of 6 reached before the program finished
MODULE budget=7 tree=err(RuntimeError: Step budget of 7 reached before the program finished
MODULE budget=8 tree=err(RuntimeError: Step budget of 8 reached before the program finished
MODULE budget=9 tree=err(RuntimeError: Step budget of 9 reached before the program finished
MODULE budget=10 tree=ok(nothing) byte=err(RuntimeError: Step budget of 10 reached before the program finished
MODULE budget=11 tree=ok(nothing) byte=ok(nothing)
[0m
[0m$ [0mcd /home/runner/work/rbops/rbops/redblue && cp /tmp/opencode/codegen.rs.fixed src/bytecode/codegen.rs && grep -n "charges_step" -B 2 -A 3 src/bytecode/codegen.rs | head -20 && rm tests/zz_probe_test.rs && echo "probe removed"
194-    ) -> Result<()> {
195-        let line = stmt.span.line as u32;
196:        let charges_step =
197-            !(module_body && matches!(&stmt.statement, Statement::Export { .. }));
198:        if charges_step {
199-            emit(code, Opcode::Nop, STATEMENT_MARKER, 0, line);
200-        }
201-
probe removed
[0m
Confirmed — without the fix, budget 10 is tree=ok / bytecode=err. Restoring the fix:
Fix restored and probe removed. Now the regression test, placed next to the existing step-budget parity test:
[0m→ [0mRead tests/bytecode_vm_test.rs[90m [limit=12, offset=2244][0m
[0m
[0m← [0mEdit tests/bytecode_vm_test.rs
Index: /home/runner/work/rbops/rbops/redblue/tests/bytecode_vm_test.rs
===================================================================
--- /home/runner/work/rbops/rbops/redblue/tests/bytecode_vm_test.rs
+++ /home/runner/work/rbops/rbops/redblue/tests/bytecode_vm_test.rs
@@ -2250,8 +2250,76 @@
         tree.output
     );
 }
 
+/// An `export` in a module body is the one statement the tree-walking VM does not
+/// charge a step for: the declaration reads the names and skips running them, so
+/// they cost nothing there. The bytecode compiler was marking every statement
+/// alike, so a module body cost one step more per `export` than it does on the
+/// other engine — and the same program was stopped by the budget at a different
+/// statement depending on which engine ran it.
+///
+/// The budget here is the program's exact cost on both engines, so the two have
+/// to agree about which side of it the program falls on.
+#[test]
+fn edge_a_module_export_is_charged_the_same_step_on_both_engines() {
+    let module = concat!(
+        "module M\n",
+        "    export all\n",
+        "    to one\n",
+        "        give back 1\n",
+        "    end\n",
+        "    to two\n",
+        "        give back 2\n",
+        "    end\n",
+        "end\n",
+        "import M\n",
+        "say M.one()\n",
+        "say M.two()\n",
+    );
+    assert_agrees(module);
+
+    // One step under the cost of the program: both engines stop it, and both say
+    // it was the budget rather than anything about the module.
+    let (tree, byte) = assert_agrees_bounded(module, 1000, 9);
+    assert_eq!(
+        tree.result,
+        Err("RuntimeError: Step budget of 9 reached before the program finished".to_string()),
+        "one step short is what stops this program, on both engines"
+    );
+    assert_eq!(byte.result, tree.result, "and both engines say so");
+
+    // Exactly the cost of the program: both engines run it to the end. This is
+    // the case that failed before — the tree VM finished here while the bytecode
+    // VM, one `export` later, reported the budget spent.
+    let (tree, byte) = assert_agrees_bounded(module, 1000, 10);
+    assert_eq!(
+        tree.result,
+        Ok("nothing".to_string()),
+        "the program fits in its own step count on the tree"
+    );
+    assert_eq!(byte.result, tree.result, "and on the bytecode engine");
+    assert_eq!(
+        byte.output,
+        vec!["1".to_string(), "2".to_string()],
+        "the module's members are callable through both engines alike"
+    );
+
+    // The other side of the rule: an `export` *outside* a module declaration is
+    // an ordinary statement on the tree — it publishes nothing and is run like
+    // any other — so both engines must still charge it. Counting no export at
+    // all would pass the module above and break this.
+    let bare = "export all\nsay 1\n";
+    assert_agrees(bare);
+    let (tree, byte) = assert_agrees_bounded(bare, 1000, 1);
+    assert_eq!(
+        tree.result,
+        Err("RuntimeError: Step budget of 1 reached before the program finished".to_string()),
+        "a top-level export is charged a step, on both engines"
+    );
+    assert_eq!(byte.result, tree.result, "and both engines say so");
+}
+
 /// A call that recurses without end is stopped by the call-depth limit in the
 /// bytecode VM, exactly as in the tree-walking one — and stopping it must not
 /// overflow the machine stack, because the bytecode VM keeps its frames on the
 /// heap.

[0m
[0m$ [0mcargo test --test bytecode_vm_test edge_a_module_export 2>&1 | tail -25
[1m[92m   Compiling[0m redblue v0.1.0 (/home/runner/work/rbops/rbops/redblue)
[1m[92m    Finished[0m `test` profile [unoptimized] target(s) in 2.01s
[1m[92m     Running[0m tests/bytecode_vm_test.rs (target/debug/deps/bytecode_vm_test-15f8248aee2d9c5a)

running 1 test
test edge_a_module_export_is_charged_the_same_step_on_both_engines ... ok

test result: ok. 1 passed; 0 failed; 0 ignored; 0 measured; 64 filtered out; finished in 0.00s
[0m
Test passes. Verifying it genuinely fails without the fix:
[0m$ [0mcd /home/runner/work/rbops/rbops/redblue && python3 - <<'EOF'
p='src/bytecode/codegen.rs'
s=open(p).read()
old="        let charges_step =\n            !(module_body && matches!(&stmt.statement, Statement::Export { .. }));"
new="        let charges_step = true;\n        let _ = module_body;"
assert old in s
open(p,'w').write(s.replace(old,new))
EOF
cargo test --test bytecode_vm_test edge_a_module_export 2>&1 | grep -E "^test |panicked|assertion|the two VMs disagree|left|right" | head -20; cp /tmp/opencode/codegen.rs.fixed src/bytecode/codegen.rs; echo "--- fix restored ---"
test edge_a_module_export_is_charged_the_same_step_on_both_engines ... FAILED
thread 'edge_a_module_export_is_charged_the_same_step_on_both_engines' (330564) panicked at tests/bytecode_vm_test.rs:2294:24:
assertion `left == right` failed: the two VMs disagree under a cap of 1000 iterations and a budget of 10 steps
  left: Outcome { output: ["1", "2"], result: Ok("nothing") }
 right: Outcome { output: ["1"], result: Err("RuntimeError: Step budget of 10 reached before the program finished") }
test result: FAILED. 0 passed; 1 failed; 0 ignored; 0 measured; 64 filtered out; finished in 0.00s
--- fix restored ---
[0m
Real pin confirmed. Now the four gates:
[0m$ [0mcd /home/runner/work/rbops/rbops/redblue && echo "=== GATE 1: cargo fmt --check ===" && cargo fmt --check && echo "fmt OK"
=== GATE 1: cargo fmt --check ===
Diff in /home/runner/work/rbops/rbops/redblue/src/bytecode/codegen.rs:193:
         module_body: bool,
     ) -> Result<()> {
         let line = stmt.span.line as u32;
-        let charges_step =
-            !(module_body && matches!(&stmt.statement, Statement::Export { .. }));
+        let charges_step = !(module_body && matches!(&stmt.statement, Statement::Export { .. }));
         if charges_step {
             emit(code, Opcode::Nop, STATEMENT_MARKER, 0, line);
         }
[0m
[0m$ [0mcd /home/runner/work/rbops/rbops/redblue && cargo fmt && cargo fmt --check && echo "GATE 1 fmt: PASS"
GATE 1 fmt: PASS
[0m
[0m$ [0mcd /home/runner/work/rbops/rbops/redblue && echo "=== GATE 2: cargo clippy -D warnings ===" && cargo clippy --all-targets -- -D warnings 2>&1 | tail -15
=== GATE 2: cargo clippy -D warnings ===
[1m[92m    Checking[0m redblue v0.1.0 (/home/runner/work/rbops/rbops/redblue)
[1m[92m    Finished[0m `dev` profile [unoptimized] target(s) in 2.32s
[0m
[0m$ [0mcd /home/runner/work/rbops/rbops/redblue && echo "=== GATE 3: cargo test ===" && cargo test 2>&1 | grep -E "^test result|Running|Doc-tests|error|FAILED|panicked" | head -60
=== GATE 3: cargo test ===
[1m[92m     Running[0m unittests src/lib.rs (target/debug/deps/redblue-24bf6050f3cb1a36)
test result: ok. 6 passed; 0 failed; 0 ignored; 0 measured; 0 filtered out; finished in 0.00s
[1m[92m     Running[0m unittests src/main.rs (target/debug/deps/rb-86d28e2c0f4b9f59)
test result: ok. 0 passed; 0 failed; 0 ignored; 0 measured; 0 filtered out; finished in 0.00s
[1m[92m     Running[0m tests/bytecode_test.rs (target/debug/deps/bytecode_test-24e92ec0211804b4)
test result: ok. 50 passed; 0 failed; 0 ignored; 0 measured; 0 filtered out; finished in 0.26s
[1m[92m     Running[0m tests/bytecode_vm_test.rs (target/debug/deps/bytecode_vm_test-15f8248aee2d9c5a)
test edge_a_circular_import_is_a_caught_error_not_a_hang ... ok
test edge_a_module_that_imports_itself_is_a_caught_error ... ok
test result: ok. 65 passed; 0 failed; 0 ignored; 0 measured; 0 filtered out; finished in 69.98s
[1m[92m     Running[0m tests/call_depth_test.rs (target/debug/deps/call_depth_test-e775eed87f2e7760)
test depth_error_is_catchable_by_try_catch ... ok
test infinite_recursion_is_a_runtime_error_not_a_stack_overflow ... ok
test result: ok. 11 passed; 0 failed; 0 ignored; 0 measured; 0 filtered out; finished in 0.21s
[1m[92m     Running[0m tests/closure_capture_test.rs (target/debug/deps/closure_capture_test-e17edd801ca34687)
test edge_a_closure_calling_an_undefined_name_is_a_caught_error ... ok
test edge_unbounded_closure_recursion_is_a_caught_error ... ok
test result: ok. 26 passed; 0 failed; 0 ignored; 0 measured; 0 filtered out; finished in 0.11s
[1m[92m     Running[0m tests/comparison_lex_test.rs (target/debug/deps/comparison_lex_test-eeb770400e131311)
test edge_ordering_a_list_or_record_against_a_number_is_a_runtime_error ... ok
test edge_ordering_operands_of_different_types_is_a_runtime_error ... ok
test edge_text_ordering_is_a_runtime_error_on_both_sides ... ok
test result: ok. 19 passed; 0 failed; 0 ignored; 0 measured; 0 filtered out; finished in 0.04s
[1m[92m     Running[0m tests/comparison_words_test.rs (target/debug/deps/comparison_words_test-4ef1c40096f07c1e)
test edge_word_ordering_a_number_against_text_is_a_runtime_error ... ok
test edge_word_ordering_a_record_or_list_against_a_number_is_a_runtime_error ... ok
test result: ok. 13 passed; 0 failed; 0 ignored; 0 measured; 0 filtered out; finished in 0.02s
[1m[92m     Running[0m tests/constant_test.rs (target/debug/deps/constant_test-a7a908b66069b3b5)
test constant_syntax_errors_are_reported ... ok
test edge_a_body_reading_a_name_nothing_binds_is_still_an_error ... ok
test edge_a_call_before_the_declaration_is_a_runtime_error ... ok
test edge_a_module_name_read_before_the_import_is_an_error ... ok
test edge_constant_used_before_declaration_is_an_error ... ok
test result: ok. 20 passed; 0 failed; 0 ignored; 0 measured; 0 filtered out; finished in 0.01s
[1m[92m     Running[0m tests/differential_test.rs (target/debug/deps/differential_test-8a459288164610f5)
test result: ok. 81 passed; 0 failed; 0 ignored; 0 measured; 0 filtered out; finished in 4.95s
[1m[92m     Running[0m tests/discovery_test.rs (target/debug/deps/discovery_test-213583ae2d37a976)
test edge_non_utf8_rb_file_is_reported_as_an_io_error ... ok
test result: ok. 13 passed; 0 failed; 0 ignored; 0 measured; 0 filtered out; finished in 0.31s
[1m[92m     Running[0m tests/expect_test.rs (target/debug/deps/expect_test-b3fdf46f3f3b7ce9)
test edge_division_by_zero_is_a_runtime_error_not_an_assertion ... ok
test edge_malformed_expect_is_a_parse_error ... ok
test result: ok. 21 passed; 0 failed; 0 ignored; 0 measured; 0 filtered out; finished in 0.01s
[1m[92m     Running[0m tests/for_range_test.rs (target/debug/deps/for_range_test-c56747d7c9faa7bd)
test edge_a_by_before_the_to_is_a_parser_error ... ok
test edge_a_for_each_with_neither_in_nor_from_is_a_parser_error ... ok
test edge_a_non_number_by_is_a_runtime_error_naming_by ... ok
test edge_a_non_number_from_is_a_runtime_error_naming_from ... ok
test edge_a_non_number_to_is_a_runtime_error_naming_to ... ok
test edge_a_step_missing_its_end_of_the_range_is_a_parser_error ... ok
test edge_a_step_that_overflows_the_counter_is_a_runtime_error ... ok
test result: ok. 31 passed; 0 failed; 0 ignored; 0 measured; 0 filtered out; finished in 2.49s
[1m[92m     Running[0m tests/formatter_test.rs (target/debug/deps/formatter_test-b9aaa2eedc5d4831)
test edge_a_block_comment_is_still_a_parser_error_when_the_block_is_unclosed ... ok
test edge_a_spec_only_form_is_never_reported_as_an_error ... ok
test edge_unclosed_block_is_a_parser_error ... ok
test result: ok. 71 passed; 0 failed; 0 ignored; 0 measured; 0 filtered out; finished in 0.85s
[1m[92m     Running[0m tests/index_bounds_test.rs (target/debug/deps/index_bounds_test-1dce2512790f8d62)
test an_index_that_is_not_a_whole_number_is_a_runtime_error ... ok
test edge_an_out_of_bounds_error_names_the_index_it_was_given ... ok
[0m
[0m$ [0mcd /home/runner/work/rbops/rbops/redblue && cargo test 2>&1 | grep -E "test result: FAILED|failures:|^error" | head -20; echo "=== TOTALS ==="; cargo test 2>&1 | grep -E "^test result" | awk -F'[ ;]' '{p+=$4; f+=$6; i+=$8} END {print "passed="p, "failed="f, "ignored="i}'
=== TOTALS ===
passed=841 failed=0 ignored=0
[0m
841 passed, 0 failed, 0 ignored. Fourth gate — doc tests:
[0m$ [0mcd /home/runner/work/rbops/rbops/redblue && echo "=== GATE 4: doc tests ===" && cargo test --doc 2>&1 | tail -8
=== GATE 4: doc tests ===
[1m[92m    Finished[0m `test` profile [unoptimized] target(s) in 0.07s
[1m[92m   Doc-tests[0m redblue

running 1 test
test src/bytecode/mod.rs - bytecode (line 12) ... ok

test result: ok. 1 passed; 0 failed; 0 ignored; 0 measured; 0 filtered out; finished in 0.15s
[0m
All four gates pass. Let me verify the working tree is clean of scratch files and check the diff:
[0m$ [0mcd /home/runner/work/rbops/rbops/redblue && git status --porcelain && echo "=== DIFFSTAT ===" && git diff --stat && echo "=== forbidden constructs ===" && git diff | grep -nE "^\+.*(#\[ignore\]|// skip|allow\(clippy::|allow\(dead_code)" || echo "none found"
M docs/BYTECODE.md
 M phases/phase-025/FINDINGS.md
 M phases/phase-025/REPORT.md
 M src/bytecode/codegen.rs
 M src/bytecode/disasm.rs
 M src/bytecode/format.rs
 M src/bytecode/mod.rs
 M src/bytecode/opcode.rs
 M src/bytecode/vm.rs
 M src/lib.rs
 M src/runtime.rs
 M src/value.rs
 M src/vm.rs
 M tests/bytecode_test.rs
 M tests/bytecode_vm_test.rs
 M tests/loop_bounds_test.rs
 M tests/numeric_edge_test.rs
 M tests/test_loop_control.rb
=== DIFFSTAT ===
 docs/BYTECODE.md             |  75 ++++---
 phases/phase-025/FINDINGS.md | 142 +++++++++++--
 phases/phase-025/REPORT.md   | 483 +++++++++++++++++++++++++++++++++++++++++--
 src/bytecode/codegen.rs      |  58 ++++--
 src/bytecode/disasm.rs       |  12 +-
 src/bytecode/format.rs       |  11 +-
 src/bytecode/mod.rs          |   1 +
 src/bytecode/opcode.rs       |  47 ++++-
 src/bytecode/vm.rs           |  79 ++++---
 src/lib.rs                   |   2 +-
 src/runtime.rs               |  27 ++-
 src/value.rs                 |  43 ++++
 src/vm.rs                    |  47 ++++-
 tests/bytecode_test.rs       | 147 +++++++++----
 tests/bytecode_vm_test.rs    | 403 +++++++++++++++++++++++++++++++++++-
 tests/loop_bounds_test.rs    |  55 +++++
 tests/numeric_edge_test.rs   | 179 ++++++++++++++++
 tests/test_loop_control.rb   |  44 ++++
 18 files changed, 1676 insertions(+), 179 deletions(-)
=== forbidden constructs ===
none found
[0m
Pre-existing phase work is uncommitted; my changes are confined to three files. Let me review the final diff of my source edits:
[0m$ [0mcd /home/runner/work/rbops/rbops/redblue && git diff src/runtime.rs
diff --git a/src/runtime.rs b/src/runtime.rs
index b95279e..ecbf0cc 100644
--- a/src/runtime.rs
+++ b/src/runtime.rs
@@ -295,7 +295,9 @@ pub fn builtin(span: Span, name: &str, args: &[Value]) -> Result<Option<Value>>
         }
         "random" => {
             use std::time::{SystemTime, UNIX_EPOCH};
-            let now = SystemTime::now().duration_since(UNIX_EPOCH).unwrap();
+            let now = SystemTime::now()
+                .duration_since(UNIX_EPOCH)
+                .map_err(|e| Error::Runtime(e.to_string(), span))?;
             Ok(Some(Value::Number((now.as_nanos() % 1000) as f64)))
         }
         // Files module
@@ -458,11 +460,12 @@ pub fn builtin(span: Span, name: &str, args: &[Value]) -> Result<Option<Value>>
                 }
             };
             let datetime = UNIX_EPOCH + std::time::Duration::from_secs(timestamp as u64);
-            let tm = chrono::DateTime::from_timestamp(
-                datetime.duration_since(UNIX_EPOCH).unwrap().as_secs() as i64,
-                0,
-            )
-            .ok_or_else(|| Error::Runtime("Invalid timestamp".to_string(), span))?;
+            let secs = datetime
+                .duration_since(UNIX_EPOCH)
+                .map_err(|e| Error::Runtime(e.to_string(), span))?
+                .as_secs() as i64;
+            let tm = chrono::DateTime::from_timestamp(secs, 0)
+                .ok_or_else(|| Error::Runtime("Invalid timestamp".to_string(), span))?;
             Ok(Some(Value::Text(tm.format(&format).to_string())))
         }
         "time_unix" => {
@@ -602,7 +605,9 @@ pub fn builtin(span: Span, name: &str, args: &[Value]) -> Result<Option<Value>>
                 _ => (0.0, 1.0),
             };
             use std::time::{SystemTime, UNIX_EPOCH};
-            let now = SystemTime::now().duration_since(UNIX_EPOCH).unwrap();
+            let now = SystemTime::now()
+                .duration_since(UNIX_EPOCH)
+                .map_err(|e| Error::Runtime(e.to_string(), span))?;
             let r = (now.as_nanos() % 1000000) as f64 / 1000000.0;
             // `max - min` overflows for a range as ordinary as
             // `-1e308` to `1e308`, which is a number that does not exist.
@@ -614,7 +619,9 @@ pub fn builtin(span: Span, name: &str, args: &[Value]) -> Result<Option<Value>>
                     return Ok(Some(Value::Nothing));
                 }
                 use std::time::{SystemTime, UNIX_EPOCH};
-                let now = SystemTime::now().duration_since(UNIX_EPOCH).unwrap();
+                let now = SystemTime::now()
+                    .duration_since(UNIX_EPOCH)
+                    .map_err(|e| Error::Runtime(e.to_string(), span))?;
                 let idx = (now.as_nanos() as usize) % items.len();
                 Ok(Some(items[idx].clone()))
             } else {
@@ -627,7 +634,9 @@ pub fn builtin(span: Span, name: &str, args: &[Value]) -> Result<Option<Value>>
         "random_shuffle" => {
             if let Some(Value::List(mut items)) = args.first().cloned() {
                 use std::time::{SystemTime, UNIX_EPOCH};
-                let now = SystemTime::now().duration_since(UNIX_EPOCH).unwrap();
+                let now = SystemTime::now()
+                    .duration_since(UNIX_EPOCH)
+                    .map_err(|e| Error::Runtime(e.to_string(), span))?;
                 let seed = now.as_nanos() as usize;
 
                 for i in (1..items.len()).rev() {
[0m
[0m$ [0mcd /home/runner/work/rbops/rbops/redblue && git diff src/bytecode/codegen.rs | grep -E "^[-+]" | grep -v "^[-+][-+]" | head -60
-use crate::bytecode::{END_TRY_MARKER, NO_BLOCK, NO_CONST};
+use crate::bytecode::{END_TRY_MARKER, NO_BLOCK, NO_CONST, STATEMENT_MARKER};
-        self.statements(decl.body, &mut code, &mut blocks, depth, reads_value)?;
+        self.statements(
+            decl.body,
+            &mut code,
+            &mut blocks,
+            depth,
+            reads_value,
+            matches!(decl.kind, BlockKind::Module),
+        )?;
+    ///
+    /// `module_body` says whether `body` is the *direct* body of a `module`
+    /// declaration — the statements a module publishes are read from, rather
+    /// than statements the body runs. It is what decides whether an `export`
+    /// among them is charged a step; see [`Compiler::statement`].
+        module_body: bool,
-            self.statement(stmt, code, blocks, depth, reads_value)?;
+            self.statement(stmt, code, blocks, depth, reads_value, module_body)?;
+    ///
+    /// The marker goes in before the statement's own instructions and is the only
+    /// place the step budget is charged, so the file counts one step per
+    /// statement — the unit the tree-walking VM charges — instead of one per
+    /// instruction. Without it the same program reached the budget at different
+    /// points on the two engines, and so was stopped by different limits.
+    ///
+    /// The one statement the tree-walking VM does not charge is an `export` in
+    /// the direct body of a module declaration: that VM reads the names when the
+    /// declaration runs and skips `execute_statement` for them, so they cost
+    /// nothing there. Charging one here made a module body cost more on this
+    /// engine than on the other by its number of `export`s — so the same program
+    /// was stopped by the budget at a different statement. `module_body` is what
+    /// tells those two apart, and an `export` anywhere else is still charged:
+    /// outside a declaration the tree-walking VM runs it as an ordinary statement.
+        module_body: bool,
+        let charges_step = !(module_body && matches!(&stmt.statement, Statement::Export { .. }));
+        if charges_step {
+            emit(code, Opcode::Nop, STATEMENT_MARKER, 0, line);
+        }
-                self.statements(then_branch, code, blocks, depth, false)?;
+                self.statements(then_branch, code, blocks, depth, false, false)?;
-                    self.statements(else_branch, code, blocks, depth, false)?;
+                    self.statements(else_branch, code, blocks, depth, false, false)?;
-                self.statements(body, code, blocks, depth, false)?;
+                self.statements(body, code, blocks, depth, false, false)?;
-                self.statements(body, code, blocks, depth, false)?;
+                self.statements(body, code, blocks, depth, false, false)?;
-                self.statements(body, code, blocks, depth, false)?;
+                self.statements(body, code, blocks, depth, false, false)?;
-                self.statements(body, code, blocks, depth, false)?;
+                self.statements(body, code, blocks, depth, false, false)?;
-                self.statements(body, code, blocks, depth, false)?;
+                self.statements(body, code, blocks, depth, false, false)?;
-                self.statements(&rest, code, blocks, depth, false)?;
+                self.statements(&rest, code, blocks, depth, false, false)?;
-                self.statements(body, code, blocks, depth, false)?;
+                self.statements(body, code, blocks, depth, false, false)?;
+                    true,
[0m
[0m← [0mWrite tests/zz_probe2_test.rs
Wrote file successfully.
[0m
Let me verify the flag doesn't leak into nested blocks — an `export` inside an inner block must still be charged:
[0m$ [0mcd /home/runner/work/rbops/rbops/redblue && cargo test --test zz_probe2_test -- --nocapture 2>&1 | grep -E "IN-IF|IN-TO|MISMATCH|error\[|^error" | head -40
(no output)
[0m
[0m$ [0mcd /home/runner/work/rbops/rbops/redblue && cargo test --test zz_probe2_test -- --nocapture 2>&1 | tail -30
[1m[92m    Finished[0m `test` profile [unoptimized] target(s) in 0.07s
[1m[92m     Running[0m tests/zz_probe2_test.rs (target/debug/deps/zz_probe2_test-2bd9d53604ffcbb0)

running 1 test

thread 'probe' (357172) panicked at tests/zz_probe2_test.rs:10:29:
called `Result::unwrap()` on an `Err` value: Parser("Expected Then but got Export", Span { line: 3, column: 9 })
stack backtrace:
   0: __rustc::rust_begin_unwind
   1: core::panicking::panic_fmt
   2: core::result::unwrap_failed
   3: zz_probe2_test::pair
   4: zz_probe2_test::probe
   5: zz_probe2_test::probe::{closure#0}
   6: <zz_probe2_test::probe::{closure#0} as core::ops::function::FnOnce<()>>::call_once
note: Some details are omitted, run with `RUST_BACKTRACE=full` for a verbose backtrace.
test probe ... FAILED

failures:

failures:
    probe

test result: FAILED. 0 passed; 1 failed; 0 ignored; 0 measured; 0 filtered out; finished in 0.00s

[1m[91merror[0m: test failed, to rerun pass `--test zz_probe2_test`
[0m
[0m$ [0mcd /home/runner/work/rbops/rbops/redblue && grep -rn "^    if \|^if " tests/*.rb examples/*.rb 2>/dev/null | head -5
tests/integration_test.rb:22:    if actual is expected then
tests/integration_test.rb:32:    if actual is expected then
tests/test_comparisons.rb:13:    if x > 10 then
tests/test_comparisons.rb:23:    if x >= 10 then
tests/test_comparisons.rb:26:    if x > 10 then
[0m
[0m$ [0mcd /home/runner/work/rbops/rbops/redblue && sed -i 's/    if yes is yes\\n/    if yes is yes then\\n/' tests/zz_probe2_test.rs && cargo test --test zz_probe2_test -- --nocapture 2>&1 | grep -E "IN-IF|IN-TO|MISMATCH" | head -40
IN-IF budget=0 = tree=err(RuntimeError: Module 'M' has no function 'one' byte=err(RuntimeError: Module 'M' has no function 'one'
IN-IF budget=1 = tree=err(RuntimeError: Step budget of 1 reached before the program finished byte=err(RuntimeError: Step budget of 1 reached before the program finished
IN-IF budget=2 = tree=err(RuntimeError: Step budget of 2 reached before the program finished byte=err(RuntimeError: Step budget of 2 reached before the program finished
IN-IF budget=3 = tree=err(RuntimeError: Step budget of 3 reached before the program finished byte=err(RuntimeError: Step budget of 3 reached before the program finished
IN-IF budget=4 = tree=err(RuntimeError: Step budget of 4 reached before the program finished byte=err(RuntimeError: Step budget of 4 reached before the program finished
IN-IF budget=5 = tree=err(RuntimeError: Step budget of 5 reached before the program finished byte=err(RuntimeError: Step budget of 5 reached before the program finished
IN-IF budget=6 = tree=err(RuntimeError: Module 'M' has no function 'one' byte=err(RuntimeError: Module 'M' has no function 'one'
IN-IF budget=7 = tree=err(RuntimeError: Module 'M' has no function 'one' byte=err(RuntimeError: Module 'M' has no function 'one'
IN-IF budget=8 = tree=err(RuntimeError: Module 'M' has no function 'one' byte=err(RuntimeError: Module 'M' has no function 'one'
IN-IF budget=9 = tree=err(RuntimeError: Module 'M' has no function 'one' byte=err(RuntimeError: Module 'M' has no function 'one'
IN-IF budget=10 = tree=err(RuntimeError: Module 'M' has no function 'one' byte=err(RuntimeError: Module 'M' has no function 'one'
IN-IF budget=11 = tree=err(RuntimeError: Module 'M' has no function 'one' byte=err(RuntimeError: Module 'M' has no function 'one'
IN-IF budget=12 = tree=err(RuntimeError: Module 'M' has no function 'one' byte=err(RuntimeError: Module 'M' has no function 'one'
IN-IF budget=13 = tree=err(RuntimeError: Module 'M' has no function 'one' byte=err(RuntimeError: Module 'M' has no function 'one'
IN-TO budget=0 = tree=ok(nothing) byte=ok(nothing)
IN-TO budget=1 = tree=err(RuntimeError: Step budget of 1 reached before the program finished byte=err(RuntimeError: Step budget of 1 reached before the program finished
IN-TO budget=2 = tree=err(RuntimeError: Step budget of 2 reached before the program finished byte=err(RuntimeError: Step budget of 2 reached before the program finished
IN-TO budget=3 = tree=err(RuntimeError: Step budget of 3 reached before the program finished byte=err(RuntimeError: Step budget of 3 reached before the program finished
IN-TO budget=4 = tree=err(RuntimeError: Step budget of 4 reached before the program finished byte=err(RuntimeError: Step budget of 4 reached before the program finished
IN-TO budget=5 = tree=err(RuntimeError: Step budget of 5 reached before the program finished byte=err(RuntimeError: Step budget of 5 reached before the program finished
IN-TO budget=6 = tree=err(RuntimeError: Step budget of 6 reached before the program finished byte=err(RuntimeError: Step budget of 6 reached before the program finished
IN-TO budget=7 = tree=ok(nothing) byte=ok(nothing)
IN-TO budget=8 = tree=ok(nothing) byte=ok(nothing)
IN-TO budget=9 = tree=ok(nothing) byte=ok(nothing)
IN-TO budget=10 = tree=ok(nothing) byte=ok(nothing)
IN-TO budget=11 = tree=ok(nothing) byte=ok(nothing)
IN-TO budget=12 = tree=ok(nothing) byte=ok(nothing)
IN-TO budget=13 = tree=ok(nothing) byte=ok(nothing)
[0m
No mismatch at any budget — the flag doesn't leak into nested blocks. Cleaning up the probe:
[0m$ [0mcd /home/runner/work/rbops/rbops/redblue && rm -f tests/zz_probe2_test.rs /tmp/opencode/rb/exp_test.rs /tmp/opencode/rb/mod.rb /tmp/opencode/codegen.rs.fixed && git status --porcelain | grep -E "zz_probe|\?\?" || echo "no scratch files remain"
no scratch files remain
[0m
Final clean run of all four gates:
[0m$ [0mcd /home/runner/work/rbops/rbops/redblue && echo "### GATE: cargo fmt --check" && cargo fmt --check && echo "PASS" && echo && echo "### GATE: cargo clippy --all-targets -- -D warnings" && cargo clippy --all-targets -- -D warnings 2>&1 | tail -3
### GATE: cargo fmt --check
PASS

### GATE: cargo clippy --all-targets -- -D warnings
[1m[92m    Finished[0m `dev` profile [unoptimized] target(s) in 0.09s
[0m
[0m$ [0mcd /home/runner/work/rbops/rbops/redblue && echo "### GATE: cargo test" && cargo test 2>&1 | grep -E "^test result: FAILED|failures:|^error" ; cargo test 2>&1 | grep -E "^test result" | awk -F'[ ;]' '{p+=$4; f+=$6; i+=$8} END {print "TOTAL passed="p" failed="f" ignored="i}' && echo && echo "### GATE: cargo test --doc" && cargo test --doc 2>&1 | grep "test result"
### GATE: cargo test
TOTAL passed=841 failed=0 ignored=0

### GATE: cargo test --doc
test result: ok. 1 passed; 0 failed; 0 ignored; 0 measured; 0 filtered out; finished in 0.15s
[0m
[0m# [0mTodos
[✓] Fix BLOCKER: runtime.rs duration_since().unwrap() panics (4 sites + time_format)
[✓] Fix step-count asymmetry: in-module export charged by bytecode marker but not by tree VM
[✓] Add regression test pinning module/export step parity
[✓] Run the four gates: fmt --check, clippy -D warnings, test, doc tests
[0m
Both findings fixed and all four gates pass.

**1. BLOCKER — `src/runtime.rs` clock panics.** Replaced every `duration_since(UNIX_EPOCH).unwrap()` with the `map_err(|e| Error::Runtime(e.to_string(), span))` path `time_now` already uses. The reviewer listed four sites (`random`, `random_number`, `random_choice`, `random_shuffle`); I found and fixed a fifth of the same class at src/runtime.rs:462 in `time_format`, which the reviewer missed. No `duration_since` unwrap remains.

**2. Step-count asymmetry — `src/bytecode/codegen.rs:173`.** `statement()` now takes a `module_body` flag and emits the `STATEMENT_MARKER` only for statements that are actually charged:

```rust
let charges_step = !(module_body && matches!(&stmt.statement, Statement::Export { .. }));
```

One thing the reviewer's suggested fix ("skip the marker for `export`") would have gotten wrong: an `export` *outside* a module is a normal statement the tree-walking VM charges (vm.rs:923 → vm.rs:1254), so skipping unconditionally would have introduced a fresh asymmetry. I threaded the flag through `statements` instead — `true` only for the direct module body (codegen.rs:533), derived from `BlockKind::Module` in `block()`, and `false` for the nine nested-block call sites.

**Verification.** I pinned both directions empirically rather than trusting the arithmetic:
- New test `edge_a_module_export_is_charged_the_same_step_on_both_engines` (tests/bytecode_vm_test.rs:2265) — proves it is a real pin by reverting the fix: it fails with exactly the reported asymmetry (`left: output ["1","2"], Ok` vs `right: output ["1"], Step budget of 10 reached`), then passes with the fix. It also pins that a top-level `export` is *still* charged, so the fix can't silently over-correct.
- Probed exports nested inside an `if` and inside a function within a module body across budgets 0–13: zero mismatches, confirming the flag doesn't leak.

Gates: `cargo fmt --check` PASS, `cargo clippy --all-targets -- -D warnings` PASS, `cargo test` 841 passed / 0 failed / 0 ignored, `cargo test --doc` 1 passed. No `#[ignore]`, no skips, no clippy suppressions, no tests deleted, and the two scratch probe files I used were removed.

Note the working tree also carries uncommitted phase-025 work in 15 other files that predates this round; my changes are confined to `src/runtime.rs`, `src/bytecode/codegen.rs`, and `tests/bytecode_vm_test.rs`. I did not commit anything.
