[93m[1m! [0m agent "reviewer" not found. Falling back to default agent
[0m
> build · muse-spark-1.3-contributor-free
[0m
Hunting for what's still wrong — auditing your lexer fixes against the spec.
[0m✗ [0mRead .opencode/agent/reviewer.md failed
[91m[1mError: [0mFile not found: /home/runner/work/rbops/rbops/redblue/.opencode/agent/reviewer.md
[0m→ [0mRead AGENTS.md
[0m→ [0mRead src/lexer.rs
[0m→ [0mRead tests/lexer_robustness_test.rs
[0m✱ [0mGlob "**/reviewer*"[90m 0 matches[0m
[0m✱ [0mGlob "phases/phase-009/*"[90m 2 matches[0m
The reviewer checklist is missing — I'll reconstruct the requirements from the phase history.
[0m✱ [0mGlob "phases/**/*"[90m 14 matches[0m
[0m→ [0mRead phases/phase-009/REPORT.md
[0m
[0m$ [0mls -la; ls -la .opencode 2>&1; ls phases/phase-009/ 2>&1; git log --oneline -5 2>&1; git status --short 2>&1 | head -n 50
total 196
drwxr-xr-x 12 runner runner  4096 Oct  4 09:30 .
drwxr-xr-x  8 runner runner  4096 Oct  4 09:25 ..
drwxr-xr-x  7 runner runner  4096 Oct  4 09:30 .git
drwxr-xr-x  3 runner runner  4096 Oct  4 09:25 .github
-rw-r--r--  1 runner runner   304 Oct  4 09:25 .gitignore
-rw-r--r--  1 runner runner  5411 Oct  4 09:25 AGENTS.md
-rw-r--r--  1 runner runner  3140 Oct  4 09:25 CODE_OF_CONDUCT.md
-rw-r--r--  1 runner runner  4818 Oct  4 09:25 CONTRIBUTING.md
-rw-r--r--  1 runner runner 39440 Oct  4 09:25 Cargo.lock
-rw-r--r--  1 runner runner   613 Oct  4 09:25 Cargo.toml
-rw-r--r--  1 runner runner  6670 Oct  4 09:25 HANDOUT.md
-rw-r--r--  1 runner runner  1079 Oct  4 09:25 LICENSE
-rw-r--r--  1 runner runner  6272 Oct  4 09:25 PHILOSOPHY.md
-rw-r--r--  1 runner runner  4032 Oct  4 09:25 README.md
-rw-r--r--  1 runner runner 28928 Oct  4 09:25 ROADMAP.md
-rw-r--r--  1 runner runner 14608 Oct  4 09:25 SPEC.md
drwxr-xr-x  2 runner runner  4096 Oct  4 09:25 docs
-rw-r--r--  1 runner runner     0 Oct  4 09:25 err.txt
-rw-r--r--  1 runner runner     0 Oct  4 09:25 errors.txt
drwxr-xr-x  2 runner runner  4096 Oct  4 09:25 examples
-rw-r--r--  1 runner runner  3400 Oct  4 09:25 export.sh
drwxr-xr-x  2 runner runner  4096 Oct  4 09:25 modules
drwxr-xr-x  9 runner runner  4096 Oct  4 09:30 phases
drwxr-xr-x  4 runner runner  4096 Oct  4 09:29 src
drwxr-xr-x  4 runner runner  4096 Oct  4 09:26 target
-rw-r--r--  1 runner runner   622 Oct  4 09:25 test.redblue
drwxr-xr-x  2 runner runner  4096 Oct  4 09:28 tests
drwxr-xr-x  4 runner runner  4096 Oct  4 09:25 tooling
ls: cannot access '.opencode': No such file or directory
FINDINGS.md
REPORT.md
e9bf84b rbops: phase-008 (2026-10-04T09:24:48Z)
5cec921 rbops: phase-007 (2026-10-04T09:09:03Z)
6f236c4 rbops: phase-007 (2026-10-04T08:22:57Z)
7249abe rbops: phase-006 (2026-10-04T08:00:34Z)
ab793e2 rbops: phase-004 (2026-10-04T07:29:18Z)
 A phases/phase-009/FINDINGS.md
 A phases/phase-009/REPORT.md
 M src/lexer.rs
 A tests/lexer_robustness_test.rs
[0m
[0m$ [0mls phases/; cat phases/phase-009/REPORT.md | head -n 20; echo "---"; ls tooling/ 2>&1; cat HANDOUT.md 2>&1 | head -n 100
phase-002
phase-003
phase-004
phase-006
phase-007
phase-008
phase-009
# Phase 009 — Lexer robustness: malformed and non-ASCII input

## Reproduction

The finding reproduces on `main` (commit `e9bf84b`). Four of the six items in
the definition of done were already correct; two were real defects and two more
produced errors with unreadable messages.

```
$ printf 'say "hello\n' > target/tmp/unterm.rb
$ ./target/debug/rb run target/tmp/unterm.rb
hello
   exit=0                          <- DEFECT: no error at all

$ printf 'set x to 1\rsay "hi"\n' > target/tmp/lonecr.rb
$ ./target/debug/rb run target/tmp/lonecr.rb
hi
   exit=0                          <- DEFECT: the CR is dropped as whitespace,
                                      so no Newline token is emitted

---
repl
vscode
# REDBLUE PROGRAMMING LANGUAGE
## Portable Handout - Complete Project Transfer

**Version**: 0.1.0  
**Created**: March 2026  
**Status**: Phase 1-6 Complete

---

## QUICK START

### On This Computer (Already Has Files)
```bash
cd redblue
cargo build --release
cargo run
```

### On Another Computer

#### Option 1: Clone from GitHub
```bash
git clone https://github.com/YOUR_USERNAME/redblue.git
cd redblue
cargo build --release
cargo run
```

#### Option 2: Use This Handout
1. Copy the entire `redblue/` folder to the other computer
2. Install Rust: https://rustup.rs
3. Run: `cargo build --release`
4. Run: `cargo run`

---

## WHAT IS REDBLUE?

Redblue is a programming language designed to be as readable as plain English.

**Example Code:**
```redblue
say "Hello, World!"

set name to "World"
if name is "World"
    say "Hello, {name}!"
end

to add(a, b)
    give back a + b
end
```

---

## PROJECT STRUCTURE

```
redblue/
├── src/                    # Rust source code
│   ├── lib.rs             # Main library
│   ├── main.rs            # CLI entry
│   ├── lexer.rs           # Tokenizer
│   ├── parser.rs          # AST builder
│   ├── analyzer.rs        # Semantic analysis
│   ├── vm.rs              # Virtual machine
│   ├── value.rs           # Runtime values
│   ├── error.rs           # Error types
│   ├── repl/              # REPL implementation
│   ├── stdlib/            # Standard library
│   └── testing/           # Testing framework
├── tests/                  # Test files
├── examples/               # Example programs (.rb)
├── docs/                  # Documentation
├── tooling/                # IDE extensions
├── Cargo.toml             # Rust project config
├── AGENTS.md             # Developer guide (THIS FILE)
├── SPEC.md               # Language specification
├── PHILOSOPHY.md         # Design principles
├── ROADMAP.md            # Project roadmap
└── README.md             # Project readme
```

---

## BUILD COMMANDS

```bash
# Build the project
cargo build

# Build in release mode (faster)
cargo build --release

# Run the REPL
cargo run

# Run a Redblue file
cargo run -- examples/hello.rb
[0m
[0m$ [0mcargo test --test lexer_robustness 2>&1 | tail -n 20; echo "==="; python3 -c "
import subprocess
# quick check via cargo test harness? Use rust to dump tokens
"
[1m[91merror[0m: no test target named `lexer_robustness` in default-run packages
help: available test targets:
    call_depth_test
    discovery_test
    expect_test
    index_bounds_test
    lexer_robustness_test
    numeric_edge_test
    record_order_test
    redblue_suite_test
    redblue_test
    span_test
===
[0m
[0m$ [0mcargo test --test lexer_robustness_test 2>&1 | tail -n 10
./target/debug/rb --help 2>&1 | head -n 20
test test_bom_is_stripped_and_not_lexed_as_an_identifier ... ok
test test_crlf_line_endings_produce_one_newline_per_line ... ok
test edge_invalid_utf8_file_is_an_io_error_not_a_panic ... ok
test test_nul_byte_is_rejected_with_a_column ... ok
test test_unicode_round_trips_through_strings ... ok
test test_unterminated_string_is_a_spanned_lexer_error ... ok
test edge_bom_and_crlf_file_runs_from_disk ... ok

test result: ok. 16 passed; 0 failed; 0 ignored; 0 measured; 0 filtered out; finished in 0.00s

Redblue v0.1.0 - A programming language as readable as plain English

Usage:
  rb              Start interactive REPL
  rb <file>      Run a Redblue file
  rb run <file>  Run a Redblue file
  rb test        Run all tests
  rb test <file> Run specific test file
  rb format <file>  Format a Redblue file
  rb format --check <file>  Check if file needs formatting
  rb lint <file>  Lint a Redblue file
  rb help        Show this help
  rb version     Show version

Example:
  rb examples/hello.rb
  rb format examples/hello.rb
  rb lint examples/hello.rb
[0m
Your tests pass — now I'm probing the edge cases they might have missed.
[0m$ [0mcargo build 2>&1 | tail -n 2; python3 -c "
from subprocess import run
# We'll write a small Rust probe using cargo test style: use python to drive rb binary on crafted files
import os, subprocess, textwrap
def run_src(data: bytes, name):
    p=f'/tmp/probe_{name}.rb'
    open(p,'wb').write(data)
    r=subprocess.run(['./target/debug/rb','run',p], capture_output=True, text=True)
    return r.stdout, r.stderr, r.returncode
# lone CR line numbers: second line error should be line 2
out,err,code = run_src(b'set x to 1\rset y to @\n', 'lonecr2')
print('lonecr err:', repr(err), 'out:', repr(out), 'code', code)
out,err,code = run_src(b'set x to 1\nset y to @\n', 'lf2')
print('lf err:', repr(err))
# comment + lone CR
out,err,code = run_src(b'// foo\rset x to @\n', 'commentcr')
print('commentCR err:', repr(err), 'out:', repr(out))
"
[1m[92m    Finished[0m `dev` profile [unoptimized] target(s) in 0.04s
lonecr err: "Error: LexerError: Unexpected character '@'\n  --> /tmp/probe_lonecr2.rb:1:21\n1 | set x to 1\nset y to @\n  |                     ^\n" out: '' code 1
lf err: "Error: LexerError: Unexpected character '@'\n  --> /tmp/probe_lf2.rb:2:10\n2 | set y to @\n  |          ^\n"
commentCR err: '' out: ''
[0m
[0m$ [0mpython3 -c "
import subprocess
def run_src(data: bytes, name):
    p=f'/tmp/probe_{name}.rb'
    open(p,'wb').write(data)
    r=subprocess.run(['./target/debug/rb','run',p], capture_output=True, text=True)
    return r.stdout, r.stderr, r.returncode
# CRLF comment
out,err,code = run_src(b'// foo\r\nset x to @\n', 'commentcrlf')
print('commentCRLF err:', repr(err))
# BOM column check via error after BOM
out,err,code = run_src(b'\xef\xbb\xbfset x to @\n', 'bomcol')
print('bom err:', repr(err))
# lone CR at end without newline? and CR inside string line tracking
out,err,code = run_src(b'say \"a\rb\"\nset x to @\n', 'crinstr')
print('crinstr err:', repr(err))
# single quote char message
out,err,code = run_src(b\"say '\n\", 'squote')
print('squote err:', repr(err))
# form feed / vertical tab: should they be whitespace or errors?
for name, b in [('vt', b'set x to 1\x0b\n'), ('ff', b'set x to 1\x0c\n')]:
    out,err,code = run_src(b, name)
    print(name, repr(err), repr(out), code)
"
commentCRLF err: "Error: LexerError: Unexpected character '@'\n  --> /tmp/probe_commentcrlf.rb:2:10\n2 | set x to @\n  |          ^\n"
bom err: "Error: LexerError: Unexpected character '@'\n  --> /tmp/probe_bomcol.rb:1:11\n1 | \ufeffset x to @\n  |           ^\n"
crinstr err: "Error: LexerError: Unexpected character '@'\n  --> /tmp/probe_crinstr.rb:2:10\n2 | set x to @\n  |          ^\n"
squote err: "Error: LexerError: Unexpected character '\\''\n  --> /tmp/probe_squote.rb:1:5\n1 | say '\n  |     ^\n"
vt '' '' 0
ff '' '' 0
[0m
[93m[1m! [0mpermission requested: external_directory (/tmp/*, /tmp/probeline/*); auto-rejecting
[0m✗ [0mpython3 -c "
import subprocess
def run_src(data: bytes, name):
    p=f'/tmp/probe_{name}.rb'
    open(p,'wb').write(data)
    r=subprocess.run(['./target/debug/rb','run',p], capture_output=True, text=True)
    return r.stdout, r.stderr, r.returncode
out,err,code = run_src(b'set x to 1\rsay x\n', 'exec_cr')
print('exec loneCR:', repr(out), repr(err), code)
out,err,code = run_src(b'set x to 1\r\nsay x\r\n', 'exec_crlf')
print('exec CRLF:', repr(out), repr(err), code)
out,err,code = run_src(b'// foo\rset x to 5\nsay x\n', 'exec_commentcr')
print('exec commentCR:', repr(out), repr(err), code)
# Eof position after lone CR
python_probe = '''
use redblue::lexer::Lexer;
fn main() {
    for t in Lexer::tokenize(\"set x to 1\\rsay 1\\r\").unwrap() { println!(\"{:?} at {}:{}\", t.kind, t.line, t.column); }
    println!(\"---\");
    for t in Lexer::tokenize(\"set x to 1\\n\").unwrap() { println!(\"{:?} at {}:{}\", t.kind, t.line, t.column); }
}
'''
open('/tmp/probe_lines.rs','w').write(python_probe)
"
mkdir -p /tmp/probeline && cp /tmp/probe_lines.rs /tmp/probeline/main.rs
cargo run --quiet --example dummy 2>&1 | head -5; echo '---direct rust probe---'
python3 -c "
import subprocess
# use a tiny rust script via cargo -e? Instead use python to compute expected by replicating logic
" failed
[91m[1mError: [0mThe user rejected permission to use this specific tool call.
