[93m[1m! [0m agent "reviewer" not found. Falling back to default agent
[0m
> build · muse-spark-1.3-contributor-free
[0m
Round-2 review underway — hunting for what the green gate still missed.
[0m→ [0mRead src/error.rs
[0m→ [0mRead tests/assertions_test.rs
[0m→ [0mRead src/testing/assertions.rs
[0m→ [0mRead tests/loop_bounds_test.rs
Initial assertions and limits look sound — now digging into the remaining repaired files.
[0m→ [0mRead tests/call_depth_test.rs
[0m→ [0mRead tests/for_range_test.rs
[0m→ [0mRead tests/object_model_test.rs
[0m→ [0mRead tests/function_literal_test.rs
[0m→ [0mRead tests/numeric_edge_test.rs
[0m→ [0mRead tests/loop_control_test.rs
Core test repairs check out — now verifying the runtime wiring and error surface.
[0m→ [0mRead phases/phase-039/REPORT.md
[0m→ [0mRead src/runtime.rs[90m [offset=720, limit=160][0m
[0m→ [0mRead phases/phase-039/FINDINGS.md
[0m→ [0mRead src/interpreter.rs[90m [offset=1600, limit=40][0m
[0m→ [0mRead src/runtime.rs[90m [offset=950, limit=120][0m
[0m✱ [0mGrep "expect_builtin_tests|the_builtin|edge_the_builtin"[90m 17 matches[0m
[0m→ [0mRead src/runtime.rs[90m [offset=1660, limit=120][0m
FINDINGS:
1. [MAJOR] tests/function_literal_test.rs:76 — `message()` matches `Parser | Runtime | Limit | Analyzer` together, so `assert_fails` can read a host guard as an ordinary program failure — contradicts REPORT.md:90-96 split claim that general helpers take `Runtime` only — remove the `Limit` arm and route limits via `assert_hits_a_limit` at tests/function_literal_test.rs:108.
2. [MINOR] src/testing/assertions.rs:12 — `Debug` uses `write!(f, "{}", self.message)` then `writeln!(f, "Expected: ...")`, concatenating message and `Expected:` on one line — add the missing newline/separator so `format!("{:?}")` renders two lines.
3. [MINOR] src/runtime.rs:736 — `expect`/`assert` matches `(args.first(), args.get(1))` and silently drops `args[2..]`, so `expect(1,2,3)` succeeds instead of an arity error — uncovered by src/runtime.rs:1723 which tests 1-arg but never 3-arg — reject `args.len() != 2`.
4. [MINOR] phases/phase-039/REPORT.md:182 — Gates table claims `1162 passed` while REPORT.md:191 and phases/phase-039/FINDINGS.md:40 claim `1159/0`, a stale 3-test drift equal to the `expect_builtin_tests` module — re-run one gate command and paste one count everywhere.
REVIEW VERDICT: FINDINGS 4
