[93m[1m! [0m agent "reviewer" not found. Falling back to default agent
[0m
> build · muse-spark-1.3-contributor-free
[0m
Hunting the still-broken loop exits — auditing the green gate for fake passes and panic paths.
[0m→ [0mRead .
[0m→ [0mRead phases/phase-025/REPORT.md
[0m✱ [0mGrep "unwrap\(\)|expect\(|panic!|unreachable!|todo!|unimplemented!"[90m in src · 48 matches[0m
First sweep looks clean — now digging into the loop-control code for missed blocks and divergent engines.
[0m✱ [0mGrep "\.unwrap\(|\.expect\(|panic!|unreachable!|\[.*\]"[90m in src · 100 matches[0m
[0m→ [0mRead src/vm.rs
[0m→ [0mRead src/bytecode/vm.rs[90m [limit=120][0m
[0m✱ [0mGrep "execute_statements|run_block|run_catch_body|run_finally_body|loop_control|loop_depth|execute_statement_body"[90m in src/vm.rs · 53 matches[0m
[0m→ [0mRead src/vm.rs[90m [offset=1220, limit=450][0m
[0m→ [0mRead src/bytecode/vm.rs[90m [offset=1130, limit=120][0m
[0m→ [0mRead src/bytecode/vm.rs[90m [offset=1700, limit=80][0m
[0m→ [0mRead src/bytecode/vm.rs[90m [offset=2380, limit=360][0m
Core loop mechanics check out — now probing boundary conditions and output determinism.
[0m✱ [0mGrep "Fields|HashMap|BTree|iteration|Display"[90m in src/value.rs · 100 matches[0m
[0m→ [0mRead phases/phase-025/REPORT.md[90m [offset=884, limit=60][0m
[0m→ [0mRead src/vm.rs[90m [offset=1046, limit=25][0m
[0m→ [0mRead phases/phase-025/REPORT.md[90m [offset=944, limit=60][0m
[0m✱ [0mGrep "repeat|Repeat"[90m in SPEC.md · 100 matches[0m
Spotted a risky numeric cast in the repeat loop — verifying the divergence between the two engines.
[0m→ [0mRead src/bytecode/vm.rs[90m [offset=135, limit=70][0m
[0m→ [0mRead src/bytecode/vm.rs[90m [offset=1610, limit=50][0m
[0m→ [0mRead AGENTS.md
FINDINGS:
1. [BLOCKER] phases/phase-025/REPORT.md:940 — authoritative gate `./rbops/verify.sh phase-025` recorded as `not run`, substitute hand-run table claimed instead — a green gate is claimed without running the gate that decides ship, hiding any disagreement verify.sh checks — run `./rbops/verify.sh phase-025` from the workspace root and record its literal output; do not ship on a substitute table.
2. [BLOCKER] phases/phase-025/REPORT.md:919 — this round `changed no src/ file and no test` while the change set for the phase is REPORT.md only — a docs-only diff claiming a green implementation phase, failing `must_touch: ["src/"]` for this round's diff — land a src/+test diff in this phase or do not mark it done on an earlier commit's diff.
3. [MAJOR] src/vm.rs:1050 — `for _ in 0..(n as i64)` unchecked `as` narrowing — truncates fractional counts, saturates inf to i64::MAX, maps NaN to 0, makes negative counts silently zero turns, reachable from any `repeat <expr> times` — validate with `expect_range_number`/`finite_number` like `ForRange` or return a clean RuntimeError, and pin fractional/negative/NaN/non-number counts.
4. [MAJOR] src/bytecode/vm.rs:1621 — `*n as i64` with `_ => 0` for non-numbers repeats the same silent truncation on the second engine — the two VMs agree only by sharing the bug, and a `repeat`/`break`/`skip` interaction at a fractional or extreme count is unpinned on both — apply the same validation as `src/vm.rs` and assert both VMs agree on the error.
5. [MINOR] phases/phase-025/REPORT.md:921 — cites `AGENTS.md section 3.5` to justify adding no tests, but `AGENTS.md` has no section 3.5 — false authority used to close an edge-case gap without evidence — remove the citation and either add the missing break/skip edge tests or name the uncovered rows explicitly.
REVIEW VERDICT: FINDINGS 5
