[93m[1m! [0m agent "reviewer" not found. Falling back to default agent
[0m
> build · muse-spark-1.3-contributor-free
[0m
Round-3 adversarial review — hunting the remaining defects in the phase-017 tooling diff.
[0m→ [0mRead src/lsp.rs
[0m→ [0mRead src/lib.rs
[0m→ [0mRead src/linter.rs
[0m→ [0mRead src/lexer.rs[90m [limit=120][0m
Spotted a possible keyword-table gap — checking the remaining token variants and spec.
[0m→ [0mRead src/lexer.rs[90m [offset=120, limit=260][0m
[0m→ [0mRead src/error.rs
[0m→ [0mRead tooling/vscode/package.json
[0m→ [0mRead tooling/vscode/syntaxes/redblue.tmLanguage.json
[0m→ [0mRead src/lexer.rs[90m [offset=380][0m
[0m→ [0mRead tooling/vscode/language-configuration.json
[0m→ [0mRead tooling/vscode/README.md
[0m✱ [0mGrep "\bBy\b|\"by\""[90m 4 matches[0m
[0m→ [0mRead tests/tooling_grammar_test.rs[90m [limit=120][0m
[0m✱ [0mGrep "\bby\b"[90m 100 matches[0m
[0m→ [0mRead src/repl/completer.rs
Confirmed `by` is in the grammar spec — verifying whether the parser expects it.
[0m✱ [0mGrep "TokenKind::By"[90m 0 matches[0m
[0m✱ [0mGrep "keyword|KEYWORDS|Lexer::keywords"[90m 100 matches[0m
[0m→ [0mRead docs/GRAMMAR.md[90m [offset=215, limit=30][0m
[0m→ [0mRead SPEC.md[90m [offset=380, limit=20][0m
[0m✱ [0mGrep "ForRange|by|step"[90m in src · 70 matches[0m
[0m→ [0mRead docs/GRAMMAR.md[90m [offset=35, limit=25][0m
[0m✱ [0mGrep "parse_for|ForRange"[90m in src/parser.rs · 7 matches[0m
[0m→ [0mRead src/parser.rs[90m [offset=651, limit=110][0m
[0m✱ [0mGrep "ForRange|From|To\b"[90m in src/parser.rs · 16 matches[0m
Found operator-pattern drift — confirming whether the lexer actually accepts symbolic operators.
[0m✱ [0mGrep "Equal|NotEqual|Less|Greater|Plus|Minus|Star|Slash"[90m in src/parser.rs · 72 matches[0m
[0m✱ [0mGrep "Equal|NotEqual|Less|Greater"[90m in src/formatter.rs · 57 matches[0m
[0m→ [0mRead src/formatter.rs[90m [offset=270, limit=30][0m
[0m→ [0mRead src/parser.rs[90m [offset=60, limit=100][0m
[0m→ [0mRead src/parser.rs[90m [offset=1170, limit=110][0m
[0m✱ [0mGrep "greater|less|Greater|Less"[90m in src · 39 matches[0m
[0m→ [0mRead tests/tooling_grammar_test.rs[90m [offset=400, limit=120][0m
[0m→ [0mRead SPEC.md[90m [offset=100, limit=60][0m
[0m→ [0mRead src/parser.rs[90m [offset=1280, limit=120][0m
Checking the spec's comparison operators to pin down the grammar mismatch.
[0m✱ [0mGrep "greater than|less than|is not|Comparison|comparison"[90m in SPEC.md · 100 matches[0m
[0m→ [0mRead SPEC.md[90m [offset=268, limit=25][0m
[0m✱ [0mGrep "is greater than"[90m in tests · 0 matches[0m
[0m→ [0mRead docs/GRAMMAR.md[90m [offset=88, limit=20][0m
FINDINGS:
1. [MAJOR] src/lexer.rs:14 — KEYWORDS omits "by" though the language requires it (SPEC.md:388 `for each i from 0 to 100 by 5`, docs/GRAMMAR.md:222 `[ 'by' expression ]`), TokenKind::By exists dead at src/lexer.rs:84 with zero producers, src/repl/completer.rs:26 suggests "by" and src/formatter.rs:288 emits " by " — the new "single source of truth" cements the omission into the grammar and `rb keywords`, and tests/tooling_grammar_test.rs:73 only walks listed words so a missing keyword can never fail — add ("by", TokenKind::By) and a test that every spec keyword is in KEYWORDS
2. [MAJOR] src/lsp.rs:272 — operator rule ships `==|!=|<=|>=|<|>|\+|-|\*|/|%` with no lexer pin while src/lexer.rs:396 only arms `+ - * / % ( ) [ ] { } , . :` and src/lexer.rs:453 rejects anything else as Unexpected character, so `= ! < >` have no lexer arm — same lie class as the `#` bug fixed in round 2, and no test walks operators through Lexer::tokenize the way keywords and `//` are pinned — settle by tokenizing `if x > 10` and either producing the tokens or removing them from the grammar
3. [MINOR] src/lsp.rs:171 — known_position folds every 0:0 linter finding to an identical 1:1, and src/linter.rs:56 emits every unused-variable warning at 0:0, so N unused variables produce N diagnostics at the same position distinguishable only by message order — carry the statement span instead of folding
4. [STYLE] src/lsp.rs:249 — comment typo "the marker's the lexer skips" should read "the marker the lexer skips"
REVIEW VERDICT: FINDINGS 4
