[0m
> build · space-bunny-free
[0m
[0m$ [0mgit log --oneline -5 && git status --short && ls phases/phase-033/ 2>/dev/null
2804ab8 resume phase-033: adopt preserved work
84b1c44 rbops: phase-025 (2026-10-08T05:34:36Z)
861080d resume phase-025: adopt preserved work
3479d17 rbops: phase-020 (2026-10-07T07:22:55Z)
25e9b68 resume phase-020: adopt preserved work
FINDINGS.md
REPORT.md
[0m
[0m$ [0mcargo fmt --all -- --check 2>&1 | tail -20; echo "FMT=$?"
FMT=0
[0m
[0m$ [0mcargo clippy --all-targets -- -D warnings 2>&1 | tail -20
[1m[92m    Checking[0m regex-syntax v0.8.11
[1m[92m    Checking[0m encoding_rs v0.8.42
[1m[92m    Checking[0m serde_urlencoded v0.7.1
[1m[92m    Checking[0m rustls-pemfile v1.0.4
[1m[92m    Checking[0m url v2.5.8
[1m[92m    Checking[0m hyper v0.14.32
[1m[92m    Checking[0m num-traits v0.2.19
[1m[92m    Checking[0m mime v0.3.17
[1m[92m    Checking[0m sync_wrapper v0.1.2
[1m[92m    Checking[0m regex-automata v0.4.18
[1m[92m    Checking[0m ipnet v2.12.2
[1m[92m    Checking[0m iana-time-zone v0.1.65
[1m[92m    Checking[0m chrono v0.4.45
[1m[92m    Checking[0m zmij v1.0.23
[1m[92m    Checking[0m serde_json v1.0.151
[1m[92m    Checking[0m hyper-tls v0.5.0
[1m[92m    Checking[0m reqwest v0.11.27
[1m[92m    Checking[0m regex v1.13.1
[1m[92m    Checking[0m redblue v0.1.0 (/home/runner/work/rbops/rbops/redblue)
[1m[92m    Finished[0m `dev` profile [unoptimized] target(s) in 13.43s
[0m
[0m$ [0mcargo test --all-targets 2>&1 | tail -40
test diagnostics_surface_a_spanned_lexer_error ... ok
test diagnostics_report_linter_findings_as_warnings ... ok
test diagnostics_surface_a_spanned_analyzer_error ... ok
test edge_diagnostic_columns_count_characters_not_bytes ... ok
test diagnostics_surface_a_spanned_parser_error ... ok
test edge_diagnostic_json_escapes_a_message_containing_quotes_and_newlines ... ok
test edge_empty_source_produces_no_diagnostics ... ok
test edge_escape_json_escapes_quotes_backslashes_controls_and_unicode ... ok
test every_listed_keyword_lexes_as_a_keyword_not_an_identifier ... ok
test grammar_orders_strings_before_comments_and_comments_before_operators ... ok
test grammar_highlights_the_comment_marker_the_lexer_accepts ... ok
test shipped_grammar_file_is_valid_json_with_a_redblue_scope ... ok
test shipped_grammar_file_matches_the_generator ... ok
test shipped_language_configuration_uses_the_lexers_comment_marker ... ok
test grammar_covers_the_lexer_keyword_set ... ok
test unused_variable_warnings_come_out_in_a_stable_name_order ... ok

test result: ok. 18 passed; 0 failed; 0 ignored; 0 measured; 0 filtered out; finished in 0.00s

[1m[92m     Running[0m tests/unless_test.rs (target/debug/deps/unless_test-ff0d2e1b0818cc40)

running 15 tests
test edge_an_unclosed_unless_is_rejected_by_the_linter_as_an_error ... ok
test edge_an_unclosed_unless_is_rejected_by_diagnostics_as_an_error ... ok
test edge_unless_nests_inside_if_and_unless ... ok
test edge_body_of_exactly_one_statement ... ok
test edge_unless_rejects_else_because_its_body_has_no_alternative ... ok
test edge_unless_with_a_missing_then_is_a_spanned_parser_error ... ok
test edge_unless_without_end_is_a_spanned_parser_error ... ok
test edge_unless_as_the_last_statement_in_a_file ... ok
test edge_unless_whose_body_never_runs_still_exits_its_block ... ok
test edge_empty_body_parses_and_runs ... ok
test unless_compiles_and_runs_the_same_on_both_vms ... ok
test unless_with_a_true_condition_skips_its_body ... ok
test unless_with_a_false_condition_takes_its_body ... ok
test unless_condition_supports_the_full_expression_grammar ... ok
test unless_uses_the_same_condition_grammar_as_if_and_picks_opposite_branches ... ok

test result: ok. 15 passed; 0 failed; 0 ignored; 0 measured; 0 filtered out; finished in 0.01s
[0m
[0m$ [0mcargo test --all-targets 2>&1 | grep -E "^test result|FAILED|failures:" | sort | uniq -c
1 test result: ok. 0 passed; 0 failed; 0 ignored; 0 measured; 0 filtered out; finished in 0.00s
      1 test result: ok. 104 passed; 0 failed; 0 ignored; 0 measured; 0 filtered out; finished in 0.31s
      1 test result: ok. 11 passed; 0 failed; 0 ignored; 0 measured; 0 filtered out; finished in 0.22s
      1 test result: ok. 13 passed; 0 failed; 0 ignored; 0 measured; 0 filtered out; finished in 0.02s
      1 test result: ok. 13 passed; 0 failed; 0 ignored; 0 measured; 0 filtered out; finished in 0.32s
      2 test result: ok. 15 passed; 0 failed; 0 ignored; 0 measured; 0 filtered out; finished in 0.00s
      1 test result: ok. 16 passed; 0 failed; 0 ignored; 0 measured; 0 filtered out; finished in 0.00s
      1 test result: ok. 18 passed; 0 failed; 0 ignored; 0 measured; 0 filtered out; finished in 0.00s
      2 test result: ok. 18 passed; 0 failed; 0 ignored; 0 measured; 0 filtered out; finished in 0.01s
      1 test result: ok. 19 passed; 0 failed; 0 ignored; 0 measured; 0 filtered out; finished in 0.04s
      1 test result: ok. 20 passed; 0 failed; 0 ignored; 0 measured; 0 filtered out; finished in 0.01s
      1 test result: ok. 21 passed; 0 failed; 0 ignored; 0 measured; 0 filtered out; finished in 0.01s
      1 test result: ok. 23 passed; 0 failed; 0 ignored; 0 measured; 0 filtered out; finished in 0.00s
      1 test result: ok. 23 passed; 0 failed; 0 ignored; 0 measured; 0 filtered out; finished in 0.08s
      1 test result: ok. 24 passed; 0 failed; 0 ignored; 0 measured; 0 filtered out; finished in 1.01s
      1 test result: ok. 25 passed; 0 failed; 0 ignored; 0 measured; 0 filtered out; finished in 0.11s
      1 test result: ok. 26 passed; 0 failed; 0 ignored; 0 measured; 0 filtered out; finished in 0.12s
      1 test result: ok. 31 passed; 0 failed; 0 ignored; 0 measured; 0 filtered out; finished in 2.54s
      1 test result: ok. 34 passed; 0 failed; 0 ignored; 0 measured; 0 filtered out; finished in 0.19s
      1 test result: ok. 39 passed; 0 failed; 0 ignored; 0 measured; 0 filtered out; finished in 0.06s
      1 test result: ok. 39 passed; 0 failed; 0 ignored; 0 measured; 0 filtered out; finished in 5.10s
      1 test result: ok. 49 passed; 0 failed; 0 ignored; 0 measured; 0 filtered out; finished in 0.04s
      1 test result: ok. 5 passed; 0 failed; 0 ignored; 0 measured; 0 filtered out; finished in 0.00s
      1 test result: ok. 51 passed; 0 failed; 0 ignored; 0 measured; 0 filtered out; finished in 0.27s
      1 test result: ok. 68 passed; 0 failed; 0 ignored; 0 measured; 0 filtered out; finished in 67.96s
      1 test result: ok. 70 passed; 0 failed; 0 ignored; 0 measured; 0 filtered out; finished in 0.02s
      1 test result: ok. 71 passed; 0 failed; 0 ignored; 0 measured; 0 filtered out; finished in 0.85s
      1 test result: ok. 8 passed; 0 failed; 0 ignored; 0 measured; 0 filtered out; finished in 0.00s
      1 test result: ok. 8 passed; 0 failed; 0 ignored; 0 measured; 0 filtered out; finished in 0.35s
      1 test result: ok. 81 passed; 0 failed; 0 ignored; 0 measured; 0 filtered out; finished in 4.91s
[0m
[0m$ [0mcargo test --all-targets 2>&1 | grep -E "^test result" | awk -F'ok. ' '{split($2,a," "); s+=a[1]} END {print "TOTAL PASSED:", s}'; ls rbops 2>&1
TOTAL PASSED: 976
ls: cannot access 'rbops': No such file or directory
[0m
[0m$ [0mwc -l phases/phase-033/REPORT.md phases/phase-033/FINDINGS.md; wc -l src/repl/*.rs tests/repl_test.rs
272 phases/phase-033/REPORT.md
  137 phases/phase-033/FINDINGS.md
  409 total
   669 src/repl/commands.rs
   445 src/repl/completer.rs
   433 src/repl/history.rs
  1719 src/repl/mod.rs
   734 tests/repl_test.rs
  4000 total
[0m
[0m→ [0mRead phases/phase-033/REPORT.md[90m [offset=225][0m
[0m
[0m$ [0mgrep -c '#\[test\]' src/repl/*.rs tests/repl_test.rs; grep -c 'fn edge_' src/repl/*.rs tests/repl_test.rs; grep -rn "ReplCommand::parse" src/repl/mod.rs | head -5; grep -rn "allow(" src/repl/*.rs tests/repl_test.rs src/vm.rs src/analyzer.rs src/parser.rs | head
src/repl/commands.rs:14
src/repl/completer.rs:15
src/repl/history.rs:18
src/repl/mod.rs:38
tests/repl_test.rs:34
src/repl/commands.rs:9
src/repl/completer.rs:7
src/repl/history.rs:8
src/repl/mod.rs:25
tests/repl_test.rs:26
195:    /// The command table lives in [`ReplCommand::parse`]; this only dispatches
199:        match ReplCommand::parse(input) {
465:        // The second sigil is parsed by [`ReplCommand::parse`] and completed by
663:            if matches!(ReplCommand::parse(line), ReplCommand::NotACommand) {
[0m
[0m$ [0mgrep -rn "edge_a_decoded_chunk_runs_identically_to_the_compiled_one" tests/ | head -3
tests/bytecode_vm_test.rs:2682:fn edge_a_decoded_chunk_runs_identically_to_the_compiled_one() {
[0m
[0m→ [0mRead tests/bytecode_vm_test.rs[90m [offset=2660, limit=60][0m
[0m
[0m$ [0mgrep -n "fn walking_the_corpus" -A 25 tests/bytecode_vm_test.rs
2093:fn walking_the_corpus() -> std::sync::MutexGuard<'static, ()> {
2094-    CORPUS_WALK
2095-        .lock()
2096-        .unwrap_or_else(|poisoned| poisoned.into_inner())
2097-}
2098-
2099-/// The differential test the phase requires: both VMs agree on every program in
2100-/// the corpus, which is at least 200 whole programs drawn from `examples/`,
2101-/// `modules/`, `tests/` and the generated set.
2102-#[test]
2103-fn a_corpus_of_programs_runs_identically_on_both_vms() {
2104-    let _walking = walking_the_corpus();
2105-    let programs = corpus();
2106-    assert!(
2107-        programs.len() >= MINIMUM_CORPUS,
2108-        "the corpus holds {} programs, and the phase requires at least {MINIMUM_CORPUS}",
2109-        programs.len()
2110-    );
2111-
2112-    let mut disagreements = Vec::new();
2113-    for (name, source) in &programs {
2114-        let tree = tree_walk(source);
2115-        let byte = bytecode(source);
2116-        if tree != byte {
2117-            disagreements.push(format!(
2118-                "{name}\n  tree:     {tree:?}\n  bytecode: {byte:?}"
[0m
[0m$ [0mgrep -rn "target/tmp\|temp_dir\|tmpdir" tests/repl_test.rs | head -20; echo ---; grep -n "fn corpus" -A 40 tests/bytecode_vm_test.rs | head -60
136:    let dir = Path::new(env!("CARGO_MANIFEST_DIR")).join("target/tmp/repl");
---
258:fn corpus() -> BTreeMap<String, String> {
259-    let mut programs = BTreeMap::new();
260-
261-    for dir in ["examples", "modules", "tests"] {
262-        let root = Path::new(env!("CARGO_MANIFEST_DIR")).join(dir);
263-        let Ok(entries) = fs::read_dir(&root) else {
264-            continue;
265-        };
266-        let mut paths: Vec<PathBuf> = entries
267-            .filter_map(|entry| entry.ok())
268-            .map(|entry| entry.path())
269-            .filter(|path| path.extension().is_some_and(|extension| extension == "rb"))
270-            .collect();
271-        paths.sort();
272-        for path in paths {
273-            let Ok(source) = fs::read_to_string(&path) else {
274-                continue;
275-            };
276-            let name = format!(
277-                "{dir}/{}",
278-                path.file_name().expect("a named file").to_string_lossy()
279-            );
280-            if NOT_COMPARABLE.contains(&name.as_str()) {
281-                continue;
282-            }
283-            programs.insert(name, source);
284-        }
285-    }
286-
287-    for (name, source) in generated_corpus() {
288-        programs.insert(name, source);
289-    }
290-
291-    programs
292-}
293-
294-/// Programs written here rather than read from disk. Grouped by the row of the
295-/// edge-case matrix they cover so a reviewer can see the spread.
296-fn generated_corpus() -> Vec<(String, String)> {
297-    let mut programs = Vec::new();
298-    let mut add = |name: &str, source: String| programs.push((name.to_string(), source));
[0m
[0m$ [0mgrep -rn 'join("tests\|"tests/' tests/*.rs src/**/*.rs src/*.rs 2>/dev/null | grep -i "write\|create\|temp\|save" | head -20
(no output)
[0m
[0m$ [0mfor i in 1 2 3 4 5 6 7 8; do cargo test --test bytecode_vm_test edge_a_decoded_chunk_runs_identically_to_the_compiled_one 2>&1 | grep -E "^test result"; done
test result: ok. 1 passed; 0 failed; 0 ignored; 0 measured; 67 filtered out; finished in 27.01s
test result: ok. 1 passed; 0 failed; 0 ignored; 0 measured; 67 filtered out; finished in 28.45s
test result: ok. 1 passed; 0 failed; 0 ignored; 0 measured; 67 filtered out; finished in 27.44s
test result: ok. 1 passed; 0 failed; 0 ignored; 0 measured; 67 filtered out; finished in 27.30s
test result: ok. 1 passed; 0 failed; 0 ignored; 0 measured; 67 filtered out; finished in 27.65s
test result: ok. 1 passed; 0 failed; 0 ignored; 0 measured; 67 filtered out; finished in 27.47s
test result: ok. 1 passed; 0 failed; 0 ignored; 0 measured; 67 filtered out; finished in 28.24s
test result: ok. 1 passed; 0 failed; 0 ignored; 0 measured; 67 filtered out; finished in 27.63s
[0m
[0m$ [0mgrep -rn "fs::write\|fs::remove_dir_all\|fs::create_dir" tests/*.rs | head -30
tests/bytecode_test.rs:22:    let _ = fs::remove_dir_all(&dir);
tests/bytecode_test.rs:23:    fs::create_dir_all(&dir).expect("scratch dir should be creatable");
tests/bytecode_test.rs:1374:    fs::write(&source, "say \"Hello, World!\"\n").expect("scratch source should be writable");
tests/bytecode_test.rs:1441:        fs::write(&input, &source).expect("scratch source should be writable");
tests/bytecode_test.rs:1489:    fs::write(&source, "say 1\n").expect("scratch source should be writable");
tests/bytecode_test.rs:1522:    fs::write(&source, "say \"unterminated\n").expect("scratch source should be writable");
tests/bytecode_test.rs:1548:    fs::write(&source, "say 1\n").expect("scratch source should be writable");
tests/bytecode_vm_test.rs:26:    let _ = fs::remove_dir_all(&dir);
tests/bytecode_vm_test.rs:27:    fs::create_dir_all(&dir).expect("scratch dir should be creatable");
tests/bytecode_vm_test.rs:1937:    fs::write(
tests/bytecode_vm_test.rs:1978:    fs::write(&source_path, source).expect("source should be writable");
tests/bytecode_vm_test.rs:2010:    fs::write(&path, "set x to 1\nsay x\n").expect("the file should be writable");
tests/bytecode_vm_test.rs:2053:    fs::write(&path, "say \"hello\"\n").expect("the file should be writable");
tests/bytecode_vm_test.rs:4047:    fs::write(
tests/bytecode_vm_test.rs:4054:    fs::write(dir.join("main.rb"), program).expect("program should be writable");
tests/bytecode_vm_test.rs:4221:    fs::write(dir.join("main.rb"), source).expect("program should be writable");
tests/bytecode_vm_test.rs:4238:    fs::write(dir.join("old.rbc"), &bytes).expect("the rewritten file should be writable");
tests/call_depth_test.rs:19:    std::fs::create_dir_all(&dir).expect("scratch directory should be creatable");
tests/call_depth_test.rs:50:    std::fs::write(&path, source).expect("program should be writable");
tests/comparison_lex_test.rs:32:    let _ = fs::remove_dir_all(&dir);
tests/comparison_lex_test.rs:33:    fs::create_dir_all(&dir).expect("scratch dir should be creatable");
tests/comparison_lex_test.rs:404:    fs::write(&script, program).expect("scratch program should be writable");
tests/comparison_lex_test.rs:457:    fs::write(&script, program).expect("scratch program should be writable");
tests/comparison_words_test.rs:31:    let _ = fs::remove_dir_all(&dir);
tests/comparison_words_test.rs:32:    fs::create_dir_all(&dir).expect("scratch dir should be creatable");
tests/comparison_words_test.rs:101:    fs::write(&script, program).expect("scratch program should be writable");
tests/differential_test.rs:64:    let _ = fs::remove_dir_all(&dir);
tests/differential_test.rs:65:    fs::create_dir_all(&dir).expect("scratch dir should be creatable");
tests/differential_test.rs:259:    let _ = fs::remove_dir_all(&regenerated);
tests/differential_test.rs:959:    fs::write(&orphan, "say 1\n").expect("scratch program should be writable");
[0m
[0m→ [0mRead tests/bytecode_vm_test.rs[90m [limit=25, offset=18][0m
[0m
[0m$ [0mgrep -n "^fn \|^    fn " src/repl/history.rs | sed -n '1,60p'
112:    fn default() -> Self {
126:    fn scratch_name(prefix: &str) -> String {
134:    fn scratch_dir() -> PathBuf {
141:    fn scratch_path(name: &str) -> PathBuf {
145:    fn filled(entries: &[&str]) -> ReplHistory {
154:    fn push_keeps_entries_in_order_and_reachable_by_index() {
165:    fn push_suppresses_a_consecutive_duplicate() {
175:    fn push_keeps_a_repeated_line_that_is_not_consecutive() {
183:    fn push_evicts_the_oldest_entry_at_max_size() {
201:    fn push_evicts_before_it_adds_so_a_full_history_never_exceeds_its_limit() {
211:    fn search_returns_the_most_recent_match() {
223:    fn search_of_a_prefix_that_matches_nothing_returns_none() {
234:    fn search_all_lists_every_match_newest_first() {
244:    fn save_to_file_and_load_from_file_round_trip() {
269:    fn edge_unicode_entries_survive_the_history_file() {
294:    fn edge_blank_lines_in_the_history_file_are_skipped() {
310:    fn edge_empty_history_answers_every_question_without_panicking() {
323:    fn edge_load_of_a_missing_file_is_reported_as_an_error() {
343:    fn edge_a_history_file_that_stops_being_readable_is_not_a_successful_load() {
364:    fn edge_the_entries_read_before_a_bad_line_are_kept() {
379:    fn clear_empties_the_history() {
391:    fn edge_zero_size_history_stores_nothing() {
409:    fn edge_a_file_whose_own_name_is_not_utf8_can_be_saved_and_loaded() {
[0m
[0m$ [0mgrep -n "^    fn " src/repl/completer.rs; echo "=== repl_test.rs ==="; grep -n "^fn \|^#\[test\]" -A 1 tests/repl_test.rs | grep "^[0-9]*-fn \|^[0-9]*:fn " | sed 's/-fn /  /'
177:    fn default() -> Self {
189:    fn session_names() -> Vec<String> {
198:    fn complete_matches_a_variable_the_session_bound() {
205:    fn complete_matches_a_function_the_session_defined() {
212:    fn complete_matches_a_module_the_session_imported() {
223:    fn complete_matches_a_builtin() {
230:    fn complete_matches_a_keyword() {
246:    fn complete_matches_a_repl_command() {
265:    fn edge_completion_answers_to_the_sigil_the_user_typed() {
293:    fn edge_a_word_that_is_not_a_command_word_is_not_offered_one() {
313:    fn edge_the_command_vocabulary_is_the_parsers_own_table() {
336:    fn complete_merges_every_vocabulary_into_one_sorted_list() {
359:    fn complete_of_a_prefix_that_matches_nothing_is_empty() {
373:    fn edge_empty_prefix_offers_the_whole_vocabulary_sorted() {
401:    fn edge_a_session_name_that_duplicates_a_builtin_appears_once() {
411:    fn edge_no_table_of_the_vocabulary_holds_a_word_twice() {
434:    fn edge_completion_ignores_the_case_of_the_prefix() {
=== repl_test.rs ===
76:fn session(input: &str) -> Session {
128:fn read_all(pipe: &mut impl Read) -> String {
135:fn scratch_dir() -> PathBuf {
141:fn scratch_file(name: &str, source: &str) -> PathBuf {
149:fn scratch_path(name: &str, extension: &str) -> PathBuf {
164:fn repl_runs_commands_and_quits() {
178:fn repl_shows_the_result_of_an_expression_under_vars() {
187:fn repl_runs_a_multiline_block() {
196:fn repl_reports_an_uncaught_error_and_stays_alive() {
205:fn repl_runs_a_program_that_catches_its_own_error() {
227:fn edge_first_line_syntax_error_keeps_the_repl_alive() {
243:fn edge_unterminated_block_then_eof_terminates_saying_what_it_never_ran() {
258:fn repl_runs_a_block_the_last_word_heuristic_missed() {
307:fn edge_a_to_declaration_is_read_as_a_block_and_callable_afterwards() {
318:fn edge_a_stray_end_does_not_swallow_the_rest_of_the_session() {
330:fn repl_load_runs_the_file_rather_than_only_measuring_it() {
343:fn edge_a_command_argument_with_a_space_in_it_is_not_truncated() {
360:fn edge_vars_lists_the_session_bindings() {
369:fn edge_load_of_a_missing_path_reports_the_failure() {
385:fn edge_command_missing_its_argument_is_reported_not_guessed() {
397:fn edge_unknown_command_is_named_and_the_session_survives() {
410:fn repl_carries_a_binding_from_one_line_to_the_next() {
424:fn edge_vars_lists_the_names_the_session_bound_not_only_the_last_result() {
438:fn edge_funcs_names_the_function_the_session_declared() {
451:fn edge_inspect_reports_a_value_the_session_bound() {
465:fn edge_inspect_reports_the_redblue_type_of_what_it_found() {
483:fn edge_an_imported_modules_members_are_not_listed_as_session_names() {
498:fn edge_reset_after_an_unfinished_block_returns_the_session_to_a_prompt() {
510:fn edge_a_doubled_sigil_is_a_mistyped_command_and_not_the_command() {
524:fn edge_help_says_the_second_sigil_reaches_the_same_commands() {
534:fn edge_a_command_argument_with_consecutive_spaces_is_not_collapsed() {
552:fn edge_save_then_restore_brings_the_session_back_in_a_second_session() {
594:fn edge_restore_of_a_missing_path_reports_the_failure() {
616:fn edge_a_piped_block_that_never_closes_does_not_grow_without_limit() {
639:fn edge_the_report_of_an_unclosed_block_counts_the_lines_it_did_not_echo() {
659:fn edge_a_line_says_its_line_once_however_many_lines_follow() {
684:fn edge_help_and_examples_promise_only_what_the_session_can_run() {
698:fn edge_help_names_every_alias_the_repl_accepts() {
728:fn edge_command_missing_its_argument_is_reported_for_restore_too() {
[0m
[0m→ [0mRead tests/repl_test.rs[90m [limit=120, offset=30][0m
[0m
[0m$ [0mgrep -rn "unwrap()\|expect(\|panic!\|unreachable!\|\[0\]\|unimplemented\|todo!" src/repl/*.rs | grep -v "^src/repl/[a-z]*.rs:[0-9]*: *//" | grep -v "mod tests" | head -40
src/repl/commands.rs:300:                        command: spec.names[0],
src/repl/commands.rs:645:            let bare = name.strip_prefix(':').expect("a name carries a sigil");
src/repl/history.rs:136:        fs::create_dir_all(&dir).expect("scratch directory should be creatable");
src/repl/history.rs:251:            .expect("history should be writable to the scratch path");
src/repl/history.rs:256:            .expect("history should be readable back");
src/repl/history.rs:277:            .expect("unicode history should be writable");
src/repl/history.rs:282:            .expect("unicode history should be readable back");
src/repl/history.rs:296:        fs::write(&path, "set x to 1\n\n   \nsay \"hi\"\n").expect("the file should be writable");
src/repl/history.rs:301:            .expect("the history file should load");
src/repl/history.rs:348:        fs::write(&path, bytes).expect("the file should be writable");
src/repl/history.rs:368:        fs::write(&path, bytes).expect("the file should be writable");
src/repl/history.rs:421:            .expect("a non-UTF-8 path is still a path");
src/repl/history.rs:426:            .expect("and it reads back the same way");
src/repl/mod.rs:801:        std::fs::create_dir_all(&dir).expect("scratch directory should be creatable");
src/repl/mod.rs:803:        std::fs::write(&path, source).expect("the file should be writable");
src/repl/mod.rs:812:        std::fs::create_dir_all(&dir).expect("scratch directory should be creatable");
src/repl/mod.rs:814:        std::fs::write(&path, "").expect("the file should be creatable");
src/repl/mod.rs:1390:        let lines = repl.variable_lines().expect("the session bound two names");
src/repl/mod.rs:1457:                .unwrap_or_else(|| panic!("the session bound {name:?}"));
src/repl/mod.rs:1460:                .unwrap_or_else(|| panic!("{name:?} is the session's to inspect"));
[0m
[0m→ [0mRead src/repl/commands.rs[90m [offset=280, limit=40][0m
[0m
[0m$ [0mgrep -n "COMMAND_TABLE" -A 60 src/repl/commands.rs | sed -n '1,70p'
78:static COMMAND_TABLE: &[CommandSpec] = &[
79-    CommandSpec {
80-        names: &["quit", "exit", "q"],
81-        description: "Exit the REPL",
82-        usage: None,
83-        build: |_| ReplCommand::Quit,
84-    },
85-    CommandSpec {
86-        names: &["help", "h", "?"],
87-        description: "Show this help",
88-        usage: None,
89-        build: |_| ReplCommand::Help,
90-    },
91-    CommandSpec {
92-        names: &["clear", "cls"],
93-        description: "Clear the screen",
94-        usage: None,
95-        build: |_| ReplCommand::Clear,
96-    },
97-    CommandSpec {
98-        names: &["history", "hist"],
99-        description: "Show command history",
100-        usage: None,
101-        build: |_| ReplCommand::History,
102-    },
103-    CommandSpec {
104-        names: &["vars", "variables", "v"],
105-        description: "Show all variables",
106-        usage: None,
107-        build: |_| ReplCommand::Vars,
108-    },
109-    CommandSpec {
110-        names: &["functions", "funcs", "f"],
111-        description: "Show defined functions",
112-        usage: None,
113-        build: |_| ReplCommand::Functions,
114-    },
115-    CommandSpec {
116-        names: &["load", "l"],
117-        description: "Load and run a file",
118-        usage: Some("<filename>"),
119-        build: |argument| ReplCommand::Load(argument.unwrap_or_default()),
120-    },
121-    CommandSpec {
122-        names: &["save", "s"],
123-        description: "Save current session",
124-        usage: Some("<filename>"),
125-        build: |argument| ReplCommand::Save(argument.unwrap_or_default()),
126-    },
127-    CommandSpec {
128-        names: &["restore", "r"],
129-        description: "Restore a saved session",
130-        usage: Some("<filename>"),
131-        build: |argument| ReplCommand::Restore(argument.unwrap_or_default()),
132-    },
133-    CommandSpec {
134-        names: &["reset"],
135-        description: "Reset REPL state",
136-        usage: None,
137-        build: |_| ReplCommand::Reset,
138-    },
--
188:        let mut names: Vec<String> = COMMAND_TABLE
189-            .iter()
190-            .flat_map(|spec| spec.names.iter())
191-            .map(|name| (*name).to_string())
192-            .collect();
193-        names.sort();
194-        names
195-    }
[0m
[0m$ [0mgrep -n "^    fn " src/repl/commands.rs
266:    fn argument(input: &str) -> Option<String> {
326:    fn parse_reads_the_whole_alias_table() {
393:    fn parse_reads_the_argument_a_command_was_given() {
429:    fn edge_internal_spacing_in_an_argument_is_kept() {
451:    fn names_offers_every_alias_the_table_accepts() {
474:    fn edge_help_lists_every_alias_of_every_command() {
491:    fn edge_help_has_one_line_per_command() {
511:    fn parse_of_plain_source_is_not_a_command() {
530:    fn parse_of_a_command_with_no_argument_says_what_is_missing() {
560:    fn edge_empty_and_whitespace_input_is_not_a_command() {
574:    fn edge_bare_sigil_is_reported_not_executed() {
592:    fn edge_more_than_one_sigil_names_no_command() {
613:    fn edge_both_sigils_reach_the_same_command_with_the_same_argument() {
633:    fn edge_the_offered_names_are_the_table_s_words_and_nothing_else() {
657:    fn edge_no_command_word_is_claimed_by_two_commands() {
[0m
[0m→ [0mRead src/repl/commands.rs[90m [limit=45, offset=630][0m
[0m→ [0mRead src/repl/commands.rs[90m [limit=30, offset=310][0m
[0m
[0m← [0mEdit src/repl/commands.rs
Index: /home/runner/work/rbops/rbops/redblue/src/repl/commands.rs
===================================================================
--- /home/runner/work/rbops/rbops/redblue/src/repl/commands.rs
+++ /home/runner/work/rbops/rbops/redblue/src/repl/commands.rs
@@ -649,8 +649,25 @@
         );
     }
 }
 
+/// Every entry of the table names at least one word.
+///
+/// `parse` reads `spec.names[0]` to name the command back to the user when
+/// its argument is missing, and `names()`/`bare_names()` only flatten what is
+/// there, so a row added with an empty `names` would be invisible to the
+/// two tests above and would panic the moment somebody typed its sigil.
+#[test]
+fn edge_every_command_in_the_table_names_itself() {
+    for spec in super::COMMAND_TABLE {
+        assert!(
+            !spec.names.is_empty(),
+            "{:?} takes an argument but has no word to name it by",
+            spec.description
+        );
+    }
+}
+
 /// No word is claimed by two commands. The completer's `dedup` would hide a
 /// repeat from a user, and the parser would reach whichever entry came first,
 /// so nothing else would ever say so.
 #[test]

[0m
Now add a test pinning the one indexing operation in production code (`spec.names[0]`):
[0m$ [0mcargo test --lib repl:: 2>&1 | grep -E "edge_every_command|^test result"
test repl::commands::tests::edge_every_command_in_the_table_names_itself ... ok
test result: ok. 86 passed; 0 failed; 0 ignored; 0 measured; 19 filtered out; finished in 0.30s
[0m
[0m$ [0mgit diff --stat 84b1c44 HEAD
phases/phase-033/FINDINGS.md   |  138 ++++
 phases/phase-033/REPORT.md     |  273 +++++++
 src/analyzer.rs                |  104 +++
 src/parser.rs                  |  289 +++++++
 src/repl/commands.rs           |  693 +++++++++++++++--
 src/repl/completer.rs          |  341 ++++++++-
 src/repl/history.rs            |  345 ++++++++-
 src/repl/mod.rs                | 1630 ++++++++++++++++++++++++++++++++++++----
 src/vm.rs                      |  115 ++-
 tests/parser_hardening_test.rs |    7 +
 tests/repl_test.rs             |  734 ++++++++++++++++++
 11 files changed, 4426 insertions(+), 243 deletions(-)
[0m
[0m$ [0mgit diff 84b1c44 HEAD -- src/parser.rs | grep -E "^\+.*(pub fn|fn )" | head -20; echo ---; git diff 84b1c44 HEAD -- src/analyzer.rs | grep -E "^\+.*(pub fn|fn )" | head -20; echo ---; git diff 84b1c44 HEAD -- src/vm.rs | grep -E "^\+.*(pub fn|fn )" | head -20
+fn opens_block_at_statement_start(kind: &TokenKind) -> bool {
+pub fn open_block_depth(tokens: &[Token]) -> i32 {
+    fn depth_of(source: &str) -> i32 {
+    fn open_block_depth_counts_every_block_form() {
+    fn open_block_depth_ignores_a_to_that_is_not_a_declaration() {
+    fn open_block_depth_reads_tokens_not_text() {
+    fn open_block_depth_counts_the_block_inside_an_else_if() {
+    fn open_block_depth_counts_nested_blocks() {
+    fn edge_a_block_whole_on_one_line_is_already_closed() {
+    fn edge_source_with_no_block_at_all_is_zero() {
+    fn edge_blocks_deeper_than_the_budget_are_reported_whatever_their_form() {
+    fn edge_every_statement_start_opener_is_a_block_to_the_parser_too() {
---
+    pub fn with_bound_names(names: &[String]) -> Self {
+pub fn analyze_with_bound_names(program: &Program, names: &[String]) -> Result<()> {
+    fn program(source: &str) -> Program {
+    fn names(list: &[&str]) -> Vec<String> {
+    fn a_bound_name_is_readable_by_the_next_program() {
+    fn edge_a_name_the_session_never_bound_is_still_unknown() {
+    fn edge_a_name_the_session_bound_can_be_assigned_again() {
+    fn two_programs_of_one_session_both_pass() {
---
+    pub fn user_names(&self) -> Vec<String> {
+    fn publish_member(&mut self, module: &str, member: &str, value: Value) {
+    pub fn user_value(&self, name: &str) -> Option<&Value> {
+    pub fn user_functions(&self) -> Vec<String> {
+    fn get_var_ref(&self, name: &str) -> Option<&Value> {
[0m
[0m$ [0mcargo fmt --all -- --check && echo "FMT OK"; cargo clippy --all-targets -- -D warnings 2>&1 | tail -3
FMT OK
[1m[92m    Checking[0m redblue v0.1.0 (/home/runner/work/rbops/rbops/redblue)
[1m[92m    Finished[0m `dev` profile [unoptimized] target(s) in 2.46s
[0m
[0m$ [0mcargo test --all-targets 2>&1 | tee ./target/tmp/last.txt | grep -E "FAILED|panicked|failures:" | head -20; echo "---"; grep -c "test result: ok" ./target/tmp/last.txt; grep -E "^test result" ./target/tmp/last.txt | awk -F'ok. ' '{split($2,a," "); s+=a[1]} END {print "TOTAL:", s}'
---
32
TOTAL: 977
[0m
[0m$ [0mcargo test --doc 2>&1 | grep -E "^test result"
test result: ok. 1 passed; 0 failed; 0 ignored; 0 measured; 0 filtered out; finished in 0.16s
[0m
[0m$ [0mcargo build --bin rb 2>&1 | tail -2; for f in examples/*.rb modules/*.rb; do out=$(timeout 20 ./target/debug/rb run "$f" 2>&1); code=$?; echo "$f -> exit=$code"; done
[1m[92m    Finished[0m `dev` profile [unoptimized] target(s) in 0.07s
examples/files.rb -> exit=0
examples/fizzbuzz.rb -> exit=0
examples/formats.rb -> exit=0
examples/hello.rb -> exit=0
examples/test_arithmetic.rb -> exit=0
examples/time.rb -> exit=0
modules/MathUtils.rb -> exit=0
modules/SuiteKit.rb -> exit=0
[0m
[0m$ [0m./target/debug/rb test 2>&1 | tail -5
....................................................................................................................................................................................................................................................................................................................................................Tests run: 340
Passed: 340
Failed: 0
[0m
[0m→ [0mRead phases/phase-033/REPORT.md[90m [offset=130, limit=45][0m
[0m→ [0mRead phases/phase-033/REPORT.md[90m [limit=30, offset=106][0m
[0m
[0m← [0mEdit phases/phase-033/REPORT.md
Index: /home/runner/work/rbops/rbops/redblue/phases/phase-033/REPORT.md
===================================================================
--- /home/runner/work/rbops/rbops/redblue/phases/phase-033/REPORT.md
+++ /home/runner/work/rbops/rbops/redblue/phases/phase-033/REPORT.md
@@ -111,20 +111,40 @@
 otherwise pass on most runs and fail on the rest.
 
 ## Gates
 
+Re-measured on the resume round (`2804ab8`), not copied from the round before:
+
 | Gate | Result |
 |---|---|
-| `cargo fmt --all -- --check` | pass, no diff |
-| `cargo clippy --all-targets -- -D warnings` | pass, zero warnings, no `allow(` added |
-| `cargo test --all-targets` | **848 passed, 0 failed, 0 ignored** (813 after the first review round) |
-| `cargo test --doc` | pass, 1 passed |
+| `cargo fmt --all -- --check` | **pass**, no diff |
+| `cargo clippy --all-targets -- -D warnings` | **pass**, zero warnings, no `allow(` added |
+| `cargo test --all-targets` | **977 passed, 0 failed, 0 ignored**, 32 binaries green |
+| `cargo test --doc` | **pass, 1 passed** |
 | `./rbops/verify.sh phase-033` | **NOT RUN — the script is not in this checkout** |
 
-The second review round's gates, re-run after the fixes below, are the same four:
-**848 passed / 0 failed / 0 ignored**, fmt clean, clippy clean with no `allow(`
-added, doc tests 1 passed.
+Earlier rounds of this phase measured **848 passed / 0 failed / 0 ignored** (and 813
+after the first review round); the count rose because later phases added tests, not
+because this one was re-run against a bigger number.
 
+Also re-run by hand on the resume round, since `verify.sh` normally does it:
+`./target/debug/rb run` over all 6 `examples/*.rb` and both `modules/*.rb` exits 0,
+and `./target/debug/rb test` reports `Tests run: 340 / Passed: 340 / Failed: 0`.
+
+## What the resume round added
+
+The gates were green on arrival; nothing was reverted and no existing code or test
+was removed. One gap was found by hunting for what the reviewer hunts for, and it
+was closed:
+
+- `ReplCommand::parse` reads `spec.names[0]` (src/repl/commands.rs:300) to name a
+  command back to the user when its argument is missing. That is the only indexing
+  in the phase's production code, and a row added to `COMMAND_TABLE` with an empty
+  `names` array would panic on first use — while `names()` and `bare_names()`,
+  which only flatten, would keep the two table tests green, so nothing else would
+  have said so. `edge_every_command_in_the_table_names_itself` (src/repl/commands.rs:657)
+  walks the table and fails with the offending row's description.
+
 `edge_a_decoded_chunk_runs_identically_to_the_compiled_one` in
 `tests/bytecode_vm_test.rs` is flaky and is **not** fixed by either review round:
 it read the corpus out of `examples/`, `modules/` and `tests/` and round-tripped
 every `.rb` it found, and it failed on two of the runs of this round and on none

[0m
Now update the Gates table with what I actually ran this round:
[0m← [0mEdit phases/phase-033/REPORT.md
Index: /home/runner/work/rbops/rbops/redblue/phases/phase-033/REPORT.md
===================================================================
--- /home/runner/work/rbops/rbops/redblue/phases/phase-033/REPORT.md
+++ /home/runner/work/rbops/rbops/redblue/phases/phase-033/REPORT.md
@@ -157,12 +157,21 @@
 **On the fourth gate, stated plainly:** `rbops/` does not exist in the working
 directory (`ls rbops` → `No such file or directory`; `./rbops/verify.sh
 phase-033` → exit 127). The dispatcher that would run it lives outside this
 checkout and I was instructed not to inspect it. I have not run that gate and am
-not claiming it passes. The three gates I could run are green, and
-`./target/debug/rb run` over all 6 `examples/*.rb` and both `modules/*.rb`
-succeeds, plus `rb test` → `Tests run: 274 / Passed: 274 / Failed: 0`.
+not claiming it passes. The three gates I could run are green (measured above on
+the resume round), and `./target/debug/rb run` over all 6 `examples/*.rb` and both
+`modules/*.rb` succeeds, plus `rb test` → `Tests run: 340 / Passed: 340 / Failed: 0`.
 
+`edge_a_decoded_chunk_runs_identically_to_the_compiled_one` in
+`tests/bytecode_vm_test.rs` was reported flaky by the round before this one. On the
+resume round it passed eight times out of eight when run alone, and once in a full
+`cargo test --all-targets` — **9 of 9**, so the flakiness did not reproduce. It is
+still not fixed: nothing in this phase writes into `examples/`, `modules/` or
+`tests/` (every scratch file goes under `target/tmp/`), and `#[ignore]`ing it or
+special-casing it would hide the next failure too. It is not this phase's test and
+is left alone.
+
 ## What the review round fixed
 
 The seven findings, and what each fix is:
 

[0m
[0m→ [0mRead phases/phase-033/REPORT.md[90m [limit=50, offset=113][0m
[0m
[0m← [0mEdit phases/phase-033/REPORT.md
Index: /home/runner/work/rbops/rbops/redblue/phases/phase-033/REPORT.md
===================================================================
--- /home/runner/work/rbops/rbops/redblue/phases/phase-033/REPORT.md
+++ /home/runner/work/rbops/rbops/redblue/phases/phase-033/REPORT.md
@@ -141,20 +141,10 @@
   in the phase's production code, and a row added to `COMMAND_TABLE` with an empty
   `names` array would panic on first use — while `names()` and `bare_names()`,
   which only flatten, would keep the two table tests green, so nothing else would
   have said so. `edge_every_command_in_the_table_names_itself` (src/repl/commands.rs:657)
-  walks the table and fails with the offending row's description.
+walks the table and fails with the offending row's description.
 
-`edge_a_decoded_chunk_runs_identically_to_the_compiled_one` in
-`tests/bytecode_vm_test.rs` is flaky and is **not** fixed by either review round:
-it read the corpus out of `examples/`, `modules/` and `tests/` and round-tripped
-every `.rb` it found, and it failed on two of the runs of this round and on none
-of the nine that followed. Nothing in this phase writes into those three
-directories (every scratch file goes under `target/tmp/`), and running that test
-alone passed nine times out of nine. It is a pre-existing race in a test that
-shares a filesystem with the rest of the suite, and it is left alone rather than
-narrowed: `#[ignore]`ing it or special-casing it would hide the next failure too.
-
 **On the fourth gate, stated plainly:** `rbops/` does not exist in the working
 directory (`ls rbops` → `No such file or directory`; `./rbops/verify.sh
 phase-033` → exit 127). The dispatcher that would run it lives outside this
 checkout and I was instructed not to inspect it. I have not run that gate and am

[0m
I duplicated the two paragraphs. Let me remove the stale originals (lines 147-155 and the duplicated fourth-gate paragraph):
[0m→ [0mRead phases/phase-033/REPORT.md[90m [limit=30, offset=145][0m
[0m→ [0mRead phases/phase-033/REPORT.md[90m [limit=30, offset=70][0m
[0m→ [0mRead phases/phase-033/REPORT.md[90m [limit=10, offset=64][0m
[0m
[0m← [0mEdit phases/phase-033/REPORT.md
Index: /home/runner/work/rbops/rbops/redblue/phases/phase-033/REPORT.md
===================================================================
--- /home/runner/work/rbops/rbops/redblue/phases/phase-033/REPORT.md
+++ /home/runner/work/rbops/rbops/redblue/phases/phase-033/REPORT.md
@@ -64,11 +64,12 @@
 command", and an authority has to answer that question correctly.
 
 ## Tests added
 
-51 new tests: 41 `#[test]` functions in `src/repl/`, 10 in `tests/repl_test.rs`.
-Quota: ≥3 new `#[test]` ✔ (41), ≥1 named `edge_*` ✔ (17), ≥1 asserting a failure
-✔ (`edge_load_of_a_missing_file_is_reported_as_an_error`,
+52 new tests: 42 `#[test]` functions in `src/repl/`, 10 in `tests/repl_test.rs`
+(the 42nd, `edge_every_command_in_the_table_names_itself`, was added on the resume
+round). Quota: ≥3 new `#[test]` ✔ (42), ≥1 named `edge_*` ✔ (18), ≥1 asserting a
+failure ✔ (`edge_load_of_a_missing_file_is_reported_as_an_error`,
 `edge_load_of_a_missing_path_reports_the_failure`,
 `edge_command_missing_its_argument_is_reported_not_guessed`,
 `repl_reports_an_uncaught_error_and_stays_alive`).
 

[0m
[0m$ [0mgrep -c 'fn edge_' src/repl/*.rs | awk -F: '{s+=$2} END {print "edge fns in src/repl:", s}'; grep -c '#\[test\]' src/repl/*.rs | awk -F: '{s+=$2} END {print "tests in src/repl:", s}'
edge fns in src/repl: 50
tests in src/repl: 86
[0m
[0m← [0mEdit phases/phase-033/REPORT.md
Index: /home/runner/work/rbops/rbops/redblue/phases/phase-033/REPORT.md
===================================================================
--- /home/runner/work/rbops/rbops/redblue/phases/phase-033/REPORT.md
+++ /home/runner/work/rbops/rbops/redblue/phases/phase-033/REPORT.md
@@ -64,11 +64,12 @@
 command", and an authority has to answer that question correctly.
 
 ## Tests added
 
-52 new tests: 42 `#[test]` functions in `src/repl/`, 10 in `tests/repl_test.rs`
-(the 42nd, `edge_every_command_in_the_table_names_itself`, was added on the resume
-round). Quota: ≥3 new `#[test]` ✔ (42), ≥1 named `edge_*` ✔ (18), ≥1 asserting a
+Counted with `grep -c` on the tree at `2804ab8`: **85 `#[test]` functions in
+`src/repl/`** (commands 14, completer 15, history 18, mod 38) and **34 in
+`tests/repl_test.rs`**, of which 50 and 26 are named `edge_*`.
+Quota: ≥3 new `#[test]` ✔ (119), ≥1 named `edge_*` ✔ (76), ≥1 asserting a
 failure ✔ (`edge_load_of_a_missing_file_is_reported_as_an_error`,
 `edge_load_of_a_missing_path_reports_the_failure`,
 `edge_command_missing_its_argument_is_reported_not_guessed`,
 `repl_reports_an_uncaught_error_and_stays_alive`).

[0m
[0m← [0mEdit phases/phase-033/REPORT.md
Index: /home/runner/work/rbops/rbops/redblue/phases/phase-033/REPORT.md
===================================================================
--- /home/runner/work/rbops/rbops/redblue/phases/phase-033/REPORT.md
+++ /home/runner/work/rbops/rbops/redblue/phases/phase-033/REPORT.md
@@ -97,8 +97,9 @@
 | `push_suppresses_a_consecutive_duplicate` / `push_keeps_a_repeated_line_that_is_not_consecutive` | duplicate entries — only *consecutive* duplicates collapse |
 | `push_evicts_the_oldest_entry_at_max_size` / `push_evicts_before_it_adds_...` | boundary — eviction order, and the limit held after the push |
 | `search_returns_the_most_recent_match` / `search_of_a_prefix_that_matches_nothing_returns_none` | empty — a hit and a miss |
 | `parse_reads_the_whole_alias_table` | the regression this phase exists to prevent: 30 aliases, one table |
+| `edge_every_command_in_the_table_names_itself` | empty — a `COMMAND_TABLE` row with no word in `names`, which would panic `parse` at `spec.names[0]` |
 | `repl_runs_commands_and_quits`, `repl_shows_the_result_of_an_expression_under_vars`, `repl_runs_a_multiline_block` | the documented surface, asserted on stdout *and* exit code |
 
 ### Determinism
 

[0m
Now add the new test to the tests table and re-verify the report's line citations:
[0m$ [0mgrep -n "edge_every_command_in_the_table_names_itself" src/repl/commands.rs; grep -n "spec.names\[0\]" src/repl/commands.rs; grep -n "edge_load_of_a_missing_file_is_reported_as_an_error\|edge_load_of_a_missing_path_reports_the_failure\|edge_command_missing_its_argument_is_reported_not_guessed\|repl_reports_an_uncaught_error_and_stays_alive" src/repl/history.rs tests/repl_test.rs
660:    fn edge_every_command_in_the_table_names_itself() {
300:                        command: spec.names[0],
655:    /// `parse` reads `spec.names[0]` to name the command back to the user when
src/repl/history.rs:323:    fn edge_load_of_a_missing_file_is_reported_as_an_error() {
tests/repl_test.rs:196:fn repl_reports_an_uncaught_error_and_stays_alive() {
tests/repl_test.rs:369:fn edge_load_of_a_missing_path_reports_the_failure() {
tests/repl_test.rs:385:fn edge_command_missing_its_argument_is_reported_not_guessed() {
[0m
[0m$ [0mcd /home/runner/work/rbops/rbops/redblue && sed -i 's|(src/repl/commands.rs:657)|(src/repl/commands.rs:660)|; s|`ReplCommand::parse` reads `spec.names\[0\]` (src/repl/commands.rs:300)|`ReplCommand::parse` reads `spec.names[0]` (src/repl/commands.rs:300)|' phases/phase-033/REPORT.md && grep -n "commands.rs:6\|commands.rs:3" phases/phase-033/REPORT.md
142:- `ReplCommand::parse` reads `spec.names[0]` (src/repl/commands.rs:300) to name a
147:  have said so. `edge_every_command_in_the_table_names_itself` (src/repl/commands.rs:660)
[0m
[0m$ [0mfor c in "src/repl/commands.rs:20:fn parse" "src/repl/history.rs:3:struct ReplHistory" "src/repl/mod.rs:22:HISTORY_LIMIT"; do f=${c%%:*}; rest=${c#*:}; n=${rest%%:*}; pat=${rest#*:}; echo "--- $f:$n  ($pat)"; sed -n "${n}p" "$f"; done; echo; sed -n '10,25p' src/repl/history.rs; echo "--- open_block_depth"; grep -n "pub fn open_block_depth" src/parser.rs; grep -n "open_block_depth" src/repl/mod.rs
--- src/repl/commands.rs:20  (fn parse)
    /// The other half of `:save`, which had no half: a saved file could not be
--- src/repl/history.rs:3  (struct ReplHistory)

--- src/repl/mod.rs:22  (HISTORY_LIMIT)


    pub fn new(max_size: usize) -> Self {
        Self {
            history: VecDeque::with_capacity(max_size),
            max_size,
        }
    }

    pub fn push(&mut self, entry: String) {
        if self.history.back() == Some(&entry) {
            return;
        }

        // A limit of zero means "keep nothing". Without this the eviction below
        // pops from an already-empty history and the push puts one entry back,
        // so a zero-sized history holds one entry.
        if self.max_size == 0 {
--- open_block_depth
2036:pub fn open_block_depth(tokens: &[Token]) -> i32 {
14:use crate::parser::{open_block_depth, Parser, Program};
144:            Ok(tokens) => open_block_depth(&tokens) > 0,
[0m
[0m$ [0mgrep -n "pub fn parse" src/repl/commands.rs; grep -n "struct ReplHistory\|HISTORY_LIMIT" src/repl/history.rs src/repl/mod.rs | head; sed -n '15,20p' src/repl/history.rs
276:    pub fn parse(input: &str) -> Self {
src/repl/history.rs:4:pub struct ReplHistory {
src/repl/mod.rs:21:const HISTORY_LIMIT: usize = 1000;
src/repl/mod.rs:101:            history: ReplHistory::new(HISTORY_LIMIT),
src/repl/mod.rs:623:        let mut restored = ReplHistory::new(HISTORY_LIMIT);
    }

    pub fn push(&mut self, entry: String) {
        if self.history.back() == Some(&entry) {
            return;
        }
[0m
[0m$ [0mgrep -n "commands.rs:20\|history.rs:3\b\|history.rs:17\|mod.rs:22\|completer.rs:1\|history.rs:32\|mod.rs:9-11\|mod.rs:18\|mod.rs:78-84" phases/phase-033/REPORT.md phases/phase-033/FINDINGS.md
phases/phase-033/REPORT.md:39:| src/repl/mod.rs | +196 −65 | `handle_command` now `match`es on `ReplCommand::parse` instead of re-parsing the command word against its own copy of the table — the second table is deleted, not relocated. `history: Vec<String>` → `ReplHistory` (with `HISTORY_LIMIT`, `src/repl/mod.rs:22`); `save_session` writes through `ReplHistory::save_to_file`, which is the same format `load_from_file` reads, instead of `join("\n")`+`write`; the read loop breaks on `Ok(0)` so EOF terminates; `Repl::complete` + `session_names` wire the completer into the session |
[0m
[0m$ [0mcd /home/runner/work/rbops/rbops/redblue && sed -i '39s|src/repl/mod.rs:22|src/repl/mod.rs:21|' phases/phase-033/REPORT.md && sed -n '39p' phases/phase-033/REPORT.md | grep -o "HISTORY_LIMIT\`, \`src/repl/mod.rs:21\`"
HISTORY_LIMIT`, `src/repl/mod.rs:21`
[0m
[0m$ [0mgrep -n "history.rs\|commands.rs\|completer.rs" phases/phase-033/REPORT.md | grep -oE "(history|commands|completer|mod)\.rs:[0-9]+(-[0-9]+)?" | sort -u
commands.rs:0
commands.rs:300
commands.rs:660
completer.rs:0
history.rs:0
[0m
[0m$ [0mgrep -oE "(history|commands|completer|mod|repl)\.rs:[0-9]+(-[0-9]+)?" phases/phase-033/FINDINGS.md | sort -u
history.rs:69
mod.rs:210
mod.rs:234
mod.rs:243
mod.rs:251
mod.rs:277
mod.rs:370
mod.rs:64
[0m
[0m$ [0mfor n in 64 210 234 243 251 277 370; do printf "mod.rs:%s  " $n; sed -n "${n}p" src/repl/mod.rs; done; printf "history.rs:69  "; sed -n '69p' src/repl/history.rs
mod.rs:64  /// `Hello, {{name}}!`.
mod.rs:210                  let _ = io::stdout().flush();
mod.rs:234                  self.save_session(&path);
mod.rs:243                  true
mod.rs:251                  true
mod.rs:277                      word
mod.rs:370      /// At most [`BLOCK_REPORT_LINES`] lines are echoed. The buffer is bounded now,
history.rs:69
[0m
[0m$ [0mgrep -n "mod.rs:64\|mod.rs:210\|mod.rs:234\|mod.rs:243\|mod.rs:251\|mod.rs:277\|mod.rs:370\|history.rs:69" phases/phase-033/FINDINGS.md
18:`Repl::run_code` (`src/repl/mod.rs:243`) lexes, parses and analyzes each line on
38:`Repl::execute_code` (`src/repl/mod.rs:234`) inserts into `self.variables`
46:`print_variables` (`src/repl/mod.rs:277`) is therefore reachable with either
62:The multi-line detector is a suffix heuristic (`src/repl/mod.rs:210`):
98:`print_help` (`src/repl/mod.rs:251`) and `show_examples` (`src/repl/mod.rs:370`) both tell the user
120:## 5. `ReplHistory::save_to_file`/`load_from_file` take `&str`, not a path — `src/repl/history.rs:69`
132:## 6. There is no way to reach the completer from the binary — `src/repl/mod.rs:64`
[0m
[0m$ [0mgrep -n "fn run_code\|fn execute_code\|fn print_variables\|fn print_help\|fn show_examples\|fn save_session\|fn complete\|fn session_names" src/repl/mod.rs; echo ---; grep -n "fn save_to_file\|fn load_from_file" src/repl/history.rs
111:    pub fn complete(&self, word: &str) -> Vec<String> {
122:    fn session_names(&self) -> Vec<String> {
396:    fn execute_code(&mut self, code: &str) {
422:    fn run_code(&mut self, code: &str) -> Result<Value, crate::error::Error> {
454:    fn print_help(&self) {
526:    fn print_variables(&self) {
593:    fn save_session(&self, path: &str) {
768:    fn show_examples(&self) {
915:    fn complete_offers_the_names_the_session_has_bound() {
933:    fn complete_offers_nothing_for_a_prefix_the_session_has_no_name_for() {
1101:    fn complete_offers_a_function_the_session_defined() {
---
76:    pub fn save_to_file(&self, path: impl AsRef<Path>) -> std::io::Result<()> {
93:    pub fn load_from_file(&mut self, path: impl AsRef<Path>) -> std::io::Result<()> {
244:    fn save_to_file_and_load_from_file_round_trip() {
[0m
[0m$ [0mcd /home/runner/work/rbops/rbops/redblue && sed -i \
 -e '18s|src/repl/mod.rs:243|src/repl/mod.rs:422|' \
 -e '38s|src/repl/mod.rs:234|src/repl/mod.rs:396|' \
 -e '46s|src/repl/mod.rs:277|src/repl/mod.rs:526|' \
 -e '62s|src/repl/mod.rs:210|src/repl/mod.rs:144|' \
 -e '98s|src/repl/mod.rs:251|src/repl/mod.rs:454|; 98s|src/repl/mod.rs:370|src/repl/mod.rs:768|' \
 -e '120s|src/repl/history.rs:69|src/repl/history.rs:76|' \
 -e '132s|src/repl/mod.rs:64|src/repl/mod.rs:111|' \
 phases/phase-033/FINDINGS.md && grep -oE "(mod|history)\.rs:[0-9]+" phases/phase-033/FINDINGS.md | sort -u
history.rs:76
mod.rs:111
mod.rs:144
mod.rs:396
mod.rs:422
mod.rs:454
mod.rs:526
mod.rs:768
[0m
[0m$ [0msed -n '55,70p;115,137p' phases/phase-033/FINDINGS.md
second, once #1 made a `set` a name the next line can read:
`Repl::session_bindings` reads the VM's bindings as well as the REPL's own map, so
`:vars` lists what the session has bound — `set alpha to 1` then `:vars` answers
with `alpha` rather than with `No variables defined.`

## 3. A stray `end` leaves the REPL stuck in continuation mode — `src/repl/mod.rs`

The multi-line detector is a suffix heuristic (`src/repl/mod.rs:144`):
a line opens a block if it ends with `then`/`end`/`to`/`else`/`while`/`repeat`.
Entering `..  ` mode is therefore easy and leaving it needs the exact line `end`.

```
$ printf 'say "hi"\nend\nsay "bye"\n' | rb
>>> hi
>>> ..  ..  Goodbye!      <- "bye" was buffered and never executed or reported
```

If string interpolation is wanted as a language feature it is its own phase, and
`Expr::InterpolatedText` plus the arm in `Vm::evaluate` that already matches it are
where it would land.

## 5. `ReplHistory::save_to_file`/`load_from_file` take `&str`, not a path — `src/repl/history.rs:76`

```rust
pub fn save_to_file(&self, path: &str) -> std::io::Result<()> {
```

The REPL hands these the raw word after `:save`, so a path that is not UTF-8
cannot be saved at all, and neither call site has to deal with a `Path`. **Fixed in the second review round.** Both take `impl AsRef<Path>`, the test
helper that lossily converted a `PathBuf` into a `&str` is gone, and a
`#[cfg(unix)]` test round-trips a history through a file whose own *name* is not
UTF-8 — which the `&str` signature could not express at all.

## 6. There is no way to reach the completer from the binary — `src/repl/mod.rs:111`

`Repl::complete` exists and is tested, but `run` reads with
`std::io::stdin().read_line`, which gives no line editing and no completion
hook. Wiring it needs either `rustyline` as a dependency or a hand-rolled
raw-mode reader. This phase made the completer *correct and reachable as API*; it
[0m
[0m← [0mEdit phases/phase-033/FINDINGS.md
Index: /home/runner/work/rbops/rbops/redblue/phases/phase-033/FINDINGS.md
===================================================================
--- /home/runner/work/rbops/rbops/redblue/phases/phase-033/FINDINGS.md
+++ /home/runner/work/rbops/rbops/redblue/phases/phase-033/FINDINGS.md
@@ -58,9 +58,11 @@
 with `alpha` rather than with `No variables defined.`
 
 ## 3. A stray `end` leaves the REPL stuck in continuation mode — `src/repl/mod.rs`
 
-The multi-line detector is a suffix heuristic (`src/repl/mod.rs:144`):
+The multi-line detector was a suffix heuristic (`Repl::needs_continuation`,
+`src/repl/mod.rs`, called from the read loop at `src/repl/mod.rs:144`; the heuristic
+it replaced is now `parser::open_block_depth`, src/parser.rs:2036):
 a line opens a block if it ends with `then`/`end`/`to`/`else`/`while`/`repeat`.
 Entering `..  ` mode is therefore easy and leaving it needs the exact line `end`.
 
 ```

[0m
[0m← [0mEdit phases/phase-033/FINDINGS.md
Index: /home/runner/work/rbops/rbops/redblue/phases/phase-033/FINDINGS.md
===================================================================
--- /home/runner/work/rbops/rbops/redblue/phases/phase-033/FINDINGS.md
+++ /home/runner/work/rbops/rbops/redblue/phases/phase-033/FINDINGS.md
@@ -118,10 +118,12 @@
 If string interpolation is wanted as a language feature it is its own phase, and
 `Expr::InterpolatedText` plus the arm in `Vm::evaluate` that already matches it are
 where it would land.
 
-## 5. `ReplHistory::save_to_file`/`load_from_file` take `&str`, not a path — `src/repl/history.rs:76`
+## 5. `ReplHistory::save_to_file`/`load_from_file` took `&str`, not a path — now `src/repl/history.rs:76`
 
+The signature as it stood when this finding was filed:
+
 ```rust
 pub fn save_to_file(&self, path: &str) -> std::io::Result<()> {
 ```
 

[0m
[0m$ [0msed -n '14,24p;34,50p' phases/phase-033/FINDINGS.md
$ printf 'set caught to yes\nsay caught\n' | rb
>>> Error: AnalyzerError: Unknown variable 'caught'
```

`Repl::run_code` (`src/repl/mod.rs:422`) lexes, parses and analyzes each line on
its own, and the analyzer's scope is built from that line alone. The VM is
reused across lines, so the *value* survives — but nothing tells the analyzer the
name exists, so the very next line is rejected statically. The same happens to a
function defined with `to`, and to an `import`ed module.

This makes the REPL unusable for the thing a REPL is for: state does not survive
unknown: the check is carried across lines, not switched off.

## 2. `:vars` reports only the last result value, under `_` — `src/repl/mod.rs`

`Repl::execute_code` (`src/repl/mod.rs:396`) inserts into `self.variables`
exactly one key, `"_"`, and only when a line produced a non-`Nothing` value:

```
$ printf 'set x to 1 + 1\n:vars\n' | rb
>>> No variables defined.
```

`print_variables` (`src/repl/mod.rs:526`) is therefore reachable with either
nothing or a single `_` entry, and it iterates a `HashMap` to print — which is
fine at 0 or 1 entries and nondeterministic at 2. Both halves of this should
change together: read the session's names from the VM, and sort before printing.
`tests/repl_test.rs:repl_shows_the_result_of_an_expression_under_vars` pins the
[0m
[0m→ [0mRead phases/phase-033/REPORT.md[90m [limit=14, offset=36][0m
[0m
[0m$ [0mgit diff --numstat 84b1c44 HEAD -- src/ tests/ | awk '{printf "| %s | +%s −%s |\n", $3, $1, $2}'
| src/analyzer.rs | +104 −0 |
| src/parser.rs | +289 −0 |
| src/repl/commands.rs | +638 −55 |
| src/repl/completer.rs | +316 −25 |
| src/repl/history.rs | +342 −3 |
| src/repl/mod.rs | +1476 −154 |
| src/vm.rs | +109 −6 |
| tests/parser_hardening_test.rs | +7 −0 |
| tests/repl_test.rs | +734 −0 |
[0m
[0m← [0mEdit phases/phase-033/REPORT.md
Index: /home/runner/work/rbops/rbops/redblue/phases/phase-033/REPORT.md
===================================================================
--- /home/runner/work/rbops/rbops/redblue/phases/phase-033/REPORT.md
+++ /home/runner/work/rbops/rbops/redblue/phases/phase-033/REPORT.md
@@ -33,16 +33,21 @@
 second half.
 
 ## What changed
 
+Line counts below are `git diff --numstat 84b1c44..HEAD` measured on the resume
+round, so they cover every round of the phase rather than the first attempt only.
+
 | File | Lines | What |
 |---|---|---|
-| src/repl/mod.rs | +196 −65 | `handle_command` now `match`es on `ReplCommand::parse` instead of re-parsing the command word against its own copy of the table — the second table is deleted, not relocated. `history: Vec<String>` → `ReplHistory` (with `HISTORY_LIMIT`, `src/repl/mod.rs:21`); `save_session` writes through `ReplHistory::save_to_file`, which is the same format `load_from_file` reads, instead of `join("\n")`+`write`; the read loop breaks on `Ok(0)` so EOF terminates; `Repl::complete` + `session_names` wire the completer into the session |
-| src/repl/commands.rs | +193 −7 | `ReplCommand::NotACommand` and `ReplCommand::MissingArgument { command, usage }` added, `#[derive(Debug, PartialEq, Eq)]`, and 6 unit tests |
-| src/repl/completer.rs | +172 | `complete_with(word, names)` merges a session's own names into the static vocabulary; `complete` delegates to it; 11 unit tests |
-| src/repl/history.rs | +252 | a `max_size == 0` guard in `push`, and 15 unit tests |
-| src/vm.rs | +19 | `Vm::user_names()` — a VM's own bindings minus the stdlib's, sorted, so completion can offer what a session defined without offering every builtin |
-| tests/repl_test.rs | +238 | 10 end-to-end tests that drive the real `rb` binary over a pipe |
+| src/repl/mod.rs | +1476 −154 | `handle_command` now `match`es on `ReplCommand::parse` instead of re-parsing the command word against its own copy of the table — the second table is deleted, not relocated. `history: Vec<String>` → `ReplHistory` (with `HISTORY_LIMIT`, `src/repl/mod.rs:21`); `save_session` writes through `ReplHistory::save_to_file`, which is the same format `load_from_file` reads, instead of `join("\n")`+`write`; the read loop breaks on `Ok(0)` so EOF terminates; `Repl::complete` + `session_names` wire the completer into the session; 38 unit tests |
+| src/repl/commands.rs | +638 −55 | the single alias table (`COMMAND_TABLE`, src/repl/commands.rs:78) with `ReplCommand::NotACommand`, `MissingArgument` and `Restore` added and `#[derive(Debug, PartialEq, Eq)]`; 14 unit tests |
+| src/repl/completer.rs | +316 −25 | `complete_with(word, names)` merges a session's own names into the static vocabulary; `complete` delegates to it; 15 unit tests |
+| src/repl/history.rs | +342 −3 | `ReplHistory` replaces the REPL's `Vec<String>`; a `max_size == 0` guard in `push`; `save_to_file`/`load_from_file` take `impl AsRef<Path>`; 18 unit tests |
+| src/parser.rs | +289 −0 | `parser::open_block_depth` (src/parser.rs:2036) — the block detector counted from tokens instead of matching the last word of a line; 10 unit tests |
+| src/analyzer.rs | +104 −0 | `Analyzer::with_bound_names` / `analyze_with_bound_names`, so a line can read a name an earlier line bound; 4 unit tests |
+| src/vm.rs | +109 −6 | `Vm::user_names` / `user_value` / `user_functions` — the bindings a session made, minus the stdlib's, so `:vars`, `:funcs`, `:inspect` and completion read the session; `get_var` delegates to a new borrowing `get_var_ref` |
+| tests/repl_test.rs | +734 −0 | 34 end-to-end tests that drive the real `rb` binary over a pipe |
 
 ### Why two new variants on `ReplCommand`
 
 Routing through the existing table failed three of the ten end-to-end tests on

[0m
[0m$ [0mgrep -c '#\[test\]' src/parser.rs src/analyzer.rs src/vm.rs; grep -n "fn run_code" src/repl/mod.rs; grep -n "static COMMAND_TABLE" src/repl/commands.rs
src/parser.rs:11
src/analyzer.rs:4
src/vm.rs:0
422:    fn run_code(&mut self, code: &str) -> Result<Value, crate::error::Error> {
78:static COMMAND_TABLE: &[CommandSpec] = &[
[0m
[0m← [0mEdit phases/phase-033/REPORT.md
Index: /home/runner/work/rbops/rbops/redblue/phases/phase-033/REPORT.md
===================================================================
--- /home/runner/work/rbops/rbops/redblue/phases/phase-033/REPORT.md
+++ /home/runner/work/rbops/rbops/redblue/phases/phase-033/REPORT.md
@@ -69,12 +69,12 @@
 command", and an authority has to answer that question correctly.
 
 ## Tests added
 
-Counted with `grep -c` on the tree at `2804ab8`: **85 `#[test]` functions in
-`src/repl/`** (commands 14, completer 15, history 18, mod 38) and **34 in
-`tests/repl_test.rs`**, of which 50 and 26 are named `edge_*`.
-Quota: ≥3 new `#[test]` ✔ (119), ≥1 named `edge_*` ✔ (76), ≥1 asserting a
+Counted with `grep -c` on the tree at `2804ab8`: **133 new `#[test]` functions** —
+85 in `src/repl/` (commands 14, completer 15, history 18, mod 38), 34 in
+`tests/repl_test.rs`, 10 in `src/parser.rs` and 4 in `src/analyzer.rs`.
+Quota: ≥3 new `#[test]` ✔ (133), ≥1 named `edge_*` ✔, ≥1 asserting a
 failure ✔ (`edge_load_of_a_missing_file_is_reported_as_an_error`,
 `edge_load_of_a_missing_path_reports_the_failure`,
 `edge_command_missing_its_argument_is_reported_not_guessed`,
 `repl_reports_an_uncaught_error_and_stays_alive`).

[0m
Now re-run the gates on the final tree:
[0m$ [0mcargo fmt --all -- --check && echo "FMT: pass"; cargo clippy --all-targets -- -D warnings 2>&1 | tail -2; cargo test --all-targets 2>&1 | tee ./target/tmp/final.txt | grep -E "FAILED|failures:|error\[" | head; grep -E "^test result" ./target/tmp/final.txt | awk -F'ok. ' '{split($2,a," "); s+=a[1]; f+=a[3]} END {print "PASSED:", s, "FAILED:", f}'; cargo test --doc 2>&1 | grep -E "^test result"
FMT: pass
[1m[92m    Finished[0m `dev` profile [unoptimized] target(s) in 0.09s
PASSED: 977 FAILED: 0
test result: ok. 1 passed; 0 failed; 0 ignored; 0 measured; 0 filtered out; finished in 0.15s
[0m
[0m$ [0mgit status --short; git diff --stat
M phases/phase-033/FINDINGS.md
 M phases/phase-033/REPORT.md
 M src/repl/commands.rs
 phases/phase-033/FINDINGS.md | 18 ++++++----
 phases/phase-033/REPORT.md   | 83 +++++++++++++++++++++++++++++---------------
 src/repl/commands.rs         | 17 +++++++++
 3 files changed, 83 insertions(+), 35 deletions(-)
[0m
[0m$ [0mgit diff 84b1c44 -- src/ tests/ | grep -cE "^\+.*(#\[ignore\]|allow\(clippy|allow\(dead_code|// skip)"; echo "---"; grep -n "target/" .gitignore
0
---
2:/target/
[0m
Gates on the final tree:

| Gate | Result |
|---|---|
| `cargo fmt --all -- --check` | pass, no diff |
| `cargo clippy --all-targets -- -D warnings` | pass, zero warnings, no `allow(` added |
| `cargo test --all-targets` | 977 passed, 0 failed, 0 ignored |
| `cargo test --doc` | 1 passed |
| `./rbops/verify.sh phase-033` | **not run — `rbops/` is not in this checkout** (`ls rbops` → No such file or directory) |

What this round changed (nothing reverted, no existing test touched):
- `src/repl/commands.rs:660` — new `edge_every_command_in_the_table_names_itself`. `ReplCommand::parse` reads `spec.names[0]` (src/repl/commands.rs:300), the only indexing in the phase's production code; a `COMMAND_TABLE` row with an empty `names` array would panic there, while `names()`/`bare_names()` only flatten and would have stayed green.
- `phases/phase-033/REPORT.md` — Gates table re-measured (not copied), test/line counts re-counted, stale `file:line` anchors corrected to the lines that actually hold the cited code.
- `phases/phase-033/FINDINGS.md` — anchors corrected; two now read as pre-fix state explicitly.

The previously reported flakiness in `edge_a_decoded_chunk_runs_identically_to_the_compiled_one` did not reproduce: 9 of 9 passes (8 alone, 1 in a full suite). Left alone — not this phase's test, and not something to narrow.

DONE
