[93m[1m! [0m agent "reviewer" not found. Falling back to default agent
[0m
> build · muse-spark-1.3-contributor-free
[0m
Round-1 review: hunting what the green gate missed.
[0m→ [0mRead .
[0m→ [0mRead AGENTS.md
[0m✱ [0mGlob ".opencode/agent/reviewer.md"[90m in . · 0 matches[0m
[0m→ [0mRead src/parser.rs
[0m→ [0mRead tests/parser_hardening_test.rs
[0m✱ [0mGlob "**/reviewer.md"[90m in . · 0 matches[0m
[0m→ [0mRead phases/phase-010/REPORT.md
I've mapped the depth-counter design — now probing the gaps it leaves open.
[0m
[0m$ [0mcargo build --bin rb 2>&1 | tail -5; ls target/debug/rb
[1m[92m    Finished[0m `dev` profile [unoptimized] target(s) in 0.08s
target/debug/rb
[0m
[0m$ [0mpython3 -c "open('/tmp/prop.rb','w').write('set x to y' + '.a'*50000 + '\n')"; timeout 20 ./target/debug/rb format /tmp/prop.rb > /tmp/prop.out 2>&1; echo "exit=$?"; head -c 500 /tmp/prop.out; echo
/bin/bash: line 1: 20310 Aborted                 timeout 20 ./target/debug/rb format /tmp/prop.rb > /tmp/prop.out 2>&1
exit=134

thread 'main' (20311) has overflowed its stack
fatal runtime error: stack overflow, aborting
timeout: the monitored command dumped core
[0m
[0m$ [0mpython3 -c "open('/tmp/idx.rb','w').write('set x to y' + '[1]'*50000 + '\n')"; timeout 20 ./target/debug/rb format /tmp/idx.rb > /tmp/idx.out 2>&1; echo "idx exit=$?"; head -c 300 /tmp/idx.out; echo "---"; python3 -c "open('/tmp/mix.rb','w').write('if true then\n'*60 + 'set x to ' + '['*60 + '1' + ']'*60 + '\n' + 'end\n'*60)"; timeout 20 ./target/debug/rb format /tmp/mix.rb > /tmp/mix.out 2>&1; echo "mix exit=$?"; head -c 500 /tmp/mix.out; echo
/bin/bash: line 1: 20344 Aborted                 timeout 20 ./target/debug/rb format /tmp/idx.rb > /tmp/idx.out 2>&1
idx exit=134

thread 'main' (20345) has overflowed its stack
fatal runtime error: stack overflow, aborting
timeout: the monitored command dumped core
---
mix exit=0
if true
if true
if true
if true
if true
if true
if true
if true
if true
if true
if true
if true
if true
if true
if true
if true
if true
if true
if true
if true
if true
if true
if true
if true
if true
if true
if true
if true
if true
if true
if true
if true
if true
if true
if true
if true
if true
if true
if true
if true
if true
if true
if true
if true
if true
if true
if true
if true
if true
if true
if true
if true
if true
if true
if true
if true
if true
if true
if true
if true
set x  to [ [ [ [ [
[0m
[93m[1m! [0mpermission requested: external_directory (/tmp/*); auto-rejecting
[0m✗ [0mpython3 -c "open('/tmp/mix2.rb','w').write('if true then\n'*64 + 'set x to ' + '['*64 + '1' + ']'*64 + '\n' + 'end\n'*64)"; timeout 20 ./target/debug/rb format /tmp/mix2.rb > /tmp/mix2.out 2>&1; echo "mix64 exit=$?"; head -c 300 /tmp/mix2.out; echo; echo "==="; cat /tmp/idx.out | head -c 300; echo; python3 -c "open('/tmp/prop2.rb','w').write('set x to y' + '.a'*1000 + '\n')"; timeout 20 ./target/debug/rb format /tmp/prop2.rb > /tmp/prop2.out 2>&1; echo "prop1000 exit=$?"; head -c 300 /tmp/prop2.out; echo failed
[91m[1mError: [0mThe user rejected permission to use this specific tool call.
