[0m
> build · space-bunny-free
[0m
[0m$ [0mcargo fmt --all -- --check 2>&1 | tail -20
(no output)
[0m
[0m$ [0mls phases/phase-015/ 2>&1; ls
FINDINGS.md
REPORT.md
AGENTS.md
CODE_OF_CONDUCT.md
CONTRIBUTING.md
Cargo.lock
Cargo.toml
HANDOUT.md
LICENSE
PHILOSOPHY.md
README.md
ROADMAP.md
SPEC.md
docs
err.txt
errors.txt
examples
export.sh
modules
phases
src
target
test.redblue
tests
tooling
[0m
I'll start by running the four gates to see the current state.
[0m→ [0mRead phases/phase-015/REPORT.md
[0m→ [0mRead phases/phase-015/FINDINGS.md
Previous attempt claims completion. Let me verify with the actual gates.
[0m
[0m$ [0mls rbops/ 2>&1; ls .opencode 2>&1; git log --oneline -5
ls: cannot access 'rbops/': No such file or directory
ls: cannot access '.opencode': No such file or directory
58d9644 rbops: phase-015 (2026-10-04T12:38:03Z)
329e83d rbops: phase-015 (2026-10-04T12:30:57Z)
27d4aeb rbops: phase-014 (2026-10-04T11:39:19Z)
e2f72aa rbops: phase-013 (2026-10-04T11:19:22Z)
570671b rbops: phase-012 (2026-10-04T10:53:28Z)
[0m
[0m$ [0mcargo clippy --all-targets -- -D warnings 2>&1 | tail -30
[1m[92m    Checking[0m h2 v0.3.27
[1m[92m    Checking[0m httpdate v1.0.3
[1m[92m    Checking[0m tower-service v0.3.3
[1m[92m    Checking[0m tokio-native-tls v0.3.1
[1m[92m    Checking[0m idna v1.1.0
[1m[92m    Checking[0m aho-corasick v1.1.5
[1m[92m    Checking[0m regex-syntax v0.8.11
[1m[92m    Checking[0m simdutf8 v0.1.5
[1m[92m    Checking[0m ryu v1.0.23
[1m[92m    Checking[0m scopeguard v1.2.0
[1m[92m    Checking[0m base64 v0.21.7
[1m[92m    Checking[0m core_detect v1.0.0
[1m[92m    Checking[0m serde v1.0.229
[1m[92m    Checking[0m encoding_rs v0.8.42
[1m[92m    Checking[0m serde_urlencoded v0.7.1
[1m[92m    Checking[0m regex-automata v0.4.18
[1m[92m    Checking[0m rustls-pemfile v1.0.4
[1m[92m    Checking[0m url v2.5.8
[1m[92m    Checking[0m hyper v0.14.32
[1m[92m    Checking[0m num-traits v0.2.19
[1m[92m    Checking[0m iana-time-zone v0.1.65
[1m[92m    Checking[0m mime v0.3.17
[1m[92m    Checking[0m sync_wrapper v0.1.2
[1m[92m    Checking[0m ipnet v2.12.2
[1m[92m    Checking[0m chrono v0.4.45
[1m[92m    Checking[0m regex v1.13.1
[1m[92m    Checking[0m hyper-tls v0.5.0
[1m[92m    Checking[0m reqwest v0.11.27
[1m[92m    Checking[0m redblue v0.1.0 (/home/runner/work/rbops/rbops/redblue)
[1m[92m    Finished[0m `dev` profile [unoptimized] target(s) in 9.48s
[0m
Clippy clean. Now the test suite.
[0m$ [0mcargo test --all-targets 2>&1 | tail -60
test edge_render_of_a_span_past_the_last_line_still_reports_the_location ... ok
test edge_render_without_a_file_omits_the_file_name ... ok
test edge_empty_source_is_a_valid_empty_program ... ok
test edge_unknown_span_renders_message_only ... ok
test test_analyzer_error_carries_position ... ok
test test_io_error_has_no_span ... ok
test edge_runtime_error_inside_a_loop_reports_the_inner_statement ... ok
test test_every_failed_program_reports_a_position ... ok
test edge_runtime_error_reports_the_statement_position ... ok
test test_lexer_error_carries_position ... ok
test test_parser_error_reports_line_and_column ... ok
test test_render_draws_source_line_and_caret ... ok

test result: ok. 15 passed; 0 failed; 0 ignored; 0 measured; 0 filtered out; finished in 0.00s

[1m[92m     Running[0m tests/stdlib_modules_test.rs (target/debug/deps/stdlib_modules_test-44e8a6e80a6961d9)

running 39 tests
test csv_quoted_field_keeps_its_inner_spaces ... ok
test csv_doubled_quote_is_one_literal_quote ... ok
test csv_quoted_field_may_contain_a_newline ... ok
test csv_quoted_field_with_embedded_comma_is_one_cell ... ok
test csv_unicode_cells_survive_the_parse ... ok
test edge_csv_argument_of_the_wrong_type_is_an_error ... ok
test csv_parses_crlf_and_lf_the_same ... ok
test edge_csv_ragged_rows_keep_their_own_cells ... ok
test edge_csv_row_index_out_of_bounds_is_a_clean_error ... ok
test edge_csv_empty_text_and_a_blank_line ... ok
test edge_csv_unterminated_quote_is_an_error ... ok
test edge_files_paths_that_name_nothing_readable_are_errors ... ok
test edge_empty_file_reads_as_empty_text ... ok
test edge_files_unreadable_file_is_an_error_when_unprivileged ... ok
test edge_json_argument_of_the_wrong_type_is_an_error ... ok
test edge_files_read_of_a_missing_file_is_a_catchable_error ... ok
test edge_files_argument_of_the_wrong_type_is_an_error ... ok
test edge_json_control_characters_are_escaped_on_write ... ok
test edge_json_duplicate_key_keeps_the_last_value ... ok
test edge_json_missing_field_is_nothing_and_present_field_is_not ... ok
test edge_json_numeric_boundaries ... ok
test edge_json_malformed_input_is_an_error ... ok
test edge_json_singleton_and_scalar_values ... ok
test edge_unknown_json_escape_is_an_error_not_silent_corruption ... ok
test files_append_creates_then_appends ... ok
test files_copy_and_rename_move_content ... ok
test files_exists_and_delete_bracket_a_files_life ... ok
test files_handles_a_path_with_spaces ... ok
test files_lines_splits_lines_and_keeps_blank_ones ... ok
test files_write_then_read_round_trips_in_a_temp_dir ... ok
test files_paths_are_relative_to_the_working_directory_and_not_confined ... ok
test json_record_keys_are_escaped_when_written ... ok
test json_stringify_keeps_field_order ... ok
test json_round_trips_nesting_unicode_and_empty_containers ... ok
test json_unicode_text_survives_stringify_unchanged ... ok
test json_unicode_escape_decodes_to_its_character ... ok
test edge_network_rejects_an_argument_that_is_not_a_url ... ok
test network_timeouts_are_published_and_bounded ... ok
test edge_network_get_to_a_black_holed_address_gives_up ... ok

test result: ok. 39 passed; 0 failed; 0 ignored; 0 measured; 0 filtered out; finished in 5.13s
[0m
[0m$ [0mcargo test --all-targets 2>&1 | grep -E "^test result|error|FAILED|panicked" | sort | uniq -c
1 test an_index_that_is_not_a_whole_number_is_a_runtime_error ... ok
      1 test depth_error_is_catchable_by_try_catch ... ok
      1 test edge_a_closure_calling_an_undefined_name_is_a_caught_error ... ok
      1 test edge_a_malformed_number_literal_is_a_lexer_error_not_a_silent_zero ... ok
      1 test edge_an_index_at_the_numeric_limit_is_an_error_not_a_panic ... ok
      1 test edge_an_out_of_bounds_error_names_the_index_it_was_given ... ok
      1 test edge_count_beyond_i64_is_a_clean_error_not_a_panic ... ok
      1 test edge_csv_argument_of_the_wrong_type_is_an_error ... ok
      1 test edge_csv_row_index_out_of_bounds_is_a_clean_error ... ok
      1 test edge_csv_unterminated_quote_is_an_error ... ok
      1 test edge_deep_nesting_is_a_clean_error_not_a_stack_overflow ... ok
      1 test edge_deep_unary_chain_is_a_clean_error_not_a_stack_overflow ... ok
      1 test edge_deeply_nested_blocks_are_a_clean_error_not_a_stack_overflow ... ok
      1 test edge_deeply_nested_functions_are_a_clean_error_not_a_stack_overflow ... ok
      1 test edge_division_by_zero_is_a_runtime_error_not_an_assertion ... ok
      1 test edge_division_by_zero_still_reports_an_error_for_every_numerator ... ok
      1 test edge_error_on_first_line_points_at_line_one ... ok
      1 test edge_error_on_last_line_points_at_the_last_line ... ok
      1 test edge_escape_at_end_of_input_inside_a_string_is_still_an_error ... ok
      1 test edge_files_argument_of_the_wrong_type_is_an_error ... ok
      1 test edge_files_paths_that_name_nothing_readable_are_errors ... ok
      1 test edge_files_read_of_a_missing_file_is_a_catchable_error ... ok
      1 test edge_files_unreadable_file_is_an_error_when_unprivileged ... ok
      1 test edge_invalid_utf8_file_is_an_io_error_not_a_panic ... ok
      1 test edge_json_argument_of_the_wrong_type_is_an_error ... ok
      1 test edge_json_malformed_input_is_an_error ... ok
      1 test edge_long_flat_binary_chain_is_a_clean_error_not_a_stack_overflow ... ok
      1 test edge_malformed_expect_is_a_parse_error ... ok
      1 test edge_malformed_object_declarations_are_parse_errors ... ok
      1 test edge_method_call_on_a_field_is_an_error ... ok
      1 test edge_non_utf8_rb_file_is_reported_as_an_io_error ... ok
      1 test edge_object_method_that_does_not_exist_is_an_error ... ok
      1 test edge_out_of_bounds_index_is_a_runtime_error_not_a_silent_nothing ... ok
      1 test edge_overflow_to_a_non_finite_number_is_a_runtime_error ... ok
      1 test edge_runtime_error_inside_a_loop_reports_the_inner_statement ... ok
      1 test edge_runtime_error_reports_the_statement_position ... ok
      1 test edge_this_outside_a_method_is_an_error ... ok
      1 test edge_unbounded_closure_recursion_is_a_caught_error ... ok
      1 test edge_unclosed_block_is_a_parser_error ... ok
      1 test edge_unclosed_constructs_produce_spanned_parser_errors ... ok
      1 test edge_unclosed_string_is_a_spanned_lexer_error ... ok
      1 test edge_unknown_json_escape_is_an_error_not_silent_corruption ... ok
      1 test indexing_a_non_list_or_a_field_of_a_non_record_is_a_runtime_error ... ok
      1 test indexing_into_an_empty_list_is_a_runtime_error ... ok
      1 test infinite_recursion_is_a_runtime_error_not_a_stack_overflow ... ok
      1 test infinite_while_loop_terminates_with_a_clean_error ... ok
      1 test malformed_input_error_names_what_it_expected ... ok
      1 test modulo_by_zero_is_a_runtime_error ... ok
      1 test result: ok. 0 passed; 0 failed; 0 ignored; 0 measured; 0 filtered out; finished in 0.00s
      1 test result: ok. 11 passed; 0 failed; 0 ignored; 0 measured; 0 filtered out; finished in 0.20s
      1 test result: ok. 13 passed; 0 failed; 0 ignored; 0 measured; 0 filtered out; finished in 0.28s
      1 test result: ok. 15 passed; 0 failed; 0 ignored; 0 measured; 0 filtered out; finished in 0.00s
      1 test result: ok. 16 passed; 0 failed; 0 ignored; 0 measured; 0 filtered out; finished in 0.00s
      1 test result: ok. 20 passed; 0 failed; 0 ignored; 0 measured; 0 filtered out; finished in 0.00s
      1 test result: ok. 21 passed; 0 failed; 0 ignored; 0 measured; 0 filtered out; finished in 0.01s
      1 test result: ok. 22 passed; 0 failed; 0 ignored; 0 measured; 0 filtered out; finished in 1.01s
      1 test result: ok. 23 passed; 0 failed; 0 ignored; 0 measured; 0 filtered out; finished in 0.07s
      1 test result: ok. 25 passed; 0 failed; 0 ignored; 0 measured; 0 filtered out; finished in 0.10s
      1 test result: ok. 26 passed; 0 failed; 0 ignored; 0 measured; 0 filtered out; finished in 0.04s
      1 test result: ok. 26 passed; 0 failed; 0 ignored; 0 measured; 0 filtered out; finished in 0.11s
      1 test result: ok. 39 passed; 0 failed; 0 ignored; 0 measured; 0 filtered out; finished in 0.67s
      1 test result: ok. 39 passed; 0 failed; 0 ignored; 0 measured; 0 filtered out; finished in 5.14s
      1 test result: ok. 5 passed; 0 failed; 0 ignored; 0 measured; 0 filtered out; finished in 0.00s
      1 test result: ok. 6 passed; 0 failed; 0 ignored; 0 measured; 0 filtered out; finished in 0.00s
      1 test result: ok. 8 passed; 0 failed; 0 ignored; 0 measured; 0 filtered out; finished in 0.00s
      1 test result: ok. 8 passed; 0 failed; 0 ignored; 0 measured; 0 filtered out; finished in 0.31s
      1 test test_analyzer_error_carries_position ... ok
      1 test test_io_error_has_no_span ... ok
      1 test test_lexer_error_carries_position ... ok
      1 test test_malformed_json_object_is_an_error_not_a_reordered_record ... ok
      1 test test_parser_error_reports_line_and_column ... ok
      1 test test_property_access_on_a_list_is_a_runtime_error ... ok
      1 test test_record_literal_missing_colon_is_a_parse_error ... ok
      1 test test_unterminated_string_is_a_spanned_lexer_error ... ok
      1 test type_mismatch_shaped_input_is_a_parser_error_not_a_panic ... ok
[0m
[0m$ [0mgit show --stat HEAD 2>&1 | head -30; echo "=== PREV ==="; git show --stat HEAD~1 2>&1 | head -30
commit 58d96441ac0d37f401d462486a87f6f92554625e
Author: rbops-bot <rbops-bot@users.noreply.github.com>
Date:   Sun Oct 4 12:38:03 2026 +0000

    rbops: phase-015 (2026-10-04T12:38:03Z)

 phases/phase-015/FINDINGS.md |  78 +++++++++++++++++++++
 phases/phase-015/REPORT.md   | 157 +++++++++++++++++++++++++++++++++++++++++++
 2 files changed, 235 insertions(+)
=== PREV ===
commit 329e83d9c23d73ad15feab853a0d362eb59b4dde
Author: rbops-bot <rbops-bot@users.noreply.github.com>
Date:   Sun Oct 4 12:30:57 2026 +0000

    rbops: phase-015 (2026-10-04T12:30:57Z)

 src/formatter.rs        | 531 ++++++++++++++++++--------
 src/lib.rs              |   2 +-
 tests/formatter_test.rs | 978 ++++++++++++++++++++++++++++++++++++++++++++++++
 3 files changed, 1363 insertions(+), 148 deletions(-)
[0m
Gates 1-3 pass (323 tests). Gate 4 (`rbops/`) is absent from this checkout. Let me verify the previous attempt's claims independently.
[0m$ [0mwc -l src/formatter.rs tests/formatter_test.rs src/lib.rs 2>&1
713 src/formatter.rs
  978 tests/formatter_test.rs
  220 src/lib.rs
 1911 total
[0m
[0m→ [0mRead src/lib.rs[90m [offset=120, limit=70][0m
[0m
[0m$ [0mcargo build 2>&1 | tail -3
[1m[92m    Finished[0m `dev` profile [unoptimized] target(s) in 0.06s
[0m
Now let me independently verify the definition-of-done claims with the real binary.
[0m$ [0mmkdir -p target/tmp/p15 && cd target/tmp/p15 && RB=../../../target/debug/rb
# 1. exact comparison incl trailing newline / whitespace / CRLF
printf 'say "hi"\n   \n' > a.rb; $RB format --check a.rb >/dev/null 2>&1; echo "trailing-ws  exit=$?"
printf 'say "hi"'      > b.rb; $RB format --check b.rb >/dev/null 2>&1; echo "no-newline    exit=$?"
printf 'say "hi"\r\n'  > c.rb; $RB format --check c.rb >/dev/null 2>&1; echo "crlf          exit=$?"
printf 'say "hi"\n'    > d.rb; $RB format --check d.rb >/dev/null 2>&1; echo "formatted     exit=$?"
printf 'say "hi"\n\n'  > e.rb; $RB format --check e.rb >/dev/null 2>&1; echo "extra-blank   exit=$?"
trailing-ws  exit=1
no-newline    exit=1
crlf          exit=1
formatted     exit=0
extra-blank   exit=1
[0m
The finding is fixed. Now independent idempotence + `--check` sweep across the whole repo:
[0m$ [0mcd /home/runner/work/rbops/rbops/redblue && RB=$PWD/target/debug/rb
fail=0; n=0
for f in $(ls examples/*.rb modules/*.rb tests/*.rb 2>/dev/null); do
  n=$((n+1))
  $RB format "$f" > target/tmp/p15/once.rb 2>/dev/null || { echo "FORMAT-ERR $f"; fail=$((fail+1)); continue; }
  $RB format target/tmp/p15/once.rb > target/tmp/p15/twice.rb 2>/dev/null || { echo "REFORMAT-ERR $f"; fail=$((fail+1)); continue; }
  cmp -s target/tmp/p15/once.rb target/tmp/p15/twice.rb || { echo "NOT-IDEMPOTENT $f"; fail=$((fail+1)); }
  cp target/tmp/p15/once.rb target/tmp/p15/chk.rb
  $RB format --check target/tmp/p15/chk.rb >/dev/null 2>&1 || { echo "CHECK-REJECTS-OWN-OUTPUT $f"; fail=$((fail+1)); }
  c=$(grep -c '//' "$f"); d=$(grep -c '//' target/tmp/p15/once.rb)
  [ "$c" = "$d" ] || echo "COMMENT-COUNT $f src=$c fmt=$d"
done
echo "files=$n problems=$fail"
FORMAT-ERR modules/MathUtils.rb
files=21 problems=1
[0m
[0m$ [0mcd /home/runner/work/rbops/rbops/redblue && git log --oneline -1 -- modules/MathUtils.rb; echo "--- run ---"; target/debug/rb run modules/MathUtils.rb; echo "exit=$?"; echo "--- was it touched by phase-015? ---"; git diff --name-only 27d4aeb HEAD | grep -i math || echo "NOT touched by phase-015"
0eb5f90 v0.1.1 - Build cleanup and warning fixes
--- run ---
Error: ParserError: Expected function name
  --> modules/MathUtils.rb:4:16
4 | constant PI to 3.14159
  |                ^
exit=1
--- was it touched by phase-015? ---
NOT touched by phase-015
[0m
[0m$ [0mcd /home/runner/work/rbops/rbops/redblue && git stash list; git show 27d4aeb:modules/MathUtils.rb > target/tmp/p15/old_math.rb && target/debug/rb run target/tmp/p15/old_math.rb; echo "pre-phase-015 exit=$?"
Error: ParserError: Expected function name
  --> target/tmp/p15/old_math.rb:4:16
4 | constant PI to 3.14159
  |                ^
pre-phase-015 exit=1
[0m
Only `modules/MathUtils.rb` fails. Let me verify the previous attempt's claim that it's pre-existing:
[0m$ [0mcd /home/runner/work/rbops/rbops/redblue && ls modules/ tests/ | head -40
modules/:
MathUtils.rb
SuiteKit.rb

tests/:
call_depth_test.rs
closure_capture_test.rs
discovery_test.rs
expect_test.rs
formatter_test.rs
index_bounds_test.rs
integration_test.rb
lexer_robustness_test.rs
loop_bounds_test.rs
numeric_edge_test.rs
object_model_test.rs
parser_hardening_test.rs
record_order_test.rs
redblue_suite_test.rs
redblue_test.rs
span_test.rs
stdlib_modules_test.rs
suite.rb
test_arithmetic.rb
test_closures.rb
test_control_flow.rb
test_functions.rb
test_lists.rb
test_modules.rb
test_numeric_edges.rb
test_object_model.rb
test_objects.rb
test_records.rb
test_text.rb
[0m
[0m$ [0mcd /home/runner/work/rbops/rbops/redblue && RB=$PWD/target/debug/rb && for f in modules/*.rb; do printf '%s: ' "$f"; $RB run "$f" >/dev/null 2>&1 && echo RUNS || echo BROKEN; done
modules/MathUtils.rb: BROKEN
modules/SuiteKit.rb: RUNS
[0m
F1 confirmed pre-existing and unrelated. Now hunting as the reviewer would — stress the new formatter for panics and semantic drift:
[0m$ [0mcd /home/runner/work/rbops/rbops/redblue && grep -n "unwrap()\|expect(\|panic!\|\[0\]\|\.remove(\|unreachable" src/formatter.rs
(no output)
[0m
[0m$ [0mcd /home/runner/work/rbops/rbops/redblue && cat > target/tmp/p15/fuzz.py <<'PY'
import random, subprocess, glob, os, sys
RB = os.path.abspath("target/debug/rb")
files = sorted(glob.glob("examples/*.rb") + glob.glob("tests/*.rb") + glob.glob("modules/*.rb"))
random.seed(7)
def fmt(src):
    p = subprocess.run([RB,"format","-"],capture_output=True,text=True,input=src) if False else None
    return p
def fmt_file(path):
    r = subprocess.run([RB,"format",path],capture_output=True,text=True)
    return r.returncode, r.stdout
def fmt_src(src):
    open("target/tmp/p15/in.rb","w").write(src)
    return fmt_file("target/tmp/p15/in.rb")
def strip_spans(x):
    # Program debug output; spans differ after reformat only by line/col, so strip them
    import re
    return re.sub(r'Span \{[^}]*\}','Span',x)
bad = 0; tried = 0
for f in files:
    src = open(f).read()
    for _ in range(40):
        lines = src.split("\n")
        op = random.choice(["del","dup","blank","indent","comment","trail","crlf"])
        i = random.randrange(len(lines))
        if op=="del": del lines[i]
        elif op=="dup": lines.insert(i,lines[i])
        elif op=="blank": lines.insert(i,"")
        elif op=="indent": lines.insert(i, random.choice(["\t","  ","    "])+"x")
        elif op=="comment": lines.insert(i, random.choice(["//c","//","// a b c","   // x"]))
        elif op=="trail": lines[i]=lines[i]+"   "
        elif op=="crlf": src = src.replace("\n","\r\n")
        m = "\n".join(lines) if op!="crlf" else src
        tried += 1
        rc1,o1 = fmt_src(m)
        if rc1!=0: continue          # malformed input: correctly rejected
        rc2,o2 = fmt_src(o1)
        if rc2!=0:
            print("REFORMAT-ERR after format:",f,op,repr(m[:120])); bad+=1; continue
        if o1!=o2:
            print("NOT-IDEMPOTENT:",f,op,repr(m[:160])); bad+=1; continue
        # semantics: run original vs formatted
        ra=subprocess.run([RB,"run","target/tmp/p15/in.rb"],capture_output=True,text=True)
        open("target/tmp/p15/out.rb","w").write(o1)
        rb2=subprocess.run([RB,"run","target/tmp/p15/out.rb"],capture_output=True,text=True)
        if (ra.returncode,ra.stdout)!=(rb2.returncode,rb2.stdout):
            print("SEMANTIC DRIFT:",f,op,"rc",ra.returncode,rb2.returncode)
            print("  src:",repr(m[:160])); print("  fmt:",repr(o1[:160]))
            print("  out1:",repr(ra.stdout[:120])); print("  out2:",repr(rb2.stdout[:120]))
            bad+=1
print("tried=%d bad=%d"%(tried,bad))
PY
timeout 900 python3 target/tmp/p15/fuzz.py 2>&1 | tail -40
src: '// Time Module Example\r\r\r\n// Demonstrates time functions\r\r\r\n\r\r\r\n// Get current time\r\r\r\nset now to time.now()\r\r\r\nsay "Current time:"\r\r\r\nsay now\r\r\r\n\r\r\r\n// Get Uni'
  fmt: '// Time Module Example\n// Demonstrates time functions\n// Get current time\nset now to time.now()\nsay "Current time:"\nsay now\n// Get Unix timestamp\nset timestamp '
  out1: 'Current time:\n{seconds: 1791117765, nanoseconds: 270241350}\nUnix timestamp:\n1791117765\nSleeping for 1 second...\nFormatte'
  out2: 'Current time:\n{seconds: 1791117766, nanoseconds: 274298938}\nUnix timestamp:\n1791117766\nSleeping for 1 second...\nFormatte'
SEMANTIC DRIFT: examples/time.rb crlf rc 0 0
  src: '// Time Module Example\r\r\r\r\n// Demonstrates time functions\r\r\r\r\n\r\r\r\r\n// Get current time\r\r\r\r\nset now to time.now()\r\r\r\r\nsay "Current time:"\r\r\r\r\nsay now\r\r\r\r\n\r\r\r\r\n//'
  fmt: '// Time Module Example\n// Demonstrates time functions\n// Get current time\nset now to time.now()\nsay "Current time:"\nsay now\n// Get Unix timestamp\nset timestamp '
  out1: 'Current time:\n{seconds: 1791117767, nanoseconds: 282801738}\nUnix timestamp:\n1791117767\nSleeping for 1 second...\nDone sle'
  out2: 'Current time:\n{seconds: 1791117768, nanoseconds: 286631702}\nUnix timestamp:\n1791117768\nSleeping for 1 second...\nDone sle'
SEMANTIC DRIFT: examples/time.rb comment rc 0 0
  src: '// Time Module Example\r\r\r\r\n// Demonstrates time functions\r\r\r\r\n\r\r\r\r\n// Get current time\r\r\r\r\nset now to time.now()\r\r\r\r\nsay "Current time:"\r\r\r\r\nsay now\r\r\r\r\n\r\r\r\r\n//'
  fmt: '// Time Module Example\n// Demonstrates time functions\n// Get current time\nset now to time.now()\nsay "Current time:"\nsay now\n// Get Unix timestamp\nset timestamp '
  out1: 'Current time:\n{seconds: 1791117769, nanoseconds: 303593530}\nUnix timestamp:\n1791117769\nSleeping for 1 second...\nDone sle'
  out2: 'Current time:\n{seconds: 1791117770, nanoseconds: 307572079}\nUnix timestamp:\n1791117770\nSleeping for 1 second...\nDone sle'
SEMANTIC DRIFT: examples/time.rb comment rc 0 0
  src: '// Time Module Example\r\r\r\r\n// Demonstrates time functions\r\r\r\r\n\r\r\r\r\n// Get current time\r\r\r\r\nset now to time.now()\r\r\r\r\nsay "Current time:"\r\r\r\r\nsay now\r\r\r\r\n\r\r\r\r\n//'
  fmt: '// Time Module Example\n// Demonstrates time functions\n// Get current time\nset now to time.now()\nsay "Current time:"\nsay now\n//c\n// Get Unix timestamp\nset timest'
  out1: 'Current time:\n{seconds: 1791117771, nanoseconds: 320505694}\nUnix timestamp:\n1791117771\nSleeping for 1 second...\nDone sle'
  out2: 'Current time:\n{seconds: 1791117772, nanoseconds: 326358608}\nUnix timestamp:\n1791117772\nSleeping for 1 second...\nDone sle'
SEMANTIC DRIFT: examples/time.rb comment rc 0 0
  src: '// Time Module Example\r\r\r\r\n// Demonstrates time functions\r\r\r\r\n\r\r\r\r\n// Get current time\r\r\r\r\nset now to time.now()\r\r\r\r\nsay "Current time:"\r\r\r\r\nsay now\r\r\r\r\n\r\r\r\r\n//'
  fmt: '// Time Module Example\n// Demonstrates time functions\n// Get current time\nset now to time.now()\nsay "Current time:"\nsay now\n// Get Unix timestamp\nset timestamp '
  out1: 'Current time:\n{seconds: 1791117773, nanoseconds: 334418268}\nUnix timestamp:\n1791117773\nSleeping for 1 second...\nDone sle'
  out2: 'Current time:\n{seconds: 1791117774, nanoseconds: 338252602}\nUnix timestamp:\n1791117774\nSleeping for 1 second...\nDone sle'
SEMANTIC DRIFT: examples/time.rb dup rc 0 0
  src: '// Time Module Example\r\r\r\r\n// Demonstrates time functions\r\r\r\r\n\r\r\r\r\n// Get current time\r\r\r\r\nset now to time.now()\r\r\r\r\nsay "Current time:"\r\r\r\r\nsay now\r\r\r\r\n\r\r\r\r\n//'
  fmt: '// Time Module Example\n// Demonstrates time functions\n// Get current time\nset now to time.now()\nsay "Current time:"\nsay now\n// Get Unix timestamp\nset timestamp '
  out1: 'Current time:\n{seconds: 1791117775, nanoseconds: 346113581}\nUnix timestamp:\n1791117775\nSleeping for 1 second...\nDone sle'
  out2: 'Current time:\n{seconds: 1791117776, nanoseconds: 350270739}\nUnix timestamp:\n1791117776\nSleeping for 1 second...\nDone sle'
SEMANTIC DRIFT: examples/time.rb del rc 0 0
  src: '// Time Module Example\r\r\r\r\n// Demonstrates time functions\r\r\r\r\n\r\r\r\r\n// Get current time\r\r\r\r\nset now to time.now()\r\r\r\r\nsay "Current time:"\r\r\r\r\nsay now\r\r\r\r\n\r\r\r\r\n//'
  fmt: '// Time Module Example\n// Demonstrates time functions\n// Get current time\nset now to time.now()\nsay "Current time:"\nsay now\n// Get Unix timestamp\nset timestamp '
  out1: 'Current time:\n{seconds: 1791117777, nanoseconds: 358025113}\nUnix timestamp:\nSleeping for 1 second...\nDone sleeping!\nForm'
  out2: 'Current time:\n{seconds: 1791117778, nanoseconds: 361699154}\nUnix timestamp:\nSleeping for 1 second...\nDone sleeping!\nForm'
SEMANTIC DRIFT: examples/time.rb dup rc 0 0
  src: '// Time Module Example\r\r\r\r\n// Demonstrates time functions\r\r\r\r\n\r\r\r\r\n// Get current time\r\r\r\r\nset now to time.now()\r\r\r\r\nsay "Current time:"\r\r\r\r\nsay now\r\r\r\r\n\r\r\r\r\n//'
  fmt: '// Time Module Example\n// Demonstrates time functions\n// Get current time\nset now to time.now()\nsay "Current time:"\nsay now\n// Get Unix timestamp\nset timestamp '
  out1: 'Current time:\n{seconds: 1791117779, nanoseconds: 369805903}\nUnix timestamp:\n1791117779\nSleeping for 1 second...\nDone sle'
  out2: 'Current time:\n{seconds: 1791117780, nanoseconds: 374120438}\nUnix timestamp:\n1791117780\nSleeping for 1 second...\nDone sle'
tried=840 bad=34
[0m
All drift is `examples/time.rb` (prints wall-clock `time.now()`, inherently nondeterministic). Let me re-run excluding it to see if anything real hides behind it:
[0m$ [0mcd /home/runner/work/rbops/rbops/redblue && timeout 900 python3 target/tmp/p15/fuzz.py 2>&1 | grep -v "examples/time.rb" | grep -E "NOT-IDEMPOTENT|REFORMAT-ERR|SEMANTIC|tried=" | head -30
tried=840 bad=34
[0m
[0m$ [0mcd /home/runner/work/rbops/rbops/redblue && echo "total #[test]: $(grep -c '#\[test\]' tests/formatter_test.rs)"; echo "edge_*: $(grep -c 'fn edge_' tests/formatter_test.rs)"; echo "ignore/skip/allow: $(grep -cE '#\[ignore|// *skip|allow\(clippy' tests/formatter_test.rs)"; echo "--- new tests in this phase ---"; git diff 27d4aeb HEAD -- tests/formatter_test.rs | grep -c '^+.*fn '
total #[test]: 39
edge_*: 21
ignore/skip/allow: 0
--- new tests in this phase ---
50
[0m
840 mutations, zero real idempotence or semantic failures. Now let me audit the test file itself against the gate's hard requirements.
[0m$ [0mcd /home/runner/work/rbops/rbops/redblue && grep -n "fn corpus\|\"examples\"\|\"tests\"\|\"modules\"" tests/formatter_test.rs | head
10:fn corpus() -> Vec<PathBuf> {
13:    for dir in ["examples", "tests"] {
869:    for entry in fs::read_dir(root.join("tests")).expect("tests/ should be readable") {
[0m
[0m$ [0mcd /home/runner/work/rbops/rbops/redblue && grep -n "^\s*\(pub \)\?fn \|=> \|match \|Some(\|None =>" src/formatter.rs | grep -n "fn " 
1:29:fn binary_precedence(op: &BinaryOp) -> u8 {
8:47:fn expression_precedence(expr: &Expr) -> u8 {
14:63:fn collect_comments(source: &str) -> Vec<Comment> {
18:120:    pub fn new() -> Self {
19:131:    pub fn format(&mut self, source: &str) -> Result<String, String> {
20:153:    fn format_program(&mut self, program: &Program) {
21:169:    fn format_statements(&mut self, body: &[Stmt]) {
27:214:    fn format_statement(&mut self, stmt: &Stmt) {
57:416:    fn format_block(&mut self, body: &[Stmt]) {
58:422:    fn write_signature(&mut self, keyword: &str, name: &str, params: &[String]) {
59:432:    fn format_expression(&mut self, expr: &Expr) {
60:436:    fn format_expression_at(&mut self, expr: &Expr, min_precedence: u8) {
80:578:    fn write_arguments(&mut self, args: &[Expr]) {
81:591:    fn emit_comments(&mut self, line: usize) {
82:608:    fn format_string_literal(&mut self, s: &str) {
83:619:    fn format_binary_op(&mut self, op: &BinaryOp) {
99:639:    fn format_unary_op(&mut self, op: &UnaryOp) {
103:646:    fn indent(&mut self) {
104:650:    fn dedent(&mut self) {
105:658:    fn write_keyword_line(&mut self, word: &str) {
106:663:    fn write_indent(&mut self) {
107:669:    fn newline(&mut self) {
108:673:    fn write(&mut self, s: &str) {
109:679:    fn default() -> Self {
110:685:fn escape_text(s: &str) -> String {
118:706:pub fn needs_reformat(source: &str, formatted: &str) -> bool {
119:710:pub fn format(source: &str) -> Result<String, String> {
[0m
Gate requirements are met. Now hunting for genuinely untested branches in the rewritten formatter:
[0m→ [0mRead src/formatter.rs[90m [offset=578, limit=75][0m
[0m
[0m$ [0mcd /home/runner/work/rbops/rbops/redblue/target/tmp/p15 && RB=../../../target/debug/rb
t(){ printf '%s' "$2" > t.rb; printf '%-28s -> ' "$1"; $RB format t.rb | sed 's/^/    |/' ; }
t "trailing-comment"        'say "a" // hi
'
t "comment-in-block-mid"   'if true then
    // why
    say "a"
end
'
t "comment-after-last"     'say "a"
// trailing
'
t "comment-only-file"      '// just a comment
'
t "blank-lines-collapsed"  'say "a"


say "b"


'
t "comment-between-end-nxt" 'for each x in [1] do
end
// after
say "b"
'
trailing-comment             ->     |say "a"
    |// hi
comment-in-block-mid         ->     |if true then
    |    // why
    |    say "a"
    |end
comment-after-last           ->     |say "a"
    |// trailing
comment-only-file            ->     |// just a comment
blank-lines-collapsed        ->     |say "a"
    |say "b"
comment-between-end-nxt      ->     |for each x in [1]
    |    do
    |end
    |// after
    |say "b"
[0m
[0m$ [0mcd /home/runner/work/rbops/rbops/redblue/target/tmp/p15 && cat > cmt.py <<'PY'
import subprocess, os, itertools
RB=os.path.abspath("../../../target/debug/rb")
def run(src):
    open("t.rb","w").write(src)
    r=subprocess.run([RB,"format","t.rb"],capture_output=True,text=True)
    return r.returncode,r.stdout
progs=[
 'say "a"\n',
 'if true then\n    say "a"\nend\n',
 'for each x in [1,2] do\n    say x\nend\n',
 'set f to function(x)\n    return x\nend\n',
 'while true do\n    say "a"\nend\n',
]
bad=0;n=0
for p in progs:
    L=p.split("\n")
    for pos in range(len(L)+1):
        ins=L[:pos]+["// MARK"]+L[pos:]
        m="\n".join(ins)
        rc,o=run(m)
        n+=1
        if rc!=0: continue
        if o.count("// MARK")!=1:
            print("LOST/DUP MARK pos=%d"%pos,repr(m)); print("  ->",repr(o)); bad+=1
        rc2,o2=run(o)
        if rc2!=0 or o2!=o:
            print("NOT-IDEMPOTENT pos=%d"%pos,repr(m)); print("  1:",repr(o)); print("  2:",repr(o2)); bad+=1
print("cases=%d bad=%d"%(n,bad))
PY
python3 cmt.py
cases=23 bad=0
[0m
All comment positions preserved and idempotent. Let me check every statement form round-trips semantics through format:
[0m$ [0mcd /home/runner/work/rbops/rbops/redblue && grep -n "Stmt::\|Expr::" src/formatter.rs | grep -oE "(Stmt|Expr)::[A-Za-z]+" | sort -u | tr '\n' ' '
Expr::Binary Expr::Call Expr::Expect Expr::Index Expr::InterpolatedText Expr::List Expr::MethodCall Expr::Nothing Expr::Number Expr::Property Expr::Record Expr::Text Expr::Unary Expr::Variable Expr::YesNo Stmt::span
[0m
[0m$ [0mcd /home/runner/work/rbops/rbops/redblue && sed -n '214,300p' src/formatter.rs
fn format_statement(&mut self, stmt: &Stmt) {
        match &stmt.statement {
            Statement::Say(expr) => {
                self.write("say ");
                self.format_expression(expr);
            }
            Statement::Print(expr) => {
                self.write("print ");
                self.format_expression(expr);
            }
            Statement::Set { name, value } => {
                self.write("set ");
                self.write(name);
                self.write(" to ");
                self.format_expression(value);
            }
            Statement::SetProperty {
                object,
                property,
                value,
            } => {
                self.write("set ");
                self.write(object);
                self.write(".");
                self.write(property);
                self.write(" to ");
                self.format_expression(value);
            }
            Statement::If {
                condition,
                then_branch,
                else_branch,
            } => {
                self.write("if ");
                self.format_expression(condition);
                // `then` is not optional to the parser.
                self.write(" then");
                self.newline();
                self.format_block(then_branch);

                if !else_branch.is_empty() {
                    self.write_keyword_line("else");
                    self.newline();
                    self.format_block(else_branch);
                }
                self.write_keyword_line("end");
            }
            Statement::ForEach {
                variable,
                iterable,
                body,
            } => {
                self.write("for each ");
                self.write(variable);
                self.write(" in ");
                self.format_expression(iterable);
                self.newline();
                self.format_block(body);
                self.write_keyword_line("end");
            }
            Statement::ForRange {
                variable,
                start,
                end,
                step,
                body,
            } => {
                self.write("for each ");
                self.write(variable);
                self.write(" from ");
                self.format_expression(start);
                self.write(" to ");
                self.format_expression(end);
                if let Some(s) = step {
                    self.write(" by ");
                    self.format_expression(s);
                }
                self.newline();
                self.format_block(body);
                self.write_keyword_line("end");
            }
            Statement::Repeat { count, body } => {
                self.write("repeat ");
                self.format_expression(count);
                self.write(" times");
                self.newline();
                self.format_block(body);
[0m
[0m$ [0mcd /home/runner/work/rbops/rbops/redblue && for k in "from .* to .* by" "repeat .* times" "try" "catch" "throw" "^import" "object " "class " "^test \"" "expect " '{' "else"; do printf '%-24s ' "$k"; c=$(grep -rlE "$k" examples/*.rb tests/*.rb modules/*.rb 2>/dev/null | grep -v MathUtils | wc -l); echo "$c files"; done
from .* to .* by         0 files
repeat .* times          7 files
try                      11 files
catch                    11 files
throw                    0 files
^import                  0 files
object                   3 files
class                    0 files
^test "                  13 files
expect                   13 files
{                        10 files
else                     5 files
[0m
[0m$ [0mcd /home/runner/work/rbops/rbops/redblue && grep -n "fn format_covers_every_statement_form" tests/formatter_test.rs
760:fn format_covers_every_statement_form() {
[0m
Found real corpus gaps. Let me check whether the previous attempt's coverage test covers them:
[0m→ [0mRead tests/formatter_test.rs[90m [limit=60, offset=755][0m
[0m
[0m$ [0mcd /home/runner/work/rbops/rbops/redblue && grep -oE "fn [a-z_0-9]+" tests/formatter_test.rs | sed 's/fn //' | nl
1	corpus
     2	read
     3	run_program
     4	scratch_dir
     5	run_rb
     6	parse
     7	same_program
     8	strip_spans
     9	assert_idempotent
    10	format_is_idempotent
    11	format_is_idempotent_over_the_whole_corpus
    12	format_preserves_the_meaning_of_every_corpus_file
    13	format_keeps_the_grouping_the_parentheses_forced
    14	format_keeps_right_hand_grouping_of_equal_precedence
    15	format_keeps_grouping_for_unary_and_every_operator_level
    16	format_writes_index_with_brackets_not_at
    17	formatter_instance_does_not_carry_state_between_calls
    18	check_compares_exactly_including_the_trailing_newline
    19	formatted_output_ends_with_exactly_one_newline
    20	format_preserves_comments
    21	format_preserves_every_comment_in_every_corpus_file
    22	format_preserves_comments_inside_blocks_and_at_the_end
    23	edge_slashes_inside_a_text_literal_are_not_comments
    24	edge_a_comment_that_is_only_slashes_is_kept
    25	format_escapes_text_so_it_reads_back_unchanged
    26	edge_equality_against_a_negation_keeps_its_parentheses
    27	edge_empty_text_literal
    28	edge_a_literal_spanning_lines_keeps_its_slashes_and_later_comments
    29	edge_unicode_text_round_trips
    30	edge_text_holding_a_quote_and_a_backslash_round_trips
    31	edge_empty_program_formats_to_nothing
    32	edge_singleton_inputs
    33	edge_numeric_boundaries_round_trip
    34	edge_nested_lists_and_records_round_trip
    35	edge_duplicate_record_keys_keep_their_order
    36	edge_missing_record_field_is_not_invented_by_formatting
    37	edge_a_duplicate_key_is_still_overwritten_after_formatting
    38	formatter_rejects_malformed_input_instead_of_guessing
    39	edge_crlf_source_formats_to_lf_and_is_idempotent
    40	edge_a_bom_does_not_become_part_of_the_first_statement
    41	edge_unclosed_block_is_a_parser_error
    42	format_covers_every_statement_form
    43	edge_a_very_deeply_nested_program_is_handled_or_reported
    44	edge_a_very_long_text_literal_round_trips
    45	deterministic_corpus
    46	without_duration
    47	formatted_programs_behave_exactly_as_the_originals
    48	check_rejects_a_file_that_differs_only_in_its_last_byte
    49	edge_a_program_that_fails_still_fails_the_same_way_after_formatting
    50	edge_grouping_survives_in_what_the_program_computes
[0m
Let me check the three uncovered statement forms — `for…by`, `throw`, and interpolation:
[0m$ [0mcd /home/runner/work/rbops/rbops/redblue/target/tmp/p15 && RB=../../../target/debug/rb
t(){ printf '%s' "$2" > t.rb; printf '=== %s\n' "$1"; $RB run t.rb 2>&1 | head -4 | sed 's/^/  run: /'; printf '  fmt: '; $RB format t.rb 2>&1 | tr '\n' '|'; echo; }
t "for-by"    'for each x from 1 to 5 by 2
    say x
end
'
t "throw"     'throw "boom"
'
t "interp"    'set n to 3
say "n is {n} ok"
'
=== for-by
  run: Error: ParserError: Expected In but got From
  run:   --> t.rb:1:12
  run: 1 | for each x from 1 to 5 by 2
  run:   |            ^
  fmt: Format error: Parser error: ParserError: Expected In but got From|  --> 1:12|
=== throw
  run: Error: AnalyzerError: Unknown variable 'throw'
  run:   --> t.rb:1:1
  run: 1 | throw "boom"
  run:   | ^
  fmt: throw|"boom"|
=== interp
  run: n is {n} ok
  fmt: set n to 3|say "n is {n} ok"|
[0m
[0m$ [0mcd /home/runner/work/rbops/rbops/redblue && grep -n "ForRange" src/*.rs | head -20
src/analyzer.rs:108:            Statement::ForRange {
src/formatter.rs:274:            Statement::ForRange {
src/linter.rs:96:            Statement::ForRange {
src/parser.rs:134:    ForRange {
src/vm.rs:454:            Statement::ForRange {
[0m
[0m$ [0mcd /home/runner/work/rbops/rbops/redblue && grep -n "ForEach\|ForRange" src/parser.rs
127:    ForEach {
134:    ForRange {
694:                Ok(Some(Statement::ForEach {
[0m
[0m→ [0mRead src/formatter.rs[90m [limit=40, offset=676][0m
[0m
[0m$ [0mcd /home/runner/work/rbops/rbops/redblue/target/tmp/p15 && cat > esc.rs <<'EOF'
fn main() {
    for raw in ["a\\nb", "a\\tb", "a\\rb", "a\\\\b", "a\\\"b", "\\0", "a\\qb"] {
        let lit = format!("say \"{}\"\n", raw);
        std::fs::write("t.rb", &lit).unwrap();
        let out = std::process::Command::new("../../../target/debug/rb").args(["run","t.rb"]).output().unwrap();
        let fmt = std::process::Command::new("../../../target/debug/rb").args(["format","t.rb"]).output().unwrap();
        println!("in={:<8} run={:?} fmt={:?}", raw,
            String::from_utf8_lossy(&out.stdout).trim().to_string(),
            String::from_utf8_lossy(&fmt.stdout).trim().to_string());
    }
}
EOF
rustc -O -o esc esc.rs 2>&1 | head -5 && ./esc
in=a\nb     run="a\nb" fmt="say \"a\\nb\""
in=a\tb     run="a\tb" fmt="say \"a\\tb\""
in=a\rb     run="a\rb" fmt="say \"a\\rb\""
in=a\\b     run="a\\b" fmt="say \"a\\\\b\""
in=a\"b     run="a\"b" fmt="say \"a\\\"b\""
in=\0       run="0" fmt="say \"0\""
in=a\qb     run="aqb" fmt="say \"aqb\""
[0m
[0m$ [0mcd /home/runner/work/rbops/rbops/redblue && RB=$PWD/target/debug/rb; bad=0
for f in examples/*.rb tests/*.rb modules/SuiteKit.rb; do
  for i in 1 2 3 4 5; do $RB format "$f" > target/tmp/p15/d$i 2>/dev/null; done
  for i in 2 3 4 5; do cmp -s target/tmp/p15/d1 target/tmp/p15/d$i || { echo "NONDETERMINISTIC $f run$i"; bad=1; }; done
done
echo "determinism problems=$bad"
# 40-key record ordering
printf 'say {a:1,b:2,c:3,d:4,e:5,f:6,g:7,h:8,i:9,j:10,k:11,l:12,m:13,n:14,o:15,p:16,q:17,r:18,s:19,t:20,u:21,v:22,w:23,x:24,y:25,z:26,A:27,B:28,C:29,D:30,E:31,F:32,G:33,H:34,I:35,J:36}\n' > target/tmp/p15/rec.rb
for i in 1 2 3; do $RB format target/tmp/p15/rec.rb > target/tmp/p15/r$i; done
cmp -s target/tmp/p15/r1 target/tmp/p15/r2 && cmp -s target/tmp/p15/r2 target/tmp/p15/r3 && echo "record order stable" || echo "RECORD ORDER UNSTABLE"
determinism problems=0
record order stable
[0m
[0m$ [0mcd /home/runner/work/rbops/rbops/redblue && grep -n 'interp\|{[a-z]' tests/formatter_test.rs | grep -v '^\s*[0-9]*://' | head -20
4:use redblue::formatter::{self, Formatter};
6:use redblue::parser::{self, Program};
450:say \"{not an escape}\"
519:say \"{name} ← interpolated\"
582:        "say {a: 1}\n",
636:set r to {a: {b: {c: 1}}, d: [1, 2]}
653:    let source = "say {a: 1, b: 2, a: 3}\n";
666:    let source = "set r to {a: 1}\nsay r.b\n";
676:        run_program("set r to {a: 1}\nsay r.a\n"),
685:    let source = "say {a: 1, a: 2}.a\n";
737:    let source = "\u{feff}say 1\n";
[0m
[0m$ [0mcd /home/runner/work/rbops/rbops/redblue && grep -n "fn edge_a_very_deeply_nested_program_is_handled_or_reported" -A 24 tests/formatter_test.rs
816:fn edge_a_very_deeply_nested_program_is_handled_or_reported() {
817-    let depth = 60;
818-    let source = format!("say {}\n", format!("{}+1", 1).repeat(depth));
819-
820-    match formatter::format(&source) {
821-        Ok(formatted) => {
822-            assert!(
823-                same_program(&parse(&source), &parse(&formatted)),
824-                "a nested expression must survive formatting"
825-            );
826-        }
827-        Err(error) => {
828-            assert!(
829-                error.starts_with("Parser error"),
830-                "a program too deep to parse must be reported, not mangled: {}",
831-                error
832-            );
833-        }
834-    }
835-}
836-
837-#[test]
838-fn edge_a_very_long_text_literal_round_trips() {
839-    let text = "x".repeat(20_000);
840-    let source = format!("say \"{}\"\n", text);
[0m
[0m$ [0mcd /home/runner/work/rbops/rbops/redblue && echo "--- SPEC: for..from..by ---"; grep -nE "for each .*(from|by )" SPEC.md docs/GRAMMAR.md 2>/dev/null | head; echo "--- SPEC: relational ops ---"; grep -nE '^\s*[|].*(<|<=|greater than|less than)' docs/GRAMMAR.md | head -8; echo "--- SPEC: throw ---"; grep -n "throw" SPEC.md docs/GRAMMAR.md | head
--- SPEC: for..from..by ---
SPEC.md:383:for each i from 1 to 10
SPEC.md:388:for each i from 0 to 100 by 5
SPEC.md:427:for each i from 1 to 100
docs/GRAMMAR.md:472:for each i from 1 to 10
--- SPEC: relational ops ---
368:                 | comparison 'is less than' additive // <
369:                 | comparison 'is greater than' additive // >
370:                 | comparison 'is less than or equal to' additive // <=
371:                 | comparison 'is greater than or equal to' additive // >=
438:| 4 | `<`, `<=`, `>`, `>=` | Left |
--- SPEC: throw ---
[0m
Let me check whether SPEC.md documents the forms the parser lacks — that's the source of the dead branches.
[0m$ [0mcd /home/runner/work/rbops/rbops/redblue/target/tmp/p15 && RB=../../../target/debug/rb
for p in 'say 1 is less than 2' 'say 1 is greater than 2' 'say 1 < 2' 'for each i from 1 to 3
    say i
end'; do
  printf '%s\n' "$p" > t.rb; printf '%-34s -> ' "$(printf '%s' "$p" | head -1)"; $RB run t.rb 2>&1 | head -2 | tr '\n' ' '; echo
done
say 1 is less than 2               -> Error: AnalyzerError: Unknown variable 'less' Unknown variable 'than' 
say 1 is greater than 2            -> Error: AnalyzerError: Unknown variable 'greater' Unknown variable 'than' 
say 1 < 2                          -> Error: LexerError: Unexpected character '<'   --> t.rb:1:7 
for each i from 1 to 3             -> Error: ParserError: Expected In but got From   --> t.rb:1:12
[0m
Confirmed a new, real spec-drift finding. Let me verify the relational operators the spec documents:
[0m$ [0mcd /home/runner/work/rbops/rbops/redblue/target/tmp/p15 && RB=../../../target/debug/rb
printf 'say 1 is less than 2\n' > t.rb
echo "--- fmt output ---"; $RB format t.rb | sed 's/^/  |/'
echo "--- fmt twice (idempotent?) ---"; $RB format t.rb > a.rb; $RB format a.rb > b.rb; cmp -s a.rb b.rb && echo IDEMPOTENT || echo "NOT IDEMPOTENT"
echo "--- analyzer on both ---"; $RB run t.rb 2>&1|head -2; $RB run a.rb 2>&1|head -2
--- fmt output ---
  |say 1 is less
  |than
  |2
--- fmt twice (idempotent?) ---
IDEMPOTENT
--- analyzer on both ---
Error: AnalyzerError: Unknown variable 'less'
Unknown variable 'than'
Error: AnalyzerError: Unknown variable 'less'
Unknown variable 'than'
[0m
[0m→ [0mRead tests/formatter_test.rs[90m [limit=120][0m
Now let me read the test helpers so my additions match conventions:
[0m→ [0mRead tests/formatter_test.rs[90m [limit=45, offset=121][0m
Now I'll add the missing coverage: the spec-documented forms the formatter never exercises.
[0m→ [0mRead tests/formatter_test.rs[90m [offset=940][0m
[0m
[0m← [0mEdit tests/formatter_test.rs
Index: /home/runner/work/rbops/rbops/redblue/tests/formatter_test.rs
===================================================================
--- /home/runner/work/rbops/rbops/redblue/tests/formatter_test.rs
+++ /home/runner/work/rbops/rbops/redblue/tests/formatter_test.rs
@@ -975,4 +975,156 @@
     assert_eq!(run_program(source), "9\n");
     assert_eq!(run_program(&formatted), "9\n");
     assert_eq!(run_program("set a to 1 + 2 * 3\nsay a\n"), "7\n");
 }
+
+// ---------------------------------------------------------------------------
+// Forms the specification documents but the parser does not yet build
+//
+// `SPEC.md:383`, `SPEC.md:388`, `SPEC.md:427` and `docs/GRAMMAR.md:472` all
+// document `for each <v> from <a> to <b> [by <step>]`. `docs/GRAMMAR.md:368-371`
+// and `:438` document the relational operators `is less than`,
+// `is greater than`, `is less than or equal to`, `is greater than or equal to`
+// and the symbols `<`, `<=`, `>`, `>=`.
+//
+// Neither reaches the formatter: `src/parser.rs:694` is the only place a loop
+// is built and it builds `Statement::ForEach`, never `Statement::ForRange`, and
+// the lexer has no `<` token. So these forms are reachable by no corpus file
+// and by no other test here, which left the formatter's handling of them
+// unasserted. The tests below pin what the formatter actually does with them.
+//
+// They are deliberately written as *current behaviour*, not desired behaviour.
+// If a later phase gives the parser the `for … from … to … by …` loop or the
+// relational operators, these fail, and that failure is the signal to extend
+// `format_covers_every_statement_form` and
+// `format_keeps_grouping_for_unary_and_every_operator_level`.
+// ---------------------------------------------------------------------------
+
+/// The `for … from … to … by …` loop, exactly as `SPEC.md:388` spells it.
+const SPEC_FOR_FROM_TO_BY: &str = "for each i from 0 to 10 by 5\n    say i\nend\n";
+/// The same loop without the step clause, as `SPEC.md:383` spells it.
+const SPEC_FOR_FROM_TO: &str = "for each i from 1 to 10\n    say i\nend\n";
+/// The symbolic relational operator of `docs/GRAMMAR.md:438`.
+const SPEC_LESS_SYMBOL: &str = "say 1 < 2\n";
+/// The word relational operator of `docs/GRAMMAR.md:368`.
+const SPEC_LESS_WORDS: &str = "say 1 is less than 2\n";
+/// The word relational operator of `docs/GRAMMAR.md:370`.
+const SPEC_GREATER_EQUAL_WORDS: &str = "say 2 is greater than or equal to 1\n";
+
+#[test]
+fn edge_a_for_from_to_loop_is_reported_not_silently_rewritten() {
+    for (label, source) in [("with a step", SPEC_FOR_FROM_TO_BY), ("without a step", SPEC_FOR_FROM_TO)] {
+        let error = formatter::format(source)
+            .err()
+            .unwrap_or_else(|| panic!("{}: `for … from … to …` is not grammar, so it must be \
+                 reported rather than formatted into a different program\nsource: {:?}",
+                label, source));
+
+        assert!(
+            error.starts_with("Parser error"),
+            "{}: expected a parser error naming the unexpected keyword, got: {}",
+            label,
+            error
+        );
+        assert!(
+            error.contains("From"),
+            "{}: the error should name the `from` the parser did not expect, got: {}",
+            label,
+            error
+        );
+    }
+}
+
+#[test]
+fn edge_a_symbolic_relational_operator_is_reported_not_guessed_at() {
+    let error = formatter::format(SPEC_LESS_SYMBOL)
+        .err()
+        .unwrap_or_else(|| panic!("`<` has no token in the lexer, so it must be reported\nsource: {:?}",
+            SPEC_LESS_SYMBOL));
+
+    assert!(
+        error.starts_with("Lexer error"),
+        "expected a lexer error for `<`, got: {}",
+        error
+    );
+    assert!(
+        error.contains('<'),
+        "the error should quote the character it choked on, got: {}",
+        error
+    );
+}
+
+#[test]
+fn edge_a_word_comparison_fails_the_same_way_before_and_after_formatting() {
+    // `is less than` is three ordinary words to the current parser, so this
+    // formats successfully — into three separate statements. That is a
+    // faithful rendering of what the parser actually built, and the program
+    // was already rejected before formatting. What must not happen is the
+    // failure changing: a formatter that made a broken program run, or a
+    // different program break, would be a semantic change.
+    for (label, source) in [
+        ("is less than", SPEC_LESS_WORDS),
+        ("is greater than or equal to", SPEC_GREATER_EQUAL_WORDS),
+    ] {
+        let formatted = assert_idempotent(source, label);
+
+        let before = run_rb("run", source);
+        let after = run_rb("run", &formatted);
+
+        assert_eq!(
+            before.code, after.code,
+            "{}: formatting must not change whether the program runs",
+            label
+        );
+        assert_eq!(
+            before.stdout, after.stdout,
+            "{}: formatting must not change what the program prints",
+            label
+        );
+        assert_eq!(
+            before.stderr, after.stderr,
+            "{}: formatting must not change the error reported",
+            label
+        );
+        assert_eq!(
+            before.code, 1,
+            "{}: `{}` is documented in docs/GRAMMAR.md but is not built yet, so \
+             this test records a failure and must be revisited when it is",
+            label, label
+        );
+    }
+}
+
+#[test]
+fn edge_every_spec_only_form_is_either_idempotent_or_a_clean_reported_error() {
+    // The umbrella over the three tests above: whatever the parser makes of
+    // these forms, the formatter must be idempotent on what it accepts, must
+    // reject what it cannot parse without a panic, and must never turn a
+    // reported error into a successful format.
+    for source in [
+        SPEC_FOR_FROM_TO_BY,
+        SPEC_FOR_FROM_TO,
+        SPEC_LESS_SYMBOL,
+        SPEC_LESS_WORDS,
+        SPEC_GREATER_EQUAL_WORDS,
+    ] {
+        match formatter::format(source) {
+            Ok(once) => {
+                let twice = formatter::format(&once).unwrap_or_else(|e| {
+                    panic!("formatting {:?} once succeeded but failed again: {}", source, e)
+                });
+                assert_eq!(
+                    once, twice,
+                    "a form the parser accepts must format idempotently: {:?}",
+                    source
+                );
+            }
+            Err(error) => assert!(
+                error.starts_with("Lexer error") || error.starts_with("Parser error"),
+                "a form the parser rejects must be reported as a lexer or parser \
+                 error, not something else: {:?} -> {}",
+                source,
+                error
+            ),
+        }
+    }
+}

[0m
[0m$ [0mcd /home/runner/work/rbops/rbops/redblue && cargo test --test formatter_test 2>&1 | tail -30
test formatter_rejects_malformed_input_instead_of_guessing ... ok
test format_is_idempotent_over_the_whole_corpus ... ok
test format_preserves_the_meaning_of_every_corpus_file ... ok
test formatted_programs_behave_exactly_as_the_originals ... ok

failures:

---- edge_a_word_comparison_fails_the_same_way_before_and_after_formatting stdout ----

thread 'edge_a_word_comparison_fails_the_same_way_before_and_after_formatting' (19020) panicked at tests/formatter_test.rs:1083:9:
assertion `left == right` failed: is less than: formatting must not change the error reported
  left: "Error: AnalyzerError: Unknown variable 'less'\nUnknown variable 'than'\n  --> <program>:1:1\n1 | say 1 is less than 2\n  | ^\n"
 right: "Error: AnalyzerError: Unknown variable 'less'\nUnknown variable 'than'\n  --> <program>:1:1\n1 | say 1 is less\n  | ^\n"
stack backtrace:
   0: __rustc::rust_begin_unwind
   1: core::panicking::panic_fmt
   2: core::panicking::assert_failed_inner
   3: core::panicking::assert_failed::<alloc::string::String, alloc::string::String>
   4: formatter_test::edge_a_word_comparison_fails_the_same_way_before_and_after_formatting
   5: formatter_test::edge_a_word_comparison_fails_the_same_way_before_and_after_formatting::{closure#0}
   6: <formatter_test::edge_a_word_comparison_fails_the_same_way_before_and_after_formatting::{closure#0} as core::ops::function::FnOnce<()>>::call_once
note: Some details are omitted, run with `RUST_BACKTRACE=full` for a verbose backtrace.


failures:
    edge_a_word_comparison_fails_the_same_way_before_and_after_formatting

test result: FAILED. 42 passed; 1 failed; 0 ignored; 0 measured; 0 filtered out; finished in 0.60s

[1m[91merror[0m: test failed, to rerun pass `--test formatter_test`
[0m
[0m← [0mEdit tests/formatter_test.rs
Index: /home/runner/work/rbops/rbops/redblue/tests/formatter_test.rs
===================================================================
--- /home/runner/work/rbops/rbops/redblue/tests/formatter_test.rs
+++ /home/runner/work/rbops/rbops/redblue/tests/formatter_test.rs
@@ -1060,8 +1060,13 @@
     // faithful rendering of what the parser actually built, and the program
     // was already rejected before formatting. What must not happen is the
     // failure changing: a formatter that made a broken program run, or a
     // different program break, would be a semantic change.
+    //
+    // Only the error *identity* is compared. The rest of a diagnostic is a
+    // quotation of the source it read, and formatting moved text within that
+    // source, so the quoted line is expected to differ — it is a picture of
+    // the formatted file, not part of the error.
     for (label, source) in [
         ("is less than", SPEC_LESS_WORDS),
         ("is greater than or equal to", SPEC_GREATER_EQUAL_WORDS),
     ] {
@@ -1080,10 +1085,11 @@
             "{}: formatting must not change what the program prints",
             label
         );
         assert_eq!(
-            before.stderr, after.stderr,
-            "{}: formatting must not change the error reported",
+            error_line(&before.stderr),
+            error_line(&after.stderr),
+            "{}: formatting must not change the error that is reported",
             label
         );
         assert_eq!(
             before.code, 1,
@@ -1093,8 +1099,14 @@
         );
     }
 }
 
+/// The `Error: …` head of a diagnostic, without the quoted source line under
+/// it, which is a rendering of the file rather than part of the error.
+fn error_line(stderr: &str) -> &str {
+    stderr.lines().next().unwrap_or("")
+}
+
 #[test]
 fn edge_every_spec_only_form_is_either_idempotent_or_a_clean_reported_error() {
     // The umbrella over the three tests above: whatever the parser makes of
     // these forms, the formatter must be idempotent on what it accepts, must

[0m
The test caught real behavior: the diagnostic quotes the source line, which legitimately moved. Exit code and stdout match; only the echoed source text differs. My assertion was wrong about the formatter's contract — fixing it:
[0m$ [0mcd /home/runner/work/rbops/rbops/redblue && cargo test --test formatter_test 2>&1 | tail -15
2: formatter_test::assert_idempotent::{closure#0}
   3: <core::result::Result<alloc::string::String, alloc::string::String>>::unwrap_or_else::<formatter_test::assert_idempotent::{closure#0}>
   4: formatter_test::assert_idempotent
   5: formatter_test::edge_a_word_comparison_fails_the_same_way_before_and_after_formatting
   6: formatter_test::edge_a_word_comparison_fails_the_same_way_before_and_after_formatting::{closure#0}
   7: <formatter_test::edge_a_word_comparison_fails_the_same_way_before_and_after_formatting::{closure#0} as core::ops::function::FnOnce<()>>::call_once
note: Some details are omitted, run with `RUST_BACKTRACE=full` for a verbose backtrace.


failures:
    edge_a_word_comparison_fails_the_same_way_before_and_after_formatting

test result: FAILED. 42 passed; 1 failed; 0 ignored; 0 measured; 0 filtered out; finished in 0.61s

[1m[91merror[0m: test failed, to rerun pass `--test formatter_test`
[0m
[0m$ [0mcd /home/runner/work/rbops/rbops/redblue && cargo test --test formatter_test edge_a_word_comparison 2>&1 | grep -A 8 "panicked"
thread 'edge_a_word_comparison_fails_the_same_way_before_and_after_formatting' (20223) panicked at tests/formatter_test.rs:135:29:
is greater than or equal to: first format failed: Parser error: ParserError: Expected function name
  --> 1:35
stack backtrace:
   0: __rustc::rust_begin_unwind
   1: core::panicking::panic_fmt
   2: formatter_test::assert_idempotent::{closure#0}
   3: <core::result::Result<alloc::string::String, alloc::string::String>>::unwrap_or_else::<formatter_test::assert_idempotent::{closure#0}>
   4: formatter_test::assert_idempotent
[0m
[0m← [0mEdit tests/formatter_test.rs
Index: /home/runner/work/rbops/rbops/redblue/tests/formatter_test.rs
===================================================================
--- /home/runner/work/rbops/rbops/redblue/tests/formatter_test.rs
+++ /home/runner/work/rbops/rbops/redblue/tests/formatter_test.rs
@@ -1065,42 +1065,72 @@
     // Only the error *identity* is compared. The rest of a diagnostic is a
     // quotation of the source it read, and formatting moved text within that
     // source, so the quoted line is expected to differ — it is a picture of
     // the formatted file, not part of the error.
-    for (label, source) in [
-        ("is less than", SPEC_LESS_WORDS),
-        ("is greater than or equal to", SPEC_GREATER_EQUAL_WORDS),
-    ] {
-        let formatted = assert_idempotent(source, label);
+    let label = "is less than";
+    let source = SPEC_LESS_WORDS;
 
-        let before = run_rb("run", source);
-        let after = run_rb("run", &formatted);
+    let formatted = assert_idempotent(source, label);
 
-        assert_eq!(
-            before.code, after.code,
-            "{}: formatting must not change whether the program runs",
-            label
-        );
-        assert_eq!(
-            before.stdout, after.stdout,
-            "{}: formatting must not change what the program prints",
-            label
-        );
-        assert_eq!(
-            error_line(&before.stderr),
-            error_line(&after.stderr),
-            "{}: formatting must not change the error that is reported",
-            label
-        );
-        assert_eq!(
-            before.code, 1,
-            "{}: `{}` is documented in docs/GRAMMAR.md but is not built yet, so \
-             this test records a failure and must be revisited when it is",
-            label, label
-        );
-    }
+    let before = run_rb("run", source);
+    let after = run_rb("run", &formatted);
+
+    assert_eq!(
+        before.code, after.code,
+        "{}: formatting must not change whether the program runs",
+        label
+    );
+    assert_eq!(
+        before.stdout, after.stdout,
+        "{}: formatting must not change what the program prints",
+        label
+    );
+    assert_eq!(
+        error_line(&before.stderr),
+        error_line(&after.stderr),
+        "{}: formatting must not change the error that is reported",
+        label
+    );
+    assert_eq!(
+        before.code, 1,
+        "{}: `is less than` is documented in docs/GRAMMAR.md:368 but is not \
+         built, so this test records a failure and must be revisited when it is",
+        label
+    );
 }
 
+#[test]
+fn edge_a_comparison_containing_or_is_reported_not_silently_rewritten() {
+    // The same spec gap, reached differently: `or` *is* a keyword, so
+    // `is greater than or equal to` does not fall apart into three harmless
+    // statements — it fails to parse, because `or` is read as an operator and
+    // `equal to 1` then sits where a function name belongs. It must be
+    // reported, not guessed at.
+    let error = formatter::format(SPEC_GREATER_EQUAL_WORDS)
+        .err()
+        .unwrap_or_else(|| panic!("`… or equal to …` is not grammar, so it must be reported\nsource: {:?}",
+            SPEC_GREATER_EQUAL_WORDS));
+
+    assert!(
+        error.starts_with("Parser error"),
+        "expected a parser error for `is greater than or equal to`, got: {}",
+        error
+    );
+
+    // The same file is rejected by `rb format --check`, not silently accepted.
+    let check = run_rb("format --check", SPEC_GREATER_EQUAL_WORDS);
+    assert_eq!(
+        check.code, 1,
+        "`format --check` must report a file it cannot format, got code {}",
+        check.code
+    );
+    assert!(
+        check.stderr.contains("Format error"),
+        "`format --check` must say the file does not format, got: {}",
+        check.stderr
+    );
+}
+
 /// The `Error: …` head of a diagnostic, without the quoted source line under
 /// it, which is a rendering of the file rather than part of the error.
 fn error_line(stderr: &str) -> &str {
     stderr.lines().next().unwrap_or("")

[0m
`is greater than or equal to` is a parse error (`or` is a keyword), not a formatted failure. Splitting the two cases correctly:
[0m$ [0mcd /home/runner/work/rbops/rbops/redblue && cargo test --test formatter_test 2>&1 | tail -12
2: formatter_test::edge_a_comparison_containing_or_is_reported_not_silently_rewritten
   3: formatter_test::edge_a_comparison_containing_or_is_reported_not_silently_rewritten::{closure#0}
   4: <formatter_test::edge_a_comparison_containing_or_is_reported_not_silently_rewritten::{closure#0} as core::ops::function::FnOnce<()>>::call_once
note: Some details are omitted, run with `RUST_BACKTRACE=full` for a verbose backtrace.


failures:
    edge_a_comparison_containing_or_is_reported_not_silently_rewritten

test result: FAILED. 43 passed; 1 failed; 0 ignored; 0 measured; 0 filtered out; finished in 0.61s

[1m[91merror[0m: test failed, to rerun pass `--test formatter_test`
[0m
[0m$ [0mcd /home/runner/work/rbops/rbops/redblue && cargo test --test formatter_test edge_a_comparison_containing_or 2>&1 | grep -B2 -A 6 "panicked"
---- edge_a_comparison_containing_or_is_reported_not_silently_rewritten stdout ----

thread 'edge_a_comparison_containing_or_is_reported_not_silently_rewritten' (20884) panicked at tests/formatter_test.rs:1126:5:
`format --check` must say the file does not format, got: 
stack backtrace:
   0: __rustc::rust_begin_unwind
   1: core::panicking::panic_fmt
   2: formatter_test::edge_a_comparison_containing_or_is_reported_not_silently_rewritten
   3: formatter_test::edge_a_comparison_containing_or_is_reported_not_silently_rewritten::{closure#0}
[0m
[0m$ [0mcd /home/runner/work/rbops/rbops/redblue && grep -n "run_rb(" tests/formatter_test.rs | grep -v "fn run_rb"
898:        let before = run_rb(mode, &source);
899:        let after = run_rb(mode, &formatted);
928:    let clean = run_rb("format", formatted);
953:    let before = run_rb("run", source);
954:    let after = run_rb("run", &formatted);
1074:    let before = run_rb("run", source);
1075:    let after = run_rb("run", &formatted);
1120:    let check = run_rb("format --check", SPEC_GREATER_EQUAL_WORDS);
[0m
`run_rb` takes one arg; `--check` needs two. Let me check the existing convention:
[0m$ [0mcd /home/runner/work/rbops/rbops/redblue && grep -n "fn check_compares_exactly_including_the_trailing_newline" -A 20 tests/formatter_test.rs
284:fn check_compares_exactly_including_the_trailing_newline() {
285-    let formatted = "say 1\n";
286-
287-    assert!(
288-        !formatter::needs_reformat(formatted, formatted),
289-        "an already formatted file must pass"
290-    );
291-    assert!(
292-        formatter::needs_reformat("say 1", formatted),
293-        "a missing trailing newline is a difference"
294-    );
295-    assert!(
296-        formatter::needs_reformat("say 1\n\n", formatted),
297-        "a trailing blank line is a difference"
298-    );
299-    assert!(
300-        formatter::needs_reformat("say 1  \n", formatted),
301-        "trailing whitespace is a difference"
302-    );
303-    assert!(
304-        formatter::needs_reformat("say 1 \nsay 2\n", formatted),
[0m
[0m← [0mEdit tests/formatter_test.rs
Index: /home/runner/work/rbops/rbops/redblue/tests/formatter_test.rs
===================================================================
--- /home/runner/work/rbops/rbops/redblue/tests/formatter_test.rs
+++ /home/runner/work/rbops/rbops/redblue/tests/formatter_test.rs
@@ -1115,20 +1115,25 @@
         "expected a parser error for `is greater than or equal to`, got: {}",
         error
     );
 
-    // The same file is rejected by `rb format --check`, not silently accepted.
-    let check = run_rb("format --check", SPEC_GREATER_EQUAL_WORDS);
+    // The CLI reports it rather than printing a mangled program or exiting 0.
+    let run = run_rb("format", SPEC_GREATER_EQUAL_WORDS);
     assert_eq!(
-        check.code, 1,
-        "`format --check` must report a file it cannot format, got code {}",
-        check.code
+        run.code, 1,
+        "`rb format` must exit 1 on a file it cannot format, got code {}",
+        run.code
     );
     assert!(
-        check.stderr.contains("Format error"),
-        "`format --check` must say the file does not format, got: {}",
-        check.stderr
+        run.stderr.contains("Format error"),
+        "`rb format` must say the file does not format, got: {}",
+        run.stderr
     );
+    assert_eq!(
+        run.stdout, "",
+        "`rb format` must print nothing it could not stand behind, got: {}",
+        run.stdout
+    );
 }
 
 /// The `Error: …` head of a diagnostic, without the quoted source line under
 /// it, which is a rendering of the file rather than part of the error.

[0m
[0m$ [0mcd /home/runner/work/rbops/rbops/redblue && cargo test --test formatter_test 2>&1 | tail -8
test formatter_instance_does_not_carry_state_between_calls ... ok
test formatter_rejects_malformed_input_instead_of_guessing ... ok
test format_is_idempotent_over_the_whole_corpus ... ok
test format_preserves_the_meaning_of_every_corpus_file ... ok
test formatted_programs_behave_exactly_as_the_originals ... ok

test result: ok. 44 passed; 0 failed; 0 ignored; 0 measured; 0 filtered out; finished in 0.60s
[0m
All 44 pass. Now the four gates.
[0m$ [0mcd /home/runner/work/rbops/rbops/redblue && echo "=== GATE 1: fmt ==="; cargo fmt --all -- --check && echo "PASS: no diff"
=== GATE 1: fmt ===
Diff in /home/runner/work/rbops/rbops/redblue/tests/formatter_test.rs:1012:
 
 #[test]
 fn edge_a_for_from_to_loop_is_reported_not_silently_rewritten() {
-    for (label, source) in [("with a step", SPEC_FOR_FROM_TO_BY), ("without a step", SPEC_FOR_FROM_TO)] {
-        let error = formatter::format(source)
-            .err()
-            .unwrap_or_else(|| panic!("{}: `for … from … to …` is not grammar, so it must be \
+    for (label, source) in [
+        ("with a step", SPEC_FOR_FROM_TO_BY),
+        ("without a step", SPEC_FOR_FROM_TO),
+    ] {
+        let error = formatter::format(source).err().unwrap_or_else(|| {
+            panic!(
+                "{}: `for … from … to …` is not grammar, so it must be \
                  reported rather than formatted into a different program\nsource: {:?}",
-                label, source));
+                label, source
+            )
+        });
 
         assert!(
             error.starts_with("Parser error"),
Diff in /home/runner/work/rbops/rbops/redblue/tests/formatter_test.rs:1038:
 fn edge_a_symbolic_relational_operator_is_reported_not_guessed_at() {
     let error = formatter::format(SPEC_LESS_SYMBOL)
         .err()
-        .unwrap_or_else(|| panic!("`<` has no token in the lexer, so it must be reported\nsource: {:?}",
-            SPEC_LESS_SYMBOL));
+        .unwrap_or_else(|| {
+            panic!(
+                "`<` has no token in the lexer, so it must be reported\nsource: {:?}",
+                SPEC_LESS_SYMBOL
+            )
+        });
 
     assert!(
         error.starts_with("Lexer error"),
Diff in /home/runner/work/rbops/rbops/redblue/tests/formatter_test.rs:1107:
     // reported, not guessed at.
     let error = formatter::format(SPEC_GREATER_EQUAL_WORDS)
         .err()
-        .unwrap_or_else(|| panic!("`… or equal to …` is not grammar, so it must be reported\nsource: {:?}",
-            SPEC_GREATER_EQUAL_WORDS));
+        .unwrap_or_else(|| {
+            panic!(
+                "`… or equal to …` is not grammar, so it must be reported\nsource: {:?}",
+                SPEC_GREATER_EQUAL_WORDS
+            )
+        });
 
     assert!(
         error.starts_with("Parser error"),
Diff in /home/runner/work/rbops/rbops/redblue/tests/formatter_test.rs:1157:
         match formatter::format(source) {
             Ok(once) => {
                 let twice = formatter::format(&once).unwrap_or_else(|e| {
-                    panic!("formatting {:?} once succeeded but failed again: {}", source, e)
+                    panic!(
+                        "formatting {:?} once succeeded but failed again: {}",
+                        source, e
+                    )
                 });
                 assert_eq!(
                     once, twice,
[0m
Gate 1 caught formatting. Applying:
[0m$ [0mcd /home/runner/work/rbops/rbops/redblue && cargo fmt --all && cargo fmt --all -- --check && echo "GATE 1 PASS: no diff"
GATE 1 PASS: no diff
[0m
[0m$ [0mcd /home/runner/work/rbops/rbops/redblue && echo "=== GATE 2: clippy ==="; cargo clippy --all-targets -- -D warnings 2>&1 | grep -E "^(error|warning)" | head -20; echo "exit=${PIPESTATUS[0]}"
=== GATE 2: clippy ===
exit=0
[0m
[0m$ [0mcd /home/runner/work/rbops/rbops/redblue && echo "=== GATE 3: test ==="; cargo test --all-targets 2>&1 | grep -E "^test result|^error" | awk '{s+=$4; f+=$6; i+=$8} END {print "passed="s" failed="f" ignored="i}'
=== GATE 3: test ===
passed=328 failed=0 ignored=0
[0m
[0m$ [0mcd /home/runner/work/rbops/rbops/redblue && ls -la rbops/verify.sh 2>&1; echo "exit=$?"
ls: cannot access 'rbops/verify.sh': No such file or directory
exit=2
[0m
[0m$ [0mcd /home/runner/work/rbops/rbops/redblue && echo "new tests: $(grep -c '#\[test\]' tests/formatter_test.rs) total, $(grep -c 'fn edge_' tests/formatter_test.rs) edge_*"; echo "ignore/skip/allow(clippy: $(grep -cE '#\[ignore|// *skip|allow\(clippy' tests/formatter_test.rs)"; echo "--- new this resume ---"; git diff --stat
new tests: 44 total, 26 edge_*
ignore/skip/allow(clippy: 0
--- new this resume ---
 tests/formatter_test.rs | 215 ++++++++++++++++++++++++++++++++++++++++++++++++
 1 file changed, 215 insertions(+)
[0m
Gate 3: 328 passed, 0 failed, 0 ignored. Gate 4:
Final independent sweep with the rebuilt binary to confirm no regression:
[0m$ [0mcd /home/runner/work/rbops/rbops/redblue && cargo build 2>&1|tail -1 && RB=$PWD/target/debug/rb && bad=0
for f in $(ls examples/*.rb modules/*.rb tests/*.rb 2>/dev/null); do
  $RB format "$f" > target/tmp/p15/o1 2>/dev/null || continue
  $RB format target/tmp/p15/o1 > target/tmp/p15/o2 2>/dev/null
  cmp -s target/tmp/p15/o1 target/tmp/p15/o2 || { echo "NOT-IDEMPOTENT $f"; bad=1; }
  cp target/tmp/p15/o1 target/tmp/p15/c.rb; $RB format --check target/tmp/p15/c.rb >/dev/null 2>&1 || { echo "CHECK-REJECTS $f"; bad=1; }
done
echo "post-change sweep problems=$bad (MathUtils skipped: pre-existing parse failure, F1)"
printf 'say "hi"\n   \n' > target/tmp/p15/w.rb; $RB format --check target/tmp/p15/w.rb >/dev/null 2>&1; echo "trailing-ws exit=$? (want 1)"
printf 'say "hi"\n' > target/tmp/p15/n.rb; $RB format --check target/tmp/p15/n.rb >/dev/null 2>&1; echo "clean      exit=$? (want 0)"
[1m[92m    Finished[0m `dev` profile [unoptimized] target(s) in 0.06s
post-change sweep problems=0 (MathUtils skipped: pre-existing parse failure, F1)
trailing-ws exit=1 (want 1)
clean      exit=0 (want 0)
[0m
[0m← [0mEdit phases/phase-015/FINDINGS.md
Index: /home/runner/work/rbops/rbops/redblue/phases/phase-015/FINDINGS.md
===================================================================
--- /home/runner/work/rbops/rbops/redblue/phases/phase-015/FINDINGS.md
+++ /home/runner/work/rbops/rbops/redblue/phases/phase-015/FINDINGS.md
@@ -75,4 +75,80 @@
 `ls rbops/` → `No such file or directory`; `.opencode/` is also absent. So
 `./rbops/verify.sh phase-015`, the gate `AGENTS.md` §1 rule 2 makes the only
 authority on whether work is real, could not be run. Noted in `REPORT.md`
 rather than claimed as passing. The other three gates were run directly.
+
+## F5 — the specification documents forms the parser never builds
+
+**Severity: major.** This is spec drift of exactly the kind the reviewer hunts
+for, and it is why six branches of the rewritten formatter cannot be reached by
+any test. Found by auditing which `Stmt`/`Expr`/`BinaryOp` variants the parser
+can actually produce.
+
+### The `for … from … to … [by …]` loop
+
+`SPEC.md:383`, `SPEC.md:388`, `SPEC.md:427` and `docs/GRAMMAR.md:472` all
+document it:
+
+```
+for each i from 1 to 10
+for each i from 0 to 100 by 5
+```
+
+The parser does not build it. `src/parser.rs:694` is the **only** place a loop
+statement is constructed, and it constructs `Statement::ForEach`. Confirmed
+against the binary:
+
+```
+$ rb run t.rb          # for each i from 1 to 3 / say i / end
+Error: ParserError: Expected In but got From
+  --> t.rb:1:12
+```
+
+So `Statement::ForRange` is unreachable from source text. It is declared at
+`src/parser.rs:134` and handled in four places that can therefore never run:
+`src/analyzer.rs:108`, `src/vm.rs:454`, `src/linter.rs:96`,
+`src/formatter.rs:274`.
+
+### The relational operators
+
+`docs/GRAMMAR.md:368-371` documents `is less than`, `is greater than`,
+`is less than or equal to`, `is greater than or equal to`; `:438` tabulates
+`<`, `<=`, `>`, `>=` at precedence 4. None of them exist:
+
+```
+$ rb run t.rb          # say 1 is less than 2
+Error: AnalyzerError: Unknown variable 'less' / Unknown variable 'than'
+$ rb run t.rb          # say 1 < 2
+Error: LexerError: Unexpected character '<'  --> t.rb:1:7
+```
+
+The lexer has no `<` token at all, so `BinaryOp::{Less, LessEqual, Greater,
+GreaterEqual}` — and `BinaryOp::In` — cannot be produced. Their arms at
+`src/formatter.rs:628-631` and `:634` are unreachable, as is the `is`-only
+reading that `src/formatter.rs:614-618` documents.
+
+### Why this is recorded rather than fixed
+
+The formatter is behaving correctly: it reports what it cannot parse instead of
+guessing (`edge_a_for_from_to_loop_is_reported_not_silently_rewritten`,
+`edge_a_symbolic_relational_operator_is_reported_not_guessed_at`,
+`edge_a_comparison_containing_or_is_reported_not_silently_rewritten`). Making
+`for … from …` or `is less than` work is a **grammar** change, which needs its
+own phase under `AGENTS.md` §1 rule 8 — not a formatter bug-fix.
+
+Note the behaviour is not uniform across the two forms, which is why the tests
+are not one loop:
+
+- `say 1 is less than 2` parses into three statements and formats fine; the
+  program is already rejected by the analyzer, and formatting does not change
+  the exit code, stdout, or error identity
+  (`edge_a_word_comparison_fails_the_same_way_before_and_after_formatting`).
+- `say 2 is greater than or equal to 1` does **not** parse, because `or` is a
+  real keyword, so `equal to 1` lands where a function name is expected
+  (`edge_a_comparison_containing_or_is_reported_not_silently_rewritten`).
+
+Whoever implements the operators must extend
+`format_keeps_grouping_for_unary_and_every_operator_level` and
+`format_covers_every_statement_form` in `tests/formatter_test.rs`; the four
+`edge_*` tests above will start failing, which is the intended signal.
+

[0m
Now updating FINDINGS.md with the new spec-drift finding:
[0m✗ [0mEdit phases/phase-015/REPORT.md failed
[91m[1mError: [0mCould not find oldString in the file. It must match exactly, including whitespace, indentation, and line endings.
Now updating REPORT.md with this resume's verified state:
[0m
[0m← [0mWrite phases/phase-015/REPORT.md
Wrote file successfully.
[0m
The template placeholders were already replaced by run 1. Writing the full updated report:
Final gate re-run to confirm the tree is clean after all edits:
[0m$ [0mcd /home/runner/work/rbops/rbops/redblue && rm -rf target/tmp/p15 && echo "=== GATE 1 ==="; cargo fmt --all -- --check && echo "PASS"; echo "=== GATE 2 ==="; cargo clippy --all-targets -- -D warnings 2>&1 | grep -cE "^(warning|error)" ; echo "=== GATE 3 ==="; cargo test --all-targets 2>&1 | grep -E "^test result" | awk '{s+=$4; f+=$6; i+=$8} END {print "passed="s" failed="f" ignored="i}'
=== GATE 1 ===
PASS
=== GATE 2 ===
0
=== GATE 3 ===
passed=328 failed=0 ignored=0
[0m
[0m$ [0mcd /home/runner/work/rbops/rbops/redblue && git status --short && echo "--- diff stat ---" && git diff --stat
M phases/phase-015/FINDINGS.md
 M phases/phase-015/REPORT.md
 M tests/formatter_test.rs
--- diff stat ---
 phases/phase-015/FINDINGS.md |  76 +++++++++++++++
 phases/phase-015/REPORT.md   | 124 ++++++++++++++++++-------
 tests/formatter_test.rs      | 215 +++++++++++++++++++++++++++++++++++++++++++
 3 files changed, 381 insertions(+), 34 deletions(-)
[0m
DONE

**State on arrival:** run 1 had already fixed the finding. Gates 1-3 were green (323 tests). Gate 4 unrunnable — `rbops/` is absent from this checkout.

**What I did:**

1. **Re-verified the finding is genuinely fixed** against the binary: trailing whitespace / missing newline / CRLF / trailing blank line all exit 1; clean file exits 0. The old `trim()` comparison would have passed all four.

2. **Independently audited run 1's claims** rather than trusting them — 21-file idempotence sweep, an 840-mutation fuzz (line del/dup, stray indent, injected comments, CRLF), a 23-case comment-position sweep, 5× determinism runs, and escape round-trips. Zero real failures; the only drift is `examples/time.rb`, which prints wall-clock nanoseconds.

3. **Found the genuine gap.** Auditing which AST variants the parser can actually produce showed `SPEC.md:388` and `docs/GRAMMAR.md:368-371,438` document `for … from … to … by …` and the relational operators — none of which the parser builds. `src/parser.rs:694` only ever constructs `ForEach`, and the lexer has no `<` token. So six formatter branches were unreachable by any test, and `Statement::ForRange` is dead in four files. That is a grammar gap, not a formatter bug (rule 8), so it is recorded as **F5** rather than speculatively implemented.

4. **Added 5 tests** pinning current behavior for those forms — all named `edge_*`, all asserting a *failure* is produced. Two of them failed while being written, which is the proof they aren't vacuous: one over-asserted on whole `stderr` (a diagnostic quotes the source line, which legitimately moved), and one wrongly assumed `is less than` and `is greater than **or** equal to` behave alike (the second is a parse error, because `or` is a real keyword).

**Gates:** fmt pass · clippy 0 warnings · `cargo test --all-targets` **328 passed, 0 failed, 0 ignored** (323 + 5). No `#[ignore]`, `// skip`, or `allow(clippy::`.

**`./rbops/verify.sh phase-015` was NOT run — `rbops/` does not exist here.** REPORT.md says so plainly rather than claiming a pass.

Two things I deliberately did *not* do: widen the corpus to `modules/` (blocked by the pre-existing `MathUtils.rb` parse failure, and skipping unparseable files would hide the failure worth surfacing), and touch `src/` — this resume is tests plus documentation only.
