[93m[1m! [0m agent "reviewer" not found. Falling back to default agent
[0m
> build · muse-spark-1.3-contributor-free
[0m
Round-2 audit of phase-041 — hunting for what the green gate missed.
[0m→ [0mRead src/parser.rs
[0m→ [0mRead src/parser.rs[90m [offset=1544][0m
[0m→ [0mRead src/lexer.rs
[0m→ [0mRead tests/text_split_join_test.rs
I've mapped the new `by`-label logic — now digging into the spec and remaining edge cases.
[0m✱ [0mGrep "unwrap\(\)|expect\(|panic!|unreachable!|todo!|\[self\.pos"[90m in src/parser.rs · 100 matches[0m
[0m→ [0mRead SPEC.md[90m [offset=1000, limit=50][0m
[0m✱ [0mGrep "fn builtin|BUILTIN_NAMES|is_module|Unknown variable"[90m in src/stdlib.rs · 33 matches[0m
[0m→ [0mRead src/stdlib.rs[90m [offset=500, limit=60][0m
[0m→ [0mRead src/analyzer.rs[90m [offset=155, limit=60][0m
FINDINGS:
1. [MAJOR] src/parser.rs:1741 — `kind_starts_expression` omits `This` although `parse_primary` treats `This` as a `Variable` (src/parser.rs:2327) — `split(x, by this)` is misclassified as not-a-label, so the `by` is kept as a variable and the call parses as 3 args without commas instead of label+value — add `TokenKind::This` to the table and audit it against `parse_primary`.
2. [MAJOR] src/parser.rs:993 — `callee_takes_argument_label` matches any callee named `split`/`join`, and the extraction at src/parser.rs:2204 ignores the receiver, so a user-defined `to can split`/`obj.split` or the wrong-module `math.split` also swallows `by` — a shadowing program `split(a, by y)` silently drops a variable instead of erroring — restrict dotted labels to receiver `text` (bare stays) or move the decision to the analyzer where shadowing is known.
3. [MAJOR] src/parser.rs:2231 — the label check runs on every argument-loop iteration including the first, although SPEC.md:1017-1018 labels only the separator (second arg) — `split(by "x", ",")` drops the leading `by` as a label — only test `at_argument_label` after at least one argument (after a comma).
4. [MINOR] src/lexer.rs:88 — `TokenKind::By` is never produced (`KEYWORDS` at src/lexer.rs:14 has no `by`), so the `By` arms in `at_range_step_marker`/`at_argument_label` are dead, and `kind_starts_expression` returns false for `By`, so promoting `by` to a keyword later breaks `by by` contrary to the future-proof comment — delete the dead arms or add `By` to the expression-start table with a test.
REVIEW VERDICT: FINDINGS 4
