[93m[1m! [0m agent "reviewer" not found. Falling back to default agent
[0m
> build · muse-spark-1.3-contributor-free
[0m
Hunting the still-broken paths in phase-029 — holding the gate while I dig in.
[0m→ [0mRead src/lexer.rs
[0m→ [0mRead tests/mod_in_test.rs
[0m→ [0mRead src/formatter.rs[90m [limit=100, offset=630][0m
[0m→ [0mRead src/parser.rs
First pass looks coherent — now probing the edge cases and spec deltas.
[0m→ [0mRead tests/test_mod_in.rb
[0m→ [0mRead SPEC.md[90m [limit=50, offset=195][0m
[0m→ [0mRead src/repl/completer.rs
[0m→ [0mRead tooling/vscode/syntaxes/redblue.tmLanguage.json
[0m✱ [0mGrep "fn number|is_finite|not a finite"[90m 40 matches[0m
[0m✱ [0mGrep "Right side of 'in'|Cannot modulo|Modulo by zero"[90m 37 matches[0m
[0m→ [0mRead docs/GRAMMAR.md[90m [limit=110, offset=350][0m
[0m→ [0mRead src/formatter.rs[90m [limit=30, offset=620][0m
[0m→ [0mRead SPEC.md[90m [limit=30, offset=315][0m
[0m✱ [0mGrep "set mod to|set modern|\"mod\"|'mod'|mod as variable"[90m 13 matches[0m
[0m→ [0mRead src/value.rs[90m [limit=150, offset=120][0m
[0m→ [0mRead src/runtime.rs[90m [limit=80, offset=165][0m
Core semantics check out — now verifying the grammar, analyzer, and remaining integration points.
[0m→ [0mRead docs/GRAMMAR.md[90m [limit=40, offset=75][0m
[0m→ [0mRead src/analyzer.rs[90m [limit=40, offset=410][0m
[0m✱ [0mGrep "TokenKind::Mod|BinaryOp::Mod|BinaryOp::In"[90m 32 matches[0m
[0m✱ [0mGrep "TokenKind::Are|Are"[90m 2 matches[0m
FINDINGS:
1. [MINOR] src/formatter.rs:631 — doc comment on `format_binary_op` still claims `%` is the remainder spelling and that `<`, `<=`, `>`, `>=` and `in` "have no token at all" — every clause is false (`%` and `mod` both lex to `TokenKind::Mod` per src/lexer.rs:50 and src/lexer.rs:418; `in` is `TokenKind::In` per src/lexer.rs:28; `<`/`<=`/`>`/`>=` are tokens per src/lexer.rs:465-481), so it re-states the dead-variant confusion this phase just fixed — rewrite the comment to say `mod`/`%` share `Mod` and membership is only reachable as `is in`.
2. [MINOR] docs/GRAMMAR.md:360 — `multiplicative` production lists only `'mod'` while the precedence table at docs/GRAMMAR.md:449 (edited by this same phase) lists `mod`, `%`, and `mod_op` at docs/GRAMMAR.md:90 still defines only `'mod'`, so the `%` programs SPEC.md:218/224 documents are not described by the grammar the phase claims to have corrected — add the `'%'` alternative to the production and to `mod_op`.
3. [MINOR] docs/GRAMMAR.md:106 — `in_op = 'in'` contradicts the comparison production at docs/GRAMMAR.md:381 (`comparison 'is in' additive`) edited by this phase; a bare `x in list` never parses (the formatter fix at src/formatter.rs:652 exists precisely because of that), so the operator catalog names a spelling the language rejects — change `in_op` to `'is in'` or annotate bare `in` as the `for each … in` loop marker only.
REVIEW VERDICT: FINDINGS 3
