[0m
> build · space-bunny-free
[0m
[0m$ [0mls phases/phase-015/ 2>/dev/null; git log --oneline -5; git status --short
FINDINGS.md
REPORT.md
e4717b0 Merge remote-tracking branch 'origin/rbops-wip/phase-015'
8dc0466 rbops: phase-017 (2026-10-05T02:38:36Z)
fb4c0ae rbops: phase-015 checkpoint 1791122225
3eb0d39 rbops: phase-015 (2026-10-04T12:56:19Z)
58d9644 rbops: phase-015 (2026-10-04T12:38:03Z)
 M phases/phase-015/REPORT.md
 M src/formatter.rs
 M tests/formatter_test.rs
[0m
[0m$ [0mwc -l src/formatter.rs tests/formatter_test.rs src/parser.rs 2>/dev/null
835 src/formatter.rs
  2056 tests/formatter_test.rs
  1609 src/parser.rs
  4500 total
[0m
I'll start by reading the phase report and the formatter source to understand the findings.
[0m→ [0mRead phases/phase-015/REPORT.md
[0m
[0m$ [0mgit diff --stat
phases/phase-015/REPORT.md | 312 +++++++++++++++++--
 src/formatter.rs           |  47 ++-
 tests/formatter_test.rs    | 752 +++++++++++++++++++++++++++++++++++++++++++--
 3 files changed, 1046 insertions(+), 65 deletions(-)
[0m
[0m→ [0mRead src/formatter.rs[90m [offset=250, limit=220][0m
[0m→ [0mRead phases/phase-015/FINDINGS.md
[0m
[0m$ [0mgrep -n "catch" src/parser.rs | head -50
193:    // try ... catch ... end
196:        catch_var: Option<String>,
197:        catch_body: Vec<Stmt>,
973:        let mut catch_var = None;
974:        let mut catch_body = Vec::new();
987:                catch_var = Some(name.clone());
997:                    catch_body.push(stmt);
1027:            catch_var,
1028:            catch_body,
[0m
[0m$ [0mgrep -n "else" src/parser.rs | head -40
123:        else_branch: Vec<Stmt>,
279:        match self.current().or_else(|| self.tokens.last()) {
289:        } else {
297:            .ok_or_else(|| Error::Parser("Unexpected end of input".to_string(), self.span()))?;
446:                } else {
455:                } else {
491:                            } else {
497:                        } else {
502:                    } else {
622:        let mut else_branch = Vec::new();
636:                    else_branch.push(stmt);
647:            else_branch,
856:                } else {
923:        } else {
1189:                    } else if let Some(Token {
1196:                    } else {
1226:                    } else {
1242:                    } else {
1299:            } else {
1331:            } else {
1401:            } else if let Some(Token {
1449:            } else if let Some(Token {
1463:            } else {
1474:            .ok_or_else(|| Error::Parser("Unexpected end of input".to_string(), self.span()))?
[0m
[0m→ [0mRead src/parser.rs[90m [offset=960, limit=75][0m
[0m→ [0mRead src/parser.rs[90m [offset=615, limit=40][0m
[0m
[0m$ [0mcargo build --bin rb 2>&1 | tail -3
[1m[92m    Finished[0m `dev` profile [unoptimized] target(s) in 0.06s
[0m
[0m$ [0mmkdir -p /tmp/opencode/p15 && cd /tmp/opencode/p15 && printf 'try\n    say 1\ncatch\n    say 2\nend\n' > catch_bare.rb && cat -A catch_bare.rb && echo "--- formatted:" && /home/runner/work/rbops/rbops/redblue/target/debug/rb format catch_bare.rb | tee out1.rb && echo "--- idempotent?" && /home/runner/work/rbops/rbops/redblue/target/debug/rb format out1.rb > out2.rb; diff out1.rb out2.rb && echo IDEMPOTENT || echo "NOT IDEMPOTENT"
try$
    say 1$
catch$
    say 2$
end$
--- formatted:
try
    say 1
end
--- idempotent?
IDEMPOTENT
[0m
[0m$ [0mcd /tmp/opencode/p15 && printf 'if 1 is 1 then\n    say 1\nelse // note\nend\n' > else_c.rb && /home/runner/work/rbops/rbops/redblue/target/debug/rb format else_c.rb | tee e1.rb && echo "--- reformat:" && /home/runner/work/rbops/rbops/redblue/target/debug/rb format e1.rb | tee e2.rb && diff e1.rb e2.rb && echo IDEMPOTENT || echo NOT-IDEMPOTENT
if 1 is 1 then
    say 1
end // note
--- reformat:
if 1 is 1 then
    say 1
end // note
IDEMPOTENT
[0m
[0m$ [0mcd /tmp/opencode/p15 && printf 'try\n    say 1\nfinally // note\nend\n' > fin.rb && /home/runner/work/rbops/rbops/redblue/target/debug/rb format fin.rb && echo "=== bare catch + comment:" && printf 'try\n    say 1\ncatch // note\n    say 2\nend\n' > catch_c.rb && /home/runner/work/rbops/rbops/redblue/target/debug/rb format catch_c.rb && echo "=== bare catch empty body + comment:" && printf 'try\n    say 1\ncatch // note\nend\n' > catch_e.rb && /home/runner/work/rbops/rbops/redblue/target/debug/rb format catch_e.rb && echo "=== empty else no comment:" && printf 'if 1 is 1 then\n    say 1\nelse\nend\n' > else_e.rb && /home/runner/work/rbops/rbops/redblue/target/debug/rb format else_e.rb
try
    say 1
end // note
=== bare catch + comment:
try
    say 1
end // note
=== bare catch empty body + comment:
try
    say 1
end // note
=== empty else no comment:
if 1 is 1 then
    say 1
end
[0m
[0m$ [0mgrep -n "is_empty()" src/formatter.rs
183:        if !self.output.is_empty() && !self.output.ends_with('\n') {
294:                if !else_branch.is_empty() {
430:                if !finally_body.is_empty() {
[0m
[0m→ [0mRead src/formatter.rs[90m [limit=250, offset=1][0m
[0m→ [0mRead src/formatter.rs[90m [limit=130, offset=463][0m
[0m→ [0mRead src/formatter.rs[90m [limit=160, offset=676][0m
[0m
[0m$ [0mgrep -n "^fn \|^#\[test\]\|^use \|^const \|^mod " tests/formatter_test.rs | head -60
1:use std::fs;
2:use std::path::{Path, PathBuf};
4:use redblue::formatter::{self, Formatter};
5:use redblue::lexer::Lexer;
6:use redblue::parser::{self, BinaryOp, Expr, ImportItem, Program, Statement, Stmt, UnaryOp};
10:fn corpus() -> Vec<PathBuf> {
33:fn read(path: &Path) -> String {
40:fn run_program(source: &str) -> String {
71:fn scratch_dir() -> PathBuf {
80:fn run_rb(mode: &str, source: &str) -> Run {
87:fn run_rb_args(args: &[&str], source: &str) -> Run {
113:fn run_format_check(source: &str) -> Run {
117:fn parse(source: &str) -> Program {
137:fn same_program(a: &Program, b: &Program) -> bool {
141:fn same_stmts(a: &[Stmt], b: &[Stmt]) -> bool {
146:fn same_stmt(a: &Stmt, b: &Stmt) -> bool {
150:fn same_statement(a: &Statement, b: &Statement) -> bool {
322:fn same_expr(a: &Expr, b: &Expr) -> bool {
404:fn same_binary_op(a: &BinaryOp, b: &BinaryOp) -> bool {
424:fn same_unary_op(a: &UnaryOp, b: &UnaryOp) -> bool {
431:fn same_exprs(a: &[Expr], b: &[Expr]) -> bool {
435:fn same_optional_expr(a: &Option<Expr>, b: &Option<Expr>) -> bool {
443:fn same_optional_string(a: &Option<String>, b: &Option<String>) -> bool {
447:fn same_imports(a: &[ImportItem], b: &[ImportItem]) -> bool {
455:fn assert_idempotent(source: &str, label: &str) -> String {
472:#[test]
473:fn format_is_idempotent() {
486:#[test]
487:fn format_is_idempotent_over_the_whole_corpus() {
498:#[test]
499:fn format_preserves_the_meaning_of_every_corpus_file() {
519:#[test]
520:fn edge_the_tree_comparison_is_not_fooled_by_text_that_looks_like_a_span() {
549:#[test]
550:fn edge_the_tree_comparison_detects_a_change_behind_any_shape_of_text() {
571:#[test]
572:fn format_keeps_the_grouping_the_parentheses_forced() {
585:#[test]
586:fn format_keeps_right_hand_grouping_of_equal_precedence() {
596:#[test]
597:fn format_keeps_grouping_for_unary_and_every_operator_level() {
629:#[test]
630:fn format_writes_index_with_brackets_not_at() {
640:#[test]
641:fn formatter_instance_does_not_carry_state_between_calls() {
657:#[test]
658:fn check_compares_exactly_including_the_trailing_newline() {
683:#[test]
684:fn edge_the_check_flag_reports_a_difference_through_the_exit_code() {
729:#[test]
730:fn edge_the_check_flag_rejects_a_file_it_cannot_format() {
751:#[test]
752:fn edge_the_check_flag_accepts_what_the_format_flag_prints() {
786:#[test]
787:fn formatted_output_ends_with_exactly_one_newline() {
816:#[test]
817:fn format_preserves_comments() {
839:#[test]
840:fn format_preserves_every_comment_in_every_corpus_file() {
861:#[test]
[0m
[0m$ [0mcd /tmp/opencode/p15 && printf 'if 1 is 1 then say 1 else say 2 end\n' > oneline.rb && /home/runner/work/rbops/rbops/redblue/target/debug/rb format oneline.rb; echo "=== try oneline:"; printf 'try say 1 catch err say err end\n' > oneline2.rb && /home/runner/work/rbops/rbops/redblue/target/debug/rb format oneline2.rb; echo "=== try oneline bare catch:"; printf 'try say 1 catch say 2 end\n' > oneline3.rb && /home/runner/work/rbops/rbops/redblue/target/debug/rb format oneline3.rb
if 1 is 1 then
    say 1
else
    say 2
end
=== try oneline:
try
    say 1
catch err
    say err
end
=== try oneline bare catch:
try
    say 1
end
[0m
[0m→ [0mRead tests/formatter_test.rs[90m [limit=140, offset=1][0m
[0m→ [0mRead tests/formatter_test.rs[90m [limit=80, offset=440][0m
[0m
[0m$ [0mgrep -n "fn edge_a_comment_trailing_a_catch_line_stays_after_the_name_it_annotates\|fn edge_a_comment_trailing_a_block_opening_line_stays_on_that_line\|fn edge_a_comment_trailing_the_only_line_of_an_empty_block_stays_there\|fn edge_a_comment_in_a_try_catch_finally_stays_with_its_branch" tests/formatter_test.rs
961:fn edge_a_comment_in_a_try_catch_finally_stays_with_its_branch() {
1026:fn edge_a_comment_trailing_a_catch_line_stays_after_the_name_it_annotates() {
1063:fn edge_a_comment_trailing_a_block_opening_line_stays_on_that_line() {
1124:fn edge_a_comment_trailing_the_only_line_of_an_empty_block_stays_there() {
[0m
[0m→ [0mRead tests/formatter_test.rs[90m [limit=240, offset=940][0m
[0m
[0m$ [0mgrep -n "pub enum TokenKind" -B4 src/lexer.rs; grep -n "pub struct Token" -A8 src/lexer.rs
67-    ("done", TokenKind::Done),
68-];
69-
70-#[derive(Debug, Clone, PartialEq)]
71:pub enum TokenKind {
162:pub struct Token {
163-    pub kind: TokenKind,
164-    pub line: usize,
165-    pub column: usize,
166-}
167-
168-impl Token {
169-    pub fn new(kind: TokenKind, line: usize, column: usize) -> Self {
170-        Self { kind, line, column }
[0m
[0m$ [0mgrep -n "edition\|rust-version" Cargo.toml; rustc --version
4:edition = "2021"
rustc 1.99.0 (b940084d7 2026-09-28)
[0m
[0m$ [0mgrep -n "catch_var" src/analyzer.rs src/vm.rs src/linter.rs | head -30
src/analyzer.rs:201:                catch_var,
src/analyzer.rs:208:                if let Some(var) = catch_var {
src/vm.rs:552:                catch_var,
src/vm.rs:559:                    if let Some(var) = catch_var {
[0m
[0m$ [0mcd /tmp/opencode/p15 && printf 'try\n    say 1\ncatch\n    say 2\nend\n' > c.rb && /home/runner/work/rbops/rbops/redblue/target/debug/rb run c.rb; echo "exit=$?"
1
exit=0
[0m
[0m→ [0mRead src/vm.rs[90m [limit=35, offset=548][0m
[0m
[0m# [0mTodos
[•] Fix BLOCKER: bare `catch` clause (no name) with a body is dropped by the formatter
[ ] Fix MAJOR: empty `else`/`finally` keyword dropped, trailing comment migrates onto `end`
[ ] Add tests pinning both defects (byte-exact, idempotence, AST equivalence, execution parity)
[ ] Mutation-check the new tests fail against the pre-fix code
[ ] Update phases/phase-015/REPORT.md (and FINDINGS.md) for round 3
[ ] Run the four gates: cargo fmt --check, cargo clippy --all-targets -D warnings, cargo test --all-targets, cargo test, ./rbops/verify.sh
[0m
[0m← [0mEdit src/formatter.rs
Index: /home/runner/work/rbops/rbops/redblue/src/formatter.rs
===================================================================
--- /home/runner/work/rbops/rbops/redblue/src/formatter.rs
+++ /home/runner/work/rbops/rbops/redblue/src/formatter.rs
@@ -1,5 +1,5 @@
-use crate::lexer::Lexer;
+use crate::lexer::{Lexer, TokenKind};
 use crate::parser::{BinaryOp, Expr, Program, Statement, Stmt, UnaryOp};
 
 /// A `//` comment recovered from the source text, together with the line it was
 /// written on.

[0m
Now the formatter fix. First, `closing_lines` needs to remember *which* keyword closes each block:
[0m← [0mEdit src/formatter.rs
Index: /home/runner/work/rbops/rbops/redblue/src/formatter.rs
===================================================================
--- /home/runner/work/rbops/rbops/redblue/src/formatter.rs
+++ /home/runner/work/rbops/rbops/redblue/src/formatter.rs
@@ -108,41 +108,61 @@
 
     comments
 }
 
-/// The source lines of every keyword that closes or reopens a block — `else`,
-/// `catch`, `finally`, `end` — in ascending order.
+/// The source line of a keyword that closes or reopens a block — `else`,
+/// `catch`, `finally`, `end` — together with which keyword it is.
+struct Closing {
+    line: usize,
+    keyword: TokenKind,
+}
+
+/// Every line of the source that carries a keyword closing or reopening a block,
+/// in ascending order.
 ///
 /// A comment is attached to the innermost block that contains it, and the tree
 /// alone cannot say where a block stops: only the closing keyword's line does.
 /// With these lines, a block's tail is every comment after its last statement
 /// and before its own closing keyword, which is exactly the set of comments the
 /// source wrote inside that block and had nothing further to attach to.
-fn closing_lines(tokens: &[crate::lexer::Token]) -> Vec<usize> {
-    let mut lines: Vec<usize> = tokens
+///
+/// Which keyword it is matters as much as where it is. The tree records that a
+/// `try` has a catch *body* and that the body has no name — the parser takes a
+/// name after `catch` only if one follows — but the same tree comes from a
+/// `try` with no catch clause at all, and only the keyword on the line tells the
+/// two apart. Without it a bare `catch` cannot be written back out, and the
+/// branch it opens would be dropped.
+fn closing_lines(tokens: &[crate::lexer::Token]) -> Vec<Closing> {
+    let mut closings: Vec<Closing> = tokens
         .iter()
-        .filter(|t| {
-            matches!(
-                t.kind,
-                crate::lexer::TokenKind::Else
-                    | crate::lexer::TokenKind::Catch
-                    | crate::lexer::TokenKind::Finally
-                    | crate::lexer::TokenKind::End
-            )
+        .filter_map(|token| {
+            let keyword = match &token.kind {
+                TokenKind::Else => TokenKind::Else,
+                TokenKind::Catch => TokenKind::Catch,
+                TokenKind::Finally => TokenKind::Finally,
+                TokenKind::End => TokenKind::End,
+                _ => return None,
+            };
+            Some(Closing {
+                line: token.line,
+                keyword,
+            })
         })
-        .map(|t| t.line)
         .collect();
-    lines.sort_unstable();
-    lines.dedup();
-    lines
+    // A stable sort, so keywords sharing a line keep the order they were
+    // written in and the first of them is the one that opens the block; then
+    // one entry per line, since a line bounds a block once.
+    closings.sort_by_key(|closing| closing.line);
+    closings.dedup_by_key(|closing| closing.line);
+    closings
 }
 
 pub struct Formatter {
     indent: usize,
     output: String,
     comments: Vec<Comment>,
     next_comment: usize,
-    closing_lines: Vec<usize>,
+    closing_lines: Vec<Closing>,
     last_line: usize,
 }
 
 impl Formatter {

[0m
[0m← [0mEdit src/formatter.rs
Index: /home/runner/work/rbops/rbops/redblue/src/formatter.rs
===================================================================
--- /home/runner/work/rbops/rbops/redblue/src/formatter.rs
+++ /home/runner/work/rbops/rbops/redblue/src/formatter.rs
@@ -480,46 +480,55 @@
     }
 }
 
 /// Writes a block's statements, each on its own line, indented one level,
-/// then the comments the block ends with.
+/// then the comments the block ends with. Returns the keyword the source
+/// wrote to close or reopen this block — `end`, `else`, `catch` or
+/// `finally` — or `None` when there was none.
 ///
 /// A comment written after the block's last statement has no statement to
 /// attach to, so without this it would be flushed once the whole enclosing
 /// statement was done — outside the block, at the outer indentation, and in
 /// an `if`/`else` inside the *other* branch, where it would read as a note
 /// on that branch's first statement. The closing keyword's line is the bound
 /// that keeps those comments where the author put them.
-fn format_block(&mut self, body: &[Stmt]) {
+fn format_block(&mut self, body: &[Stmt]) -> Option<TokenKind> {
     self.indent();
     self.format_statements(body);
-    self.emit_block_tail();
+    let keyword = self.emit_block_tail();
     self.dedent();
+    keyword
 }
 
 /// Writes the comments between the block just formatted and the keyword that
 /// closes it, and records that keyword's line so a comment written on the
 /// keyword's own line is still recognised as trailing it.
-fn emit_block_tail(&mut self) {
-    let Some(bound) = self.closing_line_after(self.last_line) else {
-        return;
+///
+/// The keyword itself is what the caller needs back: it says whether the
+/// source wrote an `else`, a bare `catch` or a `finally` here, which the tree
+/// alone cannot say when the branch that follows is empty.
+fn emit_block_tail(&mut self) -> Option<TokenKind> {
+    let Some(bound) = self.closing_after(self.last_line) else {
+        return None;
     };
+    let (line, keyword) = (bound.line, bound.keyword.clone());
     while let Some(comment) = self.comments.get(self.next_comment) {
-        if comment.line <= self.last_line || comment.line >= bound {
+        if comment.line <= self.last_line || comment.line >= line {
             break;
         }
         let text = comment.text.clone();
         self.write_indent();
         self.write(&text);
         self.newline();
         self.next_comment += 1;
     }
-    self.last_line = bound;
+    self.last_line = line;
+    Some(keyword)
 }
 
-/// The line of the next keyword that closes or reopens a block after `line`.
-fn closing_line_after(&self, line: usize) -> Option<usize> {
-    self.closing_lines.iter().copied().find(|&l| l > line)
+/// The next keyword that closes or reopens a block after `line`.
+fn closing_after(&self, line: usize) -> Option<&Closing> {
+    self.closing_lines.iter().find(|closing| closing.line > line)
 }
 
 fn write_signature(&mut self, keyword: &str, name: &str, params: &[String]) {
     self.write(keyword);

[0m
Now `emit_block_tail` / `closing_line_after` so a block reports the keyword that closed it:
Now the `if`/`else` arm — keep a keyword the source wrote even when its branch is empty:
[0m← [0mEdit src/formatter.rs
Index: /home/runner/work/rbops/rbops/redblue/src/formatter.rs
===================================================================
--- /home/runner/work/rbops/rbops/redblue/src/formatter.rs
+++ /home/runner/work/rbops/rbops/redblue/src/formatter.rs
@@ -308,11 +308,19 @@
 self.format_expression(condition);
 // `then` is not optional to the parser.
 self.write(" then");
 self.open_line(stmt.span.line);
-self.format_block(then_branch);
+let closed_by = self.format_block(then_branch);
 
-if !else_branch.is_empty() {
+// An `else` the source wrote is written back even when its branch
+// holds nothing. Dropping it because the branch is empty loses
+// the comment the author put at the end of that line — with the
+// keyword gone there is nothing for `// …` to trail, and
+// `write_keyword_line("end")` re-attached it as `end // …`, a
+// note about the else branch attached to the line that closed
+// the whole `if`. The keyword on the line closing this branch is
+// what says the author wrote one.
+if closed_by == Some(TokenKind::Else) || !else_branch.is_empty() {
     self.write_keyword_line("else");
     self.newline();
     self.format_block(else_branch);
 }

[0m
Now the `try` arm — the BLOCKER plus the same `finally` defect:
[0m← [0mEdit src/formatter.rs
Index: /home/runner/work/rbops/rbops/redblue/src/formatter.rs
===================================================================
--- /home/runner/work/rbops/rbops/redblue/src/formatter.rs
+++ /home/runner/work/rbops/rbops/redblue/src/formatter.rs
@@ -437,26 +437,51 @@
     finally_body,
 } => {
     self.write("try");
     self.open_line(stmt.span.line);
-    self.format_block(body);
+    // Which keyword closed the block just written — `catch` if the
+    // source has a catch clause, `end` if it has none. Reassigned
+    // when a catch clause is written, because then the catch body's
+    // own closing keyword is the one the `finally` is judged against.
+    let mut closed_by = self.format_block(body);
 
-    if let Some(var) = catch_var {
-        // `catch` takes the error's name, so it cannot go through
-        // `write_keyword_line`: that helper ends the line with the
-        // trailing comment, and a name written after a comment
-        // lands in it — `catch err // note` came out as
-        // `catch // noteerr`, which does not read back at all. The
-        // name is written first, then the one trailing comment.
-        self.write_indent();
-        self.write("catch ");
-        self.write(var);
-        self.write_trailing_comment(self.last_line);
-        self.newline();
-        self.format_block(catch_body);
+    match catch_var {
+        Some(var) => {
+            // `catch` takes the error's name, so it cannot go through
+            // `write_keyword_line`: that helper ends the line with the
+            // trailing comment, and a name written after a comment
+            // lands in it — `catch err // note` came out as
+            // `catch // noteerr`, which does not read back at all. The
+            // name is written first, then the one trailing comment.
+            self.write_indent();
+            self.write("catch ");
+            self.write(var);
+            self.write_trailing_comment(self.last_line);
+            self.newline();
+            closed_by = self.format_block(catch_body);
+        }
+        // The name is optional to the parser, so a `catch` with no
+        // name is a catch clause like any other and the body after it
+        // has to be written back out. Keying this arm on the name
+        // alone dropped the whole clause: `try / say 1 / catch / say
+        // 2 / end` came back as `try / say 1 / end`, a different
+        // program. The tree cannot tell a nameless `catch` from no
+        // `catch` at all — both are `None` with an empty body — so
+            // the keyword the source wrote on that line is what
+        // decides, and a nameless `catch` may carry a trailing
+        // comment like any other line.
+        None if closed_by == Some(TokenKind::Catch) => {
+            self.write_keyword_line("catch");
+            self.newline();
+            closed_by = self.format_block(catch_body);
+        }
+        None => {}
     }
 
-    if !finally_body.is_empty() {
+    // As with `else`: a `finally` the source wrote is written back
+    // even when its body holds nothing, or the comment trailing that
+    // line migrates onto the `end`.
+    if closed_by == Some(TokenKind::Finally) || !finally_body.is_empty() {
         self.write_keyword_line("finally");
         self.newline();
         self.format_block(finally_body);
     }

[0m
[0m← [0mEdit src/formatter.rs
Index: /home/runner/work/rbops/rbops/redblue/src/formatter.rs
===================================================================
--- /home/runner/work/rbops/rbops/redblue/src/formatter.rs
+++ /home/runner/work/rbops/rbops/redblue/src/formatter.rs
@@ -465,11 +465,11 @@
 // alone dropped the whole clause: `try / say 1 / catch / say
 // 2 / end` came back as `try / say 1 / end`, a different
 // program. The tree cannot tell a nameless `catch` from no
 // `catch` at all — both are `None` with an empty body — so
-    // the keyword the source wrote on that line is what
-// decides, and a nameless `catch` may carry a trailing
-// comment like any other line.
+// the keyword the source wrote on that line is what decides,
+// and a nameless `catch` may carry a trailing comment like
+// any other line.
 None if closed_by == Some(TokenKind::Catch) => {
     self.write_keyword_line("catch");
     self.newline();
     closed_by = self.format_block(catch_body);

[0m
[0m$ [0mcargo build --bin rb 2>&1 | tail -20
[1m[92m   Compiling[0m redblue v0.1.0 (/home/runner/work/rbops/rbops/redblue)
[1m[92m    Finished[0m `dev` profile [unoptimized] target(s) in 1.07s
[0m
[0m$ [0mcd /tmp/opencode/p15 && RB=/home/runner/work/rbops/rbops/redblue/target/debug/rb && for f in catch_bare catch_c catch_e else_c else_e fin oneline oneline2 oneline3; do echo "=== $f"; cat $f.rb; echo "--- ->"; $RB format $f.rb; done
=== catch_bare
try
    say 1
catch
    say 2
end
--- ->
try
    say 1
catch
    say 2
end
=== catch_c
try
    say 1
catch // note
    say 2
end
--- ->
try
    say 1
catch // note
    say 2
end
=== catch_e
try
    say 1
catch // note
end
--- ->
try
    say 1
catch // note
end
=== else_c
if 1 is 1 then
    say 1
else // note
end
--- ->
if 1 is 1 then
    say 1
else // note
end
=== else_e
if 1 is 1 then
    say 1
else
end
--- ->
if 1 is 1 then
    say 1
else
end
=== fin
try
    say 1
finally // note
end
--- ->
try
    say 1
finally // note
end
=== oneline
if 1 is 1 then say 1 else say 2 end
--- ->
if 1 is 1 then
    say 1
else
    say 2
end
=== oneline2
try say 1 catch err say err end
--- ->
try
    say 1
catch err
    say err
end
=== oneline3
try say 1 catch say 2 end
--- ->
try
    say 1
end
[0m
[0m$ [0mgrep -n "pub struct Span" -A12 src/parser.rs; grep -n "pub struct Stmt" -A6 src/parser.rs
219:pub struct Stmt {
220-    pub span: Span,
221-    pub statement: Statement,
222-}
223-
224-#[derive(Debug, Clone)]
225-pub struct Program {
[0m
[0m$ [0mgrep -rn "pub struct Span" -A14 src/error.rs | head -30; grep -n "span" src/parser.rs | head -20
8:pub struct Span {
9-    pub line: usize,
10-    pub column: usize,
11-}
12-
13-impl Span {
14-    pub fn new(line: usize, column: usize) -> Self {
15-        Self { line, column }
16-    }
17-
18-    /// A position that is not attached to any source text. Only for failures
19-    /// that happen before a token exists, such as a module file that cannot be
20-    /// read.
21-    pub fn unknown() -> Self {
22-        Self { line: 0, column: 0 }
220:    pub span: Span,
230:/// spanned [`Error::Parser`].
246:/// before the parser gives up with a spanned [`Error::Parser`].
278:    fn span(&self) -> Span {
280:            Some(token) => token.span(),
297:            .ok_or_else(|| Error::Parser("Unexpected end of input".to_string(), self.span()))?;
302:                token.span(),
311:    /// Returns a spanned [`Error::Parser`] once the nesting passes
319:                self.span(),
352:                self.span(),
412:        let span = self.span();
494:                                    self.span(),
505:                            self.span(),
531:        Ok(stmt.map(|statement| Stmt { span, statement }))
558:                    self.span(),
582:                        self.span(),
673:                            self.span(),
702:                self.span(),
758:        let span = self.span();
767:            span,
[0m
[0m→ [0mRead src/formatter.rs[90m [limit=70, offset=112][0m
The fix works for the multi-line form. One related case remains: a whole block written on a single line (`try say 1 catch say 2 end`) still loses the branch. Let me check that and make the keyword lookup robust to it:
[0m✗ [0mEdit src/formatter.rs failed
[91m[1mError: [0mCould not find oldString in the file. It must match exactly, including whitespace, indentation, and line endings.
[0m
[0m← [0mEdit src/formatter.rs
Index: /home/runner/work/rbops/rbops/redblue/src/formatter.rs
===================================================================
--- /home/runner/work/rbops/rbops/redblue/src/formatter.rs
+++ /home/runner/work/rbops/rbops/redblue/src/formatter.rs
@@ -108,17 +108,16 @@
 
     comments
 }
 
-/// The source line of a keyword that closes or reopens a block — `else`,
-/// `catch`, `finally`, `end` — together with which keyword it is.
+/// A keyword of the source that closes or reopens a block — `else`, `catch`,
+/// `finally`, `end` — with the line it was written on.
 struct Closing {
     line: usize,
     keyword: TokenKind,
 }
 
-/// Every line of the source that carries a keyword closing or reopening a block,
-/// in ascending order.
+/// Every closing keyword of the source, in the order the source wrote them.
 ///
 /// A comment is attached to the innermost block that contains it, and the tree
 /// alone cannot say where a block stops: only the closing keyword's line does.
 /// With these lines, a block's tail is every comment after its last statement
@@ -147,13 +146,11 @@
                 keyword,
             })
         })
         .collect();
-    // A stable sort, so keywords sharing a line keep the order they were
-    // written in and the first of them is the one that opens the block; then
-    // one entry per line, since a line bounds a block once.
+    // A stable sort, so keywords written on the same line keep the order they
+    // were written in: that order is the only thing that can tell them apart.
     closings.sort_by_key(|closing| closing.line);
-    closings.dedup_by_key(|closing| closing.line);
     closings
 }
 
 pub struct Formatter {
@@ -161,8 +158,9 @@
     output: String,
     comments: Vec<Comment>,
     next_comment: usize,
     closing_lines: Vec<Closing>,
+    next_closing: usize,
     last_line: usize,
 }
 
 impl Formatter {
@@ -172,8 +170,9 @@
             output: String::new(),
             comments: Vec::new(),
             next_comment: 0,
             closing_lines: Vec::new(),
+            next_closing: 0,
             last_line: 0,
         }
     }
 

[0m
[0m← [0mEdit src/formatter.rs
Index: /home/runner/work/rbops/rbops/redblue/src/formatter.rs
===================================================================
--- /home/runner/work/rbops/rbops/redblue/src/formatter.rs
+++ /home/runner/work/rbops/rbops/redblue/src/formatter.rs
@@ -192,8 +192,9 @@
 self.indent = 0;
 self.output = String::new();
 self.comments = collect_comments(source);
 self.next_comment = 0;
+self.next_closing = 0;
 self.last_line = 0;
 
 self.format_program(&program);
 

[0m
[0m← [0mEdit src/formatter.rs
Index: /home/runner/work/rbops/rbops/redblue/src/formatter.rs
===================================================================
--- /home/runner/work/rbops/rbops/redblue/src/formatter.rs
+++ /home/runner/work/rbops/rbops/redblue/src/formatter.rs
@@ -539,26 +539,57 @@
 /// The keyword itself is what the caller needs back: it says whether the
 /// source wrote an `else`, a bare `catch` or a `finally` here, which the tree
 /// alone cannot say when the branch that follows is empty.
 fn emit_block_tail(&mut self) -> Option<TokenKind> {
-    let Some(bound) = self.closing_after(self.last_line) else {
-        return None;
-    };
-    let (line, keyword) = (bound.line, bound.keyword.clone());
+    let bound = self.closing_for_block()?;
     while let Some(comment) = self.comments.get(self.next_comment) {
-        if comment.line <= self.last_line || comment.line >= line {
+        if comment.line <= self.last_line || comment.line >= bound.line {
             break;
         }
         let text = comment.text.clone();
         self.write_indent();
         self.write(&text);
         self.newline();
         self.next_comment += 1;
     }
-    self.last_line = line;
-    Some(keyword)
+    self.last_line = bound.line;
+    Some(bound.keyword)
 }
 
+/// The keyword that closed the block just written.
+///
+/// The line is the authority: the keyword that closes a block sits below the
+/// block's contents, so the first closing keyword on a later line is this
+/// block's own — even after a block written on one line has taken a keyword
+/// that the line alone would have pointed at.
+///
+/// A block the author wrote entirely on one line has no later line to look
+/// at, and then only the order the keywords were written in can say which
+/// one closed it. That order is the same post-order the parser read them in
+/// and the formatter closes blocks in, so the next keyword not yet taken is
+/// this block's.
+fn closing_for_block(&mut self) -> Option<Closing> {
+    if let Some(at) = self
+        .closing_lines
+        .iter()
+        .position(|closing| closing.line > self.last_line)
+    {
+        self.next_closing = self.next_closing.max(at + 1);
+        return Some(self.closing_lines[at].clone());
+    }
+
+    while self
+        .closing_lines
+        .get(self.next_closing)
+        .is_some_and(|closing| closing.line < self.last_line)
+    {
+        self.next_closing += 1;
+    }
+    let bound = self.closing_lines.get(self.next_closing)?.clone();
+    self.next_closing += 1;
+    Some(bound)
+}
+
 /// The next keyword that closes or reopens a block after `line`.
 fn closing_after(&self, line: usize) -> Option<&Closing> {
     self.closing_lines.iter().find(|closing| closing.line > line)
 }

[0m
Now the block-close lookup itself:
[0m$ [0mgrep -n "closing_after" src/formatter.rs
593:    fn closing_after(&self, line: usize) -> Option<&Closing> {
[0m
[0m← [0mEdit src/formatter.rs
Index: /home/runner/work/rbops/rbops/redblue/src/formatter.rs
===================================================================
--- /home/runner/work/rbops/rbops/redblue/src/formatter.rs
+++ /home/runner/work/rbops/rbops/redblue/src/formatter.rs
@@ -588,13 +588,8 @@
     self.next_closing += 1;
     Some(bound)
 }
 
-/// The next keyword that closes or reopens a block after `line`.
-fn closing_after(&self, line: usize) -> Option<&Closing> {
-    self.closing_lines.iter().find(|closing| closing.line > line)
-}
-
 fn write_signature(&mut self, keyword: &str, name: &str, params: &[String]) {
     self.write(keyword);
     self.write(name);
     self.write("(");

[0m
[0m$ [0mcargo build --bin rb 2>&1 | tail -20
[1m[94m587[0m [1m[94m|[0m         let bound = self.closing_lines.get(self.next_closing)?.clone();
    [1m[94m|[0m                     [1m[92m^^^^^^^^^^^^^^^^^^^^^^^^^^^^^^^^^^^^^^^^^^[0m
[1m[96mhelp[0m: the type constructed contains `&Closing` due to the type of the argument passed
   [1m[94m--> [0msrc/formatter.rs:589:9
    [1m[94m|[0m
[1m[94m589[0m [1m[94m|[0m         Some(bound)
    [1m[94m|[0m         [1m[96m^^^^^[0m[1m[94m-----[0m[1m[96m^[0m
    [1m[94m|[0m              [1m[94m|[0m
    [1m[94m|[0m              [1m[94mthis argument influences the type of `Some`[0m
[1m[92mnote[0m: tuple variant defined here
   [1m[94m--> [0m/rustc/b940084d7eb6a299eb4bfeb8e34901bc051e7ac4/library/core/src/option.rs:606:4
[1m[96mhelp[0m: consider annotating `Closing` with `#[derive(Clone)]`
    [1m[94m|[0m
[1m[94m114[0m [92m+ #[derive(Clone)][0m
[1m[94m115[0m [1m[94m|[0m struct Closing {
    [1m[94m|[0m

[1mSome errors have detailed explanations: E0308, E0599.[0m
[1mFor more information about an error, try `rustc --explain E0308`.[0m
[1m[91merror[0m: could not compile `redblue` (lib) due to 2 previous errors
[0m
[0m← [0mEdit src/formatter.rs
Index: /home/runner/work/rbops/rbops/redblue/src/formatter.rs
===================================================================
--- /home/runner/work/rbops/rbops/redblue/src/formatter.rs
+++ /home/runner/work/rbops/rbops/redblue/src/formatter.rs
@@ -110,8 +110,9 @@
 }
 
 /// A keyword of the source that closes or reopens a block — `else`, `catch`,
 /// `finally`, `end` — with the line it was written on.
+#[derive(Clone)]
 struct Closing {
     line: usize,
     keyword: TokenKind,
 }

[0m
[0m$ [0mcargo build --bin rb 2>&1 | tail -20
[1m[92m   Compiling[0m redblue v0.1.0 (/home/runner/work/rbops/rbops/redblue)
[1m[92m    Finished[0m `dev` profile [unoptimized] target(s) in 1.04s
[0m
[0m$ [0mcd /tmp/opencode/p15 && RB=/home/runner/work/rbops/rbops/redblue/target/debug/rb && for f in catch_bare catch_c catch_e else_c else_e fin oneline oneline2 oneline3; do printf '%-12s -> ' $f; $RB format $f.rb | tr '\n' '|'; echo; done
catch_bare   -> try|    say 1|catch|    say 2|end|
catch_c      -> try|    say 1|catch // note|    say 2|end|
catch_e      -> try|    say 1|catch // note|end|
else_c       -> if 1 is 1 then|    say 1|else // note|end|
else_e       -> if 1 is 1 then|    say 1|else|end|
fin          -> try|    say 1|finally // note|end|
oneline      -> if 1 is 1 then|    say 1|else|    say 2|end|
oneline2     -> try|    say 1|catch err|    say err|end|
oneline3     -> try|    say 1|catch|    say 2|end|
[0m
All ten shapes now round-trip, including the single-line form. Full suite:
[0m$ [0mcargo test --all-targets 2>&1 | tail -30
test edge_network_rejects_an_argument_that_is_not_a_url ... ok
test edge_network_get_to_a_black_holed_address_gives_up ... ok
test network_timeouts_are_published_and_bounded ... ok

test result: ok. 39 passed; 0 failed; 0 ignored; 0 measured; 0 filtered out; finished in 5.10s

[1m[92m     Running[0m tests/tooling_grammar_test.rs (target/debug/deps/tooling_grammar_test-5168e83e5b43e7a2)

running 18 tests
test diagnostics_json_is_a_well_formed_array_of_located_entries ... ok
test diagnostics_report_linter_findings_as_warnings ... ok
test diagnostics_lint_the_ast_they_already_parsed ... ok
test diagnostics_surface_a_spanned_lexer_error ... ok
test diagnostics_surface_a_spanned_analyzer_error ... ok
test diagnostics_surface_a_spanned_parser_error ... ok
test edge_diagnostic_columns_count_characters_not_bytes ... ok
test edge_diagnostic_json_escapes_a_message_containing_quotes_and_newlines ... ok
test edge_escape_json_escapes_quotes_backslashes_controls_and_unicode ... ok
test edge_empty_source_produces_no_diagnostics ... ok
test every_listed_keyword_lexes_as_a_keyword_not_an_identifier ... ok
test grammar_highlights_the_comment_marker_the_lexer_accepts ... ok
test shipped_grammar_file_is_valid_json_with_a_redblue_scope ... ok
test grammar_orders_strings_before_comments_and_comments_before_operators ... ok
test shipped_grammar_file_matches_the_generator ... ok
test shipped_language_configuration_uses_the_lexers_comment_marker ... ok
test grammar_covers_the_lexer_keyword_set ... ok
test unused_variable_warnings_come_out_in_a_stable_name_order ... ok

test result: ok. 18 passed; 0 failed; 0 ignored; 0 measured; 0 filtered out; finished in 0.00s
[0m
[0m$ [0mcargo test --all-targets 2>&1 | grep -E "^test result|failed|FAILED|panicked" | head -30
test result: ok. 6 passed; 0 failed; 0 ignored; 0 measured; 0 filtered out; finished in 0.00s
test result: ok. 0 passed; 0 failed; 0 ignored; 0 measured; 0 filtered out; finished in 0.00s
test result: ok. 11 passed; 0 failed; 0 ignored; 0 measured; 0 filtered out; finished in 0.25s
test result: ok. 26 passed; 0 failed; 0 ignored; 0 measured; 0 filtered out; finished in 0.11s
test result: ok. 13 passed; 0 failed; 0 ignored; 0 measured; 0 filtered out; finished in 0.30s
test result: ok. 21 passed; 0 failed; 0 ignored; 0 measured; 0 filtered out; finished in 0.01s
test result: ok. 61 passed; 0 failed; 0 ignored; 0 measured; 0 filtered out; finished in 0.74s
test a_nested_index_out_of_bounds_reports_the_index_that_failed ... ok
test result: ok. 8 passed; 0 failed; 0 ignored; 0 measured; 0 filtered out; finished in 0.00s
test result: ok. 16 passed; 0 failed; 0 ignored; 0 measured; 0 filtered out; finished in 0.00s
test result: ok. 22 passed; 0 failed; 0 ignored; 0 measured; 0 filtered out; finished in 1.01s
test result: ok. 20 passed; 0 failed; 0 ignored; 0 measured; 0 filtered out; finished in 0.00s
test result: ok. 26 passed; 0 failed; 0 ignored; 0 measured; 0 filtered out; finished in 0.05s
test result: ok. 23 passed; 0 failed; 0 ignored; 0 measured; 0 filtered out; finished in 0.09s
test result: ok. 25 passed; 0 failed; 0 ignored; 0 measured; 0 filtered out; finished in 0.11s
test result: ok. 8 passed; 0 failed; 0 ignored; 0 measured; 0 filtered out; finished in 0.33s
test result: ok. 5 passed; 0 failed; 0 ignored; 0 measured; 0 filtered out; finished in 0.00s
test test_every_failed_program_reports_a_position ... ok
test result: ok. 15 passed; 0 failed; 0 ignored; 0 measured; 0 filtered out; finished in 0.00s
test result: ok. 39 passed; 0 failed; 0 ignored; 0 measured; 0 filtered out; finished in 5.10s
test result: ok. 18 passed; 0 failed; 0 ignored; 0 measured; 0 filtered out; finished in 0.00s
[0m
Now let me check the exact outputs for the empty-branch shapes before writing assertions:
[0m$ [0mcd /tmp/opencode/p15 && RB=/home/runner/work/rbops/rbops/redblue/target/debug/rb && cat > empty_branches.rb <<'EOF'
if 1 is 1 then
    say 1
else // nothing to do here
    // and nothing here either
end
try
    say 2
catch // no name to bind
    // an empty catch
finally // either way
    // nothing either
end
say 3
EOF
cat -A empty_branches.rb | head -3; echo "=== formatted:"; $RB format empty_branches.rb > got.rb; cat got.rb; echo "=== idempotent?"; $RB format got.rb > got2.rb; diff got.rb got2.rb && echo YES || echo NO
if 1 is 1 then$
    say 1$
else // nothing to do here$
=== formatted:
if 1 is 1 then
    say 1
else // nothing to do here
    // and nothing here either
end
try
    say 2
catch // no name to bind
    // an empty catch
finally // either way
    // nothing either
end
say 3
=== idempotent?
YES
[0m
[0m$ [0mcd /tmp/opencode/p15 && /home/runner/work/rbops/rbops/redblue/target/debug/rb run empty_branches.rb; echo "exit=$?"; /home/runner/work/rbops/rbops/redblue/target/debug/rb run got.rb; echo "exit=$?"
1
2
3
exit=0
1
2
3
exit=0
[0m
[0m$ [0mgrep -n "fn format_covers_every_statement_form" -A45 tests/formatter_test.rs
1514:fn format_covers_every_statement_form() {
1515-    let source = "\
1516-import files, network to net
1517-say 1
1518-print 2
1519-set x to 1
1520-set obj.field to 2
1521-if x is 1 then
1522-    say 1
1523-else
1524-    say 2
1525-end
1526-for each item in [1, 2]
1527-    say item
1528-end
1529-repeat 3 times
1530-    say 1
1531-end
1532-while x is less than 3
1533-    set x to x + 1
1534-end
1535-to helper(a, b)
1536-    give back a + b
1537-end
1538-object Thing
1539-    has name default \"none\"
1540-    to can greet()
1541-        say this.name
1542-    end
1543-end
1544-try
1545-    say 1
1546-catch error
1547-    say error
1548-finally
1549-    say 2
1550-end
1551-test \"a test\"
1552-    expect 1 + 1 to be 2
1553-end
1554-say helper(1, 2)
1555-say obj.field
1556-say obj.describe(1)
1557-say [1, 2][0]
1558-";
1559-
[0m
[0m→ [0mRead tests/formatter_test.rs[90m [limit=60, offset=1559][0m
[0m→ [0mRead tests/formatter_test.rs[90m [limit=100, offset=1957][0m
[0m
[0m$ [0mcd /tmp/opencode/p15 && RB=/home/runner/work/rbops/rbops/redblue/target/debug/rb && printf 'try say 1 catch say 2 finally say 3 end\n' > ol4.rb && echo "=== ol4:" && $RB format ol4.rb && echo "=== named-catch one line:" && printf 'try say 1 catch e say e end\n' > ol5.rb && $RB format ol5.rb && echo "=== empty else one line:" && printf 'if 1 is 1 then say 1 else end\n' > ol6.rb && $RB format ol6.rb
=== ol4:
try
    say 1
catch
    say 2
finally
    say 3
end
=== named-catch one line:
try
    say 1
catch e
    say e
end
=== empty else one line:
if 1 is 1 then
    say 1
else
end
[0m
[0m→ [0mRead tests/formatter_test.rs[90m [limit=10, offset=2047][0m
Now the tests:
[0m
[0m← [0mEdit tests/formatter_test.rs
Index: /home/runner/work/rbops/rbops/redblue/tests/formatter_test.rs
===================================================================
--- /home/runner/work/rbops/rbops/redblue/tests/formatter_test.rs
+++ /home/runner/work/rbops/rbops/redblue/tests/formatter_test.rs
@@ -2053,4 +2053,187 @@
             ),
         }
     }
 }
+
+// ---------------------------------------------------------------------------
+// Review round 3 — a branch the formatter must not drop
+// ---------------------------------------------------------------------------
+
+/// How many statements each `try` in `program` holds in its catch clause, with
+/// `None` for a `try` whose catch has no name.
+///
+/// The catch body's name and size are what the round-3 finding turned on: a
+/// `catch` with a body and no name is a catch clause, and dropping it takes the
+/// statements under it with it.
+fn catch_bodies(program: &Program) -> Vec<Option<usize>> {
+    program
+        .statements
+        .iter()
+        .filter_map(|stmt| match &stmt.statement {
+            Statement::Try {
+                catch_var,
+                catch_body,
+                ..
+            } => Some(if catch_var.is_none() {
+                Some(catch_body.len())
+            } else {
+                None
+            }),
+            _ => None,
+        })
+        .collect()
+}
+
+#[test]
+fn edge_a_catch_without_a_name_keeps_the_branch_it_opens() {
+    // The name after `catch` is optional to the parser — it is taken only if one
+    // follows — so `catch` on its own is a catch clause with a body and no name,
+    // and its tree is indistinguishable from a `try` with no catch clause except
+    // that the body is not empty. Writing the clause only when the name was
+    // there dropped the whole branch: this source came back as
+    // `try / say 1 / finally / say 3 / end / say 4`, which runs three statements
+    // instead of four.
+    let source = "\
+try
+    say 1
+catch
+    say 2
+finally
+    say 3
+end
+say 4
+";
+
+    let formatted = assert_idempotent(source, "a catch with no name");
+
+    assert_eq!(
+        formatted, source,
+        "a bare `catch` and the statements under it must be written back out"
+    );
+    assert!(
+        same_program(&parse(source), &parse(&formatted)),
+        "formatting must not drop the statements of a nameless catch:\n{}",
+        formatted
+    );
+    assert_eq!(
+        catch_bodies(&parse(source)),
+        vec![Some(1)],
+        "the fixture must really be a nameless catch holding one statement, or \
+         this test proves nothing"
+    );
+    assert_eq!(
+        catch_bodies(&parse(&formatted)),
+        vec![Some(1)],
+        "the nameless catch must still hold its statement after formatting:\n{}",
+        formatted
+    );
+    assert!(
+        formatted.contains("catch"),
+        "the clause keyword itself was dropped:\n{}",
+        formatted
+    );
+
+    // And what the program prints must not change either. The virtual machine
+    // binds no name for a nameless catch, so its body does not run — that is the
+    // VM's business and is recorded as F6, not something the formatter may
+    // change — but formatting must not alter which statements run.
+    assert_eq!(
+        run_program(&formatted),
+        run_program(source),
+        "formatting must not change what the program does"
+    );
+}
+
+#[test]
+fn edge_a_branch_written_on_one_line_keeps_its_keywords() {
+    // The same loss in the shape a whole `try` on one line takes: every keyword
+    // that closes or reopens a block then shares the block's line, so there is
+    // no *later* line to look the keyword up on and only the order the source
+    // wrote them in can say which one closed this block. The keywords are still
+    // read in the same post-order the parser read them in, so the next one not
+    // yet taken is this block's.
+    let source = "try say 1 catch say 2 finally say 3 end\n";
+    let expected = "\
+try
+    say 1
+catch
+    say 2
+finally
+    say 3
+end
+";
+
+    let formatted = assert_idempotent(source, "a whole try on one line");
+
+    assert_eq!(
+        formatted, expected,
+        "a nameless catch and a finally written on one line must both survive"
+    );
+    assert!(
+        same_program(&parse(source), &parse(&formatted)),
+        "formatting must not drop a branch of a one-line block:\n{}",
+        formatted
+    );
+}
+
+#[test]
+fn edge_an_empty_branch_keeps_its_keyword_and_the_comment_written_on_it() {
+    // `else`, a bare `catch` and `finally` are written back even when the branch
+    // they open holds nothing — a comment and nothing else is not nothing. The
+    // keyword is what the author wrote; dropping it for being empty took the
+    // comment with it, because there was then nothing on that line for `// …` to
+    // trail, and `write_keyword_line("end")` re-attached it as `end // …`: a note
+    // about one branch moved onto the line that closed the whole statement.
+    let source = "\
+if 1 is 1 then
+    say 1
+else // nothing to do here
+    // and nothing here either
+end
+try
+    say 2
+catch // no name to bind
+    // an empty catch
+finally // either way
+    // nothing either
+end
+say 3
+";
+
+    let formatted = assert_idempotent(source, "branches with nothing in them");
+
+    assert_eq!(
+        formatted, source,
+        "a keyword the source wrote must stay, with the comment written on it"
+    );
+    assert!(
+        same_program(&parse(source), &parse(&formatted)),
+        "formatting must not change the program:\n{}",
+        formatted
+    );
+    assert!(
+        !formatted.contains("end //"),
+        "no comment may migrate onto the keyword that closes a block:\n{}",
+        formatted
+    );
+
+    // The keyword matters on its own, not only as the comment's anchor: a branch
+    // with nothing in it and no comment on its line still reads back the way it
+    // was written.
+    let bare = "\
+if 1 is 1 then
+    say 1
+else
+end
+try
+    say 2
+catch
+finally
+end
+";
+    assert_eq!(
+        assert_idempotent(bare, "empty branches with no comments"),
+        bare,
+        "an `else`, a bare `catch` and a `finally` the source wrote must be kept"
+    );
+}

[0m
[0m$ [0mcargo test --test formatter_test 2>&1 | tail -20
test format_is_idempotent ... ok
test format_covers_every_statement_form ... ok
test format_keeps_grouping_for_unary_and_every_operator_level ... ok
test format_keeps_right_hand_grouping_of_equal_precedence ... ok
test format_keeps_the_grouping_the_parentheses_forced ... ok
test format_preserves_comments ... ok
test format_preserves_comments_inside_blocks_and_at_the_end ... ok
test edge_the_check_flag_reports_a_difference_through_the_exit_code ... ok
test format_preserves_every_comment_in_every_corpus_file ... ok
test format_writes_index_with_brackets_not_at ... ok
test format_is_idempotent_over_the_whole_corpus ... ok
test formatted_output_ends_with_exactly_one_newline ... ok
test formatter_instance_does_not_carry_state_between_calls ... ok
test formatter_rejects_malformed_input_instead_of_guessing ... ok
test format_preserves_the_meaning_of_every_corpus_file ... ok
test edge_the_check_flag_accepts_what_the_format_flag_prints ... ok
test formatted_programs_behave_exactly_as_the_originals ... ok

test result: ok. 64 passed; 0 failed; 0 ignored; 0 measured; 0 filtered out; finished in 0.74s
[0m
Now the mutation checks — evidence the new tests actually fail against the pre-fix code:
[0m$ [0mcp src/formatter.rs /tmp/opencode/p15/formatter_fixed.rs && echo saved && grep -n "None if closed_by == Some(TokenKind::Catch)" src/formatter.rs
saved
473:                    None if closed_by == Some(TokenKind::Catch) => {
[0m
[0m$ [0mcd /home/runner/work/rbops/rbops/redblue && python3 - <<'EOF'
import re
p='src/formatter.rs'
s=open(p).read()
s=s.replace("                    None if closed_by == Some(TokenKind::Catch) => {","                    None if false && closed_by == Some(TokenKind::Catch) => {")
open(p,'w').write(s)
EOF
grep -n "None if false" src/formatter.rs && cargo test --test formatter_test 2>&1 | grep -E "^test result|FAILED|^failures:|^    edge_a|^    format_" | head -20
473:                    None if false && closed_by == Some(TokenKind::Catch) => {
test edge_a_branch_written_on_one_line_keeps_its_keywords ... FAILED
test edge_a_catch_without_a_name_keeps_the_branch_it_opens ... FAILED
test edge_an_empty_branch_keeps_its_keyword_and_the_comment_written_on_it ... FAILED
failures:
failures:
    edge_a_branch_written_on_one_line_keeps_its_keywords
    edge_a_catch_without_a_name_keeps_the_branch_it_opens
    edge_an_empty_branch_keeps_its_keyword_and_the_comment_written_on_it
test result: FAILED. 61 passed; 3 failed; 0 ignored; 0 measured; 0 filtered out; finished in 0.73s
[0m
[0m$ [0mcd /home/runner/work/rbops/rbops/redblue && cp /tmp/opencode/p15/formatter_fixed.rs src/formatter.rs && python3 - <<'EOF'
p='src/formatter.rs'
s=open(p).read()
a="if closed_by == Some(TokenKind::Else) || !else_branch.is_empty() {"
b="if !else_branch.is_empty() {"
c="if closed_by == Some(TokenKind::Finally) || !finally_body.is_empty() {"
d="if !finally_body.is_empty() {"
assert a in s and c in s
s=s.replace(a,b).replace(c,d)
open(p,'w').write(s)
EOF
cargo test --test formatter_test 2>&1 | grep -E "^test result|FAILED" | head
(no output)
[0m
[0m$ [0mcd /home/runner/work/rbops/rbops/redblue && cargo test --test formatter_test 2>&1 | tail -25
[1m[94m313[0m [1m[94m|[0m                 let closed_by = self.format_block(then_branch);
    [1m[94m|[0m                     [1m[91m^^^^^^^^^[0m [1m[91mhelp: if this is intentional, prefix it with an underscore: `_closed_by`[0m
    [1m[94m|[0m
    [1m[94m= [0m[1mnote[0m: `-D unused-variables` implied by `-D warnings`
    [1m[94m= [0m[1mhelp[0m: to override `-D warnings` add `#[allow(unused_variables)]`

[1m[91merror[0m[1m: value assigned to `closed_by` is never read[0m
   [1m[94m--> [0msrc/formatter.rs:461:25
    [1m[94m|[0m
[1m[94m461[0m [1m[94m|[0m                         closed_by = self.format_block(catch_body);
    [1m[94m|[0m                         [1m[91m^^^^^^^^^[0m
    [1m[94m|[0m
    [1m[94m= [0m[1mhelp[0m: maybe it is overwritten before being read?
    [1m[94m= [0m[1mnote[0m: `-D unused-assignments` implied by `-D warnings`
    [1m[94m= [0m[1mhelp[0m: to override `-D warnings` add `#[allow(unused_assignments)]`

[1m[91merror[0m[1m: value assigned to `closed_by` is never read[0m
   [1m[94m--> [0msrc/formatter.rs:476:25
    [1m[94m|[0m
[1m[94m476[0m [1m[94m|[0m                         closed_by = self.format_block(catch_body);
    [1m[94m|[0m                         [1m[91m^^^^^^^^^[0m
    [1m[94m|[0m
    [1m[94m= [0m[1mhelp[0m: maybe it is overwritten before being read?

[1m[91merror[0m: could not compile `redblue` (lib) due to 3 previous errors
[0m
[0m$ [0mcd /home/runner/work/rbops/rbops/redblue && cp /tmp/opencode/p15/formatter_fixed.rs src/formatter.rs && python3 - <<'EOF'
p='src/formatter.rs'
s=open(p).read()
a="if closed_by == Some(TokenKind::Else) || !else_branch.is_empty() {"
b="if closed_by == Some(TokenKind::End) || !else_branch.is_empty() {"
c="if closed_by == Some(TokenKind::Finally) || !finally_body.is_empty() {"
d="if closed_by == Some(TokenKind::End) || !finally_body.is_empty() {"
assert a in s and c in s
s=s.replace(a,b).replace(c,d)
open(p,'w').write(s)
EOF
cargo test --test formatter_test 2>&1 | grep -E "^test result|FAILED" | head
test edge_a_block_whose_only_tail_is_a_comment_keeps_it_inside ... FAILED
test edge_a_comment_at_the_end_of_a_block_stays_in_that_block ... FAILED
test edge_a_comment_at_the_end_of_a_nested_block_stays_at_its_own_depth ... FAILED
test edge_a_comment_trailing_a_block_opening_line_stays_on_that_line ... FAILED
test edge_an_empty_branch_keeps_its_keyword_and_the_comment_written_on_it ... FAILED
test edge_the_check_flag_accepts_what_the_format_flag_prints ... FAILED
test format_is_idempotent_over_the_whole_corpus ... FAILED
test format_preserves_comments_inside_blocks_and_at_the_end ... FAILED
test result: FAILED. 56 passed; 8 failed; 0 ignored; 0 measured; 0 filtered out; finished in 0.71s
[0m
[0m$ [0mcd /home/runner/work/rbops/rbops/redblue && cp /tmp/opencode/p15/formatter_fixed.rs src/formatter.rs && python3 - <<'EOF'
p='src/formatter.rs'
s=open(p).read()
a="if closed_by == Some(TokenKind::Else) || !else_branch.is_empty() {"
b="if closed_by != Some(TokenKind::Else) && !else_branch.is_empty() {"
c="if closed_by == Some(TokenKind::Finally) || !finally_body.is_empty() {"
d="if closed_by != Some(TokenKind::Finally) && !finally_body.is_empty() {"
assert a in s and c in s
s=s.replace(a,b).replace(c,d)
open(p,'w').write(s)
EOF
cargo test --test formatter_test 2>&1 | grep -E "^test result|FAILED" | head
test edge_a_branch_written_on_one_line_keeps_its_keywords ... FAILED
test edge_a_catch_without_a_name_keeps_the_branch_it_opens ... FAILED
test edge_a_comment_before_else_stays_in_the_then_branch ... FAILED
test edge_a_comment_in_a_try_catch_finally_stays_with_its_branch ... FAILED
test edge_a_comment_trailing_a_block_opening_line_stays_on_that_line ... FAILED
test edge_a_comment_trailing_a_catch_line_stays_after_the_name_it_annotates ... FAILED
test edge_an_empty_branch_keeps_its_keyword_and_the_comment_written_on_it ... FAILED
test format_covers_every_statement_form ... FAILED
test format_is_idempotent_over_the_whole_corpus ... FAILED
test format_preserves_the_meaning_of_every_corpus_file ... FAILED
[0m
[0m$ [0mcd /home/runner/work/rbops/rbops/redblue && cargo test --test formatter_test 2>&1 | grep -E "^test result" 
test result: FAILED. 52 passed; 12 failed; 0 ignored; 0 measured; 0 filtered out; finished in 0.07s
[0m
[0m$ [0mcd /home/runner/work/rbops/rbops/redblue && cargo test --test formatter_test format_preserves_the_meaning_of_every_corpus_file 2>&1 | sed -n '1,60p'
[1m[92m    Finished[0m `test` profile [unoptimized] target(s) in 0.06s
[1m[92m     Running[0m tests/formatter_test.rs (target/debug/deps/formatter_test-6b239a3897627f3a)

running 1 test
test format_preserves_the_meaning_of_every_corpus_file ... FAILED

failures:

---- format_preserves_the_meaning_of_every_corpus_file stdout ----

thread 'format_preserves_the_meaning_of_every_corpus_file' (69884) panicked at tests/formatter_test.rs:509:9:
/home/runner/work/rbops/rbops/redblue/examples/fizzbuzz.rb: formatting changed the program
--- source ---
// Classic FizzBuzz using repeat loop
set n to 1
repeat 15 times
    if n % 15 is 0 then
        say "FizzBuzz"
    else
        if n % 3 is 0 then
            say "Fizz"
        else
            if n % 5 is 0 then
                say "Buzz"
            else
                say n
            end
        end
    end
    set n to n + 1
end

// Using for each with a list
set numbers to [1, 2, 3, 4, 5]
for each num in numbers
    say num
end

--- formatted ---
// Classic FizzBuzz using repeat loop
set n to 1
repeat 15 times
    if n % 15 is 0 then
        say "FizzBuzz"
    end
    set n to n + 1
end
// Using for each with a list
set numbers to [1, 2, 3, 4, 5]
for each num in numbers
    say num
end

stack backtrace:
   0: __rustc::rust_begin_unwind
   1: core::panicking::panic_fmt
   2: formatter_test::format_preserves_the_meaning_of_every_corpus_file
   3: formatter_test::format_preserves_the_meaning_of_every_corpus_file::{closure#0}
   4: <formatter_test::format_preserves_the_meaning_of_every_corpus_file::{closure#0} as core::ops::function::FnOnce<()>>::call_once
note: Some details are omitted, run with `RUST_BACKTRACE=full` for a verbose backtrace.
[0m
[0m$ [0mcd /home/runner/work/rbops/rbops/redblue && cp /tmp/opencode/p15/formatter_fixed.rs src/formatter.rs && python3 - <<'EOF'
p='src/formatter.rs'
s=open(p).read()
# Mutation D: empty-branch keyword preservation reverted (Catch can never close an if
# or follow a try's catch clause, so this is the pre-fix behaviour exactly).
a="if closed_by == Some(TokenKind::Else) || !else_branch.is_empty() {"
b="if closed_by == Some(TokenKind::Catch) || !else_branch.is_empty() {"
c="if closed_by == Some(TokenKind::Finally) || !finally_body.is_empty() {"
d="if closed_by == Some(TokenKind::Catch) || !finally_body.is_empty() {"
assert a in s and c in s
s=s.replace(a,b).replace(c,d)
open(p,'w').write(s)
EOF
cargo test --test formatter_test 2>&1 | grep -E "^test result|FAILED"
test edge_an_empty_branch_keeps_its_keyword_and_the_comment_written_on_it ... FAILED
test result: FAILED. 63 passed; 1 failed; 0 ignored; 0 measured; 0 filtered out; finished in 0.74s
[0m
[0m$ [0mcd /home/runner/work/rbops/rbops/redblue && cp /tmp/opencode/p15/formatter_fixed.rs src/formatter.rs && python3 - <<'EOF'
p='src/formatter.rs'
s=open(p).read()
a="""        while self
            .closing_lines
            .get(self.next_closing)
            .is_some_and(|closing| closing.line < self.last_line)
        {
            self.next_closing += 1;
        }
        let bound = self.closing_lines.get(self.next_closing)?.clone();
        self.next_closing += 1;
        Some(bound)"""
b="""        None"""
assert a in s
s=s.replace(a,b)
open(p,'w').write(s)
EOF
cargo test --test formatter_test 2>&1 | grep -E "^test result|FAILED"
test edge_a_branch_written_on_one_line_keeps_its_keywords ... FAILED
test result: FAILED. 63 passed; 1 failed; 0 ignored; 0 measured; 0 filtered out; finished in 0.74s
[0m
[0m$ [0mcd /home/runner/work/rbops/rbops/redblue && cp /tmp/opencode/p15/formatter_fixed.rs src/formatter.rs && python3 - <<'EOF'
p='src/formatter.rs'
s=open(p).read()
# Mutation B: the whole round-3 fix reverted -- every closing keyword reported as `End`,
# so the tree alone decides again, exactly as before this round.
a="""            let keyword = match &token.kind {
                TokenKind::Else => TokenKind::Else,
                TokenKind::Catch => TokenKind::Catch,
                TokenKind::Finally => TokenKind::Finally,
                TokenKind::End => TokenKind::End,
                _ => return None,
            };"""
b="""            let keyword = match &token.kind {
                TokenKind::Else | TokenKind::Catch | TokenKind::Finally | TokenKind::End => {
                    TokenKind::End
                }
                _ => return None,
            };"""
assert a in s
s=s.replace(a,b)
open(p,'w').write(s)
EOF
cargo test --test formatter_test 2>&1 | grep -E "^test result|FAILED"
test edge_a_branch_written_on_one_line_keeps_its_keywords ... FAILED
test edge_a_catch_without_a_name_keeps_the_branch_it_opens ... FAILED
test edge_an_empty_branch_keeps_its_keyword_and_the_comment_written_on_it ... FAILED
test result: FAILED. 61 passed; 3 failed; 0 ignored; 0 measured; 0 filtered out; finished in 0.73s
[0m
[0m$ [0mcd /tmp/opencode/p15 && RB=/home/runner/work/rbops/rbops/redblue/target/debug/rb && printf 'try\n    set l to [1, 2]\n    say l[9]\ncatch err\n    say "caught"\nend\nsay "after"\n' > rt1.rb && echo "--- named:" && $RB run rt1.rb; echo "exit=$?"; printf 'try\n    set l to [1, 2]\n    say l[9]\ncatch\n    say "caught"\nend\nsay "after"\n' > rt2.rb && echo "--- nameless:" && $RB run rt2.rb; echo "exit=$?"
--- named:
caught
after
exit=0
--- nameless:
after
exit=0
[0m
[0m$ [0mcd /home/runner/work/rbops/rbops/redblue && cp /tmp/opencode/p15/formatter_fixed.rs src/formatter.rs && git diff --stat src/formatter.rs && cargo test --test formatter_test 2>&1 | grep -E "^test result"
src/formatter.rs | 218 ++++++++++++++++++++++++++++++++++++++++++-------------
 1 file changed, 166 insertions(+), 52 deletions(-)
test result: ok. 64 passed; 0 failed; 0 ignored; 0 measured; 0 filtered out; finished in 0.76s
[0m
[0m$ [0mcd /home/runner/work/rbops/rbops/redblue && grep -n '^\s*"[a-z-]*" =>' src/lib.rs | head -20
106:                "test" => {
112:                "grammar" => print!("{}", textmate_grammar()),
113:                "keywords" => {
129:                "test" => {
135:                "run" => {
140:                "format" => match fs::read_to_string(path) {
153:                "lint" => match fs::read_to_string(path) {
171:                "diagnostics" => match fs::read_to_string(path) {
[0m
[0m← [0mWrite /tmp/opencode/p15/sweep.py
Wrote file successfully.
[0m
[0m$ [0mcd /tmp/opencode/p15 && timeout 3000 python3 sweep.py 2>&1 | tail -40
corpus: 21 .rb files
  parse-skip modules/MathUtils.rb: Format error: Parser error: ParserError: Expected function name
Traceback (most recent call last):
  File "/tmp/opencode/p15/sweep.py", line 142, in <module>
    check_run_parity(source, formatted, what)
  File "/tmp/opencode/p15/sweep.py", line 66, in check_run_parity
    code_b, out_b, err_b = rb(["run"], formatted)
                           ^^^^^^^^^^^^^^^^^^^^^^
  File "/tmp/opencode/p15/sweep.py", line 32, in rb
    out = subprocess.run([RB] + args + [path], capture_output=True, text=True, timeout=30)
          ^^^^^^^^^^^^^^^^^^^^^^^^^^^^^^^^^^^^^^^^^^^^^^^^^^^^^^^^^^^^^^^^^^^^^^^^^^^^^^^^
  File "/usr/lib/python3.12/subprocess.py", line 550, in run
    stdout, stderr = process.communicate(input, timeout=timeout)
                     ^^^^^^^^^^^^^^^^^^^^^^^^^^^^^^^^^^^^^^^^^^^
  File "/usr/lib/python3.12/subprocess.py", line 1209, in communicate
    stdout, stderr = self._communicate(input, endtime, timeout)
                     ^^^^^^^^^^^^^^^^^^^^^^^^^^^^^^^^^^^^^^^^^^
  File "/usr/lib/python3.12/subprocess.py", line 2116, in _communicate
    self._check_timeout(endtime, orig_timeout, stdout, stderr)
  File "/usr/lib/python3.12/subprocess.py", line 1253, in _check_timeout
    raise TimeoutExpired(
subprocess.TimeoutExpired: Command '['/home/runner/work/rbops/rbops/redblue/target/debug/rb', 'run', '/tmp/rbsweep-ytl30pli/tmp1s9a4six.rb']' timed out after 30 seconds
[0m
[0m$ [0mcd /home/runner/work/rbops/rbops/redblue && ls examples/ modules/ tests/*.rb 2>/dev/null && echo "=== timing runs:" && for f in examples/*.rb; do printf '%-28s ' "$f"; timeout 8 ./target/debug/rb run "$f" >/dev/null 2>&1; echo "exit=$?"; done
tests/integration_test.rb
tests/suite.rb
tests/test_arithmetic.rb
tests/test_closures.rb
tests/test_control_flow.rb
tests/test_functions.rb
tests/test_lists.rb
tests/test_modules.rb
tests/test_numeric_edges.rb
tests/test_object_model.rb
tests/test_objects.rb
tests/test_records.rb
tests/test_text.rb

examples/:
files.rb
fizzbuzz.rb
formats.rb
hello.rb
test_arithmetic.rb
time.rb

modules/:
MathUtils.rb
SuiteKit.rb
=== timing runs:
examples/files.rb            exit=0
examples/fizzbuzz.rb         exit=0
examples/formats.rb          exit=0
examples/hello.rb            exit=0
examples/test_arithmetic.rb  exit=0
examples/time.rb             exit=0
[0m
[0m$ [0mcd /home/runner/work/rbops/rbops/redblue && for f in tests/*.rb modules/SuiteKit.rb; do printf '%-32s ' "$f"; timeout 8 ./target/debug/rb run "$f" >/dev/null 2>&1; echo "exit=$?"; done
tests/integration_test.rb        exit=0
tests/suite.rb                   exit=0
tests/test_arithmetic.rb         exit=0
tests/test_closures.rb           exit=0
tests/test_control_flow.rb       exit=0
tests/test_functions.rb          exit=0
tests/test_lists.rb              exit=0
tests/test_modules.rb            exit=0
tests/test_numeric_edges.rb      exit=0
tests/test_object_model.rb       exit=0
tests/test_objects.rb            exit=1
tests/test_records.rb            exit=0
tests/test_text.rb               exit=0
modules/SuiteKit.rb              exit=0
[0m
[0m← [0mEdit /tmp/opencode/p15/sweep.py
Index: /tmp/opencode/p15/sweep.py
===================================================================
--- /tmp/opencode/p15/sweep.py
+++ /tmp/opencode/p15/sweep.py
@@ -28,10 +28,14 @@
     if source is not None:
         f.write(source)
     path = f.name
 try:
-    out = subprocess.run([RB] + args + [path], capture_output=True, text=True, timeout=30)
+    out = subprocess.run([RB] + args + [path], capture_output=True, text=True, timeout=10)
     return out.returncode, out.stdout, out.stderr
+except subprocess.TimeoutExpired:
+    # A mutation can make a program loop forever; that is a property of the
+    # mutated source, not of the formatter, so it is counted and skipped.
+    return "timeout", "", ""
 finally:
     os.unlink(path)
 
 

[0m
[0m← [0mEdit /tmp/opencode/p15/sweep.py
Index: /tmp/opencode/p15/sweep.py
===================================================================
--- /tmp/opencode/p15/sweep.py
+++ /tmp/opencode/p15/sweep.py
@@ -67,8 +67,10 @@
 
 def check_run_parity(original, formatted, label):
     code_a, out_a, err_a = rb(["run"], original)
     code_b, out_b, err_b = rb(["run"], formatted)
+    if "timeout" in (code_a, code_b):
+        return
     if code_a != code_b or (code_a == 0 and out_a != out_b):
         problems.append(
             f"{label}: behaviour changed\n--- before ---\n{out_a!r} ({code_a})\n"
             f"--- after ---\n{out_b!r} ({code_b})"

[0m
