[93m[1m! [0m agent "reviewer" not found. Falling back to default agent
[0m
> build · muse-spark-1.3-contributor-free
[0m
Hunting the still-broken bits in this green gate — verifying the linter fixes against the source.
[0m→ [0mRead src/linter.rs
[0m→ [0mRead tests/tooling_grammar_test.rs[90m [limit=120, offset=360][0m
[0m→ [0mRead tests/linter_test.rs[90m [limit=120, offset=1][0m
[0m→ [0mRead tests/tooling_grammar_test.rs[90m [limit=80, offset=480][0m
[0m→ [0mRead src/lib.rs[90m [limit=60, offset=130][0m
[0m→ [0mRead tests/linter_test.rs[90m [limit=150, offset=320][0m
Spotted a few ordering and coverage gaps — now tracing the remaining edge cases.
[0m→ [0mRead tests/linter_test.rs[90m [limit=130, offset=461][0m
[0m→ [0mRead tests/linter_test.rs[90m [limit=190, offset=591][0m
FINDINGS:
1. [MAJOR] tests/tooling_grammar_test.rs:470 — new assertion requires strictly increasing `(line, column)` but linter's total order is `(line, column, message)` at src/linter.rs:102 — two findings sharing one position (e.g. two unused imports from one `import a, b` line, each emitted at same line/col per src/linter.rs:93-96) are deterministically ordered by message yet fail the strict `<` check — relax to `(line, column, message)` ordering or `<=` with message tiebreak.
2. [MAJOR] tests/linter_test.rs:469 — corpus walk covers only `examples`/`tests` with `modules/` explicitly excluded while F4 admits `rb lint modules/SuiteKit.rb` still reports its export surface as unused — the "zero false positives" gate stays green by scoping out the failing file — include `modules/` in the walk or restate the definition-of-done plus add a module-aware lint entry point.
3. [MINOR] tests/tooling_grammar_test.rs:405 — assertion message still says "the unplaceable 0:0 finding must fold to the first character" after the finding became placeable `(1, 1)` at tests/tooling_grammar_test.rs:377 — a future failure prints a description of behavior that no longer exists — update the message to describe placement at the definition line.
4. [STYLE] tests/tooling_grammar_test.rs:433 — function still named `unused_variable_warnings_come_out_in_a_stable_name_order` but expected vector at tests/tooling_grammar_test.rs:444 pins source order `zeta, alpha, mid, beta` — the name now contradicts the contract it pins — rename to `..._stable_source_order`.
REVIEW VERDICT: FINDINGS 4
