[93m[1m! [0m agent "reviewer" not found. Falling back to default agent
[0m
> build · muse-spark-1.3-contributor-free
[0m
Round-2 adversarial review — hunting for what's still broken.
[0m→ [0mRead src/bootstrap.rs
[0m→ [0mRead src/lib.rs
[0m→ [0mRead bootstrap/build.sh
[0m→ [0mRead tests/bootstrap_ship_test.rs
[0m→ [0mRead .github/workflows/release.yml
[0m✱ [0mGrep "#\[test\]"[90m in tests · 100 matches[0m
[0m→ [0mRead phases/phase-023/REPORT.md
[0m→ [0mRead phases/phase-023/FINDINGS.md
Initial pass shows 13 tests but the report still claims 8 — now digging into the runtime and error paths for deeper defects.
[0m✱ [0mGrep "PROGRAM_ARGS|set_program_args|MAX_STEPS|MAX_CALL_DEPTH"[90m in src · 33 matches[0m
[0m→ [0mRead docs/BOOTSTRAP.md
[0m→ [0mRead src/error.rs
[0m→ [0mRead src/runtime.rs[90m [limit=40, offset=870][0m
[0m→ [0mRead src/bytecode/vm.rs[90m [limit=80, offset=3290][0m
[0m✱ [0mGrep "fn new|fn run|fn set_echo|fn take_output|max_steps|max_call_depth|MAX_"[90m in src/bytecode · 35 matches[0m
[0m→ [0mRead src/interpreter.rs[90m [limit=130, offset=25][0m
FINDINGS:
1. [BLOCKER] tests/bootstrap_ship_test.rs:701 — the release-ordering test matches a comment, not the step, so it cannot fail on misordering — `text.find("./bootstrap/build.sh")` returns the first occurrence, which is the comment at .github/workflows/release.yml:8, not the `run:` step at release.yml:41; moving the ladder step after the upload would still satisfy `ladder < upload` at tests/bootstrap_ship_test.rs:707 — search for `run: ./bootstrap/build.sh` (or the last occurrence) instead of the bare substring.
2. [MAJOR] src/bootstrap.rs:112 — `build_with` is `pub` and `Stage2::Bytes` (src/bootstrap.rs:89) lets any library caller ship handed bytes as the verified fixed point with no self-hosted run (src/bootstrap.rs:164 passes bytes straight through to `verify` and ship); the "only caller is a test" is a comment, not enforcement — gate the bypass with `#[cfg(test)]` or make `Stage2`/`build_with` crate-private.
3. [MAJOR] src/bootstrap.rs:298 — `run_compiler_on` overwrites the process-global `PROGRAM_ARGS` (src/runtime.rs:890) and never restores or clears it on either the success or the failure path (src/bootstrap.rs:291), so every build leaks its stage-2 input/output paths into whatever `sys.argv()` reads next in the same process — save/restore the previous args around `vm.run`, or clear them before returning.
4. [MAJOR] src/bootstrap.rs:308 — a stage-2 refusal discards the structured error: when the VM says anything (`said` non-empty) the message keeps only `said` and drops `error`, and every path returns `Runtime(_, Span::unknown())` (src/bootstrap.rs:311, src/bootstrap.rs:322), undoing the round-1 frontend fix that preserved variant and span — propagate the VM error's kind/span the way `rendered` does for the frontend, and add a refusal-kind test for `run_compiler_on`.
5. [MAJOR] src/bootstrap.rs:188 — `rollback` has no empty-source refusal while `build` does (src/bootstrap.rs:119), so `rollback` on an empty file returns `Ok` (a ~35-byte no-op chunk) where the build refuses; no test covers `rollback(empty)` — add the same `is_empty` refusal to `rollback`.
6. [MAJOR] .github/workflows/release.yml:45 — both matrix legs (release.yml:23) upload `target/release-bootstrap/compiler.rbc` under the identical asset name, so the ubuntu and windows jobs publish colliding assets to the same release (overwrite or duplicate-asset failure) — upload the binary per-OS and `compiler.rbc` once, or rename per leg.
7. [MINOR] phases/phase-023/REPORT.md:149 — the report contradicts itself and the tree on test counts: REPORT.md:98 claims 8 new `#[test]` and REPORT.md:149 claims 1048 passed (+8 from 1040), but tests/bootstrap_ship_test.rs:697 is the 13th `#[test]` in that new file while REPORT.md:184 claims 1053 — update the Gates row to the post-round-1 totals instead of leaving the pre-round-1 numbers.
8. [MINOR] bootstrap/build.sh:26 — the header comment says `--rollback` produces the file "with the Rust frontend alone and no self-hosted run", but src/lib.rs:406 always runs the full self-hosted `bootstrap_command` first and `docs/BOOTSTRAP.md:61` states it is deliberately not a shortcut past the ladder — rewrite the comment to describe the build-first-then-compare behaviour.
REVIEW VERDICT: FINDINGS 8
