[93m[1m! [0m agent "reviewer" not found. Falling back to default agent
[0m
> build · muse-spark-1.3-contributor-free
[0m
Hunting for what's still broken — deep review in progress.
[0m✗ [0mRead .opencode/agent/reviewer.md failed
[91m[1mError: [0mFile not found: /home/runner/work/rbops/rbops/redblue/.opencode/agent/reviewer.md
[0m→ [0mRead .
[0m→ [0mRead phases/phase-013
[0m✱ [0mGlob ".opencode/**/*"[90m 0 matches[0m
[0m✱ [0mGlob "**/reviewer*"[90m 0 matches[0m
[0m→ [0mRead src/lib.rs
[0m→ [0mRead tests/loop_bounds_test.rs
[0m→ [0mRead src/vm.rs
First pass done — now digging into the execution paths for hidden issues.
[0m→ [0mRead src/vm.rs[90m [offset=1272][0m
[0m
[0m$ [0mcargo test --all-targets 2>&1 | tail -n 30
running 5 tests
test test_hello_world ... ok
test test_math ... ok
test test_list ... ok
test test_function ... ok
test test_numbers ... ok

test result: ok. 5 passed; 0 failed; 0 ignored; 0 measured; 0 filtered out; finished in 0.00s

[1m[92m     Running[0m tests/span_test.rs (target/debug/deps/span_test-f0536b185f12130b)

running 15 tests
test edge_error_on_first_line_points_at_line_one ... ok
test edge_error_on_last_line_points_at_the_last_line ... ok
test edge_render_of_a_span_past_the_last_line_still_reports_the_location ... ok
test edge_multibyte_column_offsets_are_character_based ... ok
test edge_render_without_a_file_omits_the_file_name ... ok
test edge_empty_source_is_a_valid_empty_program ... ok
test edge_unknown_span_renders_message_only ... ok
test test_analyzer_error_carries_position ... ok
test edge_runtime_error_inside_a_loop_reports_the_inner_statement ... ok
test edge_runtime_error_reports_the_statement_position ... ok
test test_every_failed_program_reports_a_position ... ok
test test_io_error_has_no_span ... ok
test test_lexer_error_carries_position ... ok
test test_render_draws_source_line_and_caret ... ok
test test_parser_error_reports_line_and_column ... ok

test result: ok. 15 passed; 0 failed; 0 ignored; 0 measured; 0 filtered out; finished in 0.00s
[0m
[0m$ [0mcargo test --all-targets 2>&1 | grep -E "^(test result|error|warning|failures)" | head -n 40; echo "---"; cargo test --all-targets 2>&1 | grep -c "test .* ok$"
test result: ok. 6 passed; 0 failed; 0 ignored; 0 measured; 0 filtered out; finished in 0.00s
test result: ok. 0 passed; 0 failed; 0 ignored; 0 measured; 0 filtered out; finished in 0.00s
test result: ok. 11 passed; 0 failed; 0 ignored; 0 measured; 0 filtered out; finished in 0.24s
test result: ok. 26 passed; 0 failed; 0 ignored; 0 measured; 0 filtered out; finished in 0.12s
test result: ok. 13 passed; 0 failed; 0 ignored; 0 measured; 0 filtered out; finished in 0.31s
test result: ok. 21 passed; 0 failed; 0 ignored; 0 measured; 0 filtered out; finished in 0.01s
test result: ok. 8 passed; 0 failed; 0 ignored; 0 measured; 0 filtered out; finished in 0.00s
test result: ok. 16 passed; 0 failed; 0 ignored; 0 measured; 0 filtered out; finished in 0.00s
test result: ok. 22 passed; 0 failed; 0 ignored; 0 measured; 0 filtered out; finished in 1.01s
test result: ok. 20 passed; 0 failed; 0 ignored; 0 measured; 0 filtered out; finished in 0.00s
test result: ok. 26 passed; 0 failed; 0 ignored; 0 measured; 0 filtered out; finished in 0.05s
test result: ok. 23 passed; 0 failed; 0 ignored; 0 measured; 0 filtered out; finished in 0.08s
test result: ok. 25 passed; 0 failed; 0 ignored; 0 measured; 0 filtered out; finished in 0.11s
test result: ok. 8 passed; 0 failed; 0 ignored; 0 measured; 0 filtered out; finished in 0.34s
test result: ok. 5 passed; 0 failed; 0 ignored; 0 measured; 0 filtered out; finished in 0.00s
test result: ok. 15 passed; 0 failed; 0 ignored; 0 measured; 0 filtered out; finished in 0.00s
---
245
[0m
[0m$ [0mcargo fmt --all -- --check 2>&1 | head -n 20; echo "FMT_EXIT:$?"; cargo clippy --all-targets -- -D warnings 2>&1 | tail -n 20; echo "CLIPPY_EXIT:$?"
FMT_EXIT:0
[1m[92m    Finished[0m `dev` profile [unoptimized] target(s) in 0.09s
CLIPPY_EXIT:0
[0m
Core checks look green — now probing edge cases to find the cracks.
[0m$ [0mcargo test --test loop_bounds_test -- --nocapture 2>&1 | tail -n 5
./target/debug/rb run examples/fizzbuzz.rb 2>&1 | head -n 5; echo "EXIT:$?"
Demo complete!
test shipped_examples_fit_inside_the_published_limits ... ok

test result: ok. 22 passed; 0 failed; 0 ignored; 0 measured; 0 filtered out; finished in 1.01s

1
2
Fizz
4
Buzz
EXIT:0
[0m
[0m$ [0mpython3 -c "
import subprocess, textwrap, os, tempfile, pathlib
# Test 1: single legal loop killed by step budget? repeat 1M with 11-statement body would need 11M steps >10M
# Use smaller numbers to prove interaction: with_max_iterations large, with_max_steps small
# Direct Rust check via rb binary with env: set MAX_ITERATIONS high, MAX_STEPS low, run loop inside iteration cap but over step budget
src = 'set n to 0\nrepeat 10 times\n    set n to n + 1\n    set n to n + 1\n    set n to n + 1\n    set n to n + 1\n    set n to n + 1\n    set n to n + 1\n    set n to n + 1\n    set n to n + 1\n    set n to n + 1\n    set n to n + 1\n    set n to n + 1\nend\nsay n\n'
open('/tmp/t1.rb','w').write(src)
import os
env = dict(os.environ, REDBLUE_MAX_ITERATIONS='100', REDBLUE_MAX_STEPS='20')
r = subprocess.run(['./target/debug/rb','run','/tmp/t1.rb'], capture_output=True, text=True, env=env)
print('STDOUT:', r.stdout[:200]); print('STDERR:', r.stderr[:500]); print('CODE:', r.returncode)
"

STDOUT: 
STDERR: Error: RuntimeError: Step budget of 20 reached before the program finished
  --> /tmp/t1.rb:10:5
10 |     set n to n + 1
   |     ^

CODE: 1
[0m
[0m$ [0mpython3 -c "
import subprocess
for src in ['set n to 0\nrepeat 1e300 times\n    set n to n + 1\nend', 'set n to 0\nrepeat -5 times\n    set n to n + 1\nend\nsay n', 'set n to 0\nrepeat 0.5 times\n    set n to n + 1\nend\nsay n']:
    open('/tmp/t.rb','w').write(src)
    r = subprocess.run(['./target/debug/rb','run','/tmp/t.rb'], capture_output=True, text=True, timeout=10)
    print(repr(src[:30]), '->', r.returncode, 'out:', r.stdout[:80].strip(), 'err:', r.stderr[:200].strip().replace(chr(10),' | '))
"
'set n to 0\nrepeat 1e300 times\n' -> 1 out:  err: Error: RuntimeError: Maximum of 1000000 iterations reached in a 'repeat' loop |   --> /tmp/t.rb:2:1 | 2 | repeat 1e300 times |   | ^
'set n to 0\nrepeat -5 times\n   ' -> 0 out: 0 err: 
'set n to 0\nrepeat 0.5 times\n  ' -> 0 out: 0 err:
[0m
[0m$ [0mpython3 -c "
import subprocess
# Try catching step budget: can program continue after catching?
src = '''set caught to no
try
    set stopped to 0
    while stopped is 0
        set count to count + 1
    end
catch error
    set caught to yes
end
say caught
say count
'''
open('/tmp/t2.rb','w').write(src)
import os
env = dict(os.environ, REDBLUE_MAX_STEPS='200')
r = subprocess.run(['./target/debug/rb','run','/tmp/t2.rb'], capture_output=True, text=True, env=env, timeout=10)
print('CODE:', r.returncode); print('OUT:', r.stdout[:500]); print('ERR:', r.stderr[:800])
"
CODE: 1
OUT: 
ERR: Error: AnalyzerError: Unknown variable 'count'
Unknown variable 'count'
  --> /tmp/t2.rb:5:9
5 |         set count to count + 1
  |         ^
[0m
[0m$ [0mpython3 -c "
import subprocess
src = 'set stopped to 0\nwhile stopped is 0\n    set count to count + 1\nend\n'
open('/tmp/t3.rb','w').write(src)
# run via cargo test harness path (no analyzer) vs rb run (with analyzer)
import os
env = dict(os.environ, REDBLUE_MAX_STEPS='200')
r = subprocess.run(['./target/debug/rb','run','/tmp/t3.rb'], capture_output=True, text=True, env=env, timeout=10)
print('via rb run (with analyzer):', r.returncode, r.stderr[:400].replace(chr(10),' | '))
# Now check what Vm without analyzer does: write a tiny rust snippet? Instead check test source has same bug
# The test file's runaway_loop_is_catchable also uses 'set count to count+1' after 'set count to 0' - that one inits count, ok
# But step_budget_makes... does NOT init count. Confirm:
print('test source missing set count to 0 -> RHS reads undeclared var')
"
via rb run (with analyzer): 1 Error: AnalyzerError: Unknown variable 'count' |   --> /tmp/t3.rb:3:5 | 3 |     set count to count + 1 |   |     ^ | 
test source missing set count to 0 -> RHS reads undeclared var
[0m
# Review — phase-013 round 1: needs changes

Gates verified locally: `cargo test --all-targets` 245 passed / 0 failed, `cargo fmt --check` pass, `cargo clippy --all-targets -- -D warnings` pass. The defects below all survive a green gate.

Reviewer notes referenced (`.opencode/agent/reviewer.md`, AGENTS.md §5) do not exist in this checkout — no `.opencode/` present, AGENTS.md has no numbered sections — so compliance against those rules could not be checked. Review is on the merits of the diff.

## 1. Blocking: one test passes for the wrong reason — `tests/loop_bounds_test.rs:327-336`

`step_budget_makes_a_runaway_loop_assertable` is the DoD's "infinite loop is testable" proof, but its source never initializes `count`:

```rust
parse("set stopped to 0\nwhile stopped is 0\n    set count to count + 1\nend")
```

`vm.run()` (no analyzer) fails on the **first** body execution with `Runtime("Unknown variable 'count'")`, at step ~3, not with the step budget at 200. The test only asserts `matches!(error, Error::Runtime(..))`, so it passes vacuously. Every sibling test asserts the message names the limit; this one does not.

Fix: add `set count to 0` (as the `infinite_while_*` test does at `:83-84`) and assert the message contains the budget, e.g. `message.contains("200")`. As written it proves nothing about the step budget.

## 2. Scope leak on every new error path — `src/vm.rs:443-449, 475-481, 496-500, 509-513`

All four loops share the pattern:

```rust
self.push_scope();
for stmt in body { self.execute_statement(stmt)?; }
self.pop_scope();
```

Any `?` (now including iteration-cap and step-budget errors) skips `pop_scope`. `Vm::run` aborts on error so a single leak is harmless, but `Statement::Try` (`src/vm.rs:555-575`) **swallows** the error and returns `Ok`, so:

```redblue
repeat 100 times
    try
        while stopped is 0
            set x to x + 1
        end
    catch error
    end
end
```

leaks one scope per outer iteration. Unbounded catch-retry = unbounded `locals` growth, outside either cap. `Try` itself has the same shape at `:560-566` (catch-scope `push` + `?` without pop on budget-exhausted catch bodies). The new frequent errors make a pre-existing leak newly reachable. Fix with scope guards or `truncate` as `call_user_function` already does at `:1518`.

## 3. `steps > iterations` does not imply "a single legal loop fits" — `src/vm.rs:22,32`, `tests/loop_bounds_test.rs:346-362`

Default 10M steps vs 1M iterations allows only ~10 statements per iteration. A legal loop inside its iteration cap with an 11-statement body (1M × 11 = 11M steps) is killed by the step budget:

```
REDBLUE_MAX_ITERATIONS=100 REDBLUE_MAX_STEPS=20
repeat 10 times   # 10 < 100, legal
    <11× set n to n + 1>
end
→ Step budget of 20 reached
```

Confirmed against the built binary. The `published_limits_are_finite_and_positive` assertion (`steps > iterations`) is therefore insufficient, and its docstring ("the budget never stops a single legal loop") is false. Either raise `MAX_STEPS` by a body-size factor and state the assumed max body size, or weaken the claim and document that wide bodies are step-limited first.

## 4. Step budget does not bound wall-clock — `src/vm.rs:911-921, 1062-1074, 1163-1200`

`charge_step` counts statements only. `input`/`ask` (stdin block), `time.sleep`, `network.get/post` (blocking `reqwest`) consume zero steps while blocked. A program can sleep or block on I/O forever without spending budget, so "interruptible execution" overstates the mechanism. At minimum REPORT's "Known gaps" must list blocking syscalls alongside the already-admitted expression-recursion gap (`evaluate` at `:626+` recurses with no depth check — a single deeply-nested expression bypasses both caps and can overflow the Rust stack).

Same class: `load_module` (`:275-293`) and `declare_object` `Has` defaults (`:1407-1410`) use `self.evaluate` directly, bypassing `charge_step`. A giant list literal in an import costs one uncharged evaluation.

## 5. Tests are not hermetic to the environment — `src/vm.rs:215-228`, `tests/loop_bounds_test.rs:40`

`with_max_iterations` calls `Self::new()` (reads `REDBLUE_MAX_STEPS` from env) then overrides only iterations, and vice versa. `run_capped` therefore leaves steps env-coupled; `with_max_steps` leaves iterations env-coupled. Under e.g. `REDBLUE_MAX_ITERATIONS=10`, `step_budget_bounds_a_program_of_many_short_loops` would hit the iteration cap instead of the asserted "40" message and fail. Tests should pin **both** limits explicitly. Related gaps: no end-to-end test for `REDBLUE_MAX_STEPS` (only iterations has the child-process test at `:120-137`), no test for non-numeric/negative/whitespace env strings through `resolve_max_*` (`:62-77`), `a_zero_limit...` (`:367-383`) checks steps-zero but never steps-positive or either `with_*(0)` constructor.

## 6. Minor correctness / API notes

- `Repeat` `0..(n as i64)` (`:494`): saturating cast makes `NaN → 0` a silent no-op and `INF/1e300 → i64::MAX` an iteration-cap error. Preserves old behavior, but the mapping is undocumented; a NaN count silently doing nothing deserves at least a comment.
- `ForRange` `while i <= end` (`:473`) ignores step sign: descending ranges never execute, `start <= end` with negative step loops down until the new cap instead of terminating, step `0` loops until cap rather than erroring immediately. Dead code per FINDINGS §2, but the newly-capped arm bakes in wrong semantics.
- `lib.rs:25-29` exports the two new `resolve_*` fns but still not `resolve_max_call_depth` — inconsistent public surface.
- `Vm::run` (`:295-308`): `steps` is never reset, so reusing one `Vm` for two `run()` calls carries budget over; and collected `output` (`:303-305`) is dropped on any `Err`, including the new cap errors. Both pre-existing, but the second changes what a user sees before a runaway loop.
- REPORT.md "Gates": `rbops/verify.sh` admitted not run. That is an incomplete gate, not a pass — should be marked blocked/unknown, not green-by-substitution.

## Requested actions before round 2

1. Fix the `step_budget_makes_a_runaway_loop_assertable` source + assertion (item 1).
2. Fix or guard the loop/catch scope leak (item 2), or promote it to FINDINGS with a bounded-growth argument.
3. Correct the steps-vs-iterations sizing claim and either adjust defaults or document wide-body behavior (item 3).
4. Document blocking-syscall and `evaluate`-recursion exclusions as known gaps, and make tests hermetic to env (items 4–5).
