[93m[1m! [0m agent "reviewer" not found. Falling back to default agent
[0m
> build · muse-spark-1.3-contributor-free
[0m
Hunting the still-broken paths in this green gate — pulling the implementation for line-anchored review.
[0m→ [0mRead src/parser.rs[90m [limit=100, offset=340][0m
Seen the block-depth gate — now tracing the new `unless` path through parser, VM, and tooling.
[0m→ [0mRead src/analyzer.rs[90m [limit=60, offset=160][0m
[0m→ [0mRead src/vm.rs[90m [limit=80, offset=580][0m
[0m→ [0mRead src/bytecode/codegen.rs[90m [limit=120, offset=180][0m
[0m→ [0mRead src/parser.rs[90m [limit=350, offset=440][0m
[0m→ [0mRead src/analyzer.rs[90m [limit=60, offset=460][0m
[0m→ [0mRead src/linter.rs[90m [limit=60, offset=210][0m
[0m→ [0mRead src/formatter.rs[90m [limit=60, offset=230][0m
[0m→ [0mRead src/parser.rs[90m [limit=120, offset=1][0m
[0m→ [0mRead tests/unless_test.rs
[0m→ [0mRead tests/redblue_suite_test.rs
[0m→ [0mRead src/parser.rs[90m [limit=120, offset=120][0m
[0m✱ [0mGrep "Break|Skip|ControlFlow|charge_iteration|call_depth|MAX_BLOCK_DEPTH|MAX.*DEPTH"[90m in src · 98 matches[0m
[0m→ [0mRead src/vm.rs[90m [limit=60, offset=690][0m
[0m→ [0mRead src/bytecode/codegen.rs[90m [limit=80, offset=40][0m
[0m→ [0mRead src/bytecode/vm.rs[90m [limit=60, offset=1480][0m
Basic execution looks symmetric — now checking for missed match arms and divergent tooling paths.
[0m✱ [0mGrep "Statement::If"[90m in src · 7 matches[0m
[0m✱ [0mGrep "Statement::Unless|TokenKind::Unless"[90m in src · 10 matches[0m
[0m✱ [0mGrep "TokenKind::If"[90m in src · 3 matches[0m
[0m✱ [0mGrep "opens_block|BLOCK_OPENERS|block_depth|\"if\"|\"unless\""[90m in src · 11 matches[0m
[0m→ [0mRead tests/test_control_flow.rb
[0m→ [0mRead src/bytecode/codegen.rs[90m [limit=65, offset=120][0m
[0m→ [0mRead src/parser.rs[90m [limit=80, offset=240][0m
[0m→ [0mRead src/bytecode/codegen.rs[90m [limit=160, offset=300][0m
[0m→ [0mRead src/parser.rs[90m [limit=60, offset=313][0m
Parser and bytecode both enforce nesting caps — now verifying the edge-case coverage holds.
[0m✱ [0mGrep "fn.*diagnostics|Severity|lint\("[90m in src · 20 matches[0m
[0m→ [0mRead src/bytecode/codegen.rs[90m [limit=30, offset=114][0m
[0m→ [0mRead src/analyzer.rs[90m [limit=80, offset=80][0m
[0m→ [0mRead src/linter.rs[90m [limit=80, offset=60][0m
[0m→ [0mRead src/vm.rs[90m [limit=80, offset=540][0m
[0m✱ [0mGrep "module|Module|TokenKind::"[90m in src · 100 matches[0m
[0m→ [0mRead src/vm.rs[90m [limit=60, offset=520][0m
[0m→ [0mRead src/parser.rs[90m [limit=80, offset=790][0m
Core logic is consistent — now digging into scoping, diagnostics, and completeness gaps.
[0m→ [0mRead src/linter.rs[90m [limit=100, offset=140][0m
[0m→ [0mRead src/analyzer.rs[90m [limit=80, offset=220][0m
[0m✱ [0mGrep "fn (jump|patch|patch_here|emit)"[90m in src/bytecode · 4 matches[0m
[0m→ [0mRead src/bytecode/codegen.rs[90m [limit=80, offset=460][0m
[0m→ [0mRead tests/unless_test.rs[90m [limit=60, offset=85][0m
[0m→ [0mRead src/bytecode/codegen.rs[90m [limit=30, offset=605][0m
[0m✱ [0mGrep "is_truthy|Opcode::Not|fn.*not|truthy"[90m in src · 25 matches[0m
[0m→ [0mRead src/value.rs[90m [limit=30, offset=270][0m
[0m→ [0mRead src/bytecode/vm.rs[90m [limit=50, offset=1140][0m
Truthiness is equivalent across VMs — now checking spec alignment and remaining harness risks.
[0m→ [0mRead SPEC.md[90m [limit=50, offset=330][0m
[0m→ [0mRead docs/GRAMMAR.md[90m [limit=40, offset=195][0m
[0m✱ [0mGrep "until|Until|UNTIL"[90m in src · 5 matches[0m
[0m✱ [0mGrep "TokenKind::Until"[90m in src · 1 match[0m
[0m→ [0mRead src/analyzer.rs[90m [limit=30, offset=60][0m
[0m→ [0mRead src/vm.rs[90m [limit=50, offset=440][0m
[0m✱ [0mGrep "format.*if|if.*format|formatter|Formatter"[90m in tests · 59 matches[0m
FINDINGS:
1. [MAJOR] src/formatter.rs:267 — `Statement::Unless` arm has no round-trip test (tests/unless_test.rs makes zero `formatter::format` calls, unlike for_range_test.rs:452 and formatter_test.rs:991 for sibling features) — the REPORT claims `unless` round-trips but a formatter that rewrote/dropped `unless` would stay green — add `unless no then / say "x" / end` format + re-parse + `needs_reformat` stability test mirroring the range-loop formatter test.
2. [MAJOR] src/vm.rs:600 — `unless` condition error propagation is untested and the matrix marks out_of_bounds/numeric_boundary N/A, but `unless arr[99] then` and `unless 1/0 then` reach `self.evaluate(condition)?` — an `unless` that swallowed/skipped condition errors would pass all 15 tests — add tests asserting `unless` with an out-of-bounds index and `unless 1/0 then` return the same spanned error as the `if` equivalent on both VMs.
REVIEW VERDICT: FINDINGS 2
