[93m[1m! [0m agent "reviewer" not found. Falling back to default agent
[0m
> build · muse-spark-1.3-contributor-free
[0m
Gate's green but the real faults hide underneath — digging into the review.
[0m✗ [0mRead .opencode/agent/reviewer.md failed
[91m[1mError: [0mFile not found: /home/runner/work/rbops/rbops/redblue/.opencode/agent/reviewer.md
[0m→ [0mRead AGENTS.md
[0m✱ [0mGlob ".opencode/**/*"[90m 0 matches[0m
[0m✱ [0mGlob "phases/phase-008/*"[90m 2 matches[0m
[0m✱ [0mGlob "**/reviewer*"[90m 0 matches[0m
[0m→ [0mRead tests/index_bounds_test.rs
[0m→ [0mRead src/vm.rs[90m [limit=120, offset=470][0m
First pass on the indexing logic looks sound — now putting the gates and edge cases to the test.
[0m
[0m$ [0mls phases/phase-008/ 2>&1; echo ---; git log --oneline -8 2>&1; echo ---; git status --short 2>&1 | head -n 30
FINDINGS.md
REPORT.md
---
5cec921 rbops: phase-007 (2026-10-04T09:09:03Z)
6f236c4 rbops: phase-007 (2026-10-04T08:22:57Z)
7249abe rbops: phase-006 (2026-10-04T08:00:34Z)
ab793e2 rbops: phase-004 (2026-10-04T07:29:18Z)
06b1136 Merge remote-tracking branch 'origin/rbops-wip/phase-004'
162d3a3 rbops: phase-003 (2026-10-04T06:50:55Z)
da2ffba restore phase-003: the complete attempt, recovered from artifact
ee528e1 rbops: phase-002 (2026-10-04T04:51:42Z)
---
 A phases/phase-008/FINDINGS.md
 A phases/phase-008/REPORT.md
 M src/vm.rs
 A tests/index_bounds_test.rs
 M tests/integration_test.rb
 M tests/numeric_edge_test.rs
 M tests/test_lists.rb
[0m
[0m$ [0mpython3 -c "import Rust_dummy" 2>&1; rustc --version 2>&1
Traceback (most recent call last):
  File "<string>", line 1, in <module>
ModuleNotFoundError: No module named 'Rust_dummy'
rustc 1.99.0 (b940084d7 2026-09-28)
[0m
[0m$ [0mcargo fmt --all -- --check 2>&1 | head -n 20; echo "FMT_EXIT=$?"
FMT_EXIT=0
[0m
[0m$ [0mcargo test --all-targets 2>&1 | tail -n 30
running 5 tests
test test_hello_world ... ok
test test_list ... ok
test test_function ... ok
test test_math ... ok
test test_numbers ... ok

test result: ok. 5 passed; 0 failed; 0 ignored; 0 measured; 0 filtered out; finished in 0.00s

[1m[92m     Running[0m tests/span_test.rs (target/debug/deps/span_test-f0536b185f12130b)

running 15 tests
test edge_error_on_first_line_points_at_line_one ... ok
test edge_error_on_last_line_points_at_the_last_line ... ok
test edge_multibyte_column_offsets_are_character_based ... ok
test edge_empty_source_is_a_valid_empty_program ... ok
test edge_render_of_a_span_past_the_last_line_still_reports_the_location ... ok
test edge_render_without_a_file_omits_the_file_name ... ok
test edge_unknown_span_renders_message_only ... ok
test test_analyzer_error_carries_position ... ok
test test_io_error_has_no_span ... ok
test edge_runtime_error_reports_the_statement_position ... ok
test test_lexer_error_carries_position ... ok
test test_every_failed_program_reports_a_position ... ok
test test_parser_error_reports_line_and_column ... ok
test test_render_draws_source_line_and_caret ... ok
test edge_runtime_error_inside_a_loop_reports_the_inner_statement ... ok

test result: ok. 15 passed; 0 failed; 0 ignored; 0 measured; 0 filtered out; finished in 0.00s
[0m
[0m$ [0mcargo clippy --all-targets -- -D warnings 2>&1 | tail -n 10
[1m[92m    Blocking[0m waiting for file lock on package cache
[1m[92m    Finished[0m `dev` profile [unoptimized] target(s) in 0.13s
[0m
[0m$ [0mcargo test --all-targets 2>&1 | grep -E "^(test result|     Running|error|FAILED|failures)" | head -n 40
test result: ok. 6 passed; 0 failed; 0 ignored; 0 measured; 0 filtered out; finished in 0.00s
test result: ok. 0 passed; 0 failed; 0 ignored; 0 measured; 0 filtered out; finished in 0.00s
test result: ok. 11 passed; 0 failed; 0 ignored; 0 measured; 0 filtered out; finished in 0.82s
test result: ok. 13 passed; 0 failed; 0 ignored; 0 measured; 0 filtered out; finished in 0.46s
test result: ok. 21 passed; 0 failed; 0 ignored; 0 measured; 0 filtered out; finished in 0.01s
test result: ok. 8 passed; 0 failed; 0 ignored; 0 measured; 0 filtered out; finished in 0.00s
test result: ok. 20 passed; 0 failed; 0 ignored; 0 measured; 0 filtered out; finished in 0.00s
test result: ok. 25 passed; 0 failed; 0 ignored; 0 measured; 0 filtered out; finished in 0.11s
test result: ok. 8 passed; 0 failed; 0 ignored; 0 measured; 0 filtered out; finished in 0.49s
test result: ok. 5 passed; 0 failed; 0 ignored; 0 measured; 0 filtered out; finished in 0.00s
test result: ok. 15 passed; 0 failed; 0 ignored; 0 measured; 0 filtered out; finished in 0.00s
[0m
[0m$ [0mcargo run --quiet --bin rb -- run /tmp/probe_check.rb 2>&1; echo "EXIT=$ 상대로"
Error: IoError: No such file or directory (os error 2)
EXIT=$ 상대로
[0m
[93m[1m! [0mpermission requested: external_directory (/tmp/*); auto-rejecting
[0m✗ [0mWrite /tmp/probe_neg1.rb failed
[91m[1mError: [0mThe user rejected permission to use this specific tool call.
