[93m[1m! [0m agent "reviewer" not found. Falling back to default agent
[0m
> build · muse-spark-1.3-contributor-free
[0m
Hunting what's still broken behind the green gate — starting the deep review.
[0m✗ [0mRead .opencode/agent/reviewer.md failed
[91m[1mError: [0mFile not found: /home/runner/work/rbops/rbops/redblue/.opencode/agent/reviewer.md
[0m→ [0mRead AGENTS.md
[0m→ [0mRead src/vm.rs
[0m→ [0mRead src/lib.rs
[0m→ [0mRead tests/call_depth_test.rs
[0m✱ [0mGlob "**/reviewer*"[90m 0 matches[0m
[0m✱ [0mGlob "**/*.md"[90m 19 matches[0m
The reviewer checklist is missing, so I'm auditing the implementation directly for correctness gaps.
[0m→ [0mRead src/value.rs
[0m→ [0mRead phases/phase-006/FINDINGS.md
[0m→ [0mRead phases/phase-006/REPORT.md
[0m→ [0mRead src/testing/harness.rs
[0m→ [0mRead src/analyzer.rs
[0m→ [0mRead tests/test_functions.rb
[0m→ [0mRead src/repl/mod.rs[90m [limit=60, offset=220][0m
I've mapped several potential holes — now verifying them by running the code.
[0m
[0m$ [0mcargo test --test call_depth -- --nocapture 2>&1 | tail -20; echo "---"; cargo test -- --nocapture 2>&1 | tail -5
[1m[91merror[0m: no test target named `call_depth` in default-run packages
help: available test targets:
    call_depth_test
    discovery_test
    expect_test
    record_order_test
    redblue_suite_test
    redblue_test
    span_test
---

running 0 tests

test result: ok. 0 passed; 0 failed; 0 ignored; 0 measured; 0 filtered out; finished in 0.00s
[0m
[0m$ [0mpython3 -c "
import subprocess, textwrap, os, tempfile
# Test 1: conditional return broken?
src = textwrap.dedent('''set reached to 0
to classify(n)
    if n is 0 then
        give back 100
    else
        give back 200
    end
end
say classify(0)
say classify(1)
''')
open('/tmp/t1.rb','w').write(src)
r = subprocess.run(['./target/debug/rb','run','/tmp/t1.rb'], capture_output=True, text=True, timeout=10)
print('t1 stdout:', repr(r.stdout), 'stderr:', repr(r.stderr), 'code:', r.returncode)
"
t1 stdout: 'nothing\nnothing\n' stderr: '' code: 0
[0m
[0m$ [0mpython3 -c "
import subprocess, textwrap
# Test 2: locals leak to globals
src = 'set x to 1\nto foo()\n    set x to 2\nend\nfoo()\nsay x\n'
open('/tmp/t2.rb','w').write(src)
r = subprocess.run(['./target/debug/rb','run','/tmp/t2.rb'], capture_output=True, text=True, timeout=10)
print('t2 (x should stay 1 if scoped, is):', repr(r.stdout), r.returncode, repr(r.stderr))
# Test 3: factorial style recursion with return value
src3 = 'to fact(n)\n    if n is 0 then\n        give back 1\n    else\n        give back n * fact(n - 1)\n    end\n    give back 999\nend\nsay fact(3)\n'
open('/tmp/t3.rb','w').write(src3)
r3 = subprocess.run(['./target/debug/rb','run','/tmp/t3.rb'], capture_output=True, text=True, timeout=10)
print('t3 fact fallback:', repr(r3.stdout), r3.returncode, repr(r3.stderr))
# Test 4: huge env var
src4='say 1\n'
open('/tmp/t4.rb','w').write(src4)
import os
env=dict(os.environ); env['REDBLUE_MAX_CALL_DEPTH']='999999999999'
r4 = subprocess.run(['./target/debug/rb','run','/tmp/t4.rb'], capture_output=True, text=True, timeout=10, env=env)
print('t4 huge limit:', r4.returncode, repr(r4.stdout), repr(r4.stderr[:500]))
"

t2 (x should stay 1 if scoped, is): '2\n' 0 ''
t3 fact fallback: '999\n' 0 ''
t4 huge limit: 1 '' 'Error: IoError: Cannot start the interpreter thread: Resource temporarily unavailable (os error 11)\n'
[0m
[0m$ [0mpython3 -c "
import subprocess, textwrap, os
# Test 5: plus-sign limit
env=dict(os.environ); env['REDBLUE_MAX_CALL_DEPTH']='+5'
open('/tmp/t5.rb','w').write('to boom(n)\n    boom(n + 1)\nend\nboom(0)\n')
r = subprocess.run(['./target/debug/rb','run','/tmp/t5.rb'], capture_output=True, text=True, timeout=10, env=env)
print('t5 plus-5:', r.returncode, repr(r.stderr[:300]))
# Test 6: whitespace limit
env2=dict(os.environ); env2['REDBLUE_MAX_CALL_DEPTH']=' 5 '
open('/tmp/t6.rb','w').write('set reached to 0\nto countdown(n)\n    if n is 0 then\n        set reached to 0\n    else\n        set reached to countdown(n - 1)\n    end\n    give back reached\nend\ncountdown(10)\nsay 1\n')
r2 = subprocess.run(['./target/debug/rb','run','/tmp/t6.rb'], capture_output=True, text=True, timeout=15, env=env2)
print('t6 ws-5 depth10:', r2.returncode, repr(r2.stdout[:200]), repr(r2.stderr[:300]))
"
# Check load_module path
grep -n "load_module\|functions.insert\|get_var.*Function\|call_user_function" src/vm.rs | head -20
t5 plus-5: 1 "Error: RuntimeError: Maximum call depth of 5 reached while calling 'boom'\n  --> /tmp/t5.rb:2:5\n2 |     boom(n + 1)\n  |     ^\n"
t6 ws-5 depth10: 1 '' "Error: RuntimeError: Maximum call depth of 5 reached while calling 'countdown'\n  --> /tmp/t6.rb:6:9\n6 |         set reached to countdown(n - 1)\n  |         ^\n"
127:    fn load_module(&mut self, path: &str) -> Result<()> {
145:                    self.functions.insert(name.clone(), body.clone());
351:                self.functions.insert(name.clone(), body.clone());
412:                            self.load_module(path)?;
1085:                    self.call_user_function(name, &params, &args)
1101:    fn call_user_function(
[0m
[0m$ [0mcargo test --test call_depth_test 2>&1 | tail -5
ls modules/ 2>&1; cat modules/MathUtils.rb 2>&1 | head -20
grep -rn "run_isolated\|Vm::new\|\.run(&" src/ --include="*.rs" | grep -v "test" | head -20
test edge_the_limit_itself_is_the_boundary ... ok
test edge_invalid_limits_fall_back_to_the_default ... ok

test result: ok. 11 passed; 0 failed; 0 ignored; 0 measured; 0 filtered out; finished in 0.73s

MathUtils.rb
SuiteKit.rb
// MathUtils module example
// Demonstrates module exports

constant PI to 3.14159
constant TAU to 6.28318

to circle_area(radius)
    give back PI * radius * radius
end

to circle_circumference(radius)
    give back TAU * radius
end

to degrees_to_radians(degrees)
    give back degrees * PI / 180
end

to radians_to_degrees(radians)
    give back radians * 180 / PI
src/lib.rs:22:pub use vm::{run_isolated, Vm, MAX_CALL_DEPTH, MAX_CALL_DEPTH_ENV};
src/lib.rs:51:    let (_vm, result) = vm::run_isolated(&ast);
src/repl/mod.rs:31:            vm: Vm::new(),
src/repl/mod.rs:131:                self.vm = Vm::new();
src/repl/mod.rs:240:        self.vm.run(&program)
src/vm.rs:45:pub fn run_isolated(program: &Program) -> (Vm, Result<Value>) {
src/vm.rs:53:        let mut vm = Vm::new();
src/vm.rs:54:        let result = vm.run(&program);
src/vm.rs:60:                Vm::new(),
src/vm.rs:72:            Vm::new(),
[0m
Core defects confirmed — now checking the remaining edge cases.
[93m[1m! [0mpermission requested: external_directory (/tmp/modtest/*); auto-rejecting
[0m✗ [0mmkdir -p /tmp/modtest/modules && printf 'to greet(n)\n    give back n * 2\nend\n' > /tmp/modtest/modules/Greet.rb && printf 'import Greet\nsay Greet.greet(21)\n' > /tmp/modtest/m.rb
grep -n "MethodCall\|module\|\." src/parser.rs | grep -i "method\|module\|call" | head -20
echo "---try import semantics---"
./target/debug/rb run /tmp/modtest/m.rb 2>&1 | head -10; echo "code $?"
# Direct Vm::run overflow demo via debug binary with small stack? Use ulimit?
python3 -c "
src='set reached to 0\nto countdown(n)\n    if n is 0 then\n        set reached to 0\n    else\n        set reached to countdown(n - 1)\n    end\n    give back reached\nend\ncountdown(500)\n'
open('/tmp/deep500.rb','w').write(src)
"
./target/debug/rb run /tmp/deep500.rb 2>&1 | head -5; echo "code $?" failed
[91m[1mError: [0mThe user rejected permission to use this specific tool call.
