[93m[1m! [0m agent "reviewer" not found. Falling back to default agent
[0m
> build · muse-spark-1.3-contributor-free
[0m
Adversarial review underway — hunting the green gate for what's still broken.
[0m→ [0mRead src/runtime.rs[90m [limit=60, offset=680][0m
[0m→ [0mRead tests/bootstrap_selfhost_test.rs[90m [limit=120, offset=384][0m
[0m→ [0mRead src/bytecode/vm.rs[90m [limit=120, offset=1630][0m
[0m→ [0mRead src/lib.rs[90m [limit=130, offset=240][0m
[0m→ [0mRead tests/bootstrap_selfhost_test.rs[90m [limit=250, offset=840][0m
[0m→ [0mRead src/bytecode/vm.rs[90m [limit=80, offset=950][0m
[0m→ [0mRead tests/bytecode_vm_test.rs
[0m→ [0mRead tests/bootstrap_selfhost_test.rs[90m [limit=230, offset=1090][0m
[0m→ [0mRead src/bytecode/vm.rs[90m [limit=70, offset=1699][0m
I've mapped the loop fix and the new differential tests — now probing for panic paths and weakened gates.
[0m→ [0mRead src/lib.rs[90m [limit=50, offset=200][0m
[0m✱ [0mGrep "unwrap\(\)|expect\(|panic!|unreachable!|todo!|frames\[|stack\[|as u32|as usize"[90m in src/bytecode · 80 matches[0m
[0m→ [0mRead phases/phase-021/FINDINGS.md[90m [limit=60, offset=100][0m
[0m→ [0mRead src/bytecode/vm.rs[90m [limit=50, offset=1175][0m
[0m→ [0mRead src/bytecode/vm.rs[90m [limit=60, offset=2470][0m
[0m→ [0mRead src/bytecode/vm.rs[90m [limit=50, offset=2635][0m
[0m→ [0mRead src/lib.rs[90m [limit=80, offset=120][0m
[0m→ [0mRead src/lib.rs[90m [limit=90, offset=155][0m
[0m✱ [0mGrep "fn report|fn run_file_with_diagnostic|fn vm_command"[90m in src · 11 matches[0m
[0m→ [0mRead src/lib.rs[90m [limit=80, offset=40][0m
The CLI error path checks out — now examining remaining risk areas for determinism and resource limits.
[0m✱ [0mGrep "HashMap|HashSet|BTreeMap|now\(\)|SystemTime|rand"[90m in src · 100 matches[0m
[0m→ [0mRead tests/bootstrap_selfhost_test.rs[90m [limit=80, offset=1][0m
[0m→ [0mRead src/value.rs[90m [limit=80][0m
[0m→ [0mRead tests/bootstrap_selfhost_test.rs[90m [limit=70, offset=80][0m
[0m✱ [0mGrep "call_depth|max_depth|MAX_|with_limits|with_max"[90m in src/bytecode · 38 matches[0m
FINDINGS:
1. [BLOCKER] tests/bootstrap_selfhost_test.rs:1124 — `checked >= 300` weakens the whole-corpus gate that the comment says is 306 of 315 — a deletion of up to 6 corpus files still passes because total size is never asserted and `refused == 9` stays satisfied — assert `checked == 306` and total entries == 315.
2. [MAJOR] tests/bootstrap_selfhost_test.rs:1221 — `Err(redblue::Error::Analyzer(_, _)) => analyzer_only += 1` discards the `run` result executed just above — stage 2 run as bytecode can crash, exit non-zero, or write wrong bytes on that file and the test still passes — assert success/refusal and byte-equality the same way the lexer and accepted arms do, or assert the known file name.
3. [MAJOR] tests/bootstrap_selfhost_test.rs:876 — `bytes: fs::read(&output).unwrap_or_default()` swallows the IO error the gate should propagate — a missing/unreadable `.rbc` becomes empty bytes and is reported as wrong length rather than as an IO failure, same pattern at line 58 — use `expect` or propagate so the failure names the IO cause.
4. [MAJOR] src/runtime.rs:705 — `let mut pushed = items.clone()` plus `value.clone()` makes every `push` a deep clone — any Redblue loop building a list of records is quadratic, measured as n^1.9 and ~48 days for self-compilation in phases/phase-021/FINDINGS.md — use `Rc<Vec<Value>>` with `Rc::make_mut` or add a mutable accumulator, plus aliasing tests.
REVIEW VERDICT: FINDINGS 4
