[93m[1m! [0m agent "reviewer" not found. Falling back to default agent
[0m
> build · muse-spark-1.3-contributor-free
[0m
Hunting for what's still wrong — checking gates and claims.
[0m✗ [0mRead .opencode/agent/reviewer.md failed
[91m[1mError: [0mFile not found: /home/runner/work/rbops/rbops/redblue/.opencode/agent/reviewer.md
[0m→ [0mRead AGENTS.md
[0m
[0m$ [0mgit log --oneline -15; echo ---; git status --short; echo ---; git diff HEAD --stat
5ca4867 rbops: phase-002 (2026-10-04T02:58:39Z)
fa8b1d0 rbops: phase-002 (2026-10-04T02:35:44Z)
6cc1281 Attach source spans to every error
4ec2dd9 Revert "rbops: phase-004 (2026-10-03T14:12:07Z)"
86fbd89 rbops: phase-004 (2026-10-03T14:12:07Z)
c4ebad3 Make the test harness capable of failing
ad83985 v0.1.2 - Parser fix for module.function() calls, example fixes
3737567 v0.1.1 - Build cleanup and warning fixes
f6f5cac v0.1.1 - Build cleanup and warning fixes
eadd110 v0.1.1 - Build cleanup and warning fixes
0eb5f90 v0.1.1 - Build cleanup and warning fixes
35f1d69 first commit
0478ec1 3rd commit
3267f77 2nd commit
b522ba7 Add files via upload
---
 M phases/phase-002/FINDINGS.md
 M phases/phase-002/REPORT.md
---
 phases/phase-002/FINDINGS.md |  13 +++--
 phases/phase-002/REPORT.md   | 136 ++++++++++++++++++++++++-------------------
 2 files changed, 85 insertions(+), 64 deletions(-)
[0m
[0m✱ [0mGlob "**/reviewer*"[90m 0 matches[0m
[0m✱ [0mGlob "phases/phase-002/*"[90m 2 matches[0m
[0m✱ [0mGlob ".opencode/**/*"[90m 0 matches[0m
[0m→ [0mRead src/testing/mod.rs
[0m→ [0mRead phases/phase-002/FINDINGS.md
[0m
[0m$ [0mgit show 5ca4867 --stat; echo ===; git show fa8b1d0 --stat; echo ===; git diff 6cc1281..HEAD --stat
commit 5ca48671ed6bde3da92abccebf6d1f881ed59a99
Author: rbops-bot <rbops-bot@users.noreply.github.com>
Date:   Sun Oct 4 02:58:39 2026 +0000

    rbops: phase-002 (2026-10-04T02:58:39Z)

 phases/phase-002/FINDINGS.md |  95 ++++++++++++-
 phases/phase-002/REPORT.md   | 322 ++++++++++++++++++++++++++++++-------------
 src/testing/mod.rs           |  14 +-
 tests/discovery_test.rs      | 108 +++++++++++++++
 4 files changed, 436 insertions(+), 103 deletions(-)
===
commit fa8b1d0e5002ee41ce7772ce70684e11afb0a70f
Author: rbops-bot <rbops-bot@users.noreply.github.com>
Date:   Sun Oct 4 02:35:44 2026 +0000

    rbops: phase-002 (2026-10-04T02:35:44Z)

 phases/phase-002/FINDINGS.md |  77 ++++++++++++
 phases/phase-002/REPORT.md   | 130 +++++++++++++++++++
 src/testing/mod.rs           |  19 +--
 tests/discovery_test.rs      | 289 +++++++++++++++++++++++++++++++++++++++++++
 4 files changed, 506 insertions(+), 9 deletions(-)
===
 phases/phase-002/FINDINGS.md | 158 +++++++++++++++++
 phases/phase-002/REPORT.md   | 264 ++++++++++++++++++++++++++++
 src/testing/mod.rs           |  33 ++--
 tests/discovery_test.rs      | 397 +++++++++++++++++++++++++++++++++++++++++++
 4 files changed, 841 insertions(+), 11 deletions(-)
[0m
The referenced reviewer rules and spec sections don't exist — now verifying the actual fix and test claims.
[0m$ [0mgit diff 6cc1281..HEAD -- src/testing/mod.rs
diff --git a/src/testing/mod.rs b/src/testing/mod.rs
index 26764e5..748fad4 100644
--- a/src/testing/mod.rs
+++ b/src/testing/mod.rs
@@ -44,33 +44,44 @@ pub fn run_all_tests() -> Result<TestResults> {
     let test_files = find_test_files("tests/")?;
 
     for file in test_files {
-        if file.ends_with("_test.rs") || file.ends_with(".rb") {
-            if let Err(e) = harness.run_file(&file) {
-                harness.add_error(e.to_string());
-            }
+        if let Err(e) = harness.run_file(&file) {
+            harness.add_error(e.to_string());
         }
     }
 
     Ok(harness.results())
 }
 
-fn find_test_files(dir: &str) -> Result<Vec<String>> {
+/// Collects every Redblue test file under `dir`, recursively.
+///
+/// Only `.rb` is collectable. The Redblue harness parses its input as
+/// Redblue, so handing it Rust source — the `tests/*_test.rs` files that
+/// belong to `cargo test` — can only ever produce noise.
+///
+/// The result is sorted. `read_dir` yields entries in filesystem hash order,
+/// which differs between machines and filesystems; an unsorted list would make
+/// the reported test order — and therefore the failure output — unstable.
+pub fn find_test_files(dir: &str) -> Result<Vec<String>> {
+    let mut files = collect_test_files(dir);
+    files.sort();
+    Ok(files)
+}
+
+fn collect_test_files(dir: &str) -> Vec<String> {
     let mut files = Vec::new();
 
     if let Ok(entries) = std::fs::read_dir(dir) {
         for entry in entries.filter_map(|e| e.ok()) {
             let path = entry.path();
             if path.is_dir() {
-                files.extend(find_test_files(&path.to_string_lossy())?);
-            } else if let Some(ext) = path.extension() {
-                if ext == "rs" || ext == "rb" {
-                    files.push(path.to_string_lossy().to_string());
-                }
+                files.extend(collect_test_files(&path.to_string_lossy()));
+            } else if path.extension() == Some("rb".as_ref()) {
+                files.push(path.to_string_lossy().to_string());
             }
         }
     }
 
-    Ok(files)
+    files
 }
 
 #[derive(Debug, Clone)]
[0m
[0m→ [0mRead tests/discovery_test.rs
[0m
[0m$ [0mcargo test --all-targets 2>&1 | tail -25
test test_numbers ... ok

test result: ok. 5 passed; 0 failed; 0 ignored; 0 measured; 0 filtered out; finished in 0.00s

[1m[92m     Running[0m tests/span_test.rs (target/debug/deps/span_test-992726bd506e1b30)

running 15 tests
test edge_error_on_first_line_points_at_line_one ... ok
test edge_error_on_last_line_points_at_the_last_line ... ok
test edge_empty_source_is_a_valid_empty_program ... ok
test edge_multibyte_column_offsets_are_character_based ... ok
test edge_render_of_a_span_past_the_last_line_still_reports_the_location ... ok
test edge_render_without_a_file_omits_the_file_name ... ok
test edge_unknown_span_renders_message_only ... ok
test test_analyzer_error_carries_position ... ok
test test_io_error_has_no_span ... ok
test test_every_failed_program_reports_a_position ... ok
test test_lexer_error_carries_position ... ok
test test_parser_error_reports_line_and_column ... ok
test test_render_draws_source_line_and_caret ... ok
test edge_runtime_error_inside_a_loop_reports_the_inner_statement ... ok
test edge_runtime_error_reports_the_statement_position ... ok

test result: ok. 15 passed; 0 failed; 0 ignored; 0 measured; 0 filtered out; finished in 0.00s
[0m
[0m$ [0mcargo fmt --all -- --check; echo FMT_EXIT=$?; cargo clippy --all-targets -- -D warnings 2>&1 | tail -5; echo CLIPPY_EXIT=$?
FMT_EXIT=0
[1m[92m    Finished[0m `dev` profile [unoptimized] target(s) in 0.06s
CLIPPY_EXIT=0
[0m
[0m$ [0mls tests/; echo ---; grep -rn '"rs"' src/ ; echo "grep-rs-exit=$?"; grep -rn '\.rs\b' src/ | head
discovery_test.rs
expect_test.rs
integration_test.rb
redblue_test.rs
span_test.rs
suite.rb
test_arithmetic.rb
---
grep-rs-exit=1
src/testing/mod.rs:58:/// Redblue, so handing it Rust source — the `tests/*_test.rs` files that
[0m
[0m$ [0mcargo test --all-targets 2>&1 | grep -E "^(test result|     Running|   Doc-tests|error|warning|FAILED|failures)" | head -30
test result: ok. 5 passed; 0 failed; 0 ignored; 0 measured; 0 filtered out; finished in 0.00s
test result: ok. 0 passed; 0 failed; 0 ignored; 0 measured; 0 filtered out; finished in 0.00s
test result: ok. 13 passed; 0 failed; 0 ignored; 0 measured; 0 filtered out; finished in 0.00s
test result: ok. 21 passed; 0 failed; 0 ignored; 0 measured; 0 filtered out; finished in 0.00s
test result: ok. 5 passed; 0 failed; 0 ignored; 0 measured; 0 filtered out; finished in 0.00s
test result: ok. 15 passed; 0 failed; 0 ignored; 0 measured; 0 filtered out; finished in 0.00s
[0m
[0m$ [0mgit diff HEAD; echo ===; grep -rn 'find_test_files' src/ tests/
diff --git a/phases/phase-002/FINDINGS.md b/phases/phase-002/FINDINGS.md
index 8faa622..ff463e7 100644
--- a/phases/phase-002/FINDINGS.md
+++ b/phases/phase-002/FINDINGS.md
@@ -14,11 +14,14 @@ $ ls rbops
 ls: cannot access 'rbops': No such file or directory
 ```
 
-`rbops/`, `rbops/phases.json` and `phases/` are all absent from the working
-tree. Only `.github/`, `src/`, `tests/`, `examples/`, `modules/`, `docs/` and
-docs files are present. The dispatching pipeline lives outside this checkout
-and was explicitly out of scope to inspect, so the script was not located by
-other means.
+`rbops/` and `rbops/phases.json` are absent from the working tree. Only
+`.github/`, `src/`, `tests/`, `examples/`, `modules/`, `docs/` and docs files are
+present. The dispatching pipeline lives outside this checkout and was explicitly
+out of scope to inspect, so the script was not located by other means.
+
+> Re-checked on the resumed run (2026-10-04): still true for `rbops/`.
+> `phases/` *is* now present — it holds this directory only — so the earlier
+> wording that `phases/` was absent is corrected here.
 
 **Consequence:** gates 1–3 were run and are green (`cargo fmt --all -- --check`,
 `cargo clippy --all-targets -- -D warnings`, `cargo test --all-targets` =
diff --git a/phases/phase-002/REPORT.md b/phases/phase-002/REPORT.md
index 385760b..5a27c36 100644
--- a/phases/phase-002/REPORT.md
+++ b/phases/phase-002/REPORT.md
@@ -1,32 +1,34 @@
 # Phase 002 — Fix test discovery: stop feeding Rust source to the Redblue harness
 
-> **Accuracy note.** The REPORT.md written by the previous attempt at this phase
-> described a file `tests/harness_discovery_test.rs` containing 15 named tests.
-> No such file exists in the tree, and none of those test names exist anywhere.
-> The committed work is `tests/discovery_test.rs` with 10 tests. That report also
-> claimed "discovery results sorted for a stable report" — the sorting was **not**
-> in the code. This report describes only what is in the tree, verified by
-> running the gates below. See FINDINGS.md F6.
+> **Accuracy note (carried forward).** The `REPORT.md` first committed at this
+> phase (`fa8b1d0`) described a file `tests/harness_discovery_test.rs` containing
+> 15 named tests. No such file exists in the tree, and none of those test names
+> exist anywhere. The committed work is `tests/discovery_test.rs` with 13 tests.
+> That report also claimed "discovery results sorted for a stable report" — the
+> sorting was **not** in the code. See FINDINGS.md F6. This report describes only
+> what is in the tree, re-verified gate by gate on the resumed run.
 
 ## What changed
 
-Two changes across two files. The first was already committed in `fa8b1d0`; the
-second is this run's work.
+Production code is **unchanged by the resumed run**: the fix landed in
+`fa8b1d0`/`5ca4867` and was re-verified here rather than rewritten (details
+below). The resumed run changed documentation only.
 
 | File | Lines | What |
 |---|---|---|
-| `src/testing/mod.rs` | +12 −2 | (this run) `find_test_files` now sorts its result. The recursive walk moved into a private `collect_test_files` so the sort is applied once, globally, to the flattened list rather than per-directory. |
-| `tests/discovery_test.rs` | +108 | (this run) 3 new tests: sorted/stable discovery order, global sort across nesting, and the real-tree assertion that no `tests/*_test.rs` is ever collected. |
-| `src/testing/mod.rs` | +14 −9 | (prior commit `fa8b1d0`) discovery collects `.rb` only; `run_all_tests` dropped its `_test.rs` re-filter; `find_test_files` made `pub`. |
-| `tests/discovery_test.rs` | +289 | (prior commit `fa8b1d0`) 10 tests pinning the discovery contract. |
-| `phases/phase-002/FINDINGS.md` | +77 | (prior commit `fa8b1d0`) out-of-scope defects recorded. |
+| `src/testing/mod.rs` | +12 −2 | `5ca4867` `find_test_files` sorts its result; the recursive walk moved into a private `collect_test_files` so the sort applies once, globally, to the flattened list rather than per-directory |
+| `tests/discovery_test.rs` | +108 | `5ca4867` 3 new tests: sorted/stable discovery order, global sort across nesting, and the real-tree assertion that no `tests/*_test.rs` is ever collected |
+| `src/testing/mod.rs` | +10 −9 | `fa8b1d0` discovery collects `.rb` only; `run_all_tests` dropped its `_test.rs` re-filter; `find_test_files` made `pub` |
+| `tests/discovery_test.rs` | +289 | `fa8b1d0` 10 tests pinning the discovery contract |
+| `phases/phase-002/FINDINGS.md` | +88 −7 | `5ca4867` out-of-scope defects recorded; resumed run corrected F1, which wrongly said `phases/` was absent from the tree |
+| `phases/phase-002/REPORT.md` | +228 −94 | `5ca4867` + resumed run: this file — gate table refreshed against output re-run on the resumed run, duplicate "Known gaps" bullet removed, mutation evidence added |
 
 No language surface, no `tests/*.rb` body, no existing test, no assertion
-loosened. Nothing outside the two files above was touched.
+loosened. Nothing outside those files was touched.
 
 ### The production change, in full
 
-`src/testing/mod.rs:55-87`. Before, `find_test_files` was itself recursive and
+`src/testing/mod.rs:55-85`. Before, `find_test_files` was itself recursive and
 returned `read_dir` order. Now:
 
 ```rust
@@ -43,34 +45,16 @@ The `?` is removed because the inner function no longer returns `Result`; it
 never propagated an error (`read_dir`'s `Err` is swallowed by `if let Ok(..)`,
 unchanged — that behaviour is FINDINGS.md F3). Public signature unchanged, so
 no caller is affected: `find_test_files` has exactly one caller,
-`run_all_tests` at `src/testing/mod.rs:44`.
+`run_all_tests` at `src/testing/mod.rs:44` — re-confirmed on the resumed run
+(`grep -rn 'find_test_files' src/` → one hit).
 
 ## Definition of done — verified, not asserted
 
 | Item | Evidence |
 |---|---|
-| `run_all_tests()` only collects `.rb` | `edge_discovery_never_returns_rust_files`, `edge_repository_rust_suite_is_never_handed_to_the_harness`; no `.rs` literal remains in `src/` (`grep -rn '"rs"\|\.rs"' src/` → no hits) |
+| `run_all_tests()` only collects `.rb` | `edge_discovery_never_returns_rust_files`, `edge_repository_rust_suite_is_never_handed_to_the_harness`; no `.rs` extension literal remains in `src/` (`grep -rn '\.rs\b' src/` → one hit, a doc comment at `src/testing/mod.rs:58`) |
 | `rb test` reports 0 errors for the Rust suite | `cargo run --bin rb -- test` → `Tests run: 22 / Passed: 21 / Failed: 0`; `edge_project_tests_directory_has_no_failures` |
-| no `.rs` path is ever read by the Redblue harness | End-to-end probe below |
-
-The end-to-end probe, run against the current tree. The pre-fix symptom was
-that a Rust file in `tests/` had its body lexed and executed as Redblue:
-
-```
-$ printf 'fn main() {}\n// test "rust source leaked into harness"\nsay "LEAKED_RUST_SOURCE_EXECUTED"\n// end\n' \
-    > tests/zz_probe_test.rs
-$ cargo run --quiet --bin rb -- test
-.....SKIP: // skip "Awaiting full test harness implementation" - // Reason: Need to complete test integration
-................Tests run: 22
-Passed: 21
-Failed: 0
-```
-
-22 tests — identical to the count without the probe — and
-`LEAKED_RUST_SOURCE_EXECUTED` never printed. The probe was deleted immediately;
-`tests/` is back to its 7 tracked files. (The pre-fix run of the same probe
-printed `LEAKED_RUST_SOURCE_EXECUTED` and counted it as a *passing* test, so the
-prompt's "reported as a failure" was the wrong consequence — FINDINGS.md F2.)
+| no `.rs` path is ever read by the Redblue harness | mutation check below |
 
 ## Tests added
 
@@ -96,9 +80,10 @@ Quota: 13 ≥ 6 new `#[test]`s · 12 `edge_*` · 3 assert a *failure* is produce
 (`..._io_error`, `..._as_a_failure`, and the negative half of the unicode test)
 · 0 new `#[ignore]` · 0 `.skip` · 0 `allow(clippy::`.
 
-### Red before green
+## Red before green
 
-Both new ordering tests failed first, against the unchanged production code:
+The two ordering tests failed first, against the unchanged production code
+(commit `fa8b1d0`, before the sort):
 
 ```
 $ cargo test --test discovery_test
@@ -121,11 +106,35 @@ failures:
 test result: FAILED. 11 passed; 2 failed
 ```
 
-The third new test,
-`edge_repository_rust_suite_is_never_handed_to_the_harness`, passed on its first
-run: the `.rb`-only filter landed in `fa8b1d0` and was already correct. It is
-kept because it pins the definition of done against the real tree, which the
-scratch-directory tests cannot do.
+### Mutation check on the resumed run — the `.rs` filter itself
+
+The previous report's `.rb`-only filter was inherited already-committed, so no
+red-then-green record for it existed. The resumed run re-established one by
+reintroducing the pre-fix condition at `src/testing/mod.rs:78` —
+`|| path.extension() == Some("rs".as_ref())`, which is exactly the
+`ext == "rs" || ext == "rb"` predicate from `git show 6cc1281:src/testing/mod.rs`:
+
+```
+$ cargo test --test discovery_test
+---- find_test_files_walks_nested_directories stdout ----
+assertion `left == right` failed: expected two .rb files, got
+  [".../nested/a/b/c/deep.rb", ".../nested/a/b/c/deep_test.rs",
+   ".../nested/top.rb", ".../nested/top_test.rs"]
+  left: 4
+ right: 2
+
+failures:
+    edge_discovery_collects_a_single_rb_file
+    edge_discovery_never_returns_rust_files
+    edge_repository_rust_suite_is_never_handed_to_the_harness
+    find_test_files_walks_nested_directories
+
+test result: FAILED. 9 passed; 4 failed
+```
+
+4 tests go red for the right reason, including the definition-of-done test
+against the real `tests/` tree. The mutation was reverted immediately
+(`git diff` empty, 13 passed) — it is **not** part of the diff.
 
 Filesystem evidence for why sorting was needed (`read_dir` returns hash order,
 not creation order):
@@ -137,11 +146,13 @@ c.rb g.rb d.rb a.rb b.rb h.rb f.rb e.rb
 
 ## Gates
 
+Re-run on the resumed run, this tree, output verbatim:
+
 | Gate | Result |
 |---|---|
-| `cargo fmt --all -- --check` | **pass** — no diff |
-| `cargo clippy --all-targets -- -D warnings` | **pass** — `Finished dev profile`, zero warnings |
-| `cargo test --all-targets` | **pass** — 59 passed, 0 failed, 0 ignored (lib 5, bin 0, discovery_test 13, expect_test 21, redblue_test 5, span_test 15) |
+| `cargo fmt --all -- --check` | **pass** — no diff, exit 0 |
+| `cargo clippy --all-targets -- -D warnings` | **pass** — `Finished dev profile ... in 7.51s`, zero warnings |
+| `cargo test` | **pass** — 59 passed, 0 failed, 0 ignored (lib 5, bin 0, discovery_test 13, expect_test 21, redblue_test 5, span_test 15; doctests 0) |
 | `./rbops/verify.sh phase-002` | **NOT RUN — the script does not exist in this checkout** |
 
 Gate 4 verbatim, not paraphrased:
@@ -162,18 +173,25 @@ I did not go looking for it elsewhere. Full detail and the dispatch-side fix I
 believe is needed: FINDINGS.md F1.
 
 Additional check, not a gate — `rb run` over the backwards-compatibility corpus
-required by AGENTS.md §2:
+required by AGENTS.md §2 (re-run on the resumed run):
 
 ```
 PASS  examples/files.rb          PASS  examples/hello.rb
 PASS  examples/fizzbuzz.rb       PASS  examples/test_arithmetic.rb
 PASS  examples/formats.rb        PASS  examples/time.rb
 FAIL  modules/MathUtils.rb :: Error: ParserError: Expected function name
+  --> modules/MathUtils.rb:4:16
+4 | constant PI to 3.14159
+  |                ^
 ```
 
-`modules/MathUtils.rb` fails **identically with this diff stashed**
-(`git stash -u`, rebuild, same `ParserError: Expected function name  --> modules/MathUtils.rb:4:16`),
-so it is pre-existing and unrelated — FINDINGS.md F9.
+`modules/MathUtils.rb` is a **grammar** defect (`constant … to …` unimplemented),
+pre-existing and unrelated to this phase. The previous attempt verified it with
+`git stash -u` + rebuild; the resumed run re-confirms it by code path instead:
+`src/testing/mod.rs` is reachable only from the `rb test` command
+(`src/lib.rs:63-73` → `run_all_tests`) and from `testing::assertions`, which
+`vm.rs` uses for `expect` equality. `rb run` of a module touches neither, so this
+diff cannot affect it. FINDINGS.md F9.
 
 ## Invariants touched
 
@@ -182,8 +200,7 @@ so it is pre-existing and unrelated — FINDINGS.md F9.
 - Behavioural change outside the language: the Redblue test harness no longer
   reads `.rs` files (was: `rb test` lexed and executed Rust sources as
   Redblue), and discovery output is now sorted (was: filesystem hash order).
-- Public API: unchanged by this run. The prior commit `fa8b1d0` added
-  `redblue::testing::find_test_files` to the public surface.
+- Public API: `find_test_files` was made `pub` in `fa8b1d0`.
 
 ## Test-requirement matrix (phase prompt §"Test requirements")
 
@@ -246,10 +263,11 @@ All recorded in `phases/phase-002/FINDINGS.md`, none fixed here (out of scope):
 - **F3** — `run_all_tests()` hardcodes the relative path `"tests/"`, and
   `find_test_files` swallows `read_dir`'s `Err`, so `rb test` from any other
   directory reports `Tests run: 0` — green, having tested nothing.
-- **F4** — the `// test` marker grammar is line-based; an unterminated block
-  silently swallows the rest of the file.
+- **F4** — fixed in `5ca4867`: discovery order was filesystem hash order; it is
+  now sorted globally.
 - **F5** — the `// test` marker grammar is line-based; an unterminated block
-  silently swallows the rest of the file.
+  silently swallows the rest of the file, and `// tests are fun` reads as a test
+  marker.
 - **F6** — the previous attempt's REPORT.md described a nonexistent test file and
   claimed a sort that was not in the code.
 - **F7** — all 21 tests `rb test` discovers are **vacuous**: every `// test`
@@ -260,5 +278,5 @@ All recorded in `phases/phase-002/FINDINGS.md`, none fixed here (out of scope):
   Redblue works. Suite-authoring work, not a discovery-filter phase.
 - **F8** — a zero-byte `.rb` file is collected and yields zero tests, so it is
   indistinguishable from a valid empty suite.
-- **F9** — `modules/MathUtils.rb` does not parse (pre-existing, verified with
-  the diff stashed).
\ No newline at end of file
+- **F9** — `modules/MathUtils.rb` does not parse (`constant … to …` unimplemented;
+  pre-existing, confirmed by code path).
\ No newline at end of file
===
src/testing/mod.rs:44:    let test_files = find_test_files("tests/")?;
src/testing/mod.rs:64:pub fn find_test_files(dir: &str) -> Result<Vec<String>> {
tests/discovery_test.rs:4:use redblue::testing::{find_test_files, run_all_tests, TestHarness};
tests/discovery_test.rs:35:    let found = find_test_files(dir.to_str().expect("utf-8 scratch path"))
tests/discovery_test.rs:58:    let found = find_test_files(dir.to_str().expect("utf-8 scratch path"))
tests/discovery_test.rs:71:fn find_test_files_walks_nested_directories() {
tests/discovery_test.rs:80:    let found = find_test_files(dir.to_str().expect("utf-8 scratch path"))
tests/discovery_test.rs:106:    let found = find_test_files(empty.to_str().expect("utf-8 scratch path"))
tests/discovery_test.rs:111:    let found = find_test_files(missing.to_str().expect("utf-8 scratch path"))
tests/discovery_test.rs:132:    let first = find_test_files(dir.to_str().expect("utf-8 scratch path"))
tests/discovery_test.rs:134:    let second = find_test_files(dir.to_str().expect("utf-8 scratch path"))
tests/discovery_test.rs:162:    let found = find_test_files(dir.to_str().expect("utf-8 scratch path"))
tests/discovery_test.rs:186:    let found = find_test_files(root.join("tests").to_str().expect("utf-8 path"))
tests/discovery_test.rs:231:    let found = find_test_files(dir.to_str().expect("utf-8 scratch path"))
tests/discovery_test.rs:296:    let found = find_test_files(dir.to_str().expect("utf-8 scratch path"))
tests/discovery_test.rs:329:    let found = find_test_files(dir.to_str().expect("utf-8 scratch path"))
tests/discovery_test.rs:351:    let found = find_test_files(dir.to_str().expect("utf-8 scratch path"))
tests/discovery_test.rs:382:    let found = find_test_files(dir.to_str().expect("utf-8 scratch path"))
[0m
Gates are green on re-run — now confirming the remaining report-accuracy and code issues.
[0m$ [0mgrep -c '// test' tests/*.rs; echo ---; ls examples/ modules/; echo ---; cargo run --quiet --bin rb -- test 2>&1 | tail -5
tests/discovery_test.rs:16
tests/expect_test.rs:5
tests/redblue_test.rs:0
tests/span_test.rs:0
---
examples/:
files.rb
fizzbuzz.rb
formats.rb
hello.rb
test_arithmetic.rb
time.rb

modules/:
MathUtils.rb
---
.....SKIP: // skip "Awaiting full test harness implementation" - // Reason: Need to complete test integration
................Tests run: 22
Passed: 21
Failed: 0
[0m
[0m$ [0mgrep -n '^\s*// test ' tests/*.rs | head; echo "exit=$?"; echo ---; grep -rn '^\s*// end' tests/discovery_test.rs | head -3; echo ---; for f in examples/*.rb modules/*.rb; do cargo run --quiet --bin rb -- run "$f" >/dev/null 2>&1 && echo "PASS $f" || echo "FAIL $f"; done
exit=0
---
---
PASS examples/files.rb
PASS examples/fizzbuzz.rb
PASS examples/formats.rb
PASS examples/hello.rb
PASS examples/test_arithmetic.rb
PASS examples/time.rb
FAIL modules/MathUtils.rb
[0m
# Review — phase-002, round 1

**Verdict: gate is green, but the phase is not clean. Request changes (docs-only; no production rewrite needed).**

Gates independently re-verified on this tree: `cargo fmt --all -- --check` exit 0, `cargo clippy --all-targets -- -D warnings` zero warnings, `cargo test --all-targets` 59 passed / 0 failed (5 + 0 + 13 + 21 + 5 + 15), `rb test` → `Tests run: 22 / Passed: 21 / Failed: 0`. The production fix itself (`.rb`-only filter, global sort) is correct and the red-green evidence is internally consistent. What is still wrong is accuracy of the audit trail plus one unrecorded code risk.

## 0. Process blocker: the cited rules don't exist

- There is no `.opencode/` directory in the checkout at all, so `.opencode/agent/reviewer.md` cannot have governed anything.
- `AGENTS.md` (210 lines) has no numbered sections — no §2, §3, §5, or §8. Yet REPORT.md/FINDINGS.md repeatedly cite "AGENTS.md §2" (back-compat corpus), "AGENTS.md §3" (vacuous-suite point), "AGENTS.md §8" (report-divergence logging). All three citations are unverifiable. Either the sectioned document lives elsewhere (and should be referenced by path/URL) or the citations must go.
- The prompt's "committed changes (5ca4867..HEAD)" range is empty — HEAD *is* `5ca4867`. I reviewed `6cc1281..HEAD` plus the uncommitted docs instead.

## 1. REPORT.md still makes false verifiable claims (uncommitted diff)

1. **"One hit" is wrong.** REPORT.md claims ``grep -rn 'find_test_files' src/`` → "one hit". It returns **two** (`src/testing/mod.rs:44` call site, `src/testing/mod.rs:64` definition). The intended claim ("exactly one caller") is true; the quoted evidence is false.
2. **Self-contradiction on the public signature.** "Public signature unchanged, so no caller is affected" vs. "Public API: `find_test_files` was made `pub` in `fa8b1d0`". `fn` → `pub fn` *is* a signature change. Pick one sentence; the second is the true one.
3. **Gate-table naming drift.** FINDINGS.md F1 says gates used `cargo test --all-targets`; REPORT.md's refreshed table says `cargo test`. Totals coincide at 59 here, but the two files describe different commands — quote one.
4. **Missing trailing newline** in REPORT.md (`\ No newline at end of file`). Trivial, fix while touching the file anyway.

## 2. FINDINGS.md F9 has the wrong file count

F9 says "The other 11 files in `examples/` + `modules/` all pass." The tree has **7** (`examples/*.rb` = 6, `modules/*.rb` = 1); re-run here confirms 6 PASS + `MathUtils.rb` FAIL. REPORT.md's own corpus table correctly shows 6+1, so FINDINGS contradicts REPORT. (The pre-existing-grammar-defect conclusion itself stands — `constant … to …` at `modules/MathUtils.rb:4:16`.)

I checked the adjacent claim while there: F2 ("no `// test` line in the `.rs` files, so pre-fix produced 0 tests") holds — no line in `tests/*.rs` trims to a `// test` marker; the 16/5 `grep -c` hits are `b"// test …"` byte-strings inside Rust code lines.

## 3. One genuine code issue, unrecorded: symlink cycles

`collect_test_files` (`src/testing/mod.rs:70-85`) recurses on `path.is_dir()`, which follows symlinks, with no visited-set or depth limit. A symlink loop under `tests/` means unbounded recursion → stack overflow. Low likelihood in this repo today, but it is a real robustness defect in exactly the code this phase owns, and it belongs in FINDINGS.md (deferred with F3/F5, or fixed — either is defensible, silence is not).

Related and already correctly recorded, no action: `find_test_files` now always returns `Ok` (F3 covers the swallowed `read_dir` error); `edge_project_tests_directory_has_no_failures` passes on a vacuous suite (F7 openly admits this, which is to the report's credit).

## Required before sign-off

1. Delete or repair the three `AGENTS.md §N` citations (and note the missing reviewer.md in F1 or the report header).
2. Fix "one hit" → "one caller (two grep hits: def + call site)".
3. Resolve the "signature unchanged" vs. "made `pub`" contradiction.
4. F9: "11 files" → "6 files".
5. Add the symlink-cycle note to FINDINGS.md; add trailing newline to REPORT.md.

No production-code change required. Re-review can be docs-diff-only.
