[93m[1m! [0m agent "reviewer" not found. Falling back to default agent
[0m
> build · muse-spark-1.3-contributor-free
[0m
Hunting the contract gaps — verifying the reported tests and grammar.
[0m→ [0mRead tests/tooling_grammar_test.rs
[0m→ [0mRead src/lsp.rs
[0m→ [0mRead src/lib.rs
[0m→ [0mRead src/lexer.rs[90m [limit=120][0m
[0m→ [0mRead src/error.rs
Confirmed the report lists a test that isn't in the file — now checking the linter wiring and keyword edge cases.
[0m→ [0mRead Cargo.toml
[0m→ [0mRead src/linter.rs
[0m→ [0mRead src/lexer.rs[90m [offset=300, limit=80][0m
[0m✱ [0mGrep "By\b"[90m in src · 1 match[0m
[0m→ [0mRead phases/phase-017/REPORT.md
[0m→ [0mRead tooling/vscode/package.json
[0m✱ [0mGrep "\bby\b"[90m in docs · 2 matches[0m
[0m→ [0mRead tooling/vscode/syntaxes/redblue.tmLanguage.json
[0m✱ [0mGrep "By"[90m in src · 1 match[0m
[0m→ [0mRead docs/GRAMMAR.md[90m [offset=215, limit=20][0m
[0m✱ [0mGrep ""by"|By|step"[90m in src/parser.rs · 37 matches[0m
The `by` keyword looks orphaned from the parser — tracing how range steps are actually parsed.
[0m✱ [0mGrep "ForRange|from|From"[90m in src/parser.rs · 68 matches[0m
[0m✱ [0mGrep "for|For|each|Each"[90m in src/parser.rs · 100 matches[0m
[0m✱ [0mGrep "parse_for|ForEach|parse_statement"[90m in src/parser.rs · 25 matches[0m
[0m→ [0mRead src/parser.rs[90m [offset=651, limit=100][0m
FINDINGS:
1. [BLOCKER] phases/phase-017/REPORT.md:81 — REPORT table claims test `diagnostics_report_linter_findings_as_warnings` (unused variable → `Severity::Warning` at a placeable position), but tests/tooling_grammar_test.rs:178-208 goes from `diagnostics_surface_a_spanned_analyzer_error` straight to `edge_empty_source_produces_no_diagnostics` with no linter test anywhere in the 303-line file; REPORT.md:70 claims 12 tests while REPORT.md:74-86 lists 13 rows — the Warning-path coverage claim cannot have passed — remove the row or add the missing test.
2. [MAJOR] src/lsp.rs:124-142 — the linter error/warning loops and `known_position` folding (src/lsp.rs:150-156 over src/linter.rs:46-50 `0:0` findings) have no test on either side now that finding 1 is void; REPORT.md:93 claims the `0:0`→`1:1` fold is covered as singleton/boundary, but nothing pins a warning diagnostic at all — add a test that an unused variable yields exactly one `Severity::Warning` at a known position.
3. [MINOR] src/lib.rs:172-173 — `rb diagnostics` runs the full frontend twice (`let found = diagnostics(&source)` then `diagnostics_json(&source)` re-runs it), and src/linter.rs:271-281 re-lexes/re-parses a third time, so one invocation lexes/parses/analyzes up to 4x — render the JSON from the already-computed `found` instead of recomputing.
REVIEW VERDICT: FINDINGS 3
