[0m
> build · space-bunny-free
[0m
I'll start by reading the reviewer findings and the relevant files.
[0m→ [0mRead tests/loop_bounds_test.rs[90m [offset=300, limit=80][0m
[0m→ [0mRead src/testing/assertions.rs
[0m→ [0mRead src/error.rs
[0m→ [0mRead tests/assertions_test.rs
[0m→ [0mRead tests/loop_bounds_test.rs[90m [limit=120, offset=1][0m
[0m→ [0mRead tests/numeric_edge_test.rs[90m [limit=60, offset=660][0m
[0m
[0m$ [0mls phases/phase-039/ && ls
FINDINGS.md
REPORT.md
AGENTS.md
CODE_OF_CONDUCT.md
CONTRIBUTING.md
Cargo.lock
Cargo.toml
HANDOUT.md
LICENSE
PHILOSOPHY.md
README.md
ROADMAP.md
SPEC.md
bootstrap
build.rs
corpus
docs
examples
export.sh
modules
phases
src
target
test.redblue
tests
tooling
[0m
[0m$ [0mrg -n "Error::Runtime\(message, _?span?\)|Error::Runtime\(message, span\) \| Error::Limit" tests/ src/ 2>/dev/null
tests/object_model_test.rs:61:        Error::Runtime(message, span) => {
tests/comparison_lex_test.rs:84:        Error::Runtime(message, span) => {
tests/constant_test.rs:69:        Error::Runtime(message, span) => {
tests/index_bounds_test.rs:52:        Error::Runtime(message, span) => {
tests/index_bounds_test.rs:74:        Error::Runtime(message, span) => {
tests/module_system_test.rs:58:        Error::Runtime(message, span) => {
tests/stdlib_modules_test.rs:87:        Error::Runtime(message, span) => {
tests/mod_in_test.rs:78:        Error::Runtime(message, span) => {
tests/for_range_test.rs:63:        Error::Runtime(message, span) | Error::Limit(message, span) => {
tests/for_range_test.rs:440:        Error::Runtime(message, span) => {
tests/comparison_words_test.rs:78:        Error::Runtime(message, span) => {
tests/time_builtin_test.rs:33:        Error::Runtime(message, span) => {
tests/numeric_edge_test.rs:38:        Error::Runtime(message, span) => {
tests/numeric_edge_test.rs:187:            Error::Runtime(message, span) => {
tests/numeric_edge_test.rs:514:        Err(Error::Runtime(message, span)) => {
tests/numeric_edge_test.rs:621:            Err(Error::Runtime(message, span)) => {
tests/numeric_edge_test.rs:696:        Error::Runtime(message, span) | Error::Limit(message, span) => {
src/runtime.rs:1453:            Err(Error::Runtime(message, span)) => {
src/runtime.rs:1685:                Error::Runtime(message, span) => {
src/bootstrap.rs:413:        Error::Runtime(_, span) => Error::Runtime(message, span),
[0m
[0m→ [0mRead tests/for_range_test.rs[90m [limit=40, offset=45][0m
[0m→ [0mRead tests/object_model_test.rs[90m [limit=40, offset=65][0m
[0m→ [0mRead tests/function_literal_test.rs[90m [limit=40, offset=60][0m
[0m→ [0mRead tests/loop_control_test.rs[90m [limit=40, offset=40][0m
[0m→ [0mRead phases/phase-039/REPORT.md
[0m→ [0mRead phases/phase-039/FINDINGS.md
[0m→ [0mRead tests/loop_bounds_test.rs[90m [limit=180, offset=120][0m
[0m
[0m$ [0mrg -n "runtime_message\(|message\(&error\)" tests/loop_bounds_test.rs tests/loop_control_test.rs tests/for_range_test.rs tests/object_model_test.rs tests/function_literal_test.rs
tests/function_literal_test.rs:96:    let message = message(&error);
tests/loop_bounds_test.rs:47:fn runtime_message(error: &Error) -> String {
tests/loop_bounds_test.rs:94:    let message = runtime_message(&error);
tests/loop_bounds_test.rs:110:    let message = runtime_message(&error);
tests/loop_bounds_test.rs:231:        let message = runtime_message(&error);
tests/loop_bounds_test.rs:282:    let message = runtime_message(&error);
tests/loop_bounds_test.rs:514:    let message = runtime_message(&error);
tests/loop_control_test.rs:57:fn runtime_message(error: &Error) -> String {
tests/loop_control_test.rs:211:    let message = runtime_message(&error);
tests/loop_control_test.rs:225:    let message = runtime_message(&error);
tests/loop_control_test.rs:705:    let message = runtime_message(&error);
tests/loop_control_test.rs:2000:        runtime_message(&say_lines(uncaught).expect_err("a `break` in no loop is refused")),
tests/loop_control_test.rs:2348:            runtime_message(tree.as_ref().unwrap_err()),
tests/loop_control_test.rs:2762:        let message = runtime_message(&failure);
tests/loop_control_test.rs:2775:            runtime_message(&failure),
tests/object_model_test.rs:79:fn runtime_message(source: &str) -> String {
tests/object_model_test.rs:338:    let message = runtime_message("object A\nend\nset result to A.field.m()\n");
tests/object_model_test.rs:403:    let message = runtime_message(
tests/for_range_test.rs:61:fn runtime_message(source: &str) -> String {
tests/for_range_test.rs:283:        runtime_message("for each i from \"a\" to 3\n    say i\nend"),
tests/for_range_test.rs:292:        runtime_message("for each i from 1 to \"b\"\n    say i\nend"),
tests/for_range_test.rs:301:        runtime_message("for each i from 1 to 3 by \"x\"\n    say i\nend"),
tests/for_range_test.rs:312:        runtime_message("for each i from [1] to 3\n    say i\nend"),
tests/for_range_test.rs:317:        runtime_message("for each i from 1 to { a: 1 }\n    say i\nend"),
tests/for_range_test.rs:322:        runtime_message("for each i from 1 to 3 by nothing\n    say i\nend"),
tests/for_range_test.rs:364:    let message = runtime_message("for each i from 1 to 3 by 0\n    say i\nend");
[0m
[0m→ [0mRead tests/loop_bounds_test.rs[90m [limit=110, offset=490][0m
[0m→ [0mRead tests/loop_control_test.rs[90m [limit=40, offset=195][0m
[0m→ [0mRead tests/loop_control_test.rs[90m [limit=30, offset=690][0m
[0m→ [0mRead tests/loop_control_test.rs[90m [limit=45, offset=2330][0m
[0m→ [0mRead tests/loop_control_test.rs[90m [limit=50, offset=2740][0m
[0m→ [0mRead tests/object_model_test.rs[90m [limit=30, offset=330][0m
[0m→ [0mRead tests/object_model_test.rs[90m [limit=30, offset=395][0m
[0m→ [0mRead tests/for_range_test.rs[90m [limit=25, offset=355][0m
[0m→ [0mRead tests/call_depth_test.rs[90m [limit=60, offset=55][0m
[0m
[0m$ [0mrg -n "call_depth|Maximum call depth|is_resource_limit" tests/ src/ | head -50
tests/function_literal_test.rs:489:fn edge_a_literal_nested_inside_itself_stops_at_the_call_depth_limit() {
tests/function_literal_test.rs:497:        "Maximum call depth",
tests/object_model_test.rs:402:fn edge_mutually_recursive_methods_hit_the_call_depth_limit() {
tests/object_model_test.rs:409:        message.starts_with("Maximum call depth of"),
src/bytecode/vm.rs:18://! That is what makes deep recursion safe here: [`BytecodeVm::call_depth`]
src/bytecode/vm.rs:49:    resolve_max_call_depth, resolve_max_iterations, resolve_max_iterations_from, resolve_max_steps,
src/bytecode/vm.rs:663:    call_depth: usize,
src/bytecode/vm.rs:664:    max_call_depth: usize,
src/bytecode/vm.rs:731:            call_depth: 0,
src/bytecode/vm.rs:734:            max_call_depth: resolve_max_call_depth(),
src/bytecode/vm.rs:746:    pub fn with_max_call_depth(max_call_depth: usize) -> Self {
src/bytecode/vm.rs:748:        if max_call_depth > 0 {
src/bytecode/vm.rs:749:            vm.max_call_depth = max_call_depth;
src/bytecode/vm.rs:1288:            self.call_depth = self.call_depth.saturating_sub(1);
src/bytecode/vm.rs:2606:        if self.call_depth >= self.max_call_depth {
src/bytecode/vm.rs:2609:                    "Maximum call depth of {} reached while calling '{}'",
src/bytecode/vm.rs:2610:                    self.max_call_depth, function.name
src/bytecode/vm.rs:2645:        self.call_depth += 1;
src/bytecode/vm.rs:2867:        if error.is_resource_limit() {
src/bytecode/vm.rs:3107:                self.call_depth = self.call_depth.saturating_sub(1);
src/bytecode/vm.rs:3569:    pub max_call_depth: usize,
src/bytecode/vm.rs:3578:        max_call_depth: resolve_max_call_depth(),
tests/differential_test.rs:896:            "Maximum call depth of 1000 reached while calling 'f'"
src/interpreter.rs:137:pub fn resolve_max_call_depth() -> usize {
src/interpreter.rs:154:    let limit = resolve_max_call_depth();
src/interpreter.rs:258:    call_depth: usize,
src/interpreter.rs:259:    max_call_depth: usize,
src/interpreter.rs:408:            call_depth: 0,
src/interpreter.rs:409:            max_call_depth: resolve_max_call_depth(),
src/interpreter.rs:419:    pub fn with_max_call_depth(max_call_depth: usize) -> Self {
src/interpreter.rs:421:        if max_call_depth > 0 {
src/interpreter.rs:422:            vm.max_call_depth = max_call_depth;
src/interpreter.rs:1601:                            || failure.is_resource_limit()
src/interpreter.rs:1919:        if self.call_depth >= self.max_call_depth {
src/interpreter.rs:1922:                    "Maximum call depth of {} reached while calling '{}'",
src/interpreter.rs:1923:                    self.max_call_depth, name
src/interpreter.rs:1943:        self.call_depth += 1;
src/interpreter.rs:1960:            self.call_depth -= 1;
src/interpreter.rs:1973:        self.call_depth -= 1;
tests/might_fail_test.rs:585:        "Maximum call depth",
tests/bytecode_vm_test.rs:2458:            .contains("Maximum call depth"),
tests/call_depth_test.rs:204:fn env_var_overrides_the_call_depth_limit() {
tests/call_depth_test.rs:289:fn with_max_call_depth_bounds_a_program_without_the_environment() {
tests/call_depth_test.rs:290:    let mut vm = redblue::Vm::with_max_call_depth(4);
src/error.rs:107:    pub fn is_resource_limit(&self) -> bool {
[0m
[0m→ [0mRead tests/for_range_test.rs[90m [limit=90, offset=375][0m
[0m
[0m$ [0mls tests/ | head -80; echo "---"; rg -n "label\(\)" tests/ | head -20
assertions_test.rs
bootstrap_selfhost_test.rs
bootstrap_ship_test.rs
bytecode_test.rs
bytecode_vm_test.rs
call_depth_test.rs
closure_capture_test.rs
common
comparison_lex_test.rs
comparison_words_test.rs
constant_test.rs
differential_test.rs
discovery_test.rs
expect_test.rs
for_range_test.rs
formatter_test.rs
function_literal_test.rs
index_bounds_test.rs
integration_test.rb
lexer_robustness_test.rs
linter_test.rs
list_append_test.rs
list_push_test.rs
loop_bounds_test.rs
loop_control_test.rs
loop_instruction_test.rs
might_fail_test.rs
mod_in_test.rs
module_system_test.rs
numeric_edge_test.rs
object_model_test.rs
parser_hardening_test.rs
record_order_test.rs
redblue_suite_test.rs
redblue_test.rs
repl_test.rs
span_test.rs
stdlib_module_docs_test.rs
stdlib_modules_test.rs
suite.rb
test_arithmetic.rb
test_closures.rb
test_comparisons.rb
test_control_flow.rb
test_functions.rb
test_lists.rb
test_loop_control.rb
test_mod_in.rb
test_modules.rb
test_numeric_edges.rb
test_object_model.rb
test_objects.rb
test_records.rb
test_text.rb
time_builtin_test.rs
tooling_grammar_test.rs
unless_test.rs
---
tests/common/corpus.rs:8://! #label none            — the Error::label() it failed with, or `none`
tests/common/vm.rs:186:    /// The public `Error::label()` and its message, unescaped.
tests/common/vm.rs:306:        label: error.label().to_string(),
tests/common/vm.rs:775:        assert_eq!(outcome.label(), None, "a completion has no label");
tests/bytecode_vm_test.rs:52:    format!("{}: {}", error.label(), error.message())
tests/bytecode_vm_test.rs:2795:        format!("{}: {}", error.label(), error.message()).contains("never pushed"),
tests/bytecode_vm_test.rs:2886:        error.label(),
tests/bytecode_vm_test.rs:2941:        format!("{}: {}", error.label(), error.message()).contains("'for each' loop"),
tests/bytecode_vm_test.rs:3553:        format!("{}: {}", error.label(), error.message()).contains("never pushed"),
tests/mod_in_test.rs:159:        assert_eq!(error.label(), "RuntimeError", "`{}` on {}", source, engine);
tests/differential_test.rs:734:                    outcome.label(),
tests/might_fail_test.rs:147:            x.label() == y.label()
tests/might_fail_test.rs:194:    assert_eq!(failure.label(), label, "wrong label for:\n{}", source);
tests/might_fail_test.rs:213:        byte.result.as_ref().err().map(|e| e.label()),
tests/might_fail_test.rs:615:            failure.label(),
tests/might_fail_test.rs:731:    assert_eq!(error.label(), "RuntimeError", "got {error:?}");
tests/might_fail_test.rs:747:    assert_eq!(error.label(), "RuntimeError", "got {error:?}");
tests/might_fail_test.rs:1001:                failure.label(),
[0m
[0m→ [0mRead tests/function_literal_test.rs[90m [limit=30, offset=482][0m
[0m
[0m$ [0mrg -n "step budget|Step budget|maximum steps|Maximum of.*steps" src/ | head -20
src/bytecode/opcode.rs:29:/// to infer it. The step budget is charged here and nowhere else, which is what
src/bytecode/opcode.rs:74:    /// step budget.
src/bytecode/codegen.rs:75:/// The step budget is charged once per statement, and a statement is only
src/bytecode/codegen.rs:196:    /// place the step budget is charged, so the file counts one step per
src/bytecode/format.rs:36:///   step budget is charged. A version-4 file has no marker, so it would be
src/interpreter.rs:55:/// with `Step budget of 10000000 reached before the program finished` after
src/interpreter.rs:109:/// The configured step budget for one program.
src/interpreter.rs:436:    /// Builds a VM with an explicit step budget, ignoring the environment. A
src/interpreter.rs:458:    /// Charges one statement to the step budget, failing once the program has
src/interpreter.rs:470:                    "Step budget of {} reached before the program finished",
src/interpreter.rs:485:    /// The turn is charged to the step budget as well, and after the iteration
src/bytecode/vm.rs:754:    /// Builds a VM with an explicit step budget, ignoring the environment. A
src/bytecode/vm.rs:953:    /// Charges one statement to the step budget.
src/bytecode/vm.rs:966:                    "Step budget of {} reached before the program finished",
src/bytecode/vm.rs:1000:    /// The turn is charged to the step budget as well, and after the iteration
src/bytecode/vm.rs:2856:        // expression going wrong: a program stopped at its step budget or its call
src/error.rs:42:    /// One of the host's own resource limits — the step budget, the call-depth
src/error.rs:102:    /// of the expression that was running: a program stopped at its step budget has
[0m
Now let me fix the BLOCKER and MAJOR findings.
[0m← [0mEdit tests/loop_bounds_test.rs
Index: /home/runner/work/rbops/rbops/redblue/tests/loop_bounds_test.rs
===================================================================
--- /home/runner/work/rbops/rbops/redblue/tests/loop_bounds_test.rs
+++ /home/runner/work/rbops/rbops/redblue/tests/loop_bounds_test.rs
@@ -40,15 +40,31 @@
     let mut vm = Vm::with_max_iterations(max_iterations);
     vm.run(&parse(source))
 }
 
-/// The message of a clean runtime error, ignoring the span it carries. A guard
-/// that stops the host rather than the running expression is `Error::Limit`.
+/// The message of a resource limit, ignoring the span it carries.
+///
+/// Only `Error::Limit` is accepted, and the error is asked `is_resource_limit()`
+/// on the way past. Both halves are load-bearing: every failure this file
+/// expects comes from one of the host's own guards, so an ordinary
+/// `Error::Runtime` here means a guard started reporting itself as a program's
+/// own failure — and a predicate that answered `false` for a limit would hand
+/// `might fail` and the guard written around a call a wrong answer.
 #[track_caller]
-fn runtime_message(error: &Error) -> String {
+fn limit_message(error: &Error) -> String {
     match error {
-        Error::Runtime(message, _) | Error::Limit(message, _) => message.clone(),
-        other => panic!("expected a clean runtime error, got {:?}", other),
+        Error::Limit(message, _) => {
+            assert!(
+                error.is_resource_limit(),
+                "Error::Limit must answer `is_resource_limit()`, got {:?}",
+                error
+            );
+            message.clone()
+        }
+        other => panic!(
+            "a host guard must stop the program as Error::Limit, not {:?}",
+            other
+        ),
     }
 }
 
 /// Writes `source` to its own file inside a scratch directory and runs it in a

[0m
[0m$ [0mrg -n "runtime_message" tests/loop_bounds_test.rs
110:    let message = runtime_message(&error);
126:    let message = runtime_message(&error);
247:        let message = runtime_message(&error);
298:    let message = runtime_message(&error);
530:    let message = runtime_message(&error);
[0m
[0m$ [0msed -i 's/let message = runtime_message(&error);/let message = limit_message(\&error);/' tests/loop_bounds_test.rs && rg -n "runtime_message|limit_message" tests/loop_bounds_test.rs
53:fn limit_message(error: &Error) -> String {
110:    let message = limit_message(&error);
126:    let message = limit_message(&error);
247:        let message = limit_message(&error);
298:    let message = limit_message(&error);
530:    let message = limit_message(&error);
[0m
Now the BLOCKER test itself:
[0m→ [0mRead tests/loop_bounds_test.rs[90m [limit=25, offset=336][0m
[0m
[0m← [0mEdit tests/loop_bounds_test.rs
Index: /home/runner/work/rbops/rbops/redblue/tests/loop_bounds_test.rs
===================================================================
--- /home/runner/work/rbops/rbops/redblue/tests/loop_bounds_test.rs
+++ /home/runner/work/rbops/rbops/redblue/tests/loop_bounds_test.rs
@@ -339,20 +339,115 @@
 
 /// The step budget is what makes a runaway loop *testable*, not merely
 /// survivable: a harness can bound a program to a few hundred steps and assert
 /// the exact error, without depending on how fast the host happens to be.
+///
+/// `count` is declared before the loop on purpose. Without it the body's very
+/// first turn fails on an unknown variable, the budget is never reached, and the
+/// assertion below is satisfied by a failure that has nothing to do with
+/// stepping — a budget that stopped firing entirely would leave this test green.
 #[test]
 fn step_budget_makes_a_runaway_loop_assertable() {
     let mut vm = Vm::with_max_steps(200);
-    let program = parse("set stopped to 0\nwhile stopped is 0\n    set count to count + 1\nend");
+    let program = parse(
+        "set count to 0\nset stopped to 0\nwhile stopped is 0\n    set count to count + 1\nend",
+    );
 
     let error = vm
         .run(&program)
         .expect_err("200 steps of an endless loop must be a clean failure");
 
-    assert!(matches!(error, Error::Runtime(..)), "got {:?}", error);
+    let message = limit_message(&error);
+    assert!(
+        message.contains("200"),
+        "the failure must be the step budget, not some other stop, got {:?}",
+        message
+    );
 }
 
+/// The budget is the *only* thing that stops this program: the per-loop cap is
+/// left at its million-turn default, so the loop is nowhere near it, and the
+/// failure names the budget of 200 rather than a loop's limit.
+#[test]
+fn edge_the_step_budget_stops_a_loop_the_iteration_cap_could_not() {
+    let mut vm = Vm::with_max_steps(200);
+    let program = parse(
+        "set count to 0\nset stopped to 0\nwhile stopped is 0\n    set count to count + 1\nend",
+    );
+
+    let error = vm
+        .run(&program)
+        .expect_err("the budget, not the iteration cap, is what stops this");
+
+    let message = limit_message(&error);
+    assert!(
+        message.starts_with("Step budget of 200"),
+        "the budget must be named as the step budget, got {:?}",
+        message
+    );
+    assert!(
+        !message.contains("iterations reached"),
+        "the per-loop cap is a million turns away and must not be what stopped it, got {:?}",
+        message
+    );
+}
+
+/// A program that gets something wrong is not a resource limit, even though the
+/// two share a `label()`. This is the question `might fail` asks of a failure, so
+/// it is pinned from both sides: the predicate on a program error, and on each
+/// of the three guards.
+#[test]
+fn edge_a_program_failure_is_not_a_resource_limit() {
+    let mut vm = Vm::new();
+    let program_failure = vm
+        .run(&parse("say undeclared_name\n"))
+        .expect_err("reading an undeclared variable must fail");
+    assert!(
+        !program_failure.is_resource_limit(),
+        "a program's own expression going wrong is not the host stopping it: {:?}",
+        program_failure
+    );
+
+    let cases: [(&str, Vm, &str); 3] = [
+        (
+            "the iteration cap",
+            Vm::with_max_iterations(5),
+            "set n to 0\nwhile 1 is 1\n    set n to n + 1\nend",
+        ),
+        (
+            "the step budget",
+            Vm::with_max_steps(5),
+            "set n to 0\nwhile 1 is 1\n    set n to n + 1\nend",
+        ),
+        (
+            "the call-depth limit",
+            Vm::with_max_call_depth(5),
+            "to boom(n)\n    boom(n + 1)\nend\nboom(0)\n",
+        ),
+    ];
+
+    for (name, mut vm, source) in cases {
+        let error = vm
+            .run(&parse(source))
+            .expect_err(&format!("{} must stop this program", name));
+        assert!(
+            error.is_resource_limit(),
+            "{} must report itself as a resource limit, got {:?}",
+            name,
+            error
+        );
+        // A limit renders as a `RuntimeError`, so a caller that reports by label
+        // says the same thing it always did.
+        assert_eq!(
+            error.label(),
+            "RuntimeError",
+            "{} renders as a RuntimeError, got {}",
+            name,
+            error
+        );
+    }
+}
+
 // ---------------------------------------------------------------------------
 // The published limits
 // ---------------------------------------------------------------------------
 

[0m
[0m$ [0mcargo test --test loop_bounds_test 2>&1 | tail -40
[1m[92m   Compiling[0m redblue v0.2.0 (/home/runner/work/rbops/rbops/redblue)
[1m[92m    Finished[0m `test` profile [unoptimized] target(s) in 1.95s
[1m[92m     Running[0m tests/loop_bounds_test.rs (target/debug/deps/loop_bounds_test-133aba33ded33fe6)

running 26 tests
test a_zero_limit_falls_back_to_the_default ... ok
test edge_a_fractional_count_is_its_whole_turns_and_a_break_leaves_one_of_them ... ok
test edge_a_negative_count_runs_no_turns_and_raises_no_break ... ok
test edge_count_beyond_i64_is_a_clean_error_not_a_panic ... ok
test edge_a_program_failure_is_not_a_resource_limit ... ok
test edge_iteration_cap_applies_to_each_loop_form ... ok
test edge_fractional_and_negative_counts_run_zero_times ... ok
test edge_exactly_max_iterations_succeeds ... ok
test edge_nested_loops_each_get_the_full_cap ... ok
test edge_max_plus_one_iterations_fails ... ok
test edge_step_budget_is_not_spent_by_unentered_loops ... ok
test edge_the_step_budget_stops_a_loop_the_iteration_cap_could_not ... ok
test edge_type_mismatch_count_is_not_a_loop ... ok
test edge_type_mismatch_iterable_is_not_a_loop ... ok
test edge_zero_iterations_is_allowed ... ok
test huge_repeat_count_fails_instead_of_running_forever ... ok
test published_limits_are_finite_and_positive ... ok
test infinite_while_loop_terminates_with_a_clean_error ... ok
test runaway_loop_is_catchable_from_inside_redblue ... ok
test edge_nested_recursion_is_bounded_by_the_step_budget ... ok
test step_budget_bounds_a_program_of_many_short_loops ... ok
test step_budget_does_not_fire_under_the_limit ... ok
test step_budget_makes_a_runaway_loop_assertable ... ok
test runaway_loop_process_exits_instead_of_hanging ... ok
test edge_deeply_nested_loops_terminate ... ok
test shipped_examples_fit_inside_the_published_limits ... ok

test result: ok. 26 passed; 0 failed; 0 ignored; 0 measured; 0 filtered out; finished in 1.01s
[0m
[0m← [0mEdit tests/for_range_test.rs
Index: /home/runner/work/rbops/rbops/redblue/tests/for_range_test.rs
===================================================================
--- /home/runner/work/rbops/rbops/redblue/tests/for_range_test.rs
+++ /home/runner/work/rbops/rbops/redblue/tests/for_range_test.rs
@@ -54,14 +54,17 @@
         .expect_err(&format!("`{}` should have failed", source))
 }
 
 /// Runs `source` and returns the message of the clean runtime error it produced.
-/// A guard that stops the host rather than the expression is `Error::Limit`; the
-/// rest of this file's assertions pin the message either way.
+///
+/// Only `Error::Runtime` is accepted. A guard that stops the host rather than the
+/// expression reports `Error::Limit`, and a helper that took either would let a
+/// program error and a resource limit be asserted interchangeably; the tests
+/// that want a limit ask [`limit_message`] instead.
 #[track_caller]
 fn runtime_message(source: &str) -> String {
     match eval_err(source) {
-        Error::Runtime(message, span) | Error::Limit(message, span) => {
+        Error::Runtime(message, span) => {
             assert!(
                 span.is_known(),
                 "`{}` failed at runtime without a source span",
                 source
@@ -74,8 +77,40 @@
         ),
     }
 }
 
+/// The message of a resource limit, which is `Error::Limit` and nothing else:
+/// matching either variant would leave the guards this file is about unpinned.
+#[track_caller]
+fn limit_message(source: &str) -> String {
+    match eval_err(source) {
+        Error::Limit(message, span) => {
+            assert!(
+                error_is_resource_limit(source),
+                "`{}` stopped at a guard without answering is_resource_limit()",
+                source
+            );
+            assert!(
+                span.is_known(),
+                "`{}` was stopped by a guard without a source span",
+                source
+            );
+            message
+        }
+        other => panic!(
+            "`{}` should stop at a host guard as Error::Limit, got {}",
+            source, other
+        ),
+    }
+}
+
+/// Runs `source` a second time to ask the question `might fail` asks of a
+/// failure, so the predicate is pinned on the same program the message was.
+#[track_caller]
+fn error_is_resource_limit(source: &str) -> bool {
+    eval_err(source).is_resource_limit()
+}
+
 /// Asserts `source` fails to parse, and returns the parser's message.
 #[track_caller]
 fn parser_error(source: &str) -> String {
     let tokens = Lexer::tokenize(source)

[0m
Now finding 3 — pinning the remaining limit tests:
[0m← [0mEdit tests/for_range_test.rs
Index: /home/runner/work/rbops/rbops/redblue/tests/for_range_test.rs
===================================================================
--- /home/runner/work/rbops/rbops/redblue/tests/for_range_test.rs
+++ /home/runner/work/rbops/rbops/redblue/tests/for_range_test.rs
@@ -395,9 +395,9 @@
 fn edge_a_zero_step_stops_at_the_iteration_guard_rather_than_hanging() {
     // `by 0` never leaves `start`, so the loop is endless. It is stopped by
     // `charge_iteration` — the same guard `repeat` and `while` use — and the
     // message says which limit was reached.
-    let message = runtime_message("for each i from 1 to 3 by 0\n    say i\nend");
+    let message = limit_message("for each i from 1 to 3 by 0\n    say i\nend");
     assert_eq!(
         message,
         format!(
             "Maximum of {} iterations reached in a 'for each from' loop",

[0m
[0m← [0mEdit tests/for_range_test.rs
Index: /home/runner/work/rbops/rbops/redblue/tests/for_range_test.rs
===================================================================
--- /home/runner/work/rbops/rbops/redblue/tests/for_range_test.rs
+++ /home/runner/work/rbops/rbops/redblue/tests/for_range_test.rs
@@ -424,10 +424,20 @@
     .run(&parse_ok(&repeat))
     .expect_err("a repeat past the cap should fail");
 
 let message = |error: &Error| match error {
-    Error::Runtime(message, _) | Error::Limit(message, _) => message.clone(),
-    other => panic!("expected a clean runtime error, got {:?}", other),
+    Error::Limit(message, _) => {
+        assert!(
+            error.is_resource_limit(),
+            "a loop past its cap must answer is_resource_limit(), got {:?}",
+            error
+        );
+        message.clone()
+    }
+    other => panic!(
+        "a loop past its cap must stop as Error::Limit, got {:?}",
+        other
+    ),
 };
 assert_eq!(
     message(&range_error),
     format!(

[0m
[0m$ [0mcargo test --test for_range_test 2>&1 | tail -25
test edge_a_descending_step_counts_down ... ok
test an_integral_counter_renders_without_a_fraction ... ok
test edge_a_for_each_with_neither_in_nor_from_is_a_parser_error ... ok
test edge_a_descending_step_that_starts_below_its_end_is_empty ... ok
test edge_a_fractional_step_on_a_whole_number_range ... ok
test edge_a_fractional_step_that_would_overshoot_still_terminates ... ok
test edge_a_non_number_by_is_a_runtime_error_naming_by ... ok
test edge_a_non_number_from_is_a_runtime_error_naming_from ... ok
test edge_a_non_number_to_is_a_runtime_error_naming_to ... ok
test edge_a_list_as_a_bound_is_refused_rather_than_skipped ... ok
test edge_a_range_of_one_visits_exactly_one_value ... ok
test edge_a_step_missing_its_end_of_the_range_is_a_parser_error ... ok
test edge_a_range_at_exactly_the_iteration_limit_still_finishes ... ok
test edge_a_step_that_overflows_the_counter_is_a_runtime_error ... ok
test edge_a_range_longer_than_the_iteration_limit_stops_like_a_repeat_does ... ok
test edge_the_loop_variable_is_out_of_scope_after_end ... ok
test edge_an_empty_range_visits_nothing_and_does_not_hang ... ok
test the_linter_analyzes_a_range_loop_body ... ok
test the_formatter_prints_a_range_loop_and_the_result_still_runs ... ok
test the_loop_variable_is_a_local_that_does_not_leak ... ok
test the_analyzer_accepts_a_range_loop_and_its_step ... ok
test edge_a_zero_step_stops_at_the_iteration_guard_rather_than_hanging ... ok

test result: ok. 31 passed; 0 failed; 0 ignored; 0 measured; 0 filtered out; finished in 4.85s
[0m
[0m← [0mEdit tests/object_model_test.rs
Index: /home/runner/work/rbops/rbops/redblue/tests/object_model_test.rs
===================================================================
--- /home/runner/work/rbops/rbops/redblue/tests/object_model_test.rs
+++ /home/runner/work/rbops/rbops/redblue/tests/object_model_test.rs
@@ -72,21 +72,52 @@
         ),
     }
 }
 
-/// The message of the clean runtime error `source` produced. A guard that stops
-/// the host rather than the running expression is `Error::Limit`.
+/// The message of the clean runtime error `source` produced.
+///
+/// Only `Error::Runtime` is accepted: a guard that stops the host reports
+/// `Error::Limit`, and a helper taking either would let the two be asserted
+/// interchangeably. The call-depth test asks [`limit_message`] instead.
 #[track_caller]
 fn runtime_message(source: &str) -> String {
     match eval_err(source) {
-        Error::Runtime(message, _) | Error::Limit(message, _) => message,
+        Error::Runtime(message, _) => message,
         other => panic!(
             "`{}` should fail with a clean runtime error, got {:?}",
             source, other
         ),
     }
 }
 
+/// The message of a resource limit, which is `Error::Limit` and nothing else.
+/// The predicate `might fail` and the bytecode VM ask is checked on the way past,
+/// so a limit cannot answer `false` without this test going red.
+#[track_caller]
+fn limit_message(source: &str) -> String {
+    match eval_err(source) {
+        Error::Limit(message, _) => {
+            assert!(
+                error_is_resource_limit(source),
+                "`{}` stopped at the call-depth guard without answering is_resource_limit()",
+                source
+            );
+            message
+        }
+        other => panic!(
+            "`{}` should stop at a host guard as Error::Limit, got {:?}",
+            source, other
+        ),
+    }
+}
+
+/// Re-runs `source` to ask the predicate directly, so the answer is pinned on
+/// the same program the message was read from.
+#[track_caller]
+fn error_is_resource_limit(source: &str) -> bool {
+    eval_err(source).is_resource_limit()
+}
+
 /// A child inherits its parent's fields, and a field the child declares itself
 /// shadows the parent's field of the same name.
 #[test]
 fn object_inherits_parent_fields_and_shadows_them() {

[0m
Now `object_model_test.rs`, `loop_control_test.rs`, `function_literal_test.rs`, and `numeric_edge_test.rs`:
[0m← [0mEdit tests/object_model_test.rs
Index: /home/runner/work/rbops/rbops/redblue/tests/object_model_test.rs
===================================================================
--- /home/runner/work/rbops/rbops/redblue/tests/object_model_test.rs
+++ /home/runner/work/rbops/rbops/redblue/tests/object_model_test.rs
@@ -430,13 +430,12 @@
 /// counter as any other call, so the limit is a `RuntimeError` and not a Rust
 /// stack overflow.
 #[test]
 fn edge_mutually_recursive_methods_hit_the_call_depth_limit() {
-    let message = runtime_message(
-        "object A\n    to can ping(n)\n        give back B.pong(n + 1)\n    end\nend\n\
+    let source = "object A\n    to can ping(n)\n        give back B.pong(n + 1)\n    end\nend\n\
          object B\n    to can pong(n)\n        give back A.ping(n + 1)\n    end\nend\n\
-         set result to A.ping(0)\n",
-    );
+         set result to A.ping(0)\n";
+    let message = limit_message(source);
     assert!(
         message.starts_with("Maximum call depth of"),
         "expected the call-depth limit, got `{}`",
         message

[0m
[0m← [0mEdit tests/loop_control_test.rs
Index: /home/runner/work/rbops/rbops/redblue/tests/loop_control_test.rs
===================================================================
--- /home/runner/work/rbops/rbops/redblue/tests/loop_control_test.rs
+++ /home/runner/work/rbops/rbops/redblue/tests/loop_control_test.rs
@@ -50,15 +50,22 @@
     let mut vm = Vm::with_max_iterations(max_iterations);
     vm.run(&parse(source))
 }
 
-/// The message of a clean runtime error, ignoring the span it carries. A guard
-/// that stops the host rather than the running expression is `Error::Limit`.
+/// The message of a clean runtime error, ignoring the span it carries.
+///
+/// Only `Error::Runtime` is accepted: every failure this file reads a message
+/// from is the program's own doing, and a host guard reports `Error::Limit`. A
+/// helper that took either would let a guard stopping a runaway loop pass as the
+/// refusal this file is asserting.
 #[track_caller]
 fn runtime_message(error: &Error) -> String {
     match error {
-        Error::Runtime(message, _) | Error::Limit(message, _) => message.clone(),
-        other => panic!("expected a clean runtime error, got {:?}", other),
+        Error::Runtime(message, _) => message.clone(),
+        other => panic!(
+            "expected a clean runtime error, not {:?}",
+            other
+        ),
     }
 }
 
 /// The reproduction: a `break` on the second element prints the first and stops.

[0m
[0m→ [0mRead tests/function_literal_test.rs[90m [limit=30, offset=86][0m
[0m
[0m← [0mEdit tests/function_literal_test.rs
Index: /home/runner/work/rbops/rbops/redblue/tests/function_literal_test.rs
===================================================================
--- /home/runner/work/rbops/rbops/redblue/tests/function_literal_test.rs
+++ /home/runner/work/rbops/rbops/redblue/tests/function_literal_test.rs
@@ -99,8 +99,30 @@
         "the failure should name `{expected}`, it said: {message}\nprogram:\n{source}"
     );
 }
 
+/// Asserts `source` is stopped by one of the host's own guards: `Error::Limit`
+/// and nothing else, with `is_resource_limit()` answering true for it. A
+/// diagnostic read through the general [`assert_fails`] would also pass if the
+/// call-depth guard started reporting itself as an ordinary program failure.
+#[track_caller]
+fn assert_hits_a_limit(source: &str, expected: &str) {
+    let error = eval_err(source);
+    match &error {
+        Error::Limit(message, _) => assert!(
+            message.contains(expected),
+            "the limit should name `{expected}`, it said: {message}\nprogram:\n{source}"
+        ),
+        other => panic!(
+            "a host guard should stop this as Error::Limit, got {other:?}\nprogram:\n{source}"
+        ),
+    }
+    assert!(
+        error.is_resource_limit(),
+        "a limit must answer is_resource_limit(), got {error:?}\nprogram:\n{source}"
+    );
+}
+
 // ---------------------------------------------------------------------------
 // The reproduction: `set double to to (x) give back x * 2`
 // ---------------------------------------------------------------------------
 

[0m
[0m← [0mEdit tests/function_literal_test.rs
Index: /home/runner/work/rbops/rbops/redblue/tests/function_literal_test.rs
===================================================================
--- /home/runner/work/rbops/rbops/redblue/tests/function_literal_test.rs
+++ /home/runner/work/rbops/rbops/redblue/tests/function_literal_test.rs
@@ -508,9 +508,9 @@
 /// it: the refusal names the limit that was reached rather than recursing until
 /// the process dies.
 #[test]
 fn edge_a_literal_nested_inside_itself_stops_at_the_call_depth_limit() {
-    assert_fails(
+    assert_hits_a_limit(
         "
         set loop to to ()
             give back loop()
         end

[0m
[0m← [0mEdit tests/numeric_edge_test.rs
Index: /home/runner/work/rbops/rbops/redblue/tests/numeric_edge_test.rs
===================================================================
--- /home/runner/work/rbops/rbops/redblue/tests/numeric_edge_test.rs
+++ /home/runner/work/rbops/rbops/redblue/tests/numeric_edge_test.rs
@@ -692,14 +692,16 @@
     let error = vm.run(&ast).expect_err(
         "a saturated count must be stopped by the cap, not run to the end of a million turns",
     );
     match error {
-        Error::Runtime(message, span) | Error::Limit(message, span) => {
+        Error::Limit(message, span) => {
             assert_eq!(
                 message, "Maximum of 5 iterations reached in a 'repeat' loop",
                 "a saturated count must be stopped by the cap, naming it"
             );
             assert!(span.is_known(), "the cap reported no position");
         }
-        other => panic!("a saturated count should be a clean error, got {other:?}"),
+        other => panic!(
+            "a saturated count must stop at the cap as Error::Limit, got {other:?}"
+        ),
     }
 }

[0m
[0m← [0mEdit src/testing/assertions.rs
Index: /home/runner/work/rbops/rbops/redblue/src/testing/assertions.rs
===================================================================
--- /home/runner/work/rbops/rbops/redblue/src/testing/assertions.rs
+++ /home/runner/work/rbops/rbops/redblue/src/testing/assertions.rs
@@ -126,12 +126,25 @@
     }
 }
 
 pub fn assert_text_matches(text: &str, pattern: &str) -> Result<(), TestAssertionError> {
-    if regex::Regex::new(pattern)
-        .map(|re| re.is_match(text))
-        .unwrap_or(false)
-    {
+    let re = match regex::Regex::new(pattern) {
+        Ok(re) => re,
+        Err(invalid) => {
+            // A pattern that will not compile is not a pattern that did not
+            // match. Reporting it under the "does not match" message would make
+            // a typo in the *test* indistinguishable from a failure of the
+            // *program*, and the test would sit there passing over a string it
+            // never actually matched.
+            return Err(TestAssertionError {
+                message: format!("Pattern '{}' is not a valid expression: {}", pattern, invalid),
+                expected: Some(format!("A valid expression, got '{}'", pattern)),
+                actual: Some(text.to_string()),
+            });
+        }
+    };
+
+    if re.is_match(text) {
         Ok(())
     } else {
         Err(TestAssertionError {
             message: format!("Text '{}' does not match pattern '{}'", text, pattern),

[0m
Now finding 2 — the invalid-pattern conflation in `assert_text_matches`:
[0m← [0mEdit tests/assertions_test.rs
Index: /home/runner/work/rbops/rbops/redblue/tests/assertions_test.rs
===================================================================
--- /home/runner/work/rbops/rbops/redblue/tests/assertions_test.rs
+++ /home/runner/work/rbops/rbops/redblue/tests/assertions_test.rs
@@ -347,20 +347,64 @@
 
 #[test]
 fn edge_malformed_pattern_is_reported_as_a_failure_not_a_panic() {
     // An unparseable regex must come back as Err, never as Ok and never as a
-    // panic: the caller cannot tell a bad pattern from a non-match otherwise.
+    // panic. It must also be told *apart* from a pattern that compiled and did
+    // not match: both are Err, and a caller that reads only "Err" would sit
+    // there passing over a string it never matched at all.
     let failure = assert_text_matches("anything", "[unclosed")
         .expect_err("an invalid pattern must not be treated as a match");
     assert!(
         failure.message.contains("[unclosed"),
         "the failure must name the pattern, got: {}",
         failure.message
     );
-    assert_eq!(failure.expected.as_deref(), Some("Matches '[unclosed'"));
     assert_eq!(failure.actual.as_deref(), Some("anything"));
+
+    let non_match = assert_text_matches("anything", r"\d+")
+        .expect_err("a valid pattern that does not match must fail");
+    assert!(
+        failure.message != non_match.message,
+        "a pattern that will not compile and a pattern that did not match must \
+         not report the same failure, both said: {}",
+        failure.message
+    );
+    assert!(
+        non_match.message.contains("does not match"),
+        "a compiled pattern that did not match says so, got: {}",
+        non_match.message
+    );
+    assert_eq!(
+        non_match.expected.as_deref(),
+        Some("Matches '\\d+'"),
+        "only a compiled pattern promises a match"
+    );
 }
 
+/// The difference is not only in the wording: the two failures record different
+/// expectations, so a caller inspecting `expected` can still tell them apart.
+#[test]
+fn edge_an_invalid_pattern_and_a_non_match_record_different_expectations() {
+    let invalid = assert_text_matches("abc", "[unclosed")
+        .expect_err("[unclosed cannot compile");
+    let non_match = assert_text_matches("abc", r"\d")
+        .expect_err("abc has no digit");
+
+    assert_ne!(
+        invalid.expected, non_match.expected,
+        "an unparseable pattern must not promise the caller a match"
+    );
+    assert!(
+        invalid
+            .expected
+            .as_deref()
+            .is_some_and(|expected| expected.contains("A valid expression")),
+        "an invalid pattern must say what a valid one would have been, got {:?}",
+        invalid.expected
+    );
+    assert!(!invalid.message.contains("does not match"));
+}
+
 // ---------------------------------------------------------------------------
 // Failure reporting: every assertion's message is usable on its own.
 // ---------------------------------------------------------------------------
 

[0m
[0m$ [0mcargo test --test assertions_test --test object_model_test --test loop_control_test --test function_literal_test --test numeric_edge_test --test for_range_test --test loop_bounds_test 2>&1 | grep -E "^(test result|error|warning: unused|---- )" | head -40
test result: ok. 10 passed; 0 failed; 0 ignored; 0 measured; 0 filtered out; finished in 0.01s
test result: ok. 31 passed; 0 failed; 0 ignored; 0 measured; 0 filtered out; finished in 4.87s
test result: ok. 29 passed; 0 failed; 0 ignored; 0 measured; 0 filtered out; finished in 0.04s
test result: ok. 26 passed; 0 failed; 0 ignored; 0 measured; 0 filtered out; finished in 1.01s
---- edge_a_jump_raised_in_a_cleanup_is_charged_one_turn stdout ----
test result: FAILED. 69 passed; 1 failed; 0 ignored; 0 measured; 0 filtered out; finished in 0.02s
[0m
[0m$ [0mcargo test --test loop_control_test edge_a_jump_raised_in_a_cleanup_is_charged_one_turn 2>&1 | tail -40
[1m[92m    Finished[0m `test` profile [unoptimized] target(s) in 0.07s
[1m[92m     Running[0m tests/loop_control_test.rs (target/debug/deps/loop_control_test-7ea41de5425e42c7)

running 1 test
test edge_a_jump_raised_in_a_cleanup_is_charged_one_turn ... FAILED

failures:

---- edge_a_jump_raised_in_a_cleanup_is_charged_one_turn stdout ----

thread 'edge_a_jump_raised_in_a_cleanup_is_charged_one_turn' (78631) panicked at /rustc/b940084d7eb6a299eb4bfeb8e34901bc051e7ac4/library/core/src/ops/function.rs:250:5:
expected a clean runtime error, not Limit("Maximum of 2 iterations reached in a 'for each' loop", Span { line: 2, column: 1 })
stack backtrace:
   0: __rustc::rust_begin_unwind
   1: core::panicking::panic_fmt
   2: loop_control_test::runtime_message
   3: <loop_control_test::runtime_message as core::ops::function::FnOnce<(&redblue::error::Error,)>>::call_once
   4: <core::option::Option<&redblue::error::Error>>::map::<alloc::string::String, loop_control_test::runtime_message>
   5: loop_control_test::edge_a_jump_raised_in_a_cleanup_is_charged_one_turn
   6: loop_control_test::edge_a_jump_raised_in_a_cleanup_is_charged_one_turn::{closure#0}
   7: <loop_control_test::edge_a_jump_raised_in_a_cleanup_is_charged_one_turn::{closure#0} as core::ops::function::FnOnce<()>>::call_once
note: Some details are omitted, run with `RUST_BACKTRACE=full` for a verbose backtrace.


failures:
    edge_a_jump_raised_in_a_cleanup_is_charged_one_turn

test result: FAILED. 0 passed; 1 failed; 0 ignored; 0 measured; 69 filtered out; finished in 0.00s

[1m[91merror[0m: test failed, to rerun pass `--test loop_control_test`
[0m
[0m→ [0mRead tests/loop_control_test.rs[90m [limit=75, offset=2369][0m
[0m
[0m$ [0mrg -n "runtime_message" tests/loop_control_test.rs
61:fn runtime_message(error: &Error) -> String {
218:    let message = runtime_message(&error);
232:    let message = runtime_message(&error);
712:    let message = runtime_message(&error);
2007:        runtime_message(&say_lines(uncaught).expect_err("a `break` in no loop is refused")),
2355:            runtime_message(tree.as_ref().unwrap_err()),
2437:                tree.as_ref().err().map(runtime_message).as_deref(),
2443:                byte.as_ref().err().map(runtime_message).as_deref(),
2769:        let message = runtime_message(&failure);
2782:            runtime_message(&failure),
[0m
[0m✗ [0mEdit tests/loop_control_test.rs failed
[91m[1mError: [0mCould not find oldString in the file. It must match exactly, including whitespace, indentation, and line endings.
[0m→ [0mRead tests/loop_control_test.rs[90m [limit=18, offset=54][0m
[0m
[0m← [0mEdit tests/loop_control_test.rs
Index: /home/runner/work/rbops/rbops/redblue/tests/loop_control_test.rs
===================================================================
--- /home/runner/work/rbops/rbops/redblue/tests/loop_control_test.rs
+++ /home/runner/work/rbops/rbops/redblue/tests/loop_control_test.rs
@@ -60,15 +60,34 @@
 #[track_caller]
 fn runtime_message(error: &Error) -> String {
     match error {
         Error::Runtime(message, _) => message.clone(),
-        other => panic!(
-            "expected a clean runtime error, not {:?}",
-            other
-        ),
+        other => panic!("expected a clean runtime error, not {other:?}"),
     }
 }
 
+/// The message of a host guard that stopped the program: `Error::Limit` and
+/// nothing else, with `is_resource_limit()` answering true for it on the way
+/// past.
+///
+/// A helper taking either variant would let an iteration cap and a program's own
+/// refusal be asserted interchangeably, so the tests that name a cap are pinned
+/// to the variant that carries the predicate `might fail` asks.
+#[track_caller]
+fn limit_message(error: &Error) -> String {
+    match error {
+        Error::Limit(message, _) => {
+            assert!(
+                error.is_resource_limit(),
+                "a loop past its cap must answer is_resource_limit(), got {other:?}",
+                other = error
+            );
+            message.clone()
+        }
+        other => panic!("a host guard must stop the program as Error::Limit, got {other:?}"),
+    }
+}
+
 /// The reproduction: a `break` on the second element prints the first and stops.
 /// Before the fix this printed 1, 2 and 3 and exited 0.
 #[test]
 fn break_leaves_a_for_each_loop() {

[0m
[0m$ [0msed -i '2437s/map(runtime_message)/map(limit_message)/; 2443s/map(runtime_message)/map(limit_message)/; 2450,2470s/map(runtime_message)/map(limit_message)/' tests/loop_control_test.rs; rg -n "runtime_message|limit_message" tests/loop_control_test.rs
61:fn runtime_message(error: &Error) -> String {
76:fn limit_message(error: &Error) -> String {
237:    let message = runtime_message(&error);
251:    let message = runtime_message(&error);
731:    let message = runtime_message(&error);
2026:        runtime_message(&say_lines(uncaught).expect_err("a `break` in no loop is refused")),
2374:            runtime_message(tree.as_ref().unwrap_err()),
2456:                tree.as_ref().err().map(limit_message).as_deref(),
2462:                byte.as_ref().err().map(limit_message).as_deref(),
2788:        let message = runtime_message(&failure);
2801:            runtime_message(&failure),
[0m
[0m→ [0mRead tests/loop_control_test.rs[90m [limit=50, offset=2450][0m
[0m
[0m$ [0mcargo test --test loop_control_test 2>&1 | grep -E "^(test result|error|warning)" | head -20
test result: ok. 70 passed; 0 failed; 0 ignored; 0 measured; 0 filtered out; finished in 0.02s
[0m
[0m$ [0mrg -n "Error::Runtime\(message, _?span?\) \| Error::Limit|Error::Limit\(message, _?span?\) \| Error::Runtime|Error::Runtime\(message, _\) \| Error::Limit|Error::Limit\(message, _\) \| Error::Runtime" tests/ src/
(no output)
[0m
[0m← [0mEdit phases/phase-039/REPORT.md
Index: /home/runner/work/rbops/rbops/redblue/phases/phase-039/REPORT.md
===================================================================
--- /home/runner/work/rbops/rbops/redblue/phases/phase-039/REPORT.md
+++ /home/runner/work/rbops/rbops/redblue/phases/phase-039/REPORT.md
@@ -76,22 +76,25 @@
 new variant `Error::Limit`. The phase cannot claim a green `cargo test` while
 18 tests it is responsible for reporting on are red, so they were repaired.
 
 The design question that repair turned on is answered by the source itself:
-`Error::kind()` at `src/error.rs:92` returns `"RuntimeError"` for
-`Error::Limit`, and `is_resource_limit()` (`src/error.rs:108`) exists to tell
+`Error::label()` at `src/error.rs:84` returns `"RuntimeError"` for
+`Error::Limit`, and `is_resource_limit()` (`src/error.rs:107`) exists to tell
 the two apart. `Error::Limit` *is* a runtime error; it is a distinct variant,
 not a new error class. The tests were matching on the variant where they
 meant the contract.
 
 Every repaired site therefore got **narrower**, not looser:
 
 - `matches!(error, Error::Runtime(..))` → `matches!(error, Error::Limit(..))`
   — demands the limit variant specifically instead of accepting either.
-- message-extracting helpers gained an `Error::Limit` arm **alongside** the
-  existing `Error::Runtime` arm; every one of those helpers already asserted
-  the exact message text immediately afterwards, so the widening is in the
-  extraction step only and the assertion is unchanged.
+- message-extracting helpers were **split**, not widened: the `Error::Limit`
+  arm moved out of `runtime_message` into a `limit_message` beside it. The
+  general helpers accept `Error::Runtime` only, and every limit test reads its
+  message through `limit_message`, which accepts `Error::Limit` only and asserts
+  `is_resource_limit()` on the error on the way past. A helper taking either
+  variant let a limit and a program failure be asserted interchangeably; two
+  that cannot answer for each other cannot drift apart.
 
 No test was deleted, weakened, skipped or given an `#[allow]`. Full diff of
 the repair: +38 −32 across 7 files, and the suite went from 1141/18 to
 1159/0.

[0m
Now the MINOR — the report citations:
[0m← [0mEdit phases/phase-039/REPORT.md
Index: /home/runner/work/rbops/rbops/redblue/phases/phase-039/REPORT.md
===================================================================
--- /home/runner/work/rbops/rbops/redblue/phases/phase-039/REPORT.md
+++ /home/runner/work/rbops/rbops/redblue/phases/phase-039/REPORT.md
@@ -229,9 +229,9 @@
 The `expect` **statement** path is unchanged: it already called
 `assert_values_equal` at `src/interpreter.rs:1612`.
 
 No test-visible error *class* changed in the repair. `Error::Limit` keeps
-reporting as `RuntimeError` through `Error::kind()` (`src/error.rs:92`), which
+reporting as `RuntimeError` through `Error::label()` (`src/error.rs:84`), which
 is why a test asserting "this is a clean runtime error" was right all along and
 only its variant match was stale.
 
 ## Known gaps / follow-ups

[0m
[0m← [0mEdit phases/phase-039/FINDINGS.md
Index: /home/runner/work/rbops/rbops/redblue/phases/phase-039/FINDINGS.md
===================================================================
--- /home/runner/work/rbops/rbops/redblue/phases/phase-039/FINDINGS.md
+++ /home/runner/work/rbops/rbops/redblue/phases/phase-039/FINDINGS.md
@@ -29,34 +29,49 @@
 | `tests/numeric_edge_test.rs` | 1 | `edge_nested_recursion_is_bounded_by_the_step_budget` |
 | `tests/object_model_test.rs` | 1 | `edge_mutually_recursive_methods_hit_the_call_depth_limit` |
 
 **The design question this listing originally deferred is now answered**, by
-reading `src/error.rs`: `Error::kind()` (`src/error.rs:92`) already returns
+reading `src/error.rs`: `Error::label()` (`src/error.rs:84`) already returns
 `"RuntimeError"` for `Error::Limit`, so `Error::Limit` *is* a runtime error as
 far as the observable contract goes — it is a distinct variant with
-`is_resource_limit()` on it (`src/error.rs:108`), not a new error class. The
+`is_resource_limit()` on it (`src/error.rs:107`), not a new error class. The
 tests were matching on the variant rather than on the contract, which is why
 phase-038 broke them. Each failing site was repaired to name the variant the
 code now produces, which **narrows** the assertion rather than widening it. No
 test was deleted, relaxed or skipped, and the full suite is 1159/0.
 
-### 1b. Two passing tests pass for the wrong reason
+A message-extracting helper could not simply be narrowed to `Error::Limit` if
+the same file also asserts ordinary program failures through it, so each such
+helper was **split**: `runtime_message` accepts `Error::Runtime` only and
+`limit_message` accepts `Error::Limit` only and asserts `is_resource_limit()` on
+the error it was handed. Two helpers that cannot answer for each other cannot
+drift apart, and the predicate `might fail` and the bytecode VM ask is pinned by
+the same tests that read the message.
 
-Found while repairing the above, **not fixed here** — fixing it is a
-behaviour question, not a test-expectation question.
+### 1b. Two passing tests pass for the wrong reason — REPAIRED
 
-`tests/loop_bounds_test.rs::step_budget_makes_a_runaway_loop_assertable` (:327)
-runs `set stopped to 0\nwhile stopped is 0\n    set count to count + 1\nend`
-under `Vm::with_max_steps(200)` and asserts `Error::Runtime(..)`. It passes,
-but not because the step budget stopped the program: `count` is never
-declared, so the loop body fails on its first turn and the 200-step budget is
-never reached. The test therefore does not test what its name and its doc
-comment claim ("the exact error, without depending on how fast the host
-happens to be"). Declaring `count` before the loop would make it exercise the
-budget it is named for.
+Found while repairing the above, and fixed by it.
 
-Its sibling `edge_nested_recursion_is_bounded_by_the_step_budget` (:496) was
-checked and is sound — it declares `i` and its assertion does pin the budget
+`tests/loop_bounds_test.rs::step_budget_makes_a_runaway_loop_assertable` ran
+`set stopped to 0\nwhile stopped is 0\n    set count to count + 1\nend` under
+`Vm::with_max_steps(200)` and asserted `Error::Runtime(..)`. It passed, but not
+because the step budget stopped the program: `count` was never declared, so the
+loop body failed on its first turn and the 200-step budget was never reached.
+The test therefore did not test what its name and its doc comment claimed ("the
+exact error, without depending on how fast the host happens to be"), and a
+budget that stopped firing entirely would have left it green.
+
+`count` is now declared before the loop, so the program runs until the budget
+stops it, and the assertion is `Error::Limit` plus a message naming 200 —
+a run stopped by the per-loop cap would say "Maximum of 1000000 iterations
+reached", which contains no 200. Two tests were added beside it: one that the
+message names the *step budget* rather than an iteration cap at all, and
+`edge_a_program_failure_is_not_a_resource_limit`, which pins `is_resource_limit()`
+from both sides — `false` for a program's own failure, `true` for each of the
+three guards, with `label()` still `RuntimeError` for each.
+
+Its sibling `edge_nested_recursion_is_bounded_by_the_step_budget` was checked
+and is sound — it declares `i` and its assertion does pin the budget
 (`message.contains("2000")`), so this is one test, not a family.
 
 ## 2. `assert_throws` cannot catch a panic on another thread
 

[0m
[0m← [0mEdit phases/phase-039/FINDINGS.md
Index: /home/runner/work/rbops/rbops/redblue/phases/phase-039/FINDINGS.md
===================================================================
--- /home/runner/work/rbops/rbops/redblue/phases/phase-039/FINDINGS.md
+++ /home/runner/work/rbops/rbops/redblue/phases/phase-039/FINDINGS.md
@@ -46,9 +46,9 @@
 the error it was handed. Two helpers that cannot answer for each other cannot
 drift apart, and the predicate `might fail` and the bytecode VM ask is pinned by
 the same tests that read the message.
 
-### 1b. Two passing tests pass for the wrong reason — REPAIRED
+### 1b. A passing test passed for the wrong reason — REPAIRED
 
 Found while repairing the above, and fixed by it.
 
 `tests/loop_bounds_test.rs::step_budget_makes_a_runaway_loop_assertable` ran

[0m
[0m← [0mEdit phases/phase-039/REPORT.md
Index: /home/runner/work/rbops/rbops/redblue/phases/phase-039/REPORT.md
===================================================================
--- /home/runner/work/rbops/rbops/redblue/phases/phase-039/REPORT.md
+++ /home/runner/work/rbops/rbops/redblue/phases/phase-039/REPORT.md
@@ -245,11 +245,27 @@
   the library, because a registered-and-dead arm that hand-rolls the same
   message the live paths build is the drift that produces a wrong answer the
   day a call form appears. Whether the globals should be registered at all is a
   language-surface question → FINDINGS.md § 3.
-- `tests/loop_bounds_test.rs::step_budget_makes_a_runaway_loop_assertable`
-  passes for the wrong reason: `count` is never declared, so the loop body
-  fails on its first turn and the 200-step budget is never exercised. Found
-  while repairing the 18; left alone because fixing it changes what the test
-  exercises, which is its own call → FINDINGS.md § 1b.
 - `phases.json`'s evidence for this phase was partly stale: it says 21 of 22
-  assertion functions and names eight that do not exist in the file → FINDINGS.md § 4.
\ No newline at end of file
+  assertion functions and names eight that do not exist in the file → FINDINGS.md § 4.
+
+## Round 1 — review findings repaired
+
+| Finding | Severity | Where | Fix |
+|---|---|---|---|
+| `step_budget_makes_a_runaway_loop_assertable` passed for the wrong reason | BLOCKER | `tests/loop_bounds_test.rs` | `count` is declared before the loop, so the 200-step budget is what stops the program; the assertion is `Error::Limit` and a message naming 200, which a run stopped by the million-turn iteration cap cannot satisfy |
+| `assert_text_matches` reported an unparseable pattern as a non-match | MAJOR | `src/testing/assertions.rs` | `Regex::new` failure returns its own `Err` naming the pattern and saying it is not a valid expression; a compiled pattern that did not match keeps its own message and `expected` |
+| limit tests read their message through a helper taking either variant | MAJOR | 6 test files | helpers were split, not widened: `runtime_message` takes `Error::Runtime` only, `limit_message` takes `Error::Limit` only and asserts `is_resource_limit()` on the error it was handed |
+| REPORT cited `Error::kind()` | MINOR | this file, `FINDINGS.md` | corrected to `Error::label()` at `src/error.rs:84` / `is_resource_limit()` at `src/error.rs:107` |
+
+Three tests were added, all of which can fail:
+
+- `edge_the_step_budget_stops_a_loop_the_iteration_cap_could_not` — the message
+  starts with `Step budget of 200` and does not say an iteration count was
+  reached, so the *budget* is pinned as the thing that stopped the program.
+- `edge_a_program_failure_is_not_a_resource_limit` — `is_resource_limit()` is
+  `false` for a program's own failure and `true` for each of the three guards,
+  with `label()` still `RuntimeError` for each.
+- `edge_an_invalid_pattern_and_a_non_match_record_different_expectations` — the
+  two failures record different `expected` values, so the difference survives a
+  caller that only reads that field.
\ No newline at end of file

[0m
[0m→ [0mRead phases/phase-039/REPORT.md[90m [offset=234][0m
[0m
[0m$ [0mrg -n "assert_text_matches|to match|Matches\b" src/ --include=*.rs 2>/dev/null | head -20; echo "---"; rg -n "assert_text_matches" src/ tests/
---
src/testing/assertions.rs:129:pub fn assert_text_matches(text: &str, pattern: &str) -> Result<(), TestAssertionError> {
tests/assertions_test.rs:9:    assert_list_length, assert_number_in_range, assert_text_contains, assert_text_matches,
tests/assertions_test.rs:36:    ("assert_text_matches", probe_assert_text_matches),
tests/assertions_test.rs:100:fn probe_assert_text_matches() -> Result<(), String> {
tests/assertions_test.rs:101:    ok(assert_text_matches("abc123", r"\d+"))?;
tests/assertions_test.rs:102:    fails(assert_text_matches("abc", r"\d+"))
tests/assertions_test.rs:216:    ok(assert_text_matches("", r"^$")).unwrap();
tests/assertions_test.rs:217:    fails(assert_text_matches("", r"\d")).unwrap();
tests/assertions_test.rs:340:    fails(assert_text_matches("שלום 12", r"\p{Greek}")).unwrap();
tests/assertions_test.rs:341:    ok(assert_text_matches("שלום 12", r"\d$")).unwrap();
tests/assertions_test.rs:354:    let failure = assert_text_matches("anything", "[unclosed")
tests/assertions_test.rs:363:    let non_match = assert_text_matches("anything", r"\d+")
tests/assertions_test.rs:387:    let invalid = assert_text_matches("abc", "[unclosed")
tests/assertions_test.rs:389:    let non_match = assert_text_matches("abc", r"\d")
tests/assertions_test.rs:431:            "assert_text_matches",
tests/assertions_test.rs:432:            assert_text_matches("abc", r"\d").unwrap_err(),
[0m
[0m✗ [0mEdit phases/phase-039/FINDINGS.md failed
[91m[1mError: [0mNo changes to apply: oldString and newString are identical.
[0m→ [0mRead phases/phase-039/FINDINGS.md[90m [offset=110][0m
[0m
[0m← [0mEdit phases/phase-039/FINDINGS.md
Index: /home/runner/work/rbops/rbops/redblue/phases/phase-039/FINDINGS.md
===================================================================
--- /home/runner/work/rbops/rbops/redblue/phases/phase-039/FINDINGS.md
+++ /home/runner/work/rbops/rbops/redblue/phases/phase-039/FINDINGS.md
@@ -121,4 +121,24 @@
 `assert_type`, and cites `src/runtime.rs:559-576`. On `main` there were **12**
 `pub fn assert_*` and 11 uncalled, none of those eight names existed, and the
 builtin arm is at `src/runtime.rs:735`. The substance held (see REPORT.md) but
 the numbers did not, so the phase prompt should not be trusted as a count.
+
+## 5. `assert_text_matches` conflated a bad pattern with a non-match — REPAIRED
+
+**Severity: major. Found by the round-1 review; fixed by it.**
+
+`assert_text_matches` read `Regex::new(pattern).map(|re| re.is_match(text))
+.unwrap_or(false)`, so a pattern that would not compile and a pattern that
+compiled and did not match both came back as the *same* `Err`, under the same
+`Text '...' does not match pattern '...'` message. The two failures are
+opposite mistakes — one is a bug in the test, the other is a bug in the program
+— and a caller reading only `Err` could not tell them apart, so a test with a
+typo in its pattern sits there passing over a string it never matched.
+
+`Regex::new`'s error is now its own `Err`, naming the pattern and saying it is
+not a valid expression, with `expected` saying what a valid one would have been
+rather than promising a match. `edge_malformed_pattern_is_reported_as_a_failure
+_not_a_panic` was extended to hold the two messages apart, and
+`edge_an_invalid_pattern_and_a_non_match_record_different_expectations` pins the
+same difference in the `expected` field, so it survives a caller that reads only
+that field.

[0m
Now running the four gates.
[0m$ [0mcargo fmt --all -- --check 2>&1 | head -60
Diff in /home/runner/work/rbops/rbops/redblue/src/testing/assertions.rs:136:
             // *program*, and the test would sit there passing over a string it
             // never actually matched.
             return Err(TestAssertionError {
-                message: format!("Pattern '{}' is not a valid expression: {}", pattern, invalid),
+                message: format!(
+                    "Pattern '{}' is not a valid expression: {}",
+                    pattern, invalid
+                ),
                 expected: Some(format!("A valid expression, got '{}'", pattern)),
                 actual: Some(text.to_string()),
             });
Diff in /home/runner/work/rbops/rbops/redblue/tests/assertions_test.rs:384:
 /// expectations, so a caller inspecting `expected` can still tell them apart.
 #[test]
 fn edge_an_invalid_pattern_and_a_non_match_record_different_expectations() {
-    let invalid = assert_text_matches("abc", "[unclosed")
-        .expect_err("[unclosed cannot compile");
-    let non_match = assert_text_matches("abc", r"\d")
-        .expect_err("abc has no digit");
+    let invalid = assert_text_matches("abc", "[unclosed").expect_err("[unclosed cannot compile");
+    let non_match = assert_text_matches("abc", r"\d").expect_err("abc has no digit");
 
     assert_ne!(
         invalid.expected, non_match.expected,
Diff in /home/runner/work/rbops/rbops/redblue/tests/numeric_edge_test.rs:700:
             );
             assert!(span.is_known(), "the cap reported no position");
         }
-        other => panic!(
-            "a saturated count must stop at the cap as Error::Limit, got {other:?}"
-        ),
+        other => panic!("a saturated count must stop at the cap as Error::Limit, got {other:?}"),
     }
 }
[0m
[0m$ [0mcargo fmt --all && cargo fmt --all -- --check && echo "FMT CLEAN"
FMT CLEAN
[0m
[0m$ [0mcargo clippy --all-targets -- -D warnings 2>&1 | tail -30
[1m[92m   Compiling[0m redblue v0.2.0 (/home/runner/work/rbops/rbops/redblue)
[1m[92m    Finished[0m `dev` profile [unoptimized] target(s) in 2.83s
[0m
[0m$ [0mcargo test --all-targets 2>&1 | grep -E "^(test result|error|warning|failures:|---- )" | head -80
test result: ok. 125 passed; 0 failed; 0 ignored; 0 measured; 0 filtered out; finished in 0.35s
test result: ok. 0 passed; 0 failed; 0 ignored; 0 measured; 0 filtered out; finished in 0.00s
test result: ok. 10 passed; 0 failed; 0 ignored; 0 measured; 0 filtered out; finished in 0.01s
test result: ok. 20 passed; 0 failed; 0 ignored; 0 measured; 0 filtered out; finished in 296.41s
test result: ok. 16 passed; 0 failed; 0 ignored; 0 measured; 0 filtered out; finished in 365.76s
test result: ok. 51 passed; 0 failed; 0 ignored; 0 measured; 0 filtered out; finished in 0.26s
test result: ok. 71 passed; 0 failed; 0 ignored; 0 measured; 0 filtered out; finished in 74.05s
test result: ok. 11 passed; 0 failed; 0 ignored; 0 measured; 0 filtered out; finished in 0.22s
test result: ok. 26 passed; 0 failed; 0 ignored; 0 measured; 0 filtered out; finished in 0.12s
test result: ok. 19 passed; 0 failed; 0 ignored; 0 measured; 0 filtered out; finished in 0.04s
test result: ok. 13 passed; 0 failed; 0 ignored; 0 measured; 0 filtered out; finished in 0.02s
test result: ok. 20 passed; 0 failed; 0 ignored; 0 measured; 0 filtered out; finished in 0.01s
test result: ok. 81 passed; 0 failed; 0 ignored; 0 measured; 0 filtered out; finished in 5.10s
test result: ok. 13 passed; 0 failed; 0 ignored; 0 measured; 0 filtered out; finished in 0.33s
test result: ok. 21 passed; 0 failed; 0 ignored; 0 measured; 0 filtered out; finished in 0.01s
test result: ok. 31 passed; 0 failed; 0 ignored; 0 measured; 0 filtered out; finished in 5.01s
test result: ok. 71 passed; 0 failed; 0 ignored; 0 measured; 0 filtered out; finished in 0.88s
test result: ok. 29 passed; 0 failed; 0 ignored; 0 measured; 0 filtered out; finished in 0.04s
test result: ok. 8 passed; 0 failed; 0 ignored; 0 measured; 0 filtered out; finished in 0.00s
test result: ok. 16 passed; 0 failed; 0 ignored; 0 measured; 0 filtered out; finished in 0.00s
test result: ok. 49 passed; 0 failed; 0 ignored; 0 measured; 0 filtered out; finished in 0.04s
test result: ok. 6 passed; 0 failed; 0 ignored; 0 measured; 0 filtered out; finished in 0.19s
test result: ok. 3 passed; 0 failed; 0 ignored; 0 measured; 0 filtered out; finished in 0.00s
test result: ok. 26 passed; 0 failed; 0 ignored; 0 measured; 0 filtered out; finished in 1.01s
test result: ok. 70 passed; 0 failed; 0 ignored; 0 measured; 0 filtered out; finished in 0.02s
test result: ok. 12 passed; 0 failed; 0 ignored; 0 measured; 0 filtered out; finished in 0.00s
test result: ok. 43 passed; 0 failed; 0 ignored; 0 measured; 0 filtered out; finished in 0.08s
test result: ok. 18 passed; 0 failed; 0 ignored; 0 measured; 0 filtered out; finished in 0.01s
test result: ok. 18 passed; 0 failed; 0 ignored; 0 measured; 0 filtered out; finished in 0.01s
test result: ok. 23 passed; 0 failed; 0 ignored; 0 measured; 0 filtered out; finished in 0.00s
test result: ok. 39 passed; 0 failed; 0 ignored; 0 measured; 0 filtered out; finished in 0.10s
test result: ok. 23 passed; 0 failed; 0 ignored; 0 measured; 0 filtered out; finished in 0.08s
test result: ok. 25 passed; 0 failed; 0 ignored; 0 measured; 0 filtered out; finished in 0.12s
test result: ok. 8 passed; 0 failed; 0 ignored; 0 measured; 0 filtered out; finished in 0.36s
test result: ok. 5 passed; 0 failed; 0 ignored; 0 measured; 0 filtered out; finished in 0.00s
test result: ok. 34 passed; 0 failed; 0 ignored; 0 measured; 0 filtered out; finished in 0.20s
test result: ok. 15 passed; 0 failed; 0 ignored; 0 measured; 0 filtered out; finished in 0.00s
test result: ok. 9 passed; 0 failed; 0 ignored; 0 measured; 0 filtered out; finished in 0.13s
test result: ok. 39 passed; 0 failed; 0 ignored; 0 measured; 0 filtered out; finished in 5.10s
test result: ok. 12 passed; 0 failed; 0 ignored; 0 measured; 0 filtered out; finished in 0.01s
test result: ok. 18 passed; 0 failed; 0 ignored; 0 measured; 0 filtered out; finished in 0.00s
test result: ok. 15 passed; 0 failed; 0 ignored; 0 measured; 0 filtered out; finished in 0.00s
[0m
[0m$ [0mcargo test --all-targets 2>&1 | grep -E "passed;" | awk -F'[ ;]' '{p+=$4} END {print "TOTAL passed:", p}'; cargo test --all-targets 2>&1 | grep -cE "0 failed; 0 ignored"
TOTAL passed: 1162
42
[0m
[0m$ [0mcargo test --doc 2>&1 | tail -10
[1m[92m    Finished[0m `test` profile [unoptimized] target(s) in 0.07s
[1m[92m   Doc-tests[0m redblue

running 2 tests
test src/bootstrap.rs - bootstrap (line 6) ... ok
test src/bytecode/mod.rs - bytecode (line 12) ... ok

test result: ok. 2 passed; 0 failed; 0 ignored; 0 measured; 0 filtered out; finished in 0.18s
[0m
[0m$ [0mgit diff --stat; echo "=== gate-suppression check ==="; git diff -U0 | grep -E "^\+" | grep -E "#\[ignore\]|// *skip|allow\(clippy::|allow\(dead_code" || echo "none added"
phases/phase-039/FINDINGS.md   |  87 +++++++++++++++++++----
 phases/phase-039/REPORT.md     | 154 +++++++++++++++++++++++++----------------
 src/testing/assertions.rs      |  24 +++++--
 tests/assertions_test.rs       |  46 +++++++++++-
 tests/call_depth_test.rs       |  14 ++--
 tests/for_range_test.rs        |  55 +++++++++++++--
 tests/function_literal_test.rs |  31 +++++++--
 tests/loop_bounds_test.rs      | 144 +++++++++++++++++++++++++++++++++-----
 tests/loop_control_test.rs     |  39 +++++++++--
 tests/numeric_edge_test.rs     |   4 +-
 tests/object_model_test.rs     |  43 ++++++++++--
 11 files changed, 515 insertions(+), 126 deletions(-)
=== gate-suppression check ===
none added
[0m
[0m$ [0mgit diff tests/call_depth_test.rs
diff --git a/tests/call_depth_test.rs b/tests/call_depth_test.rs
index 9226d45..f30c35f 100644
--- a/tests/call_depth_test.rs
+++ b/tests/call_depth_test.rs
@@ -83,8 +83,8 @@ fn infinite_recursion_is_a_runtime_error_not_a_stack_overflow() {
     let err = eval_err("to boom(n)\n    boom(n + 1)\nend\n\nboom(0)\n");
 
     assert!(
-        matches!(err, Error::Runtime(_, _)),
-        "expected RuntimeError, got {:?}",
+        matches!(err, Error::Limit(_, _)),
+        "expected the depth limit to be a clean error, got {:?}",
         err
     );
     let message = err.to_string();
@@ -136,8 +136,8 @@ fn mutual_recursion_across_two_functions_is_bounded() {
     let err = eval_err(source);
 
     assert!(
-        matches!(err, Error::Runtime(_, _)),
-        "expected RuntimeError, got {:?}",
+        matches!(err, Error::Limit(_, _)),
+        "expected the depth limit to be a clean error, got {:?}",
         err
     );
     let message = err.to_string();
@@ -175,7 +175,7 @@ fn edge_the_limit_itself_is_the_boundary() {
 
     let err = eval_err(&countdown(MAX_CALL_DEPTH));
     assert!(
-        matches!(err, Error::Runtime(_, _)),
+        matches!(err, Error::Limit(_, _)),
         "{} active frames should exceed a limit of {}, got {:?}",
         MAX_CALL_DEPTH + 1,
         MAX_CALL_DEPTH,
@@ -294,8 +294,8 @@ fn with_max_call_depth_bounds_a_program_without_the_environment() {
         .run(&program)
         .expect_err("a depth of 10 must exceed a limit of 4");
     assert!(
-        matches!(err, Error::Runtime(_, _)),
-        "expected RuntimeError, got {:?}",
+        matches!(err, Error::Limit(_, _)),
+        "expected the depth limit to be a clean error, got {:?}",
         err
     );
     assert!(
[0m
[0m$ [0mgit status --short; echo "=== fmt churn check on untouched-by-me files ==="; git diff --stat -- src/ | cat
M phases/phase-039/FINDINGS.md
 M phases/phase-039/REPORT.md
 M src/testing/assertions.rs
 M tests/assertions_test.rs
 M tests/call_depth_test.rs
 M tests/for_range_test.rs
 M tests/function_literal_test.rs
 M tests/loop_bounds_test.rs
 M tests/loop_control_test.rs
 M tests/numeric_edge_test.rs
 M tests/object_model_test.rs
=== fmt churn check on untouched-by-me files ===
 src/testing/assertions.rs | 24 ++++++++++++++++++++----
 1 file changed, 20 insertions(+), 4 deletions(-)
[0m
Now verifying the new tests genuinely fail when the behaviour they pin is broken:
[0m$ [0mcp tests/loop_bounds_test.rs /tmp/opencode/lb.bak && sed -i 's/^            Error::Limit(message, _) => {$/            Error::Limit(_) => unreachable!(),\n            Error::Runtime(message, _) => {/' tests/loop_bounds_test.rs && cargo test --test loop_bounds_test 2>&1 | grep -E "^(test result|failures:)" ; cp /tmp/opencode/lb.bak tests/loop_bounds_test.rs
test result: ok. 26 passed; 0 failed; 0 ignored; 0 measured; 0 filtered out; finished in 1.01s
[0m
[0m$ [0mrg -n "Error::Limit" src/interpreter.rs src/runtime.rs src/bytecode/vm.rs | head -20
src/interpreter.rs:468:            return Err(Error::Limit(
src/interpreter.rs:491:            return Err(Error::Limit(
src/interpreter.rs:1920:            return Err(Error::Limit(
src/bytecode/vm.rs:964:            return Err(Error::Limit(
src/bytecode/vm.rs:1009:            return Err(Error::Limit(
src/bytecode/vm.rs:2607:            return Err(Error::Limit(
[0m
[0m$ [0mcp src/interpreter.rs /tmp/opencode/interp.bak && sed -i '460,495s/Error::Limit(/Error::Runtime(/' src/interpreter.rs && cargo test --test loop_bounds_test 2>&1 | grep -E "^(test result|failures:|test [a-z])" | head -35
test a_zero_limit_falls_back_to_the_default ... ok
test edge_a_fractional_count_is_its_whole_turns_and_a_break_leaves_one_of_them ... ok
test edge_a_negative_count_runs_no_turns_and_raises_no_break ... ok
test edge_exactly_max_iterations_succeeds ... ok
test edge_fractional_and_negative_counts_run_zero_times ... ok
test edge_count_beyond_i64_is_a_clean_error_not_a_panic ... FAILED
test edge_iteration_cap_applies_to_each_loop_form ... FAILED
test edge_max_plus_one_iterations_fails ... FAILED
test edge_a_program_failure_is_not_a_resource_limit ... FAILED
test edge_nested_loops_each_get_the_full_cap ... ok
test edge_step_budget_is_not_spent_by_unentered_loops ... ok
test edge_the_step_budget_stops_a_loop_the_iteration_cap_could_not ... FAILED
test edge_type_mismatch_count_is_not_a_loop ... ok
test edge_type_mismatch_iterable_is_not_a_loop ... ok
test edge_zero_iterations_is_allowed ... ok
test edge_nested_recursion_is_bounded_by_the_step_budget ... FAILED
test published_limits_are_finite_and_positive ... ok
test huge_repeat_count_fails_instead_of_running_forever ... FAILED
test infinite_while_loop_terminates_with_a_clean_error ... FAILED
test runaway_loop_is_catchable_from_inside_redblue ... ok
test step_budget_bounds_a_program_of_many_short_loops ... FAILED
test step_budget_does_not_fire_under_the_limit ... ok
test step_budget_makes_a_runaway_loop_assertable ... FAILED
test runaway_loop_process_exits_instead_of_hanging ... ok
test edge_deeply_nested_loops_terminate ... ok
test shipped_examples_fit_inside_the_published_limits ... ok
failures:
failures:
test result: FAILED. 16 passed; 10 failed; 0 ignored; 0 measured; 0 filtered out; finished in 1.01s
[0m
[0m$ [0mcp /tmp/opencode/interp.bak src/interpreter.rs && sed -n '455,478p' src/interpreter.rs
vm
    }

    /// Charges one statement to the step budget, failing once the program has
    /// run [`Vm::max_steps`] statements. Called for every statement, including
    /// those inside a function body, so the budget bounds the program rather
    /// than one statement list.
    ///
    /// One turn of a loop is charged as well — see [`Vm::charge_iteration`] — so
    /// the unit is a statement on both engines and the two reach the budget at
    /// the same turn of the same loop.
    fn charge_step(&mut self) -> Result<()> {
        if self.steps >= self.max_steps {
            return Err(Error::Limit(
                format!(
                    "Step budget of {} reached before the program finished",
                    self.max_steps
                ),
                self.span(),
            ));
        }
        self.steps += 1;
        Ok(())
    }
[0m
[0m$ [0msed -i '466,476s/if self.steps >= self.max_steps {/if false {/' src/interpreter.rs && cargo test --test loop_bounds_test step_budget 2>&1 | grep -E "^(test |test result)"; cp /tmp/opencode/interp.bak src/interpreter.rs
test edge_step_budget_is_not_spent_by_unentered_loops ... ok
test step_budget_does_not_fire_under_the_limit ... ok
test step_budget_bounds_a_program_of_many_short_loops ... FAILED
test step_budget_makes_a_runaway_loop_assertable ... FAILED
test edge_the_step_budget_stops_a_loop_the_iteration_cap_could_not ... FAILED
test edge_nested_recursion_is_bounded_by_the_step_budget ... FAILED
test result: FAILED. 2 passed; 4 failed; 0 ignored; 0 measured; 20 filtered out; finished in 2.36s
[0m
[0m$ [0mcp tests/loop_bounds_test.rs /tmp/opencode/lb2.bak && python3 - <<'EOF'
import re
p='tests/loop_bounds_test.rs'
s=open(p).read()
old_body='''    let mut vm = Vm::with_max_steps(200);
    let program = parse(
        "set count to 0\\nset stopped to 0\\nwhile stopped is 0\\n    set count to count + 1\\nend",
    );

    let error = vm
        .run(&program)
        .expect_err("200 steps of an endless loop must be a clean failure");

    let message = limit_message(&error);
    assert!(
        message.contains("200"),
        "the failure must be the step budget, not some other stop, got {:?}",
        message
    );'''
new_body='''    let mut vm = Vm::with_max_steps(200);
    let program = parse("set stopped to 0\\nwhile stopped is 0\\n    set count to count + 1\\nend");

    let error = vm
        .run(&program)
        .expect_err("200 steps of an endless loop must be a clean failure");

    assert!(
        matches!(error, Error::Runtime(..) | Error::Limit(..)),
        "got {:?}",
        error
    );'''
assert old_body in s
s=s.replace(old_body,new_body)
open(p,'w').write(s)
EOF
sed -i '466,476s/if self.steps >= self.max_steps {/if false {/' src/interpreter.rs && cargo test --test loop_bounds_test step_budget_makes_a_runaway 2>&1 | grep -E "^(test |test result)"; cp /tmp/opencode/lb2.bak tests/loop_bounds_test.rs; cp /tmp/opencode/interp.bak src/interpreter.rs
test step_budget_makes_a_runaway_loop_assertable ... ok
test result: ok. 1 passed; 0 failed; 0 ignored; 0 measured; 25 filtered out; finished in 0.00s
[0m
[0m$ [0mcp src/testing/assertions.rs /tmp/opencode/assert.bak && python3 - <<'EOF'
p='src/testing/assertions.rs'
s=open(p).read()
new='''pub fn assert_text_matches(text: &str, pattern: &str) -> Result<(), TestAssertionError> {
    if regex::Regex::new(pattern)
        .map(|re| re.is_match(text))
        .unwrap_or(false)
    {
        Ok(())
    } else {
        Err(TestAssertionError {
            message: format!("Text '{}' does not match pattern '{}'", text, pattern),
            expected: Some(format!("Matches '{}'", pattern)),
            actual: Some(text.to_string()),
        })
    }
}'''
i=s.index('pub fn assert_text_matches')
j=s.index('pub fn assert_number_in_range')
s=s[:i]+new+"\n\n"+s[j:]
open(p,'w').write(s)
EOF
cargo test --test assertions_test 2>&1 | grep -E "^(test [a-z]|test result)"; cp /tmp/opencode/assert.bak src/testing/assertions.rs
test edge_numeric_boundaries ... ok
test edge_type_mismatch_is_rejected_by_every_type_assertion ... ok
test edge_malformed_pattern_is_reported_as_a_failure_not_a_panic ... ok
test edge_empty_and_singleton_inputs ... ok
test every_public_assertion_has_a_probe ... ok
test every_rejection_names_the_failure ... ok
test edge_unicode_text_is_matched_by_bytes_of_the_real_string ... ok
test redblue_expect_failure_message_is_built_by_the_assertion_library ... ok
test edge_an_invalid_pattern_and_a_non_match_record_different_expectations ... FAILED
test every_surviving_assertion_works_in_both_directions ... ok
test result: FAILED. 9 passed; 1 failed; 0 ignored; 0 measured; 0 filtered out; finished in 0.00s
[0m
[0m→ [0mRead tests/assertions_test.rs[90m [limit=55, offset=344][0m
[0m
[0m← [0mEdit tests/assertions_test.rs
Index: /home/runner/work/rbops/rbops/redblue/tests/assertions_test.rs
===================================================================
--- /home/runner/work/rbops/rbops/redblue/tests/assertions_test.rs
+++ /home/runner/work/rbops/rbops/redblue/tests/assertions_test.rs
@@ -358,8 +358,14 @@
     "the failure must name the pattern, got: {}",
     failure.message
 );
 assert_eq!(failure.actual.as_deref(), Some("anything"));
+assert!(
+    !failure.message.contains("does not match"),
+    "a pattern that will not compile never matched anything, so it must not \
+     be reported as a non-match, got: {}",
+    failure.message
+);
 
 let non_match = assert_text_matches("anything", r"\d+")
     .expect_err("a valid pattern that does not match must fail");
 assert!(

[0m
[0m$ [0mcp src/testing/assertions.rs /tmp/opencode/assert.bak && python3 - <<'EOF'
p='src/testing/assertions.rs'
s=open(p).read()
new='''pub fn assert_text_matches(text: &str, pattern: &str) -> Result<(), TestAssertionError> {
    if regex::Regex::new(pattern)
        .map(|re| re.is_match(text))
        .unwrap_or(false)
    {
        Ok(())
    } else {
        Err(TestAssertionError {
            message: format!("Text '{}' does not match pattern '{}'", text, pattern),
            expected: Some(format!("Matches '{}'", pattern)),
            actual: Some(text.to_string()),
        })
    }
}'''
i=s.index('pub fn assert_text_matches')
j=s.index('pub fn assert_number_in_range')
s=s[:i]+new+"\n\n"+s[j:]
open(p,'w').write(s)
EOF
cargo test --test assertions_test 2>&1 | grep -E "^(test [a-z]|test result)"; cp /tmp/opencode/assert.bak src/testing/assertions.rs
test edge_numeric_boundaries ... ok
test edge_type_mismatch_is_rejected_by_every_type_assertion ... ok
test edge_empty_and_singleton_inputs ... ok
test edge_malformed_pattern_is_reported_as_a_failure_not_a_panic ... FAILED
test edge_an_invalid_pattern_and_a_non_match_record_different_expectations ... FAILED
test every_public_assertion_has_a_probe ... ok
test edge_unicode_text_is_matched_by_bytes_of_the_real_string ... ok
test every_rejection_names_the_failure ... ok
test redblue_expect_failure_message_is_built_by_the_assertion_library ... ok
test every_surviving_assertion_works_in_both_directions ... ok
test result: FAILED. 8 passed; 2 failed; 0 ignored; 0 measured; 0 filtered out; finished in 0.01s
[0m
Both assertion tests now fail against the conflated implementation. Re-running the four gates on the restored tree:
[0m$ [0mgit diff --stat -- src/interpreter.rs src/testing/assertions.rs | cat; cargo fmt --all -- --check && echo "GATE 1 fmt: PASS"
src/testing/assertions.rs | 24 ++++++++++++++++++++----
 1 file changed, 20 insertions(+), 4 deletions(-)
GATE 1 fmt: PASS
[0m
[0m$ [0mcargo clippy --all-targets -- -D warnings 2>&1 | tail -5 && echo "GATE 2 clippy: PASS"
[1m[92m   Compiling[0m redblue v0.2.0 (/home/runner/work/rbops/rbops/redblue)
[1m[92m    Finished[0m `dev` profile [unoptimized] target(s) in 2.81s
GATE 2 clippy: PASS
[0m
[0m$ [0mcargo test --all-targets 2>&1 | tee /tmp/opencode/full.txt | grep -E "^(test result|error|failures:)" | sort | uniq -c | sort -rn | head; echo "=== totals ==="; grep -oE "[0-9]+ passed" /tmp/opencode/full.txt | awk '{p+=$1} END {print "passed:", p}'; grep -oE "[0-9]+ failed" /tmp/opencode/full.txt | awk '{f+=$1} END {print "failed:", f}'; grep -oE "[0-9]+ ignored" /tmp/opencode/full.txt | awk '{i+=$1} END {print "ignored:", i}'; echo "targets: $(grep -cE '^test result' /tmp/opencode/full.txt)"
2 test result: ok. 18 passed; 0 failed; 0 ignored; 0 measured; 0 filtered out; finished in 0.01s
      2 test result: ok. 15 passed; 0 failed; 0 ignored; 0 measured; 0 filtered out; finished in 0.00s
      1 test result: ok. 9 passed; 0 failed; 0 ignored; 0 measured; 0 filtered out; finished in 0.14s
      1 test result: ok. 81 passed; 0 failed; 0 ignored; 0 measured; 0 filtered out; finished in 4.99s
      1 test result: ok. 8 passed; 0 failed; 0 ignored; 0 measured; 0 filtered out; finished in 0.37s
      1 test result: ok. 8 passed; 0 failed; 0 ignored; 0 measured; 0 filtered out; finished in 0.00s
      1 test result: ok. 71 passed; 0 failed; 0 ignored; 0 measured; 0 filtered out; finished in 69.98s
      1 test result: ok. 71 passed; 0 failed; 0 ignored; 0 measured; 0 filtered out; finished in 0.90s
      1 test result: ok. 70 passed; 0 failed; 0 ignored; 0 measured; 0 filtered out; finished in 0.02s
      1 test result: ok. 6 passed; 0 failed; 0 ignored; 0 measured; 0 filtered out; finished in 0.19s
=== totals ===
passed: 1162
failed: 0
ignored: 0
targets: 42
[0m
[0m$ [0mcargo test --doc 2>&1 | tail -6
running 2 tests
test src/bootstrap.rs - bootstrap (line 6) ... ok
test src/bytecode/mod.rs - bytecode (line 12) ... ok

test result: ok. 2 passed; 0 failed; 0 ignored; 0 measured; 0 filtered out; finished in 0.19s
[0m
[0m$ [0mfor f in examples/*.rb modules/*.rb; do cargo run -q --bin rb -- run "$f" >/dev/null 2>&1 && echo "ok   $f" || echo "FAIL $f"; done
ok   examples/files.rb
ok   examples/fizzbuzz.rb
ok   examples/formats.rb
ok   examples/hello.rb
ok   examples/test_arithmetic.rb
ok   examples/time.rb
ok   modules/MathUtils.rb
ok   modules/SuiteKit.rb
[0m
[0m← [0mEdit phases/phase-039/REPORT.md
Index: /home/runner/work/rbops/rbops/redblue/phases/phase-039/REPORT.md
===================================================================
--- /home/runner/work/rbops/rbops/redblue/phases/phase-039/REPORT.md
+++ /home/runner/work/rbops/rbops/redblue/phases/phase-039/REPORT.md
@@ -178,9 +178,9 @@
 | Gate | Result |
 |---|---|
 | `cargo fmt --all -- --check` | pass — no diff |
 | `cargo clippy --all-targets -- -D warnings` | pass — 0 warnings |
-| `cargo test --all-targets` | **1159 passed, 0 failed, 0 ignored** across 42 targets |
+| `cargo test --all-targets` | **1162 passed, 0 failed, 0 ignored** across 42 targets |
 | `cargo test --doc` | 2 passed, 0 failed |
 | `./rbops/verify.sh phase-039` | **could not run — `rbops/` is not present in this checkout.** `ls rbops` returns `No such file or directory`. The pipeline that invokes this phase lives outside the project root, which this phase is forbidden to inspect. Reported honestly rather than claimed as a pass. |
 
 The 18 failures this phase inherited are now fixed, and the full suite is

[0m
[0m← [0mEdit phases/phase-039/REPORT.md
Index: /home/runner/work/rbops/rbops/redblue/phases/phase-039/REPORT.md
===================================================================
--- /home/runner/work/rbops/rbops/redblue/phases/phase-039/REPORT.md
+++ /home/runner/work/rbops/rbops/redblue/phases/phase-039/REPORT.md
@@ -202,9 +202,9 @@
 | the `expect` / `assert` builtin reports through `src/testing/assertions.rs` | `src/runtime.rs:748` calls `crate::testing::assertions::assert_values_equal`; `the_builtin_prints_the_message_the_assertion_library_builds` asserts `message == assert_values_equal(2.0, 1.0).unwrap_err().to_string()` for both spellings |
 | a test proves the message a Redblue `expect` prints is the one the library builds | `redblue_expect_failure_message_is_built_by_the_assertion_library` runs `expect 1 to be 2` and requires the printed error to contain the library's message. End to end on the binary: `rb run` prints `RuntimeError: Values not equal: Number(2.0) vs Number(1.0)`, exit 1 |
 | `grep -rn 'allow(dead_code' src/` prints nothing | it prints nothing |
 | `cargo clippy --all-targets -- -D warnings` is clean | clean |
-| `cargo test --all-targets` reports 0 failures | **1159 passed, 0 failed** |
+| `cargo test --all-targets` reports 0 failures | **1162 passed, 0 failed** |
 | `examples/*.rb` and `modules/*.rb` still run | all 8 files (`examples/{files,fizzbuzz,formats,hello,test_arithmetic,time}.rb`, `modules/{MathUtils,SuiteKit}.rb`) exit 0 under `rb run` |
 
 ## Invariants touched
 

[0m
[0m→ [0mRead phases/phase-039/REPORT.md[90m [offset=250][0m
[0m
[0m← [0mEdit phases/phase-039/REPORT.md
Index: /home/runner/work/rbops/rbops/redblue/phases/phase-039/REPORT.md
===================================================================
--- /home/runner/work/rbops/rbops/redblue/phases/phase-039/REPORT.md
+++ /home/runner/work/rbops/rbops/redblue/phases/phase-039/REPORT.md
@@ -267,5 +267,18 @@
   `false` for a program's own failure and `true` for each of the three guards,
   with `label()` still `RuntimeError` for each.
 - `edge_an_invalid_pattern_and_a_non_match_record_different_expectations` — the
   two failures record different `expected` values, so the difference survives a
-  caller that only reads that field.
\ No newline at end of file
+  caller that only reads that field.
+
+### Each fix was checked by breaking the thing it pins
+
+Not by inspection — by mutation, with the four gates re-run afterwards:
+
+| Mutation | Result |
+|---|---|
+| the three guards in `src/interpreter.rs` return `Error::Runtime` instead of `Error::Limit` | **10 of 26** `loop_bounds_test.rs` tests fail, including `step_budget_makes_a_runaway_loop_assertable`. Under the old helper (either variant accepted, message only) they all passed |
+| `Vm::charge_step` never fires — `if false` | `step_budget_makes_a_runaway_loop_assertable`, `edge_the_step_budget_stops_a_loop_the_iteration_cap_could_not`, `step_budget_bounds_a_program_of_many_short_loops` and `edge_nested_recursion_is_bounded_by_the_step_budget` all fail. Re-running that same mutation against the *old* body of the BLOCKER test — `count` undeclared, `Error::Runtime(..)` — **passes**, which is the vacuity the finding named, reproduced rather than argued |
+| `assert_text_matches` restored to `.unwrap_or(false)` | both `edge_malformed_pattern_is_reported_as_a_failure_not_a_panic` and `edge_an_invalid_pattern_and_a_non_match_record_different_expectations` fail |
+
+Every mutation was reverted; `git diff --stat -- src/` shows only
+`src/testing/assertions.rs` changed.
\ No newline at end of file

[0m
[0m$ [0mcargo fmt --all -- --check && echo "GATE1 PASS" && cargo clippy --all-targets -- -D warnings 2>&1 | tail -2 && echo "GATE2 PASS" && cargo test --all-targets 2>&1 | tee /tmp/opencode/final.txt | grep -E "^(test result: FAILED|error)" ; grep -oE "[0-9]+ passed" /tmp/opencode/final.txt | awk '{p+=$1} END {print "GATE3 passed:", p}'; grep -oE "[0-9]+ failed" /tmp/opencode/final.txt | awk '{f+=$1} END {print "GATE3 failed:", f}'; cargo test --doc 2>&1 | grep "test result"
GATE1 PASS
[1m[92m   Compiling[0m redblue v0.2.0 (/home/runner/work/rbops/rbops/redblue)
[1m[92m    Finished[0m `dev` profile [unoptimized] target(s) in 2.82s
GATE2 PASS
GATE3 passed: 1162
GATE3 failed: 0
test result: ok. 2 passed; 0 failed; 0 ignored; 0 measured; 0 filtered out; finished in 0.17s
[0m
All four findings are fixed and the four gates re-run clean.

**1. BLOCKER — `tests/loop_bounds_test.rs:344`**: `count` is now declared before the loop, so the program actually runs until the 200-step budget stops it, and the assertion is `Error::Limit` plus a message naming 200 (a run stopped by the million-turn iteration cap says `Maximum of 1000000 iterations…`, which contains no 200).

**2. MAJOR — `src/testing/assertions.rs:129`**: `assert_text_matches` now returns a distinct `Err` for a pattern that will not compile, naming it and saying it is not a valid expression, instead of folding it into `does not match`.

**3. MAJOR — 6 test files**: the widened helpers were *split*, not tightened in place — `runtime_message` accepts `Error::Runtime` only; a sibling `limit_message` accepts `Error::Limit` only and asserts `is_resource_limit()` on the error it was handed. Every limit test now reads through the latter (`tests/loop_bounds_test.rs:53`, `tests/for_range_test.rs:57`, `tests/loop_control_test.rs:76`, `tests/object_model_test.rs:76`, plus the inline closures in `for_range_test.rs`/`numeric_edge_test.rs` and a new `assert_hits_a_limit` in `function_literal_test.rs`).

**4. MINOR**: `Error::kind()` → `Error::label()` at `src/error.rs:84`, `is_resource_limit()` at `src/error.rs:107`, in both REPORT.md and FINDINGS.md.

Three tests added, all proven failable by mutation — including that the *old* BLOCKER body still passes with the step budget disabled, reproducing the vacuity rather than asserting it.

| Gate | Result |
|---|---|
| `cargo fmt --all -- --check` | pass |
| `cargo clippy --all-targets -- -D warnings` | pass, 0 warnings |
| `cargo test --all-targets` | 1162 passed, 0 failed, 0 ignored, 42 targets |
| `cargo test --doc` | 2 passed, 0 failed |
