[0m
> build · space-bunny-free
[0m
I'll inspect what exists from the previous attempt first.
[0m$ [0mgit status --short && git log --oneline -5
95a7030 Merge remote-tracking branch 'origin/rbops-wip/phase-004'
4ec2dd9 Revert "rbops: phase-004 (2026-10-03T14:12:07Z)"
86fbd89 rbops: phase-004 (2026-10-03T14:12:07Z)
97b4043 rbops: phase-004 checkpoint 1791036616
c4ebad3 Make the test harness capable of failing
[0m
[0m$ [0mls phases/ 2>/dev/null; ls phases/phase-004/ 2>/dev/null; echo "---"; git show --stat HEAD | head -40
---
commit 95a703021a26befc17c6fcdf12c57bdfb7cd170c
Merge: 4ec2dd9 97b4043
Author: rbops-bot <rbops-bot@users.noreply.github.com>
Date:   Sat Oct 3 18:01:04 2026 +0000

    Merge remote-tracking branch 'origin/rbops-wip/phase-004'

 Cargo.toml                 |   1 +
 src/testing/runner.rs      |   2 +-
 src/value.rs               |  15 +-
 src/vm.rs                  |  10 +-
 tests/record_order_test.rs | 453 +++++++++++++++++++++++++++++++++++++++++++++
 5 files changed, 472 insertions(+), 9 deletions(-)
[0m
[0m$ [0mls tests/ 2>/dev/null; echo "--- value.rs head"; sed -n '1,60p' src/value.rs
expect_test.rs
integration_test.rb
record_order_test.rs
redblue_test.rs
suite.rb
test_arithmetic.rb
--- value.rs head
use std::fmt;

use indexmap::IndexMap;

/// Field storage for records and objects.
///
/// `IndexMap` is used rather than `HashMap` so that field order is the order
/// the fields were inserted in. A `HashMap` iterates in an arbitrary, per-map
/// random order, which made `say` and `json.stringify` emit the same record
/// differently on every run.
pub type Fields = IndexMap<String, Value>;

#[derive(Debug, Clone, PartialEq)]
pub enum Value {
    Nothing,
    Number(f64),
    Text(String),
    YesNo(bool),
    List(Vec<Value>),
    Record(Fields),
    Object(String, Fields),
    Function(String, Vec<String>),
    Builtin(String),
}

impl fmt::Display for Value {
    fn fmt(&self, f: &mut fmt::Formatter<'_>) -> fmt::Result {
        match self {
            Value::Nothing => write!(f, "nothing"),
            Value::Number(n) => {
                if n.fract() == 0.0 {
                    write!(f, "{}", *n as i64)
                } else {
                    write!(f, "{}", n)
                }
            }
            Value::Text(s) => write!(f, "{}", s),
            Value::YesNo(b) => write!(f, "{}", if *b { "yes" } else { "no" }),
            Value::List(items) => {
                let items: Vec<String> = items.iter().map(|v| v.to_string()).collect();
                write!(f, "[{}]", items.join(", "))
            }
            Value::Record(fields) => {
                let fields: Vec<String> = fields
                    .iter()
                    .map(|(k, v)| format!("{}: {}", k, v))
                    .collect();
                write!(f, "{{{}}}", fields.join(", "))
            }
            Value::Function(name, _) => write!(f, "<function {}>", name),
            Value::Builtin(name) => write!(f, "<builtin {}>", name),
            Value::Object(_, _) => write!(f, "<object>"),
        }
    }
}

impl Value {
    pub fn is_truthy(&self) -> bool {
        match self {
            Value::Nothing => false,
[0m
[0m$ [0mls -la; echo "--- rbops"; ls rbops/ 2>/dev/null
total 188
drwxr-xr-x 11 runner runner  4096 Oct  3 18:01 .
drwxr-xr-x  8 runner runner  4096 Oct  3 18:00 ..
drwxr-xr-x  7 runner runner  4096 Oct  3 18:01 .git
drwxr-xr-x  3 runner runner  4096 Oct  3 18:00 .github
-rw-r--r--  1 runner runner   304 Oct  3 18:00 .gitignore
-rw-r--r--  1 runner runner  5411 Oct  3 18:00 AGENTS.md
-rw-r--r--  1 runner runner  3140 Oct  3 18:00 CODE_OF_CONDUCT.md
-rw-r--r--  1 runner runner  4818 Oct  3 18:00 CONTRIBUTING.md
-rw-r--r--  1 runner runner 39427 Oct  3 18:00 Cargo.lock
-rw-r--r--  1 runner runner   613 Oct  3 18:01 Cargo.toml
-rw-r--r--  1 runner runner  6670 Oct  3 18:00 HANDOUT.md
-rw-r--r--  1 runner runner  1079 Oct  3 18:00 LICENSE
-rw-r--r--  1 runner runner  6272 Oct  3 18:00 PHILOSOPHY.md
-rw-r--r--  1 runner runner  4032 Oct  3 18:00 README.md
-rw-r--r--  1 runner runner 28928 Oct  3 18:00 ROADMAP.md
-rw-r--r--  1 runner runner 11836 Oct  3 18:00 SPEC.md
drwxr-xr-x  2 runner runner  4096 Oct  3 18:00 docs
-rw-r--r--  1 runner runner     0 Oct  3 18:00 err.txt
-rw-r--r--  1 runner runner     0 Oct  3 18:00 errors.txt
drwxr-xr-x  2 runner runner  4096 Oct  3 18:00 examples
-rw-r--r--  1 runner runner  3400 Oct  3 18:00 export.sh
drwxr-xr-x  2 runner runner  4096 Oct  3 18:00 modules
drwxr-xr-x  4 runner runner  4096 Oct  3 18:01 src
drwxr-xr-x  4 runner runner  4096 Oct  3 18:01 target
-rw-r--r--  1 runner runner   622 Oct  3 18:00 test.redblue
drwxr-xr-x  2 runner runner  4096 Oct  3 18:01 tests
drwxr-xr-x  4 runner runner  4096 Oct  3 18:00 tooling
--- rbops
[0m
[0m$ [0mcat AGENTS.md | head -30; echo "=== git diff of merged work ==="; git diff 4ec2dd9 95a7030 -- Cargo.toml src/testing/runner.rs src/vm.rs
# AGENTS.md - Redblue Programming Language

Instructions for agentic coding agents working on the Redblue project.

## Project Overview

**Redblue** is a programming language designed to be as readable as plain English.

- **Language Syntax**: Plain English, e.g., `if count is greater than 10 then say "Hello"`
- **File Extension**: `.rb`
- **Implementation**: Rust
- **Binary**: `rb` (run with `cargo run --bin rb`)

## Build Commands

```bash
# Build and run tests
cargo build && cargo test

# Run in release mode
cargo build --release

# Run the CLI (binary named 'rb')
cargo run --bin rb -- [args]

# Run a Redblue file
cargo run --bin rb -- run hello.rb

# Run tests
cargo test
=== git diff of merged work ===
diff --git a/Cargo.toml b/Cargo.toml
index 5917a07..05356b3 100644
--- a/Cargo.toml
+++ b/Cargo.toml
@@ -21,6 +21,7 @@ path = "src/lib.rs"
 regex = "1.10"
 chrono = "0.4"
 reqwest = { version = "0.11", features = ["blocking"] }
+indexmap = "2"
 
 [dev-dependencies]
 regex = "1.10"
diff --git a/src/testing/runner.rs b/src/testing/runner.rs
index 22716d6..729c553 100644
--- a/src/testing/runner.rs
+++ b/src/testing/runner.rs
@@ -291,7 +291,7 @@ pub fn assert_type<T: 'static>(value: &Value) -> Result<(), TestAssertionError>
         Value::Text(_) => TypeId::of::<String>(),
         Value::YesNo(_) => TypeId::of::<bool>(),
         Value::List(_) => TypeId::of::<Vec<Value>>(),
-        Value::Record(_) => TypeId::of::<std::collections::HashMap<String, Value>>(),
+        Value::Record(_) => TypeId::of::<crate::value::Fields>(),
         Value::Object(_, _) => TypeId::of::<Value>(),
         Value::Function(_, _) => TypeId::of::<Value>(),
         Value::Builtin(_) => TypeId::of::<Value>(),
diff --git a/src/vm.rs b/src/vm.rs
index 0d2ab9d..e9afe14 100644
--- a/src/vm.rs
+++ b/src/vm.rs
@@ -3,7 +3,7 @@ use crate::lexer::Lexer;
 use crate::parser as redblue_parser;
 use crate::parser::{BinaryOp, Expr, Program, Statement, UnaryOp};
 use crate::stdlib;
-use crate::value::Value;
+use crate::value::{Fields, Value};
 use std::collections::HashMap;
 use std::path::Path;
 
@@ -273,7 +273,7 @@ impl Vm {
                 body: _,
             } => {
                 // Object implementation
-                let record = Value::Record(HashMap::new());
+                let record = Value::Record(Fields::new());
                 self.set_var(name, record);
                 Ok(Value::Nothing)
             }
@@ -412,7 +412,7 @@ impl Vm {
                 Ok(Value::List(values?))
             }
             Expr::Record(fields) => {
-                let mut record = HashMap::new();
+                let mut record = Fields::new();
                 for (key, value) in fields {
                     record.insert(key.clone(), self.evaluate(value)?);
                 }
@@ -688,7 +688,7 @@ impl Vm {
                     .map_err(|e| Error::Runtime(e.to_string()))?;
                 let secs = now.as_secs();
                 let nanos = now.subsec_nanos();
-                let record = std::collections::HashMap::from([
+                let record = crate::value::Fields::from([
                     ("seconds".to_string(), Value::Number(secs as f64)),
                     ("nanoseconds".to_string(), Value::Number(nanos as f64)),
                 ]);
@@ -936,7 +936,7 @@ fn parse_json_object(json: &str) -> Result<Value> {
     if !json.starts_with('{') || !json.ends_with('}') {
         return Err(Error::Runtime("Invalid JSON object".to_string()));
     }
-    let mut map = std::collections::HashMap::new();
+    let mut map = crate::value::Fields::new();
     let content = &json[1..json.len() - 1];
     if content.trim().is_empty() {
         return Ok(Value::Record(map));
[0m
[0m$ [0mcargo test --all-targets 2>&1 | tail -60
test edge_escapes_are_compared_literally ... ok
test edge_empty_values_compare_equal_to_themselves ... ok
test edge_index_boundaries_feed_the_actual_value ... ok
test edge_expect_results_are_deterministic_across_runs ... ok
test edge_malformed_expect_is_a_parse_error ... ok
test edge_missing_record_key_differs_from_present_key ... ok
test edge_nested_containers_compare_structurally ... ok
test edge_normalisation_is_not_applied_to_text_comparison ... ok
test edge_singleton_list_compares_elementwise ... ok
test edge_numeric_boundaries_compare_exactly ... ok
test expect_match_passes_the_test ... ok
test expect_inside_a_control_flow_block ... ok
test expect_mismatch_fails_the_test ... ok
test edge_type_mismatch_fails ... ok
test expect_matches_a_computed_expression ... ok
test expect_tolerates_omitting_be ... ok
test edge_unicode_compares_by_whole_string ... ok

test result: ok. 21 passed; 0 failed; 0 ignored; 0 measured; 0 filtered out; finished in 0.01s

[1m[92m     Running[0m tests/record_order_test.rs (target/debug/deps/record_order_test-e8d947d5f889b89b)

running 23 tests
test test_duplicate_key_in_json_takes_the_last_value ... ok
test test_deeply_nested_records_preserve_order ... ok
test test_duplicate_key_takes_the_last_value_and_the_first_position ... ok
test test_empty_record_displays_as_empty_braces ... ok
test test_expect_on_a_record_compares_field_values ... ok
test test_json_parse_preserves_source_order ... ok
test test_first_and_last_field_are_reachable_in_order ... ok
test test_json_stringify_preserves_insertion_order ... ok
test test_json_stringify_round_trips_through_parse ... ok
test test_malformed_json_object_is_an_error_not_a_reordered_record ... ok
test test_missing_key_reads_as_nothing_and_does_not_grow_the_record ... ok
test test_nested_records_preserve_order_at_every_level ... ok
test test_property_access_on_a_list_is_a_runtime_error ... ok
test test_numeric_boundary_values_keep_field_order ... ok
test test_record_display_preserves_insertion_order ... ok
test test_record_literal_missing_colon_is_a_parse_error ... ok
test test_records_inside_lists_preserve_order ... ok
test test_record_equality_ignores_field_order ... ok
test test_set_property_updates_in_place_without_reordering ... ok
test test_unicode_keys_and_values_preserve_order ... ok
test test_unicode_keys_keep_insertion_order ... ok
test test_singleton_record_displays_its_only_field ... ok
test edge_twenty_key_record_is_identical_across_fifty_runs ... ok

test result: ok. 23 passed; 0 failed; 0 ignored; 0 measured; 0 filtered out; finished in 0.01s

[1m[92m     Running[0m tests/redblue_test.rs (target/debug/deps/redblue_test-4e01f9d7f45b1215)

running 5 tests
test test_hello_world ... ok
test test_function ... ok
test test_list ... ok
test test_math ... ok
test test_numbers ... ok

test result: ok. 5 passed; 0 failed; 0 ignored; 0 measured; 0 filtered out; finished in 0.00s
[0m
[0m$ [0mcargo test --all-targets 2>&1 | grep -E "^(test result|error|warning: unused)|Running|FAILED|failures" | head -40
[1m[92m     Running[0m unittests src/lib.rs (target/debug/deps/redblue-7d7ce44e2f853c89)
test result: ok. 5 passed; 0 failed; 0 ignored; 0 measured; 0 filtered out; finished in 0.00s
[1m[92m     Running[0m unittests src/main.rs (target/debug/deps/rb-8167dd149c470e83)
test result: ok. 0 passed; 0 failed; 0 ignored; 0 measured; 0 filtered out; finished in 0.00s
[1m[92m     Running[0m tests/expect_test.rs (target/debug/deps/expect_test-801527129008a328)
test result: ok. 21 passed; 0 failed; 0 ignored; 0 measured; 0 filtered out; finished in 0.01s
[1m[92m     Running[0m tests/record_order_test.rs (target/debug/deps/record_order_test-e8d947d5f889b89b)
test result: ok. 23 passed; 0 failed; 0 ignored; 0 measured; 0 filtered out; finished in 0.01s
[1m[92m     Running[0m tests/redblue_test.rs (target/debug/deps/redblue_test-4e01f9d7f45b1215)
test result: ok. 5 passed; 0 failed; 0 ignored; 0 measured; 0 filtered out; finished in 0.00s
[0m
[0m$ [0mcargo fmt --all -- --check; echo "FMT_EXIT=$?"; cargo clippy --all-targets -- -D warnings 2>&1 | tail -20; echo "CLIPPY_EXIT=$?"
FMT_EXIT=0
[1m[92m    Checking[0m ryu v1.0.23
[1m[92m    Checking[0m simdutf8 v0.1.5
[1m[92m    Checking[0m encoding_rs v0.8.42
[1m[92m    Checking[0m serde v1.0.229
[1m[92m    Checking[0m regex-automata v0.4.18
[1m[92m    Checking[0m serde_urlencoded v0.7.1
[1m[92m    Checking[0m rustls-pemfile v1.0.4
[1m[92m    Checking[0m url v2.5.8
[1m[92m    Checking[0m hyper v0.14.32
[1m[92m    Checking[0m num-traits v0.2.19
[1m[92m    Checking[0m ipnet v2.12.2
[1m[92m    Checking[0m iana-time-zone v0.1.65
[1m[92m    Checking[0m mime v0.3.17
[1m[92m    Checking[0m sync_wrapper v0.1.2
[1m[92m    Checking[0m chrono v0.4.45
[1m[92m    Checking[0m regex v1.13.1
[1m[92m    Checking[0m hyper-tls v0.5.0
[1m[92m    Checking[0m reqwest v0.11.27
[1m[92m    Checking[0m redblue v0.1.0 (/home/runner/work/rbops/rbops/redblue)
[1m[92m    Finished[0m `dev` profile [unoptimized] target(s) in 9.77s
CLIPPY_EXIT=0
[0m
[0m$ [0mgrep -rn "HashMap<String, Value>\|HashMap::new()\|HashMap::from" src/ | head -20; echo "=== stringify ==="; grep -n "stringify" src/stdlib.rs src/vm.rs | head -20
src/stdlib.rs:4:pub fn builtins() -> HashMap<String, Value> {
src/stdlib.rs:5:    let mut globals = HashMap::new();
src/testing/harness.rs:20:            _test_context: HashMap::new(),
src/repl/mod.rs:21:    variables: HashMap<String, Value>,
src/repl/mod.rs:32:            variables: HashMap::new(),
src/analyzer.rs:14:            functions: std::collections::HashMap::new(),
src/vm.rs:11:    globals: HashMap<String, Value>,
src/vm.rs:12:    locals: Vec<HashMap<String, Value>>,
src/vm.rs:24:            locals: vec![HashMap::new()],
src/vm.rs:25:            functions: HashMap::new(),
src/vm.rs:27:            _modules: HashMap::new(),
src/vm.rs:84:        self.locals.push(HashMap::new());
=== stringify ===
src/stdlib.rs:137:        "json_stringify".to_string(),
src/stdlib.rs:138:        Value::Builtin("json_stringify".to_string()),
src/vm.rs:743:            "json_stringify" => {
src/vm.rs:748:                            "json.stringify requires a value".to_string(),
src/vm.rs:752:                Ok(Value::Text(json_stringify(&value)))
src/vm.rs:1031:fn json_stringify(value: &Value) -> String {
src/vm.rs:1064:            let elements: Vec<String> = items.iter().map(json_stringify).collect();
src/vm.rs:1070:                .map(|(k, v)| format!("\"{}\": {}", k, json_stringify(v)))
[0m
[0m$ [0mgrep -n "globals.iter\|globals.keys\|for (.*) in self.globals\|modules.iter\|functions.iter" src/*.rs src/**/*.rs | head
(no output)
[0m
[0m$ [0mls examples/ modules/; echo "=== run examples ==="; cargo build 2>&1 | tail -3
examples/:
files.rb
fizzbuzz.rb
formats.rb
hello.rb
test_arithmetic.rb
time.rb

modules/:
MathUtils.rb
=== run examples ===
[1m[92m    Finished[0m `dev` profile [unoptimized] target(s) in 0.09s
[0m
[0m$ [0mfor f in examples/*.rb modules/MathUtils.rb; do printf "== %s: " "$f"; if out=$(./target/debug/rb run "$f" 2>&1); then echo "ok ($(echo "$out" | wc -l) lines)"; else echo "FAIL"; echo "$out" | tail -3; fi; done
== examples/files.rb: ok (9 lines)
== examples/fizzbuzz.rb: ok (20 lines)
== examples/formats.rb: ok (9 lines)
== examples/hello.rb: ok (2 lines)
== examples/test_arithmetic.rb: ok (6 lines)
== examples/time.rb: ok (13 lines)
== modules/MathUtils.rb: FAIL
Error: ParserError: Expected function name
[0m
[0m$ [0mhead -20 modules/MathUtils.rb; echo "=== who imports it ==="; grep -rn "MathUtils" examples/ tests/ | head
// MathUtils module example
// Demonstrates module exports

constant PI to 3.14159
constant TAU to 6.28318

to circle_area(radius)
    give back PI * radius * radius
end

to circle_circumference(radius)
    give back TAU * radius
end

to degrees_to_radians(degrees)
    give back degrees * PI / 180
end

to radians_to_degrees(radians)
    give back radians * 180 / PI
=== who imports it ===
[0m
[0m$ [0mmkdir -p /tmp/opencode/p4 && printf 'set r to record\nset a to 1\nset b to 2\nset c to 3\nset d to 4\nset e to 5\nset f to 6\nset g to 7\nset h to 8\nset i to 9\nset j to 10\nset k to 11\nset l to 12\nset m to 13\nset n to 14\nset o to 15\nset p to 16\nset q to 17\nset r2 to 18\nset s to 19\nset t to 20\nsay record\nsay json.stringify(record)\n' > /tmp/opencode/p4/order.rb && ./target/debug/rb run /tmp/opencode/p4/order.rb
Error: AnalyzerError: Unknown variable 'record'
Unknown variable 'record'
Unknown variable 'record'
[0m
[0m$ [0mgrep -n "Record\b" src/parser.rs | head -20; echo "=== record literal syntax in spec ==="; grep -n "{" SPEC.md | grep -i "record\|key" | head -10
52:    // Record literal
53:    Record(Vec<(String, Expr)>),
1252:                Ok(Expr::Record(fields))
=== record literal syntax in spec ===
107:set person to record {
148:set Point to record { x: number, y: number }
[0m
[0m$ [0mcd /tmp/opencode/p4 && python3 - <<'EOF'
keys="abcdefghijklmnopqrst"
body = "set rec to record {\n" + "".join(f"    {k}: {i},\n" for i,k in enumerate(keys,1)) + "}\nsay rec\nsay json.stringify(rec)\n"
open("order.rb","w").write(body)
EOF
/home/runner/work/rbops/rbops/redblue/target/debug/rb run /tmp/opencode/p4/order.rb
Error: ParserError: Expected field name
[0m
[0m$ [0msed -n '100,120p;145,155p' SPEC.md
set empty to nothing

// Lists
set arr to [1, 2, 3]
set words to ["hello", "world"]

// Records
set person to record {
    name: "Alice",
    age: 30
}
```

### Comments

```redblue
// Single line comment

// This is a multi-line
// comment spanning
// multiple lines
set names to list of text

// Record type
set Point to record { x: number, y: number }

// Object type
set Person to object
```

### Type Inference
[0m
[0m$ [0msed -n '1225,1265p' src/parser.rs
{
                    let key = match self.current() {
                        Some(Token {
                            kind: TokenKind::Identifier(name),
                            ..
                        }) => {
                            let n = name.clone();
                            self.advance();
                            n
                        }
                        _ => return Err(Error::Parser("Expected field name".to_string())),
                    };

                    self.expect(&TokenKind::Colon)?;
                    let value = self.parse_expression()?;
                    fields.push((key, value));

                    if let Some(Token {
                        kind: TokenKind::Comma,
                        ..
                    }) = self.current()
                    {
                        self.advance();
                    }
                }

                self.expect(&TokenKind::RightBrace)?;
                Ok(Expr::Record(fields))
            }
            _ => Err(Error::Parser(format!("Unexpected token {:?}", token.kind))),
        }
    }
}

pub fn parse(tokens: Vec<Token>) -> Result<Program> {
    let mut parser = Parser::new(tokens);
    parser.parse()
}

#[cfg(test)]
mod tests {
[0m
[0m$ [0msed -n '1,80p' tests/record_order_test.rs
//! Record field ordering must be deterministic.
//!
//! Records are built by inserting fields in source order. The value that comes
//! back out — via `say` (`Value::Display`) or `json.stringify` — must preserve
//! that insertion order, otherwise the same program prints different output on
//! every run.

use redblue::Error;

/// Runs `source` through lexer → parser → VM and returns the value of its last
/// statement.
#[track_caller]
fn eval(source: &str) -> redblue::Value {
    let tokens = redblue::lexer::Lexer::tokenize(source).expect("source should lex");
    let ast = redblue::parser::parse(tokens).expect("source should parse");
    let mut vm = redblue::Vm::new();
    vm.run(&ast).expect("source should run")
}

/// Runs `source` and returns the pipeline error it produced.
#[track_caller]
fn eval_err(source: &str) -> Error {
    let tokens = redblue::lexer::Lexer::tokenize(source).expect("source should lex");
    let ast = redblue::parser::parse(tokens).expect("source should parse");
    let mut vm = redblue::Vm::new();
    vm.run(&ast).expect_err("source should have failed")
}

/// The same 20 keys, inserted in this exact order.
const KEYS: [&str; 20] = [
    "zebra", "alpha", "mango", "beta", "omega", "delta", "sigma", "kappa", "gamma", "theta",
    "epsilon", "eta", "iota", "lambda", "mu", "nu", "xi", "omicron", "pi", "rho",
];

/// `{zebra: 0, alpha: 1, ...}` — a literal whose fields are in `KEYS` order.
fn twenty_key_record() -> String {
    let fields: Vec<String> = KEYS
        .iter()
        .enumerate()
        .map(|(i, k)| format!("{}: {}", k, i))
        .collect();
    format!("{{{}}}", fields.join(", "))
}

/// The display and JSON forms `twenty_key_record` must produce.
fn expected_twenty() -> String {
    let fields: Vec<String> = KEYS
        .iter()
        .enumerate()
        .map(|(i, k)| format!("{}: {}", k, i))
        .collect();
    format!("{{{}}}", fields.join(", "))
}

fn expected_twenty_json() -> String {
    let fields: Vec<String> = KEYS
        .iter()
        .enumerate()
        .map(|(i, k)| format!("\"{}\": {}", k, i))
        .collect();
    format!("{{{}}}", fields.join(", "))
}

// ---------------------------------------------------------------------------
// Ordering
// ---------------------------------------------------------------------------

#[test]
fn test_record_display_preserves_insertion_order() {
    let source = format!("set r to {}\nr", twenty_key_record());
    let value = eval(&source);

    assert_eq!(
        value.to_string(),
        expected_twenty(),
        "record display must list fields in insertion order"
    );
}

#[test]
[0m
[0m$ [0mcd /tmp/opencode/p4 && python3 - <<'EOF'
keys=["zebra","alpha","mango","beta","omega","delta","sigma","kappa","gamma","theta",
      "epsilon","eta","iota","lambda","mu","nu","xi","omicron","pi","rho"]
body = "set rec to {" + ", ".join(f"{k}: {i}" for i,k in enumerate(keys)) + "}\nsay rec\nsay json.stringify(rec)\n"
open("order.rb","w").write(body)
EOF
/home/runner/work/rbops/rbops/redblue/target/debug/rb run /tmp/opencode/p4/order.rb
{zebra: 0, alpha: 1, mango: 2, beta: 3, omega: 4, delta: 5, sigma: 6, kappa: 7, gamma: 8, theta: 9, epsilon: 10, eta: 11, iota: 12, lambda: 13, mu: 14, nu: 15, xi: 16, omicron: 17, pi: 18, rho: 19}
{"zebra": 0, "alpha": 1, "mango": 2, "beta": 3, "omega": 4, "delta": 5, "sigma": 6, "kappa": 7, "gamma": 8, "theta": 9, "epsilon": 10, "eta": 11, "iota": 12, "lambda": 13, "mu": 14, "nu": 15, "xi": 16, "omicron": 17, "pi": 18, "rho": 19}
[0m
Now the 50-process determinism check against the real binary:
[0m$ [0mcd /tmp/opencode/p4 && for i in $(seq 1 50); do /home/runner/work/rbops/rbops/redblue/target/debug/rb run order.rb; done | sort -u | wc -l; echo "--- distinct outputs above (expect 1)"; for i in $(seq 1 50); do /home/runner/work/rbops/rbops/redblue/target/debug/rb run order.rb | md5sum; done | sort -u
2
--- distinct outputs above (expect 1)
ab06c2a06398dc3ca7729a75518a7465  -
[0m
[0m$ [0msed -n '80,250p' tests/record_order_test.rs
#[test]
fn test_json_stringify_preserves_insertion_order() {
    let source = format!("set r to {}\njson.stringify(r)", twenty_key_record());
    let value = eval(&source);

    assert_eq!(
        value.to_string(),
        expected_twenty_json(),
        "json.stringify must list fields in insertion order"
    );
}

/// Definition of done: a 20-key record prints identically 50 times in a row.
#[test]
fn edge_twenty_key_record_is_identical_across_fifty_runs() {
    let source = format!("set r to {}\nr", twenty_key_record());
    let first = eval(&source).to_string();

    for run in 0..50 {
        let again = eval(&source).to_string();
        assert_eq!(
            again,
            first,
            "run {} of 50 printed a different field order",
            run + 1
        );
    }

    assert_eq!(
        first,
        expected_twenty(),
        "the shared output must be ordered"
    );
}

#[test]
fn test_json_parse_preserves_source_order() {
    let source = r#"json.parse("{\"zebra\": 0, \"alpha\": 1, \"mango\": 2}")"#;
    let value = eval(source);

    assert_eq!(
        value.to_string(),
        "{zebra: 0, alpha: 1, mango: 2}",
        "a parsed JSON object must keep the order of its keys in the document"
    );
}

#[test]
fn test_json_stringify_round_trips_through_parse() {
    let source = format!(
        "set r to {}\nset text to json.stringify(r)\njson.parse(text)",
        twenty_key_record()
    );
    let round_tripped = eval(&source);
    let original = eval(&format!("set r to {}\nr", twenty_key_record()));

    assert_eq!(
        round_tripped.to_string(),
        original.to_string(),
        "stringify then parse must reproduce the record, order included"
    );
    assert_eq!(
        round_tripped.to_string(),
        expected_twenty(),
        "the round-tripped record must still be in insertion order"
    );
}

// ---------------------------------------------------------------------------
// Empty / singleton / boundary
// ---------------------------------------------------------------------------

#[test]
fn test_empty_record_displays_as_empty_braces() {
    let value = eval("set r to {}\nr");

    assert_eq!(
        value.to_string(),
        "{}",
        "an empty record must display as empty braces"
    );
    assert_eq!(
        eval("set r to {}\njson.stringify(r)").to_string(),
        "{}",
        "an empty record must stringify to empty braces"
    );
    assert_eq!(
        eval("json.parse(\"{}\")").to_string(),
        "{}",
        "an empty JSON object must parse to an empty record"
    );
}

#[test]
fn test_singleton_record_displays_its_only_field() {
    assert_eq!(
        eval("set r to {only: 7}\nr").to_string(),
        "{only: 7}",
        "a one-field record must display that field"
    );
    assert_eq!(
        eval("set r to {only: 7}\njson.stringify(r)").to_string(),
        "{\"only\": 7}",
        "a one-field record must stringify to one pair"
    );
}

#[test]
fn test_first_and_last_field_are_reachable_in_order() {
    let display = eval(&format!("set r to {}\nr", twenty_key_record())).to_string();

    assert!(
        display.starts_with("{zebra: 0, "),
        "the head of the display must be the first-inserted field, got {}",
        display
    );
    assert!(
        display.ends_with(", rho: 19}"),
        "the tail of the display must be the last-inserted field, got {}",
        display
    );
    assert_eq!(
        eval(&format!("set r to {}\nr.zebra", twenty_key_record())).to_string(),
        "0",
        "the first-inserted field must be readable"
    );
    assert_eq!(
        eval(&format!("set r to {}\nr.rho", twenty_key_record())).to_string(),
        "19",
        "the last-inserted field must be readable"
    );
}

// ---------------------------------------------------------------------------
// Duplicate / missing keys
// ---------------------------------------------------------------------------

#[test]
fn test_duplicate_key_takes_the_last_value_and_the_first_position() {
    assert_eq!(
        eval("set r to {a: 1, b: 2, a: 3}\nr").to_string(),
        "{a: 3, b: 2}",
        "a repeated key must win with its last value, at its first position"
    );
    assert_eq!(
        eval("set r to {b: 2, a: 1, b: 9, a: 8}\nr").to_string(),
        "{b: 9, a: 8}",
        "every repeated key must resolve to its last value"
    );
    assert_eq!(
        eval("set r to {a: 1, a: 2, a: 3}\nr").to_string(),
        "{a: 3}",
        "a key repeated three times must collapse to one field"
    );
}

#[test]
fn test_duplicate_key_in_json_takes_the_last_value() {
    assert_eq!(
        eval("json.parse(\"{\\\"a\\\": 1, \\\"b\\\": 2, \\\"a\\\": 3}\")").to_string(),
        "{a: 3, b: 2}",
        "a duplicate JSON key must resolve to its last value"
    );
}

#[test]
fn test_missing_key_reads_as_nothing_and_does_not_grow_the_record() {
    assert_eq!(
        eval("set r to {a: 1}\nr.missing").to_string(),
        "nothing",
        "a missing field must read as nothing"
[0m
[0m$ [0msed -n '250,453p' tests/record_order_test.rs
"a missing field must read as nothing"
    );
    assert_eq!(
        eval("set r to {a: 1, b: 2}\nr.missing").to_string(),
        "nothing",
        "a missing field in a two-field record must read as nothing"
    );
    assert_eq!(
        eval("set r to {a: 1}\nr").to_string(),
        "{a: 1}",
        "reading a missing field must not add a field to the record"
    );
}

#[test]
fn test_set_property_updates_in_place_without_reordering() {
    let source = "set r to {first: 1, second: 2, third: 3}\nset r.second to 20\nr";
    assert_eq!(
        eval(source).to_string(),
        "{first: 1, second: 20, third: 3}",
        "updating an existing field must keep it in its original position"
    );

    let adding = "set r to {first: 1}\nset r.second to 2\nr";
    assert_eq!(
        eval(adding).to_string(),
        "{first: 1, second: 2}",
        "a newly added field must go at the end"
    );
}

// ---------------------------------------------------------------------------
// Nesting
// ---------------------------------------------------------------------------

#[test]
fn test_nested_records_preserve_order_at_every_level() {
    let source = "set r to {zebra: {yak: 1, xerus: 2}, alpha: {yak: 3, xerus: 4}}\nr";
    assert_eq!(
        eval(source).to_string(),
        "{zebra: {yak: 1, xerus: 2}, alpha: {yak: 3, xerus: 4}}",
        "each nested record must keep its own insertion order"
    );
    assert_eq!(
        eval("set r to {zebra: {yak: 1, xerus: 2}, alpha: {yak: 3, xerus: 4}}\njson.stringify(r)")
            .to_string(),
        "{\"zebra\": {\"yak\": 1, \"xerus\": 2}, \"alpha\": {\"yak\": 3, \"xerus\": 4}}",
        "json.stringify must order nested records too"
    );
}

#[test]
fn test_deeply_nested_records_preserve_order() {
    let source = "set r to {b: {d: {f: 1, e: 2}, c: 3}, a: 4, cc: 5}\nr";
    assert_eq!(
        eval(source).to_string(),
        "{b: {d: {f: 1, e: 2}, c: 3}, a: 4, cc: 5}",
        "three levels of nesting must each keep insertion order"
    );
}

#[test]
fn test_records_inside_lists_preserve_order() {
    let source = "set r to [{zebra: 1, alpha: 2}, {yak: 3, xerus: 4}]\nr";
    assert_eq!(
        eval(source).to_string(),
        "[{zebra: 1, alpha: 2}, {yak: 3, xerus: 4}]",
        "records nested in a list must keep insertion order"
    );
}

// ---------------------------------------------------------------------------
// Unicode keys and values
// ---------------------------------------------------------------------------

#[test]
fn test_unicode_keys_and_values_preserve_order() {
    let source = "set r to {zebra: \"\u{1f600}\", alpha: \"\u{5bff}\", mango: \"\u{5e2}\", beta: \"caf\u{e9}\"}\nr";
    assert_eq!(
        eval(source).to_string(),
        "{zebra: \u{1f600}, alpha: \u{5bff}, mango: \u{5e2}, beta: caf\u{e9}}",
        "emoji, CJK, RTL and combining-mark values must not disturb key order"
    );
}

#[test]
fn test_unicode_keys_keep_insertion_order() {
    // Keys are identifiers, so the ordering is checked on the values that the
    // identifier keys carry; a decomposed key sorts apart from its composed form
    // only if ordering is not insertion-based.
    let source = "set r to {caf\u{e9}: 1, cafe: 2, zebra: 3, alpha: 4}\nr";
    assert_eq!(
        eval(source).to_string(),
        "{caf\u{e9}: 1, cafe: 2, zebra: 3, alpha: 4}",
        "combining-mark and ASCII keys must stay in insertion order"
    );
}

// ---------------------------------------------------------------------------
// Numeric boundaries inside records
// ---------------------------------------------------------------------------

#[test]
fn test_numeric_boundary_values_keep_field_order() {
    let source = "set r to {zero: 0, negzero: -0.0, big: 9007199254740993, small: 0.1, neg: -9007199254740993}\nr";
    let value = eval(source);

    assert_eq!(
        value.to_string(),
        "{zero: 0, negzero: 0, big: 9007199254740992, small: 0.1, neg: -9007199254740992}",
        "field order must be insertion order regardless of how each number prints"
    );
    assert_eq!(
        eval(&format!("{}\njson.stringify(r)", source)).to_string(),
        "{\"zero\": 0, \"negzero\": 0, \"big\": 9007199254740992, \"small\": 0.1, \"neg\": -9007199254740992}",
        "json.stringify must order fields the same way for boundary numbers"
    );
}

// ---------------------------------------------------------------------------
// Failure paths — these must be errors, never a wrong-but-plausible order
// ---------------------------------------------------------------------------

#[test]
fn test_property_access_on_a_list_is_a_runtime_error() {
    let err = eval_err("set r to [1, 2, 3]\nr.alpha");

    assert!(
        matches!(&err, Error::Runtime(m) if m.contains("Cannot access property")),
        "expected a Runtime error about property access, got {:?}",
        err
    );
}

#[test]
fn test_malformed_json_object_is_an_error_not_a_reordered_record() {
    let err = eval_err("json.parse(\"{\\\"a\\\": 1\")");

    assert!(
        matches!(&err, Error::Runtime(_)),
        "an unterminated JSON object must be a Runtime error, got {:?}",
        err
    );
}

#[test]
fn test_record_literal_missing_colon_is_a_parse_error() {
    let tokens = redblue::lexer::Lexer::tokenize("set r to {a 1}").expect("should lex");
    let err = redblue::parser::parse(tokens).expect_err("`{a 1}` must not parse");

    assert!(
        matches!(&err, Error::Parser(_)),
        "a record field without a colon must be a Parser error, got {:?}",
        err
    );
}

// ---------------------------------------------------------------------------
// Equality is still order-insensitive
// ---------------------------------------------------------------------------

/// Runs one `// test "name"` block through the Redblue test harness and reports
/// whether it passed.
fn redblue_test_passes(body: &str) -> bool {
    let mut harness = redblue::testing::TestHarness::new();
    harness
        .run_source(&format!("// test \"record order\"\n{}\n// end\n", body))
        .expect("harness scan should not fail");
    let results = harness.results();
    assert_eq!(results.passed + results.failed, 1, "exactly one test ran");
    if results.failed > 0 {
        println!("failure: {:?}", results.errors);
    }
    results.failed == 0
}

#[test]
fn test_record_equality_ignores_field_order() {
    // Display order is now insertion order, but two records holding the same
    // fields must still compare equal regardless of the order they were built
    // in — `expect` relies on that.
    assert!(
        redblue_test_passes(
            "    set a to {x: 1, y: 2}\n    set b to {y: 2, x: 1}\n    expect a to be b"
        ),
        "records with the same fields in a different order must compare equal"
    );
}

#[test]
fn test_expect_on_a_record_compares_field_values() {
    assert!(
        !redblue_test_passes(
            "    set a to {x: 1, y: 2}\n    set b to {x: 1, z: 2}\n    expect a to be b"
        ),
        "records with different field names must not compare equal"
    );
    assert!(
        !redblue_test_passes(
            "    set a to {x: 1, y: 2}\n    set b to {x: 1, y: 9}\n    expect a to be b"
        ),
        "`expect` must fail when a record field value differs, regardless of order"
    );
}
[0m
[0m$ [0mgit diff 4ec2dd9 95a7030 -- src/value.rs; echo "=== assert_type usage ==="; grep -rn "assert_type" src/ tests/ | head
diff --git a/src/value.rs b/src/value.rs
index d856f42..0bb7c34 100644
--- a/src/value.rs
+++ b/src/value.rs
@@ -1,6 +1,15 @@
-use std::collections::HashMap;
 use std::fmt;
 
+use indexmap::IndexMap;
+
+/// Field storage for records and objects.
+///
+/// `IndexMap` is used rather than `HashMap` so that field order is the order
+/// the fields were inserted in. A `HashMap` iterates in an arbitrary, per-map
+/// random order, which made `say` and `json.stringify` emit the same record
+/// differently on every run.
+pub type Fields = IndexMap<String, Value>;
+
 #[derive(Debug, Clone, PartialEq)]
 pub enum Value {
     Nothing,
@@ -8,8 +17,8 @@ pub enum Value {
     Text(String),
     YesNo(bool),
     List(Vec<Value>),
-    Record(HashMap<String, Value>),
-    Object(String, HashMap<String, Value>),
+    Record(Fields),
+    Object(String, Fields),
     Function(String, Vec<String>),
     Builtin(String),
 }
=== assert_type usage ===
src/testing/runner.rs:285:pub fn assert_type<T: 'static>(value: &Value) -> Result<(), TestAssertionError> {
[0m
[0m$ [0mgrep -rn "Value::Record(\|Value::Object(" src/ | head -20; echo "=== spec record keyword gap ==="; ./target/debug/rb run /tmp/opencode/p4/spec_form.rb 2>&1 || true; printf 'set person to record {\n    name: "Alice",\n    age: 30\n}\nsay person\n' > /tmp/opencode/p4/spec_form.rb && ./target/debug/rb run /tmp/opencode/p4/spec_form.rb
src/value.rs:43:            Value::Record(fields) => {
src/value.rs:52:            Value::Object(_, _) => write!(f, "<object>"),
src/value.rs:65:            Value::Record(_) => true,
src/value.rs:66:            Value::Object(_, _) => true,
src/testing/runner.rs:294:        Value::Record(_) => TypeId::of::<crate::value::Fields>(),
src/testing/runner.rs:295:        Value::Object(_, _) => TypeId::of::<Value>(),
src/testing/assertions.rs:176:        Value::Record(_) => Ok(()),
src/vm.rs:141:                if let Some(Value::Record(mut fields)) = self.get_var(object) {
src/vm.rs:143:                    self.set_var(object, Value::Record(fields));
src/vm.rs:276:                let record = Value::Record(Fields::new());
src/vm.rs:377:                if let Value::Record(fields) = obj {
src/vm.rs:419:                Ok(Value::Record(record))
src/vm.rs:695:                Ok(Value::Record(record))
src/vm.rs:886:                    Some(Value::Record(_)) => "record",
src/vm.rs:889:                    Some(Value::Object(_, _)) => "object",
src/vm.rs:942:        return Ok(Value::Record(map));
src/vm.rs:953:    Ok(Value::Record(map))
src/vm.rs:1067:        Value::Record(fields) => {
src/vm.rs:1076:        Value::Object(_, _) => "null".to_string(),
=== spec record keyword gap ===
Error: IoError: No such file or directory (os error 2)
Error: ParserError: Expected field name
[0m
[0m$ [0mhead -40 export.sh
#!/bin/bash
# Redblue Portable Export Script
# Usage: ./export.sh

set -e

echo "Creating Redblue portable package..."

# Create export directory
EXPORT_DIR="redblue-portable-$(date +%Y%m%d)"
mkdir -p "$EXPORT_DIR"

# Copy essential files
echo "Copying files..."
cp -r src "$EXPORT_DIR/"
cp -r tests "$EXPORT_DIR/"
cp -r examples "$EXPORT_DIR/"
cp -r docs "$EXPORT_DIR/"
cp -r tooling "$EXPORT_DIR/"
cp Cargo.toml "$EXPORT_DIR/"
cp README.md "$EXPORT_DIR/"
cp LICENSE "$EXPORT_DIR/"
cp AGENTS.md "$EXPORT_DIR/"
cp SPEC.md "$EXPORT_DIR/"
cp PHILOSOPHY.md "$EXPORT_DIR/"
cp ROADMAP.md "$EXPORT_DIR/"
cp HANDOUT.md "$EXPORT_DIR/"
cp CODE_OF_CONDUCT.md "$EXPORT_DIR/"
cp CONTRIBUTING.md "$EXPORT_DIR/"

# Copy GitHub config (optional)
if [ -d ".github" ]; then
    cp -r .github "$EXPORT_DIR/"
fi

# Create install script for Unix
cat > "$EXPORT_DIR/install.sh" << 'EOF'
#!/bin/bash
# Redblue Installation Script
[0m
[0m$ [0mgit worktree add /tmp/opencode/p4/base 4ec2dd9 2>&1 | tail -2
Preparing worktree (detached HEAD 4ec2dd9)
HEAD is now at 4ec2dd9 Revert "rbops: phase-004 (2026-10-03T14:12:07Z)"
[0m
[0m$ [0mCARGO_TARGET_DIR=/home/runner/work/rbops/rbops/redblue/target-base cargo build --bin rb --offline 2>&1 | tail -3
[1m[92m   Compiling[0m regex v1.13.1
[1m[92m   Compiling[0m redblue v0.1.0 (/tmp/opencode/p4/base)
[1m[92m    Finished[0m `dev` profile [unoptimized] target(s) in 19.04s
[0m
[0m$ [0mcd /tmp/opencode/p4 && for i in $(seq 1 12); do /home/runner/work/rbops/rbops/redblue/target-base/debug/rb run order.rb | head -1 | cut -c1-60; done | sort -u | wc -l; echo "^ distinct first-lines across 12 runs on pre-fix 4ec2dd9 (fixed build gave 1)"
12
^ distinct first-lines across 12 runs on pre-fix 4ec2dd9 (fixed build gave 1)
[0m
[0m$ [0mgit worktree remove --force /tmp/opencode/p4/base && rm -rf /home/runner/work/rbops/rbops/redblue/target-base && git worktree list && git status --short
/home/runner/work/rbops/rbops/redblue 95a7030 [main]
[0m
Now the final gate run for the report, plus the diff stat:
[0m$ [0mecho "=== fmt ==="; cargo fmt --all -- --check && echo "fmt: clean"; echo "=== clippy ==="; cargo clippy --all-targets -- -D warnings 2>&1 | grep -cE "^(warning|error)" ; echo "=== test ==="; cargo test --all-targets 2>&1 | grep -E "^test result|FAILED|panicked" ; echo "=== diffstat ==="; git diff --stat 4ec2dd9 95a7030
=== fmt ===
fmt: clean
=== clippy ===
0
=== test ===
test result: ok. 5 passed; 0 failed; 0 ignored; 0 measured; 0 filtered out; finished in 0.00s
test result: ok. 0 passed; 0 failed; 0 ignored; 0 measured; 0 filtered out; finished in 0.00s
test result: ok. 21 passed; 0 failed; 0 ignored; 0 measured; 0 filtered out; finished in 0.00s
test result: ok. 23 passed; 0 failed; 0 ignored; 0 measured; 0 filtered out; finished in 0.01s
test result: ok. 5 passed; 0 failed; 0 ignored; 0 measured; 0 filtered out; finished in 0.00s
=== diffstat ===
 Cargo.toml                 |   1 +
 src/testing/runner.rs      |   2 +-
 src/value.rs               |  15 +-
 src/vm.rs                  |  10 +-
 tests/record_order_test.rs | 453 +++++++++++++++++++++++++++++++++++++++++++++
 5 files changed, 472 insertions(+), 9 deletions(-)
[0m
[0m$ [0mmkdir -p phases/phase-004 && ls phases
phase-004
[0m
[0m← [0mWrite phases/phase-004/REPORT.md
Wrote file successfully.
[0m
[0m← [0mWrite phases/phase-004/FINDINGS.md
Wrote file successfully.
[0m
[0m$ [0mcargo test --all-targets 2>&1 | grep -E "^test result|FAILED"; cargo fmt --all -- --check && echo "fmt clean"; cargo clippy --all-targets -- -D warnings 2>&1 | tail -1; git status --short
test result: ok. 5 passed; 0 failed; 0 ignored; 0 measured; 0 filtered out; finished in 0.00s
test result: ok. 0 passed; 0 failed; 0 ignored; 0 measured; 0 filtered out; finished in 0.00s
test result: ok. 21 passed; 0 failed; 0 ignored; 0 measured; 0 filtered out; finished in 0.01s
test result: ok. 23 passed; 0 failed; 0 ignored; 0 measured; 0 filtered out; finished in 0.01s
test result: ok. 5 passed; 0 failed; 0 ignored; 0 measured; 0 filtered out; finished in 0.00s
fmt clean
[1m[92m    Finished[0m `dev` profile [unoptimized] target(s) in 0.09s
?? phases/
[0m
DONE

Phase-004 work from the interrupted attempt was complete; I verified it end to end rather than restarting.

**Reproduced the finding** against the pre-phase commit (`4ec2dd9`, built in a throwaway worktree): a 20-key record printed through `rb` gave **12 distinct outputs across 12 processes**. After the fix, **1 distinct output across 50 processes** (identical md5 every run).

**The fix** (`src/value.rs:11`): `pub type Fields = IndexMap<String, Value>` replaces `HashMap<String, Value>` for `Value::Record`/`Value::Object`; four construction sites in `src/vm.rs` and one `TypeId` in `src/testing/runner.rs` follow. `Display` and `json_stringify` needed no edit — they now iterate in insertion order. `IndexMap`'s `PartialEq` is order-insensitive, so `expect a to be b` semantics are unchanged (guarded by a test).

**Tests**: 23 new `#[test]`s in `tests/record_order_test.rs`, including `edge_twenty_key_record_is_identical_across_fifty_runs`, duplicate-key last-wins, nested/unicode/numeric-boundary cases, and 4 that assert failures (list property access, unterminated JSON, missing colon, unequal records).

**Gates**: `cargo fmt --check` clean · `cargo clippy --all-targets -D warnings` 0 warnings · `cargo test --all-targets` 54 passed / 0 failed / 0 ignored · all 6 `examples/*.rb` still run.

**One gate could not run**: `./rbops/verify.sh` does not exist in this checkout — there is no `rbops/` or `.opencode/` directory, and hard rule 1 forbids authoring one. Stated plainly in `phases/phase-004/REPORT.md` and `FINDINGS.md` rather than claimed as passing. FINDINGS also records three out-of-scope items (the `record {…}` form at `SPEC.md:107` that the parser rejects, VM scopes still on `HashMap`, and the uncalled `assert_type`).
