[93m[1m! [0m agent "reviewer" not found. Falling back to default agent
[0m
> build · muse-spark-1.3-contributor-free
[0m
Round-3 review underway — hunting for what's still broken beneath the green gate.
[0m→ [0mRead tests/test_lists.rb
[0m→ [0mRead src/vm.rs
[0m→ [0mRead tests/bytecode_vm_test.rs
[0m→ [0mRead src/bytecode/vm.rs
First pass shows the loop machinery in both VMs — now digging into the failure paths and edge cases.
[0m✱ [0mGlob "tests/loop*"[90m 2 matches[0m
[0m→ [0mRead SPEC.md[90m [offset=410, limit=120][0m
[0m→ [0mRead src/vm.rs[90m [offset=1243][0m
[0m→ [0mRead src/bytecode/vm.rs[90m [offset=1277][0m
[0m✱ [0mGrep "unwrap\(\)|\.expect\(|panic!|unreachable!|todo!|unimplemented!"[90m in src/bytecode/vm.rs · 6 matches[0m
[0m✱ [0mGrep "unwrap\(\)|expect\(|panic!|unreachable!|todo!|array\[|\[.i.\]"[90m in src/vm.rs · 44 matches[0m
[0m→ [0mRead tests/loop_control_test.rs
Core assertions look solid — now checking the remaining coverage and failure modes.
[0m→ [0mRead tests/test_loop_control.rb
[0m✱ [0mGrep "saturating_|as i64|as u32|as usize|\[.*\]"[90m in src/bytecode/vm.rs · 100 matches[0m
[0m→ [0mRead src/bytecode/vm.rs[90m [offset=2408][0m
[0m→ [0mRead docs/GRAMMAR.md[90m [offset=240, limit=40][0m
[0m→ [0mRead src/bytecode/format.rs[90m [offset=431, limit=80][0m
[0m✱ [0mGrep "Break|Skip"[90m in src/parser.rs · 39 matches[0m
[0m→ [0mRead src/parser.rs[90m [offset=435, limit=30][0m
[0m✱ [0mGrep "from"[90m in tests/loop_control_test.rs · 100 matches[0m
[0m✱ [0mGrep "from"[90m in tests/test_loop_control.rb · 100 matches[0m
FINDINGS:
1. [BLOCKER] src/bytecode/vm.rs:1048 — `finish_object` does `pending_object.take().expect("an object declaration being assembled")` and `pending_object` is a single `Option`, so `object A / object B / has c / end / end` overwrites the outer pending with the inner and the outer finish panics instead of returning a RuntimeError — tree VM prints `done` on the same program so the VMs diverge and the process aborts on user input — hold pendings in a `Vec` stack threaded through `has`/`to can`/`finish_object`/`unwind_frames_above`.
2. [MAJOR] docs/GRAMMAR.md:255 — `skip_statement = 'skip' [ expression ]` contradicts src/parser.rs:447 — `TokenKind::Skip` advances once and returns `Statement::Skip` with no operand, so `skip 1` parses as two statements not one — grammar promises a form the interpreter does not implement — change the grammar to `'skip'` or implement and test the operand.
3. [MAJOR] src/vm.rs:732 — `Statement::ForRange` now runs through `run_iteration` but no break/skip test covers the `for each i from a to b [by s]` form on either VM — tests/loop_control_test.rs and tests/test_loop_control.rb cover list-`for each`, `repeat` and `while` only, and the corpus range programs run no break/skip — add `for each i from 1 to 10 / if i is 5 then break` and the `skip` companion asserting both VMs agree.
REVIEW VERDICT: FINDINGS 3
