[93m[1m! [0m agent "reviewer" not found. Falling back to default agent
[0m
> build · muse-spark-1.3-contributor-free
[0m
Hunting for what's still wrong behind the green gate — deep review in progress.
[0m✗ [0mRead .opencode/agent/reviewer.md failed
[91m[1mError: [0mFile not found: /home/runner/work/rbops/rbops/redblue/.opencode/agent/reviewer.md
[0m→ [0mRead AGENTS.md
[0m→ [0mRead src/vm.rs
[0m→ [0mRead src/value.rs
[0m✱ [0mGlob ".opencode/**/*"[90m in . · 0 matches[0m
[0m✱ [0mGlob "**/reviewer*"[90m in . · 0 matches[0m
[0m✱ [0mGlob "phases/phase-011/*"[90m in . · 2 matches[0m
[0m
[0m$ [0mcargo test --all-targets 2>&1 | tail -20; cargo fmt --all -- --check 2>&1 | head; cargo clippy --all-targets -- -D warnings 2>&1 | tail -5
running 15 tests
test edge_error_on_first_line_points_at_line_one ... ok
test edge_error_on_last_line_points_at_the_last_line ... ok
test edge_multibyte_column_offsets_are_character_based ... ok
test edge_render_of_a_span_past_the_last_line_still_reports_the_location ... ok
test edge_empty_source_is_a_valid_empty_program ... ok
test edge_render_without_a_file_omits_the_file_name ... ok
test edge_unknown_span_renders_message_only ... ok
test test_analyzer_error_carries_position ... ok
test test_io_error_has_no_span ... ok
test test_every_failed_program_reports_a_position ... ok
test edge_runtime_error_inside_a_loop_reports_the_inner_statement ... ok
test edge_runtime_error_reports_the_statement_position ... ok
test test_lexer_error_carries_position ... ok
test test_parser_error_reports_line_and_column ... ok
test test_render_draws_source_line_and_caret ... ok

test result: ok. 15 passed; 0 failed; 0 ignored; 0 measured; 0 filtered out; finished in 0.00s

[1m[92m    Finished[0m `dev` profile [unoptimized] target(s) in 0.09s
[0m
Initial checks look clean — now probing the closure implementation for hidden defects.
[0m$ [0mcargo test --all-targets 2>&1 | grep -E "^test result|Running|FAILED|failed"
[1m[92m     Running[0m unittests src/lib.rs (target/debug/deps/redblue-7d7ce44e2f853c89)
test result: ok. 6 passed; 0 failed; 0 ignored; 0 measured; 0 filtered out; finished in 0.00s
[1m[92m     Running[0m unittests src/main.rs (target/debug/deps/rb-8167dd149c470e83)
test result: ok. 0 passed; 0 failed; 0 ignored; 0 measured; 0 filtered out; finished in 0.00s
[1m[92m     Running[0m tests/call_depth_test.rs (target/debug/deps/call_depth_test-013268260908da46)
test result: ok. 11 passed; 0 failed; 0 ignored; 0 measured; 0 filtered out; finished in 0.24s
[1m[92m     Running[0m tests/closure_capture_test.rs (target/debug/deps/closure_capture_test-7d26f2e51ac08c64)
test result: ok. 26 passed; 0 failed; 0 ignored; 0 measured; 0 filtered out; finished in 0.12s
[1m[92m     Running[0m tests/discovery_test.rs (target/debug/deps/discovery_test-79de866773a12d8a)
test result: ok. 13 passed; 0 failed; 0 ignored; 0 measured; 0 filtered out; finished in 0.30s
[1m[92m     Running[0m tests/expect_test.rs (target/debug/deps/expect_test-801527129008a328)
test result: ok. 21 passed; 0 failed; 0 ignored; 0 measured; 0 filtered out; finished in 0.01s
[1m[92m     Running[0m tests/index_bounds_test.rs (target/debug/deps/index_bounds_test-eeb24cdcbfe3acce)
test a_nested_index_out_of_bounds_reports_the_index_that_failed ... ok
test result: ok. 8 passed; 0 failed; 0 ignored; 0 measured; 0 filtered out; finished in 0.00s
[1m[92m     Running[0m tests/lexer_robustness_test.rs (target/debug/deps/lexer_robustness_test-3ecbca6637402e5f)
test result: ok. 16 passed; 0 failed; 0 ignored; 0 measured; 0 filtered out; finished in 0.00s
[1m[92m     Running[0m tests/numeric_edge_test.rs (target/debug/deps/numeric_edge_test-a26f846a4d9316a7)
test result: ok. 20 passed; 0 failed; 0 ignored; 0 measured; 0 filtered out; finished in 0.00s
[1m[92m     Running[0m tests/parser_hardening_test.rs (target/debug/deps/parser_hardening_test-3a35f6abfb3eca0b)
test result: ok. 23 passed; 0 failed; 0 ignored; 0 measured; 0 filtered out; finished in 0.07s
[1m[92m     Running[0m tests/record_order_test.rs (target/debug/deps/record_order_test-e8d947d5f889b89b)
test result: ok. 25 passed; 0 failed; 0 ignored; 0 measured; 0 filtered out; finished in 0.11s
[1m[92m     Running[0m tests/redblue_suite_test.rs (target/debug/deps/redblue_suite_test-33d501da60a28ea7)
test result: ok. 8 passed; 0 failed; 0 ignored; 0 measured; 0 filtered out; finished in 0.33s
[1m[92m     Running[0m tests/redblue_test.rs (target/debug/deps/redblue_test-4e01f9d7f45b1215)
test result: ok. 5 passed; 0 failed; 0 ignored; 0 measured; 0 filtered out; finished in 0.00s
[1m[92m     Running[0m tests/span_test.rs (target/debug/deps/span_test-f0536b185f12130b)
test test_every_failed_program_reports_a_position ... ok
test result: ok. 15 passed; 0 failed; 0 ignored; 0 measured; 0 filtered out; finished in 0.00s
[0m
[0m$ [0mcargo build 2>&1 | tail -2
# Probe 1: PartialEq - two same-name closures compare equal?
cat > /tmp/probe_eq.rs <<'EOF'
use redblue::{FunctionValue, Value};
fn main() {
    let b1 = std::sync::Arc::new(vec![]);
    let b2 = std::sync::Arc::new(vec![]);
    let cap = std::sync::Arc::new(vec![{
        let mut m = indexmap::IndexMap::new();
        m.insert("count".to_string(), Value::Number(1.0));
        m
    }]);
    let f1 = Value::Function(FunctionValue { name: "inner".into(), params: vec![], body: b1, captured: cap.clone() });
    let f2 = Value::Function(FunctionValue { name: "inner".into(), params: vec![], body: b2, captured: cap.clone() });
    println!("eq_same_name_diff_body: {}", f1 == f2);
}
EOF
echo probe1-written
[1m[92m    Finished[0m `dev` profile [unoptimized] target(s) in 0.06s
probe1-written
[0m
[0m$ [0m./target/debug/rb run tests/test_closures.rb 2>&1 | tail -3
echo "--- probe: top-level function redefinition frozen in capture? ---"
cat > /tmp/cap_freeze.rb <<'EOF'
to helper()
    give back 1
end
to outer()
    to inner()
        give back helper()
    end
    give back inner
end
set f to outer()
to helper()
    give back 2
end
say f()
EOF
./target/debug/rb run /tmp/cap_freeze.rb
echo "--- probe: nested mutual recursion after escape? ---"
cat > /tmp/escape_mutual.rb <<'EOF'
to outer()
    to even(k)
        set answer to yes
        if k is 0 then
            set answer to yes
        else
            set answer to odd(k - 1)
        end
        give back answer
    end
    to odd(k)
        set answer to no
        if k is 0 then
            set answer to no
        else
            set answer to even(k - 1)
        end
        give back answer
    end
    give back even
end
set f to outer()
say f(4)
EOF
./target/debug/rb run /tmp/escape_mutual.rb
echo "--- probe: closure sees mutation after declaration? ---"
cat > /tmp/mutate_after.rb <<'EOF'
to outer()
    set x to 1
    to get()
        give back x
    end
    set x to 2
    give back get()
end
say outer()
EOF
./target/debug/rb run /tmp/mutate_after.rb
--- probe: top-level function redefinition frozen in capture? ---
1
--- probe: nested mutual recursion after escape? ---
Error: RuntimeError: Unknown function 'odd'
  --> /tmp/escape_mutual.rb:7:13
7 |             set answer to odd(k - 1)
  |             ^
--- probe: closure sees mutation after declaration? ---
2
[0m
[0m$ [0mcat > /tmp/counter2.rb <<'EOF'
to make_counter(start)
    set count to start
    to inner()
        give back count
    end
    give back inner
end
set a to make_counter(5)
set b to make_counter(99)
say a()
say b()
EOF
./target/debug/rb run /tmp/counter2.rb
echo "--- expect 5 then 99 if isolated; 99,99 if global leak ---"
cat > /tmp/nested2.rb <<'EOF'
to make_counter(start)
    set count to start
    to inner()
        give back count
    end
    give back inner
end
set c to make_counter(5)
say c()
EOF
./target/debug/rb run /tmp/nested2.rb
echo "--- single: expect 5 ---"
99
99
--- expect 5 then 99 if isolated; 99,99 if global leak ---
5
--- single: expect 5 ---
[0m
Found a potential isolation flaw — verifying how it behaves before finalizing findings.
[0m$ [0mcat > /tmp/global_pollute.rb <<'EOF'
to make()
    set hidden to 5
    give back 1
end
say make()
say hidden
EOF
./target/debug/rb run /tmp/global_pollute.rb
echo "--- if prints 5, function set leaked to global ---"
cat > /tmp/loop_param.rb <<'EOF'
to add_to(base)
    for each v in [1, 2]
        set base to base + v
    end
    give back base
end
say add_to(10)
say base
EOF
./target/debug/rb run /tmp/loop_param.rb
echo "--- second line: if prints 13 or error, base leaked ---"
Error: AnalyzerError: Unknown variable 'hidden'
  --> /tmp/global_pollute.rb:6:1
6 | say hidden
  | ^
Error: AnalyzerError: Unknown variable 'base'
  --> /tmp/loop_param.rb:8:1
8 | say base
  | ^
--- if prints 5, function set leaked to global ---
--- second line: if prints 13 or error, base leaked ---
[0m
[0m→ [0mRead src/analyzer.rs
[0m→ [0mRead src/lib.rs
[0m
[0m$ [0mcat > /tmp/bias2.rb <<'EOF'
to make_adder(x)
    set bias to x
    to add(y)
        give back x + y + bias
    end
    give back add
end
set a to make_adder(10)
set b to make_adder(100)
say a(0)
say b(0)
EOF
./target/debug/rb run /tmp/bias2.rb
echo "--- expect 20,200 if isolated; 110,200 (or 200,200) if bias global ---"
110
200
--- expect 20,200 if isolated; 110,200 (or 200,200) if bias global ---
[0m
[0m$ [0mls phases/ 2>&1; ls phases/phase-011/ 2>&1
echo "--- SPEC closures ---"
grep -n -A 20 -i "closure" SPEC.md 2>&1 | head -60
phase-002
phase-003
phase-004
phase-006
phase-007
phase-008
phase-009
phase-010
phase-011
FINDINGS.md
REPORT.md
--- SPEC closures ---
493:### Closures
494-
495-```redblue
496-to make_counter(start)
497-    set count to start
498-    give back to
499-        give back count
500-        add 1 to count
501-    end
502-end
503-```
504-
505----
506-
507-## Objects
508-
509-### Declaration
510-
511-```redblue
512-object Person
513-    has name
[0m
Core defects confirmed — running final verification probes.
[0m$ [0mcat > /tmp/eq_test.rb <<'EOF'
to make_a(start)
    set count to start
    to inner()
        give back count + 1
    end
    give back inner
end
to make_b(start)
    set count to start
    to inner()
        give back count + 100
    end
    give back inner
end
set a to make_a(1)
set b to make_b(1)
say a
say b
if a is b then
    say "equal"
else
    say "not-equal"
end
EOF
./target/debug/rb run /tmp/eq_test.rb
echo "--- expect not-equal (different bodies), equal means PartialEq bug ---"
<function inner>
<function inner>
not-equal
--- expect not-equal (different bodies), equal means PartialEq bug ---
[0m
[0m✱ [0mGrep "analyz"[90m in src/testing · 4 matches[0m
[0m
[0m$ [0m./target/debug/rb test tests/test_closures.rb 2>&1 | tail -5
................
[32mTest Results: 16 total, 16 passed, 0 failed, 0 skipped (100.0% success)[0m
Duration: 0ms
[0m
# Review — phase-011 round 1: REQUEST CHANGES

Gate is green (197 passed locally, `fmt`/`clippy` clean), but the phase's central claim — "real closures" — does not hold for the exact SPEC pattern it cites. One load-bearing defect plus two scoping inconsistencies.

## Blocker 1: `set` inside a function binds a global, so closures share state

`src/vm.rs:210-218` (`set_var`) falls through to `globals` when no local scope already has the name. `Statement::Set` never calls `declare`, so `set count to start` / `set bias to …` inside a maker creates a **global**, not a local. `make_function` (`src/vm.rs:180-188`) then captures a stack that doesn't contain it; the body reads it live from `globals`.

Meanwhile `src/analyzer.rs:65-68` does `declare(name)` in the current scope — analyzer thinks it's function-local, VM makes it global. They disagree, and the tests can't see it because the two same-name makers both use `start = 1`.

Repro (this checkout, `cargo build`):

```
$ cat /tmp/counter2.rb
to make_counter(start)
    set count to start
    to inner()
        give back count
    end
    give back inner
end
set a to make_counter(5)
set b to make_counter(99)
say a()
say b()
$ ./target/debug/rb run /tmp/counter2.rb
99
99          # must be 5, 99
```

```
$ cat /tmp/bias2.rb   # params captured, `set` not
to make_adder(x)
    set bias to x
    to add(y)
        give back x + y + bias
    end
    give back add
end
set a to make_adder(10)
set b to make_adder(100)
say a(0)
say b(0)
110             # must be 20
200
```

`same_nested_name_declared_twice_keeps_both_bodies` passes only because both makers use `1`. `three_levels_of_nesting…` passes via globals overwritten in call order. Fix: `set` must bind in the innermost local when inside a call (declare-on-first-`set` when `locals.len() > 1`, or equivalent), keeping analyzer/VM in agreement. Add regression tests with **differing** enclosed `set` values (counters 5 vs 99, biases 10 vs 100) — in both `tests/closure_capture_test.rs` and `tests/test_closures.rb`.

## Blocker 2: top-level functions are captured by value, contradicting "globals read live"

Top-level `to` stores into `locals[0]` (`src/vm.rs:373-379`), not `globals`, so `make_function`'s `self.locals.clone()` freezes it. REPORT "Globals captured? No" is then false for the most common global — a top-level helper:

```
to helper() / give back 1 / end
to outer() / to inner() / give back helper() / end / give back inner / end
set f to outer()
to helper() / give back 2 / end
say f()     # prints 1, live lookup would print 2
```

Either exclude the base scope from the capture (or resolve the outermost frame live) or downgrade the claim and pin the freeze with a test. As-is it's an undocumented inconsistency, and it's why `edge_escaped…` works while redefinition doesn't.

## Blocker 3 (scope honesty): escaped mutually-recursive pair is broken

FINDINGS §5 calls this "not a defect", but REPORT claims "mutual recursion between nested declarations (DoD)". Only the non-escaping shape (`give back even(n)` inside `outer`) is tested. Escaping one half fails:

```
set f to outer()   # outer returns `even`, `odd` declared after `even`
say f(4)
Error: RuntimeError: Unknown function 'odd'   # src/vm.rs:1148-1155
```

`even`'s capture predates `odd`'s declaration and the live scope is gone after return. If forward-reference-after-escape is out of scope, say so in REPORT's DoD ("mutual recursion while the defining activation is live only") and add the escaping test as a pinned limitation. Don't claim the general case.

## Should-fix (non-blocking but real)

- **Loop/try scope leak on error** (FINDINGS §3, correct analysis). `src/vm.rs:293-299,323-329,343-346,354-357` do `push` → `?` → `pop` never runs. The phase already established the `truncate(caller_depth)` pattern for calls (`src/vm.rs:1200`) — apply the same guard to the four loop handlers + `Try`. A `repeat 1M × try/catch` harness test would pin it.
- **`FunctionValue: PartialEq` ignores the body** (`src/value.rs:63-67`). Currently unobservable (sibling captures differ transitively), but the justification "every value built by one declaration shares that body" is exactly backwards for the duplicate-name case this phase fixes. Compare bodies by `Arc::ptr_eq` (same declaration ⇒ equal, different declarations ⇒ not) instead of ignoring them.
- Process: committed diff in the request is empty — all work is uncommitted tracked. Fine for review, but don't merge uncommitted.

Re-verify with: differing-counter/differing-bias tests red-before/green-after, `cargo fmt --check`, `cargo clippy --all-targets -- -D warnings`, `cargo test --all-targets`, plus `rb test` (219 blocks) and the `/tmp/counter2.rb`, `/tmp/bias2.rb` probes above.
