[93m[1m! [0m agent "reviewer" not found. Falling back to default agent
[0m
> build · muse-spark-1.3-contributor-free
[0m
Hunting the green gate for what's still broken — reading the phase-021 diff.
[0m→ [0mRead .
Seen the layout — now digging into the changed files.
[0m→ [0mRead tests/bootstrap_selfhost_test.rs
[0m→ [0mRead tests/bytecode_vm_test.rs
[0m→ [0mRead phases/phase-021/FINDINGS.md
[0m→ [0mRead src/bytecode/vm.rs[90m [limit=120, offset=1630][0m
Initial pass shows comment fixes and new test guards — now checking the remaining test coverage.
[0m→ [0mRead src/runtime.rs[90m [limit=40, offset=685][0m
[0m→ [0mRead tests/bootstrap_selfhost_test.rs[90m [offset=1299][0m
[0m→ [0mRead tests/list_push_test.rs
[0m→ [0mRead phases/phase-021/FINDINGS.md[90m [limit=50, offset=230][0m
[0m→ [0mRead tests/bytecode_vm_test.rs[90m [offset=1115][0m
[0m→ [0mRead tests/bytecode_vm_test.rs[90m [offset=2382][0m
Core semantics look consistent — now verifying the push-isolation guarantees.
[0m✱ [0mGrep "set.*field|FieldAssign|assign.*field"[90m 35 matches[0m
[0m→ [0mRead src/interpreter.rs[90m [limit=80, offset=1030][0m
[0m✱ [0mGrep "fn get_var|fn set_var|fn get_var_ref"[90m 5 matches[0m
[0m→ [0mRead src/interpreter.rs[90m [limit=110, offset=920][0m
[0m✱ [0mGrep "SET_PROPERTY|SET_PROP|SetProperty"[90m 31 matches[0m
[0m→ [0mRead src/bytecode/vm.rs[90m [limit=50, offset=2277][0m
FINDINGS:
1. [MAJOR] tests/list_push_test.rs:144 — the record-aliasing half cannot fail for its stated reason — `set tok.kind to ...` clones the record on both engines (src/interpreter.rs:1077 `get_var`+`insert`, src/bytecode/vm.rs:2289 `get_var`+`insert`), so a `push` that shared the record instead of cloning it still passes; the list-in-list half does discriminate but the record half does not — fix by dropping the record-aliasing claim or by observing sharing through a path that does not rebind (e.g. list-element sharing as in the second half).
2. [MINOR] tests/bootstrap_selfhost_test.rs:978 — `STAGE3_SAMPLE` claims one program per corpus family but holds 13 entries while `stage2_is_byte_identical_on_its_corpus_families` compares 15 families (missing `runtime-errors`, `faults`) — fix by adding the two missing samples or by correcting the comment at tests/bootstrap_selfhost_test.rs:994 to say sample rather than every family.
3. [MINOR] phases/phase-021/FINDINGS.md:125 — claims 13 hand-written awkward shapes at 13 of 13, but `edge_stage3_is_byte_identical_on_the_awkward_shapes` holds 10 entries (tests/bootstrap_selfhost_test.rs:1051) — fix by recounting to 10 or by listing the 3 shapes counted but not present as tests.
REVIEW VERDICT: FINDINGS 3
