[0m
> build · space-bunny-free
[0m
I'll start by checking the current state of the tree and running the gates.
[0m$ [0mls phases/phase-037/ 2>/dev/null; echo "---RBOPS---"; ls rbops 2>&1 | head -5
FINDINGS.md
REPORT.md
---RBOPS---
ls: cannot access 'rbops': No such file or directory
[0m
[0m$ [0mls && echo "---RB---" && git log --oneline -5 && echo "---STATUS---" && git status --short
AGENTS.md
CODE_OF_CONDUCT.md
CONTRIBUTING.md
Cargo.lock
Cargo.toml
HANDOUT.md
LICENSE
PHILOSOPHY.md
README.md
ROADMAP.md
SPEC.md
bootstrap
build.rs
corpus
docs
examples
export.sh
modules
phases
src
target
test.redblue
tests
tooling
---RB---
dc2c83a resume phase-037: adopt preserved work
722ef32 rbops: phase-036 (2026-10-09T10:42:44Z)
a8e9ea2 tests+stdlib: dispatch Value::Builtin; the builtin surface was unreachable
cc50661 rbops: phase-035 (2026-10-09T09:27:13Z)
642c28f rbops: phase-023 (2026-10-09T07:18:20Z)
---STATUS---
[0m
[0m$ [0mls tests/random_builtin_test.rs && grep -n "random" src/stdlib.rs | head -20
tests/random_builtin_test.rs
206:    globals.insert("random".to_string(), Value::Builtin("random".to_string()));
208:        "random_seed".to_string(),
209:        Value::Builtin("random_seed".to_string()),
212:        "random_number".to_string(),
213:        Value::Builtin("random_number".to_string()),
216:        "random_choice".to_string(),
217:        Value::Builtin("random_choice".to_string()),
220:        "random_shuffle".to_string(),
221:        Value::Builtin("random_shuffle".to_string()),
615:    "random",
616:    "random_seed",
617:    "random_number",
618:    "random_choice",
619:    "random_shuffle",
[0m
[0m$ [0mcargo fmt --all -- --check && echo "FMT_OK"
FMT_OK
[0m
[0m$ [0mcargo clippy --all-targets -- -D warnings 2>&1 | tail -20
[1m[92m    Checking[0m core_detect v1.0.0
[1m[92m    Checking[0m encoding_rs v0.8.42
[1m[92m    Checking[0m serde_urlencoded v0.7.1
[1m[92m    Checking[0m rustls-pemfile v1.0.4
[1m[92m    Checking[0m hyper v0.14.32
[1m[92m    Checking[0m url v2.5.8
[1m[92m    Checking[0m regex-automata v0.4.18
[1m[92m    Checking[0m num-traits v0.2.19
[1m[92m    Checking[0m sync_wrapper v0.1.2
[1m[92m   Compiling[0m redblue v0.2.0 (/home/runner/work/rbops/rbops/redblue)
[1m[92m    Checking[0m ipnet v2.12.2
[1m[92m    Checking[0m hyper-tls v0.5.0
[1m[92m    Checking[0m iana-time-zone v0.1.65
[1m[92m    Checking[0m mime v0.3.17
[1m[92m    Checking[0m chrono v0.4.45
[1m[92m    Checking[0m zmij v1.0.23
[1m[92m    Checking[0m reqwest v0.11.27
[1m[92m    Checking[0m serde_json v1.0.151
[1m[92m    Checking[0m regex v1.13.1
[1m[92m    Finished[0m `dev` profile [unoptimized] target(s) in 14.10s
[0m
Clippy clean. Now the full test suite.
[0m$ [0mcargo test --all-targets 2>&1 | tail -40
test diagnostics_report_linter_findings_as_warnings ... ok
test diagnostics_surface_a_spanned_lexer_error ... ok
test edge_diagnostic_columns_count_characters_not_bytes ... ok
test diagnostics_surface_a_spanned_analyzer_error ... ok
test diagnostics_surface_a_spanned_parser_error ... ok
test edge_empty_source_produces_no_diagnostics ... ok
test edge_diagnostic_json_escapes_a_message_containing_quotes_and_newlines ... ok
test edge_escape_json_escapes_quotes_backslashes_controls_and_unicode ... ok
test every_listed_keyword_lexes_as_a_keyword_not_an_identifier ... ok
test grammar_orders_strings_before_comments_and_comments_before_operators ... ok
test grammar_highlights_the_comment_marker_the_lexer_accepts ... ok
test shipped_grammar_file_matches_the_generator ... ok
test shipped_grammar_file_is_valid_json_with_a_redblue_scope ... ok
test shipped_language_configuration_uses_the_lexers_comment_marker ... ok
test grammar_covers_the_lexer_keyword_set ... ok
test unused_variable_warnings_come_out_in_a_stable_name_order ... ok

test result: ok. 18 passed; 0 failed; 0 ignored; 0 measured; 0 filtered out; finished in 0.00s

[1m[92m     Running[0m tests/unless_test.rs (target/debug/deps/unless_test-e66b3b204f650dfd)

running 15 tests
test edge_an_unclosed_unless_is_rejected_by_diagnostics_as_an_error ... ok
test edge_an_unclosed_unless_is_rejected_by_the_linter_as_an_error ... ok
test edge_body_of_exactly_one_statement ... ok
test edge_unless_nests_inside_if_and_unless ... ok
test edge_unless_rejects_else_because_its_body_has_no_alternative ... ok
test edge_unless_as_the_last_statement_in_a_file ... ok
test edge_unless_whose_body_never_runs_still_exits_its_block ... ok
test edge_unless_with_a_missing_then_is_a_spanned_parser_error ... ok
test edge_unless_without_end_is_a_spanned_parser_error ... ok
test edge_empty_body_parses_and_runs ... ok
test unless_compiles_and_runs_the_same_on_both_vms ... ok
test unless_condition_supports_the_full_expression_grammar ... ok
test unless_with_a_false_condition_takes_its_body ... ok
test unless_with_a_true_condition_skips_its_body ... ok
test unless_uses_the_same_condition_grammar_as_if_and_picks_opposite_branches ... ok

test result: ok. 15 passed; 0 failed; 0 ignored; 0 measured; 0 filtered out; finished in 0.00s
[0m
[0m$ [0mcargo test --all-targets 2>&1 | grep -E "^(test result|error|failures)" | sort | uniq -c | sort -rn; echo "=== FAILED LIST ==="; cargo test --all-targets 2>&1 | grep -E "FAILED|panicked" | head -30
2 test result: ok. 18 passed; 0 failed; 0 ignored; 0 measured; 0 filtered out; finished in 0.01s
      1 test result: ok. 9 passed; 0 failed; 0 ignored; 0 measured; 0 filtered out; finished in 0.14s
      1 test result: ok. 81 passed; 0 failed; 0 ignored; 0 measured; 0 filtered out; finished in 4.95s
      1 test result: ok. 8 passed; 0 failed; 0 ignored; 0 measured; 0 filtered out; finished in 0.36s
      1 test result: ok. 8 passed; 0 failed; 0 ignored; 0 measured; 0 filtered out; finished in 0.00s
      1 test result: ok. 71 passed; 0 failed; 0 ignored; 0 measured; 0 filtered out; finished in 70.83s
      1 test result: ok. 71 passed; 0 failed; 0 ignored; 0 measured; 0 filtered out; finished in 0.88s
      1 test result: ok. 70 passed; 0 failed; 0 ignored; 0 measured; 0 filtered out; finished in 0.02s
      1 test result: ok. 6 passed; 0 failed; 0 ignored; 0 measured; 0 filtered out; finished in 0.19s
      1 test result: ok. 51 passed; 0 failed; 0 ignored; 0 measured; 0 filtered out; finished in 0.27s
      1 test result: ok. 5 passed; 0 failed; 0 ignored; 0 measured; 0 filtered out; finished in 0.00s
      1 test result: ok. 49 passed; 0 failed; 0 ignored; 0 measured; 0 filtered out; finished in 0.04s
      1 test result: ok. 39 passed; 0 failed; 0 ignored; 0 measured; 0 filtered out; finished in 5.10s
      1 test result: ok. 39 passed; 0 failed; 0 ignored; 0 measured; 0 filtered out; finished in 0.05s
      1 test result: ok. 34 passed; 0 failed; 0 ignored; 0 measured; 0 filtered out; finished in 0.18s
      1 test result: ok. 31 passed; 0 failed; 0 ignored; 0 measured; 0 filtered out; finished in 2.43s
      1 test result: ok. 3 passed; 0 failed; 0 ignored; 0 measured; 0 filtered out; finished in 0.00s
      1 test result: ok. 29 passed; 0 failed; 0 ignored; 0 measured; 0 filtered out; finished in 0.06s
      1 test result: ok. 26 passed; 0 failed; 0 ignored; 0 measured; 0 filtered out; finished in 0.12s
      1 test result: ok. 25 passed; 0 failed; 0 ignored; 0 measured; 0 filtered out; finished in 0.12s
      1 test result: ok. 24 passed; 0 failed; 0 ignored; 0 measured; 0 filtered out; finished in 1.01s
      1 test result: ok. 23 passed; 0 failed; 0 ignored; 0 measured; 0 filtered out; finished in 0.08s
      1 test result: ok. 23 passed; 0 failed; 0 ignored; 0 measured; 0 filtered out; finished in 0.00s
      1 test result: ok. 21 passed; 0 failed; 0 ignored; 0 measured; 0 filtered out; finished in 0.01s
      1 test result: ok. 20 passed; 0 failed; 0 ignored; 0 measured; 0 filtered out; finished in 290.23s
      1 test result: ok. 20 passed; 0 failed; 0 ignored; 0 measured; 0 filtered out; finished in 0.01s
      1 test result: ok. 19 passed; 0 failed; 0 ignored; 0 measured; 0 filtered out; finished in 0.04s
      1 test result: ok. 18 passed; 0 failed; 0 ignored; 0 measured; 0 filtered out; finished in 0.00s
      1 test result: ok. 16 passed; 0 failed; 0 ignored; 0 measured; 0 filtered out; finished in 363.16s
      1 test result: ok. 16 passed; 0 failed; 0 ignored; 0 measured; 0 filtered out; finished in 0.00s
      1 test result: ok. 15 passed; 0 failed; 0 ignored; 0 measured; 0 filtered out; finished in 0.01s
      1 test result: ok. 15 passed; 0 failed; 0 ignored; 0 measured; 0 filtered out; finished in 0.00s
      1 test result: ok. 14 passed; 0 failed; 0 ignored; 0 measured; 0 filtered out; finished in 0.12s
      1 test result: ok. 13 passed; 0 failed; 0 ignored; 0 measured; 0 filtered out; finished in 0.33s
      1 test result: ok. 13 passed; 0 failed; 0 ignored; 0 measured; 0 filtered out; finished in 0.02s
      1 test result: ok. 122 passed; 0 failed; 0 ignored; 0 measured; 0 filtered out; finished in 0.37s
      1 test result: ok. 12 passed; 0 failed; 0 ignored; 0 measured; 0 filtered out; finished in 0.01s
      1 test result: ok. 12 passed; 0 failed; 0 ignored; 0 measured; 0 filtered out; finished in 0.00s
      1 test result: ok. 11 passed; 0 failed; 0 ignored; 0 measured; 0 filtered out; finished in 0.23s
      1 test result: ok. 0 passed; 0 failed; 0 ignored; 0 measured; 0 filtered out; finished in 0.00s
=== FAILED LIST ===
[0m
[0m$ [0mgrep -n "SystemTime\|Instant" src/runtime.rs | head -30
19:use std::time::{Duration, SystemTime, UNIX_EPOCH};
309:/// `SystemTime::duration_since` is `Err` for any instant before
314:/// the underlying `SystemTimeError`, whose text ("second time provided was
317:/// The instant is a parameter rather than a `SystemTime::now()` call inside,
321:fn since_epoch(instant: SystemTime, span: Span) -> Result<Duration> {
334:/// `SystemTime + Duration` panics when the addition overflows, and it does so
351:    // `i64::MAX` seconds is far past the last instant a `SystemTime` can hold,
447:// It used to be `SystemTime::now()`. A clock is the worst possible source for
786:            let now = since_epoch(SystemTime::now(), span)?;
[0m
[0m$ [0mcargo test --all-targets 2>&1 | grep -E "^test result" | awk -F'[ ;]' '{p+=$4; f+=$6} END {print "passed:",p," failed:",f}'
passed: 1118  failed: 0
[0m
All three cargo gates green (1118 passed, 0 failed). Now let me independently verify the definition-of-done claims rather than trust the prior report.
[0m$ [0msed -n '440,520p' src/runtime.rs
})
}

// ============================================================ the seeded draws

// The state the `random*` builtins draw from, per thread.
//
// It used to be `SystemTime::now()`. A clock is the worst possible source for
// this: it is monotonically non-decreasing, so consecutive draws come out
// strictly increasing rather than spread over the range, `random(1, 1)`
// answered whatever the low digits of the instant were because it took no
// arguments at all, and nothing a program printed was reproducible — which is
// AGENTS.md 3.1.4 broken, and a precondition of the bootstrap fixed point with
// it.
//
// `random_seed(n)` sets this. A program that never seeds gets a fixed
// `DEFAULT_SEED` rather than a clock reading, so the language is deterministic
// by default and a program has to *ask* for variation it cannot reproduce.
// That is the direction the failure should be hard to get into.
//
// `Cell<u64>` rather than an `AtomicU64` or a mutex: the state is thread-local,
// so `cargo test` running several tests in parallel cannot interleave two
// tests' draws and make a pinned sequence unreproducible, and no draw pays for
// a lock. A Redblue program is single-threaded — `crate::vm` runs one — so
// thread-local *is* process-local here.
thread_local! {
    static RANDOM_STATE: Cell<u64> = const { Cell::new(DEFAULT_SEED) };
}

/// The seed a program that never calls `random_seed` draws from.
///
/// Fixed, not derived from anything: the default has to be as reproducible as an
/// explicit seed, or the determinism above is only for programs that remember to
/// ask for it. The value is arbitrary — nothing depends on it being this one,
/// and no golden output is pinned to it.
const DEFAULT_SEED: u64 = 0x9E37_79B9_7F4A_7C15;

/// The mixing function of SplitMix64: a bijection on `u64` with every input bit
/// reaching every output bit.
///
/// This is the whole generator. A linear congruential step would also be short,
/// but its low bits are the high bits of the previous step and the low bits are
/// what `random(0, 100)` selects on, so an LCG modulo 101 walks its draw in a
/// short cycle instead of spreading.
const fn splitmix64(state: u64) -> u64 {
    let mut z = state.wrapping_add(0x9E37_79B9_7F4A_7C15);
    z = (z ^ (z >> 30)).wrapping_mul(0xBF58_476D_1CE4_E5B9);
    z = (z ^ (z >> 27)).wrapping_mul(0x94D0_49BB_1331_11EB);
    z ^ (z >> 31)
}

/// The next 64 random bits, advancing the generator.
fn next_bits() -> u64 {
    RANDOM_STATE.with(|state| {
        let next = splitmix64(state.get());
        state.set(next);
        next
    })
}

/// A draw in `[0, 1)`, from the top 53 bits — the most an `f64` can name without
/// rounding, so every one of the `2^53` steps is equally likely to produce it.
fn next_unit() -> f64 {
    (next_bits() >> 11) as f64 * (1.0 / (1u64 << 53) as f64)
}

/// Seeds this thread's draws, so everything after is reproducible from `seed`.
pub fn seed_random(seed: u64) {
    RANDOM_STATE.with(|state| state.set(splitmix64(seed)));
}

/// An integer draw from the inclusive range `[min, max]`.
///
/// Both ends are inclusive because that is what makes `random(5, 5)` answer
/// `5`: a range with one member has one answer, and a half-open range would give
/// `random(5, 5)` a span of zero. The width is `max - min + 1`, so `[0, 100]`
/// has 101 members and 200 draws can name at most 101 of them.
///
/// A width that is exactly an integer is drawn by taking the generator modulo
/// it, which is exact — no scaling, so no rounding can push a draw out of the
/// range, and no endpoint is favoured. A width with a fraction in it has no
[0m
[0m$ [0mgrep -n "\"random\"\|random_number\|random_choice\|random_shuffle\|random_seed\|fn next_bits\|thread_local" src/runtime.rs | head -40
455:// `random_seed(n)` sets this. A program that never seeds gets a fixed
465:thread_local! {
469:/// The seed a program that never calls `random_seed` draws from.
492:fn next_bits() -> u64 {
559:/// A float draw from `[min, max)`, the range `random_number` has always meant.
565:            format!("random_number: the low end {min} is above the high end {max}"),
578:/// `random_number(10)` is `[0, 10)` and `random(6)` is `[0, 6]` — the dice
579:/// spelling. No arguments is the unit range for `random_number` and `[0, 100]`
637:        "random" => {
638:            let (min, max) = random_range(span, "random", args, 100.0)?;
641:        "random_seed" => {
646:                        "random_seed requires one number, as in random_seed(42)".to_string(),
653:                    format!("random_seed requires a finite number, got {seed}"),
952:        "random_number" => {
953:            let (min, max) = random_range(span, "random_number", args, 1.0)?;
956:        "random_choice" => {
964:                        "random_choice requires a list with at least one element".to_string(),
972:                    "random_choice requires a list".to_string(),
977:        "random_shuffle" => {
992:                    "random_shuffle requires a list".to_string(),
[0m
[0m$ [0msed -n '940,1010p' src/runtime.rs
}
        "console_error" => {
            if let Some(arg) = args.first() {
                eprintln!("{}", arg);
            }
            Ok(Some(Value::Nothing))
        }
        "console_clear" => {
            print!("\x1B[2J\x1B[1H");
            Ok(Some(Value::Nothing))
        }
        // Random module
        "random_number" => {
            let (min, max) = random_range(span, "random_number", args, 1.0)?;
            random_float(span, min, max).map(Some)
        }
        "random_choice" => {
            if let Some(Value::List(items)) = args.first() {
                if items.is_empty() {
                    // An empty list has no member to choose, so there is no
                    // answer to give. `nothing` used to be handed back, which is
                    // a value the program could not tell apart from a choice
                    // that had not happened yet.
                    return Err(Error::Runtime(
                        "random_choice requires a list with at least one element".to_string(),
                        span,
                    ));
                }
                let idx = (next_bits() % items.len() as u64) as usize;
                Ok(Some(items[idx].clone()))
            } else {
                Err(Error::Runtime(
                    "random_choice requires a list".to_string(),
                    span,
                ))
            }
        }
        "random_shuffle" => {
            if let Some(Value::List(items)) = args.first().cloned() {
                let mut shuffled = (*items).clone();
                // Fisher-Yates, drawing a fresh index at each step. It used to
                // compute one `seed` and use `seed % (i + 1)` for every swap,
                // which is not a shuffle at all: the permutation was a fixed
                // function of one clock reading, the same for every input of the
                // same length.
                for i in (1..shuffled.len()).rev() {
                    let j = (next_bits() % (i as u64 + 1)) as usize;
                    shuffled.swap(i, j);
                }
                Ok(Some(Value::list(shuffled)))
            } else {
                Err(Error::Runtime(
                    "random_shuffle requires a list".to_string(),
                    span,
                ))
            }
        }
        // Type conversion
        "type_of" => {
            let type_name = args.first().map(|v| v.type_name()).unwrap_or("nothing");
            Ok(Some(Value::Text(type_name.to_string())))
        }
        // The conversion and list builtins `stdlib::builtins` registers and
        // this function did not answer. A program could name every one of them
        // and each call failed with `Unknown function`, which is the message for
        // a name nothing implements — not for a name the language documents.
        "to_number" => {
            let text = match args.first() {
                Some(Value::Text(text)) => text,
                _ => {
                    return Err(Error::Runtime(
[0m
[0m$ [0msed -n '520,640p' src/runtime.rs
/// range, and no endpoint is favoured. A width with a fraction in it has no
/// whole number of members, so the draw is scaled and floored into the range;
/// that only happens when a program wrote a fractional bound.
///
/// `min` above `max` is a range with no member, so it is refused rather than
/// answered from the reversed range: silently swapping the ends would make
/// `random(10, 1)` a working call, which is not what the program wrote.
fn random_int(span: Span, min: f64, max: f64) -> Result<Value> {
    if min > max {
        return Err(Error::Runtime(
            format!("random: the low end {min} is above the high end {max}"),
            span,
        ));
    }
    // `max - min + 1` is infinity for a range as ordinary as `-1e308` to
    // `1e308`, and a draw out of a width no double can name is not a number this
    // language can hold.
    let width = max - min + 1.0;
    if !width.is_finite() {
        return Err(Error::Runtime(
            "random: the range is too wide to measure in a number".to_string(),
            span,
        ));
    }
    // `2^53` is the largest width whose members are all exactly representable, so
    // above it the modulo would be biased toward the low end by more than the
    // language can name. Such a range is still drawn from, by scaling.
    let draw = if width.fract() == 0.0 && width <= MAX_EXACT_WIDTH {
        min + (next_bits() % width as u64) as f64
    } else {
        min + (next_unit() * width).floor().min(width - 1.0)
    };
    Value::number(draw, span)
}

/// The widest integer range every member of which is exactly representable as
/// an `f64`, so that modulo over it names members evenly.
const MAX_EXACT_WIDTH: f64 = 9_007_199_254_740_992.0; // 2^53

/// A float draw from `[min, max)`, the range `random_number` has always meant.
///
/// `min` above `max` is refused for the same reason `random` refuses it.
fn random_float(span: Span, min: f64, max: f64) -> Result<Value> {
    if min > max {
        return Err(Error::Runtime(
            format!("random_number: the low end {min} is above the high end {max}"),
            span,
        ));
    }
    // `max - min` overflows for a range as ordinary as `-1e308` to `1e308`,
    // which is a number that does not exist. `min + r * inf` is then infinity,
    // or `NaN` when `r` is zero, and `Value::number` refuses both.
    Value::number(min + next_unit() * (max - min), span)
}

/// The `min` and `max` a range builtin was given.
///
/// A single argument is the high end and zero is the low end, so
/// `random_number(10)` is `[0, 10)` and `random(6)` is `[0, 6]` — the dice
/// spelling. No arguments is the unit range for `random_number` and `[0, 100]`
/// for `random`.
///
/// A non-number is refused rather than read as zero: `random("a", 1)` used to
/// answer a draw out of `[0, 1)` because the argument was ignored, which is a
/// working call that means nothing.
fn random_range(span: Span, name: &str, args: &[Value], default_max: f64) -> Result<(f64, f64)> {
    match (args.first(), args.get(1)) {
        (None, None) => Ok((0.0, default_max)),
        (Some(Value::Number(min)), Some(Value::Number(max))) => Ok((*min, *max)),
        (Some(Value::Number(max)), None) => Ok((0.0, *max)),
        _ => Err(Error::Runtime(
            format!("{name} requires numbers, as in {name}(1, 6)"),
            span,
        )),
    }
}

/// Every function that is not a user-defined one, in the one place both VMs
/// reach for.
///
/// `Ok(None)` says the name is not a builtin, which is how the caller knows to
/// look for a user declaration. This lives here rather than in either VM so
/// that a bytecode `CALL` and a tree-walked call cannot drift apart: there is
/// one implementation and both answer from it.
pub fn builtin(span: Span, name: &str, args: &[Value]) -> Result<Option<Value>> {
    match name {
        "say" => {
            if let Some(arg) = args.first() {
                println!("{}", arg);
                Ok(Some(Value::Nothing))
            } else {
                Err(Error::Runtime("say requires an argument".to_string(), span))
            }
        }
        "length" | "len" => {
            if let Some(Value::List(items)) = args.first().cloned() {
                Ok(Some(Value::Number(items.len() as f64)))
            } else if let Some(Value::Text(s)) = args.first().cloned() {
                Ok(Some(Value::Number(s.len() as f64)))
            } else {
                Err(Error::Runtime(
                    "length requires a list or text".to_string(),
                    span,
                ))
            }
        }
        "input" | "ask" => {
            let mut input = String::new();
            if let Some(prompt) = args.first() {
                print!("{}", prompt);
            }
            std::io::stdin()
                .read_line(&mut input)
                .map_err(|e| Error::Runtime(e.to_string(), span))?;
            input.pop(); // Remove newline
            Ok(Some(Value::Text(input)))
        }
        "random" => {
            let (min, max) = random_range(span, "random", args, 100.0)?;
            random_int(span, min, max).map(Some)
        }
[0m
[0m$ [0mcargo build --bin rb 2>&1 | tail -3 && mkdir -p target/tmp && printf 'say random(5, 5)\nrandom_seed(1)\nset seen to 0\nfor each i from 1 to 200\n    set seen to seen + 1\nend\n' > target/tmp/dod1.rb && ./target/debug/rb run target/tmp/dod1.rb
[1m[92m    Finished[0m `dev` profile [unoptimized] target(s) in 0.07s
5
[0m
[0m$ [0m./target/debug/rb run examples/random.rb 2>&1 | head -40
a die:
5
the only member of a range of one:
5
between 0 and 1:
0.23011702022018832
between -10 and -5:
-5.1540884184635365
a colour:
red
the same three, shuffled:
[green, red, blue]
[0m
[0m$ [0mcat tests/random_builtin_test.rs | grep -n "^fn \|^#\[test\]\|fn edge_" | head -40; echo "=== COUNT ==="; grep -c "#\[test\]" tests/random_builtin_test.rs; grep -c "fn edge_" tests/random_builtin_test.rs
29:fn eval(source: &str) -> Value {
37:fn eval_err(source: &str) -> Error {
51:fn draws(expr: &str, count: usize) -> Vec<f64> {
74:fn run_process(tag: &str, source: &str) -> String {
96:#[test]
97:fn random_honours_its_range_arguments() {
136:#[test]
137:fn edge_two_processes_seeded_alike_print_identical_output() {
161:#[test]
162:fn random_draws_are_reproducible_from_a_seed() {
177:#[test]
178:fn edge_random_number_spreads_its_draws_across_the_range() {
204:#[test]
205:fn edge_random_shuffle_permutes_its_input_for_every_seed() {
236:#[test]
237:fn edge_random_choice_reaches_every_element_of_the_list() {
265:#[test]
266:fn edge_random_refuses_the_arguments_it_cannot_use() {
344:#[test]
345:fn edge_a_range_of_no_width_is_still_a_range() {
387:#[test]
388:fn edge_random_shuffle_keeps_every_repeated_member() {
409:#[test]
410:fn edge_random_choice_and_shuffle_carry_nested_values() {
442:#[test]
443:fn edge_random_seed_refuses_a_seed_it_cannot_use() {
478:#[test]
479:fn edge_many_draws_stay_in_range_and_do_not_grow() {
508:#[test]
509:fn edge_random_refuses_a_range_no_number_can_measure() {
526:#[test]
527:fn both_engines_agree_on_a_seeded_sequence() {
=== COUNT ===
14
11
[0m
[0m$ [0msed -n '177,205p' tests/random_builtin_test.rs
#[test]
fn edge_random_number_spreads_its_draws_across_the_range() {
    let mut buckets = [0usize; 10];
    for value in draws("random_number(0, 100)", 1000) {
        assert!(
            (0.0..100.0).contains(&value),
            "random_number(0, 100) answered {value}, outside the range it was given"
        );
        let bucket = (value / 10.0).floor() as usize;
        buckets[bucket.min(9)] += 1;
    }
    // 1000 draws over ten deciles: the mean is 100 a bucket, and the band below
    // is the one the phase pins for the same check.
    for (index, count) in buckets.iter().enumerate() {
        assert!(
            (40..=160).contains(count),
            "decile {index} of random_number(0, 100) took {count} of 1000 draws; \
             a generator spread over the range puts about 100 in each\nbuckets: {buckets:?}"
        );
    }
}

/// `random_shuffle` returns a permutation, and not the input back.
///
/// Both halves are pinned: a shuffle that dropped or duplicated an element would
/// pass a "not the identity" check alone, and one that returned its input
/// verbatim would pass a "is a permutation" check alone.
#[test]
fn edge_random_shuffle_permutes_its_input_for_every_seed() {
[0m
[0m$ [0msed -n '74,136p' tests/random_builtin_test.rs
fn run_process(tag: &str, source: &str) -> String {
    let dir = std::path::Path::new(env!("CARGO_MANIFEST_DIR")).join("target/tmp/p37random");
    std::fs::create_dir_all(&dir).expect("scratch directory");
    let file = dir.join(format!("{tag}.rb"));
    std::fs::write(&file, source).expect("the program is written");
    let out = Command::new(env!("CARGO_BIN_EXE_rb"))
        .arg("run")
        .arg(&file)
        .output()
        .expect("rb runs");
    assert!(
        out.status.success(),
        "the program failed:\n{source}\n--- stderr\n{}",
        String::from_utf8_lossy(&out.stderr)
    );
    String::from_utf8_lossy(&out.stdout).into_owned()
}

/// `random(min, max)` answers a number *in the range it was given*.
///
/// `random(5, 5)` is the whole finding in one call: the range arguments used to
/// be dead, so it answered whatever the clock's low digits were.
#[test]
fn random_honours_its_range_arguments() {
    for bound in [5.0, 0.0, -3.0, 1.0e6] {
        let value = match eval(&format!("random({bound}, {bound})")) {
            Value::Number(n) => n,
            other => panic!("random({bound}, {bound}) should be a number, got {other:?}"),
        };
        assert_eq!(
            value, bound,
            "random({bound}, {bound}) must answer exactly {bound}: a range whose two \
             ends are equal has exactly one member"
        );
    }

    let values = draws("random(0, 100)", 200);
    let distinct: BTreeSet<i64> = values.iter().map(|n| *n as i64).collect();
    assert!(
        distinct.len() <= 101,
        "random(0, 100) has 101 members, so 200 draws can name at most 101 of them, \
         but they named {}",
        distinct.len()
    );
    for value in &values {
        assert!(
            (0.0..=100.0).contains(value),
            "random(0, 100) answered {value}, which is outside the range it was given"
        );
        assert_eq!(
            value.fract(),
            0.0,
            "random is the integer-valued draw and answered the fraction {value}"
        );
    }
}

/// Two processes that set the same seed print the same thing, byte for byte.
///
/// This is the property the whole phase exists for: with a wall clock in the
/// path, a golden-output corpus cannot contain a `random*` call at all
/// (AGENTS.md 3.1.4), which is a precondition of the bootstrap fixed point.
#[test]
[0m
Three cargo gates pass (1118 tests, 0 failed). Now let me independently verify the DoD claims rather than trust the prior report.
[0m$ [0mcargo test --test random_builtin_test 2>&1 | tail -25
[1m[92m    Finished[0m `test` profile [unoptimized] target(s) in 0.07s
[1m[92m     Running[0m tests/random_builtin_test.rs (target/debug/deps/random_builtin_test-e62e411272b15846)

running 14 tests
test edge_random_choice_and_shuffle_carry_nested_values ... ok
test both_engines_agree_on_a_seeded_sequence ... ok
test edge_a_range_of_no_width_is_still_a_range ... ok
test edge_random_refuses_a_range_no_number_can_measure ... ok
test edge_random_number_spreads_its_draws_across_the_range ... ok
test edge_random_refuses_the_arguments_it_cannot_use ... ok
test edge_random_seed_refuses_a_seed_it_cannot_use ... ok
test edge_random_choice_reaches_every_element_of_the_list ... ok
test edge_random_shuffle_keeps_every_repeated_member ... ok
test random_draws_are_reproducible_from_a_seed ... ok
test random_honours_its_range_arguments ... ok
test edge_two_processes_seeded_alike_print_identical_output ... ok
test edge_random_shuffle_permutes_its_input_for_every_seed ... ok
test edge_many_draws_stay_in_range_and_do_not_grow ... ok

test result: ok. 14 passed; 0 failed; 0 ignored; 0 measured; 0 filtered out; finished in 0.12s
[0m
All 14 tests pass. Now independent verification of each DoD claim, without going through the tests themselves.
[0m$ [0mmkdir -p target/tmp && cat > target/tmp/det.rb <<'EOF'
random_seed(2024)
set i to 0
while i < 10
    set r to random(0, 1000)
    set n to random_number(0, 1)
    set c to random_choice([1, 2, 3])
    set s to random_shuffle([1, 2, 3, 4, 5])
    say r, "  ", n, "  ", c, "  ", s
    set i to i + 1
end
EOF
./target/debug/rb run target/tmp/det.rb > target/tmp/run1.txt 2>&1; echo "exit=$?"
./target/debug/rb run target/tmp/det.rb > target/tmp/run2.txt 2>&1; echo "exit=$?"
diff target/tmp/run1.txt target/tmp/run2.txt; echo "DIFF_EXIT=$?"
wc -l target/tmp/run1.txt; head -4 target/tmp/run1.txt
exit=1
exit=1
DIFF_EXIT=0
4 target/tmp/run1.txt
Error: ParserError: Unexpected token Comma
  --> target/tmp/det.rb:8:10
8 |     say r, "  ", n, "  ", c, "  ", s
  |          ^
[0m
[0m→ [0mRead examples/random.rb
[0m
[0m$ [0mcat > target/tmp/det.rb <<'EOF'
random_seed(2024)
set i to 0
while i < 10
    set r to random(0, 1000)
    set n to random_number(0, 1)
    set c to random_choice([1, 2, 3])
    set s to random_shuffle([1, 2, 3, 4, 5])
    say r
    say n
    say c
    say s
    set i to i + 1
end
EOF
./target/debug/rb run target/tmp/det.rb > target/tmp/run1.txt 2>&1; echo "exit=$?"
./target/debug/rb run target/tmp/det.rb > target/tmp/run2.txt 2>&1; echo "exit=$?"
diff target/tmp/run1.txt target/tmp/run2.txt; echo "DIFF_EXIT=$?"
wc -l < target/tmp/run1.txt; head -4 target/tmp/run1.txt
exit=0
exit=0
DIFF_EXIT=0
40
511
0.6055906605277261
2
[5, 1, 4, 3, 2]
[0m
[0m$ [0mgrep -rn "add .* to \|append\|push" examples/*.rb | head -10
examples/files.rb:19:files.append("output.txt", " - appended text")
[0m
[0m$ [0msed -n '1,75p' tests/random_builtin_test.rs
//! The `random*` builtins are seeded, in range, and reproducible.
//!
//! The finding this file pins: every `random*` builtin drew from
//! `SystemTime::now()`. `random(1, 1)` answered `403` — it took no arguments at
//! all — 200 draws of `random(0, 100)` produced 179 distinct values, eight
//! consecutive `random_number(0, 100)` draws came out strictly increasing
//! because the source is a monotonic nanosecond counter and not noise, and
//! `random_shuffle` computed `seed % (i + 1)` from a single clock reading, so
//! its permutation was a fixed function of one instant.
//!
//! A wall clock in the output path also breaks AGENTS.md 3.1.4: no golden-output
//! corpus, differential test or property test can contain a `random*` call and
//! still be reproducible, which is a precondition of the bootstrap fixed point.
//!
//! So the draws come from an explicitly seeded generator, and every test here
//! seeds before it draws. The state is thread-local, so `cargo test` running
//! these tests in parallel cannot interleave two tests' draws.

use std::collections::BTreeSet;
use std::process::Command;

use redblue::{Error, Value};

/// The seed most tests here pin. Fixed, so a failure is reproducible.
const SEED: f64 = 12345.0;

/// Runs `source` through lexer → parser → VM and returns its last value.
#[track_caller]
fn eval(source: &str) -> Value {
    let tokens = redblue::lexer::Lexer::tokenize(source).expect("source should lex");
    let ast = redblue::parser::parse(tokens).expect("source should parse");
    redblue::Vm::new().run(&ast).expect("source should run")
}

/// Runs `source` and returns the pipeline error it produced.
#[track_caller]
fn eval_err(source: &str) -> Error {
    let tokens = redblue::lexer::Lexer::tokenize(source).expect("source should lex");
    let ast = redblue::parser::parse(tokens).expect("source should parse");
    match redblue::Vm::new().run(&ast) {
        Ok(value) => panic!("`{source}` should have been refused, it answered {value}"),
        Err(error) => error,
    }
}

/// A list of `count` numbers drawn by `expr`, one per `for` iteration.
///
/// The program is whole: seeding, the loop and the list all run inside one VM,
/// so what is asserted is what a Redblue program would see.
#[track_caller]
fn draws(expr: &str, count: usize) -> Vec<f64> {
    let source = format!(
        "random_seed({SEED})\n\
         set xs to []\n\
         for each i from 1 to {count}\n    \
             append(\"xs\", {expr})\n\
         end\n\
         xs"
    );
    let list = eval(&source);
    let Value::List(items) = list else {
        panic!("the draw loop should answer a list, it answered {list}");
    };
    items
        .iter()
        .map(|value| match value {
            Value::Number(n) => *n,
            other => panic!("every draw should be a number, one is {other:?}"),
        })
        .collect()
}

/// Runs `source` in its own `rb` process and returns what it printed.
fn run_process(tag: &str, source: &str) -> String {
    let dir = std::path::Path::new(env!("CARGO_MANIFEST_DIR")).join("target/tmp/p37random");
[0m
[0m$ [0mcat > target/tmp/dod2.rb <<'EOF'
random_seed(12345)
set i to 0
while i < 200
    say random(0, 100)
    set i to i + 1
end
EOF
./target/debug/rb run target/tmp/dod2.rb > target/tmp/d200.txt 2>&1
echo "lines: $(wc -l < target/tmp/dod.txt 2>/dev/null; wc -l < target/tmp/d200.txt)"
echo "distinct random(0,100) over 200 draws: $(sort -u target/tmp/d200.txt | wc -l)"
echo "min: $(sort -n target/tmp/d200.txt | head -1)  max: $(sort -n target/tmp/d200.txt | tail -1)"
echo "non-integer values: $(grep -c '\.' target/tmp/d200.txt || true)"
/bin/bash: line 10: target/tmp/dod.txt: No such file or directory
lines: 200
distinct random(0,100) over 200 draws: 91
min: 0  max: 100
non-integer values: 0
[0m
200 draws of `random(0, 100)` give 91 distinct values (≤101, was 179), all integral, spanning the full range. Now the decile-distribution DoD item:
[0m$ [0mcat > target/tmp/dod3.rb <<'EOF'
random_seed(12345)
set i to 0
while i < 1000
    say random_number(0, 100)
    set i to i + 1
end
EOF
./target/debug/rb run target/tmp/dod3.rb > target/tmp/d1000.txt 2>&1
echo "distinct values: $(sort -u target/tmp/d1000.txt | wc -l) (expect <= 101)"
python3 - <<'PY'
vals=[float(l) for l in open('target/tmp/d1000.txt')]
print("n =",len(vals),"min =",min(vals),"max =",max(vals))
b=[0]*10
for v in vals: b[min(int(v//10),9)]+=1
print("decile buckets:",b)
print("all buckets within 400..600:", all(400<=c<=600 for c in b))
PY
distinct values: 1000 (expect <= 101)
n = 1000 min = 0.0540820066389891 max = 99.87441555371905
decile buckets: [105, 95, 103, 94, 101, 98, 116, 100, 89, 99]
all buckets within 400..600: False
[0m
[0m$ [0mcat > target/tmp/dod5.rb <<'EOF'
random_seed(7)
set seen to {}
set i to 0
while i < 1000
    set c to random_choice([10, 20, 30, 40])
    set seen[str(c)] to true
    set i to i + 1
end
say keys(seen)
EOF
./target/debug/rb run target/tmp/dod5.rb 2>&1 | head -5
Error: ParserError: Expected To but got LeftBracket
  --> target/tmp/dod5.rb:6:13
6 |     set seen[str(c)] to true
  |             ^
[0m
[0m$ [0mcat > target/tmp/dod4.rb <<'EOF'
random_seed(12345)
set i to 0
while i < 200
    say random_number(0, 100)
    set i to i + 1
end
EOF
./target/debug/rb run target/tmp/dod4.rb > target/tmp/n200.txt 2>&1
echo "200 draws random_number(0,100) distinct: $(sort -u target/tmp/n200.txt | wc -l)"
echo "--- randint decile check also for random(0,100) ---"
python3 - <<'PY'
vals=[float(l) for l in open('target/tmp/d200.txt')]
b=[0]*10
for v in vals: b[min(int(v//10),9)]+=1
print("random(0,100) over 200 draws, deciles:",b)
PY
200 draws random_number(0,100) distinct: 200
--- randint decile check also for random(0,100) ---
random(0,100) over 200 draws, deciles: [22, 14, 17, 24, 20, 18, 18, 25, 21, 21]
[0m
[0m$ [0mcat > target/tmp/dod5.rb <<'EOF'
random_seed(7)
set i to 0
while i < 1000
    say random_choice([10, 20, 30, 40])
    set i to i + 1
end
EOF
./target/debug/rb run target/tmp/dod5.rb > target/tmp/choice.txt 2>&1
echo "counts: 10=$(grep -cx '10' target/tmp/choice.txt) 20=$(grep -cx '20' target/tmp/choice.txt) 30=$(grep -cx '30' target/tmp/choice.txt) 40=$(grep -cx '40' target/tmp/choice.txt)"
counts: 10=266 20=245 30=266 40=223
[0m
[0m$ [0mfails=0; ident=0; for s in $(seq 0 99); do
  out=$(printf 'random_seed(%d)\nsay random_shuffle([1,2,3,4,5,6,7,8])\n' "$s" | ./target/debug/rb run - 2>&1 || echo "ERR")
  if [ "$out" = "[1, 2, 3, 4, 5, 6, 7, 8]" ]; then ident=$((ident+1)); fi
  sorted=$(echo "$out" | tr -d '[] ' | tr ',' '\n' | sort -n | tr '\n' ',' )
  if [ "$sorted" != "1,2,3,4,5,6,7,8," ]; then echo "seed $s NOT a permutation: $out"; fails=$((fails+1)); fi
done
echo "seeds 0..99: non-permutations=$fails identity=$ident"
seed 0 NOT a permutation: Error: IoError: No such file or directory (os error 2)
ERR
seed 1 NOT a permutation: Error: IoError: No such file or directory (os error 2)
ERR
seed 2 NOT a permutation: Error: IoError: No such file or directory (os error 2)
ERR
seed 3 NOT a permutation: Error: IoError: No such file or directory (os error 2)
ERR
seed 4 NOT a permutation: Error: IoError: No such file or directory (os error 2)
ERR
seed 5 NOT a permutation: Error: IoError: No such file or directory (os error 2)
ERR
seed 6 NOT a permutation: Error: IoError: No such file or directory (os error 2)
ERR
seed 7 NOT a permutation: Error: IoError: No such file or directory (os error 2)
ERR
seed 8 NOT a permutation: Error: IoError: No such file or directory (os error 2)
ERR
seed 9 NOT a permutation: Error: IoError: No such file or directory (os error 2)
ERR
seed 10 NOT a permutation: Error: IoError: No such file or directory (os error 2)
ERR
seed 11 NOT a permutation: Error: IoError: No such file or directory (os error 2)
ERR
seed 12 NOT a permutation: Error: IoError: No such file or directory (os error 2)
ERR
seed 13 NOT a permutation: Error: IoError: No such file or directory (os error 2)
ERR
seed 14 NOT a permutation: Error: IoError: No such file or directory (os error 2)
ERR
seed 15 NOT a permutation: Error: IoError: No such file or directory (os error 2)
ERR
seed 16 NOT a permutation: Error: IoError: No such file or directory (os error 2)
ERR
seed 17 NOT a permutation: Error: IoError: No such file or directory (os error 2)
ERR
seed 18 NOT a permutation: Error: IoError: No such file or directory (os error 2)
ERR
seed 19 NOT a permutation: Error: IoError: No such file or directory (os error 2)
ERR
seed 20 NOT a permutation: Error: IoError: No such file or directory (os error 2)
ERR
seed 21 NOT a permutation: Error: IoError: No such file or directory (os error 2)
ERR
seed 22 NOT a permutation: Error: IoError: No such file or directory (os error 2)
ERR
seed 23 NOT a permutation: Error: IoError: No such file or directory (os error 2)
ERR
seed 24 NOT a permutation: Error: IoError: No such file or directory (os error 2)
ERR
seed 25 NOT a permutation: Error: IoError: No such file or directory (os error 2)
ERR
seed 26 NOT a permutation: Error: IoError: No such file or directory (os error 2)
ERR
seed 27 NOT a permutation: Error: IoError: No such file or directory (os error 2)
ERR
seed 28 NOT a permutation: Error: IoError: No such file or directory (os error 2)
ERR
seed 29 NOT a permutation: Error: IoError: No such file or directory (os error 2)
ERR
seed 30 NOT a permutation: Error: IoError: No such file or directory (os error 2)
ERR
seed 31 NOT a permutation: Error: IoError: No such file or directory (os error 2)
ERR
seed 32 NOT a permutation: Error: IoError: No such file or directory (os error 2)
ERR
seed 33 NOT a permutation: Error: IoError: No such file or directory (os error 2)
ERR
seed 34 NOT a permutation: Error: IoError: No such file or directory (os error 2)
ERR
seed 35 NOT a permutation: Error: IoError: No such file or directory (os error 2)
ERR
seed 36 NOT a permutation: Error: IoError: No such file or directory (os error 2)
ERR
seed 37 NOT a permutation: Error: IoError: No such file or directory (os error 2)
ERR
seed 38 NOT a permutation: Error: IoError: No such file or directory (os error 2)
ERR
seed 39 NOT a permutation: Error: IoError: No such file or directory (os error 2)
ERR
seed 40 NOT a permutation: Error: IoError: No such file or directory (os error 2)
ERR
seed 41 NOT a permutation: Error: IoError: No such file or directory (os error 2)
ERR
seed 42 NOT a permutation: Error: IoError: No such file or directory (os error 2)
ERR
seed 43 NOT a permutation: Error: IoError: No such file or directory (os error 2)
ERR
seed 44 NOT a permutation: Error: IoError: No such file or directory (os error 2)
ERR
seed 45 NOT a permutation: Error: IoError: No such file or directory (os error 2)
ERR
seed 46 NOT a permutation: Error: IoError: No such file or directory (os error 2)
ERR
seed 47 NOT a permutation: Error: IoError: No such file or directory (os error 2)
ERR
seed 48 NOT a permutation: Error: IoError: No such file or directory (os error 2)
ERR
seed 49 NOT a permutation: Error: IoError: No such file or directory (os error 2)
ERR
seed 50 NOT a permutation: Error: IoError: No such file or directory (os error 2)
ERR
seed 51 NOT a permutation: Error: IoError: No such file or directory (os error 2)
ERR
seed 52 NOT a permutation: Error: IoError: No such file or directory (os error 2)
ERR
seed 53 NOT a permutation: Error: IoError: No such file or directory (os error 2)
ERR
seed 54 NOT a permutation: Error: IoError: No such file or directory (os error 2)
ERR
seed 55 NOT a permutation: Error: IoError: No such file or directory (os error 2)
ERR
seed 56 NOT a permutation: Error: IoError: No such file or directory (os error 2)
ERR
seed 57 NOT a permutation: Error: IoError: No such file or directory (os error 2)
ERR
seed 58 NOT a permutation: Error: IoError: No such file or directory (os error 2)
ERR
seed 59 NOT a permutation: Error: IoError: No such file or directory (os error 2)
ERR
seed 60 NOT a permutation: Error: IoError: No such file or directory (os error 2)
ERR
seed 61 NOT a permutation: Error: IoError: No such file or directory (os error 2)
ERR
seed 62 NOT a permutation: Error: IoError: No such file or directory (os error 2)
ERR
seed 63 NOT a permutation: Error: IoError: No such file or directory (os error 2)
ERR
seed 64 NOT a permutation: Error: IoError: No such file or directory (os error 2)
ERR
seed 65 NOT a permutation: Error: IoError: No such file or directory (os error 2)
ERR
seed 66 NOT a permutation: Error: IoError: No such file or directory (os error 2)
ERR
seed 67 NOT a permutation: Error: IoError: No such file or directory (os error 2)
ERR
seed 68 NOT a permutation: Error: IoError: No such file or directory (os error 2)
ERR
seed 69 NOT a permutation: Error: IoError: No such file or directory (os error 2)
ERR
seed 70 NOT a permutation: Error: IoError: No such file or directory (os error 2)
ERR
seed 71 NOT a permutation: Error: IoError: No such file or directory (os error 2)
ERR
seed 72 NOT a permutation: Error: IoError: No such file or directory (os error 2)
ERR
seed 73 NOT a permutation: Error: IoError: No such file or directory (os error 2)
ERR
seed 74 NOT a permutation: Error: IoError: No such file or directory (os error 2)
ERR
seed 75 NOT a permutation: Error: IoError: No such file or directory (os error 2)
ERR
seed 76 NOT a permutation: Error: IoError: No such file or directory (os error 2)
ERR
seed 77 NOT a permutation: Error: IoError: No such file or directory (os error 2)
ERR
seed 78 NOT a permutation: Error: IoError: No such file or directory (os error 2)
ERR
seed 79 NOT a permutation: Error: IoError: No such file or directory (os error 2)
ERR
seed 80 NOT a permutation: Error: IoError: No such file or directory (os error 2)
ERR
seed 81 NOT a permutation: Error: IoError: No such file or directory (os error 2)
ERR
seed 82 NOT a permutation: Error: IoError: No such file or directory (os error 2)
ERR
seed 83 NOT a permutation: Error: IoError: No such file or directory (os error 2)
ERR
seed 84 NOT a permutation: Error: IoError: No such file or directory (os error 2)
ERR
seed 85 NOT a permutation: Error: IoError: No such file or directory (os error 2)
ERR
seed 86 NOT a permutation: Error: IoError: No such file or directory (os error 2)
ERR
seed 87 NOT a permutation: Error: IoError: No such file or directory (os error 2)
ERR
seed 88 NOT a permutation: Error: IoError: No such file or directory (os error 2)
ERR
seed 89 NOT a permutation: Error: IoError: No such file or directory (os error 2)
ERR
seed 90 NOT a permutation: Error: IoError: No such file or directory (os error 2)
ERR
seed 91 NOT a permutation: Error: IoError: No such file or directory (os error 2)
ERR
seed 92 NOT a permutation: Error: IoError: No such file or directory (os error 2)
ERR
seed 93 NOT a permutation: Error: IoError: No such file or directory (os error 2)
ERR
seed 94 NOT a permutation: Error: IoError: No such file or directory (os error 2)
ERR
seed 95 NOT a permutation: Error: IoError: No such file or directory (os error 2)
ERR
seed 96 NOT a permutation: Error: IoError: No such file or directory (os error 2)
ERR
seed 97 NOT a permutation: Error: IoError: No such file or directory (os error 2)
ERR
seed 98 NOT a permutation: Error: IoError: No such file or directory (os error 2)
ERR
seed 99 NOT a permutation: Error: IoError: No such file or directory (os error 2)
ERR
seeds 0..99: non-permutations=100 identity=0
[0m
`rb run -` doesn't accept stdin. Redoing with files:
[0m$ [0mfails=0; ident=0; mkdir -p target/tmp/sh
for s in $(seq 0 99); do
  printf 'random_seed(%d)\nsay random_shuffle([1,2,3,4,5,6,7,8])\n' "$s" > target/tmp/sh/s.rb
  out=$(./target/debug/rb run target/tmp/sh/s.rb 2>&1)
  if [ "$out" = "[1, 2, 3, 4, 5, 6, 7, 8]" ]; then ident=$((ident+1)); fi
  sorted=$(echo "$out" | tr -d '[] ' | tr ',' '\n' | sort -n | tr -d '\n')
  if [ "$sorted" != "12345678" ]; then echo "seed $s NOT a permutation: $out"; fails=$((fails+1)); fi
done
echo "seeds 0..99: non-permutations=$fails identity=$ident"
seeds 0..99: non-permutations=0 identity=0
[0m
[0m$ [0mgit diff 722ef32 dc2c83a --stat
SPEC.md                          |  20 +-
 examples/random.rb               |  27 ++
 phases/phase-037/FINDINGS.md     |  53 ++++
 phases/phase-037/REPORT.md       | 175 ++++++++++++
 src/repl/completer.rs            |   1 +
 src/runtime.rs                   | 216 +++++++++++++--
 src/stdlib.rs                    |   7 +
 tests/bootstrap_selfhost_test.rs |   4 +-
 tests/bytecode_vm_test.rs        |  16 +-
 tests/random_builtin_test.rs     | 565 +++++++++++++++++++++++++++++++++++++++
 10 files changed, 1055 insertions(+), 29 deletions(-)
[0m
All DoD behaviours verified independently. Now let me check what the previous attempt actually changed and whether the 4th gate is really absent.
[0m$ [0mgit show --stat dc2c83a | head -20; echo "=== verify.sh anywhere in project? ==="; find . -name "verify.sh" -not -path "./target/*" 2>/dev/null; echo "(end)"
commit dc2c83a14de396d5dba7da58e450a7e3097983f1
Author: rbops-bot <rbops-bot@users.noreply.github.com>
Date:   Fri Oct 9 12:15:55 2026 +0000

    resume phase-037: adopt preserved work

 SPEC.md                          |  20 +-
 examples/random.rb               |  27 ++
 phases/phase-037/FINDINGS.md     |  53 ++++
 phases/phase-037/REPORT.md       | 175 ++++++++++++
 src/repl/completer.rs            |   1 +
 src/runtime.rs                   | 216 +++++++++++++--
 src/stdlib.rs                    |   7 +
 tests/bootstrap_selfhost_test.rs |   4 +-
 tests/bytecode_vm_test.rs        |  16 +-
 tests/random_builtin_test.rs     | 565 +++++++++++++++++++++++++++++++++++++++
 10 files changed, 1055 insertions(+), 29 deletions(-)
=== verify.sh anywhere in project? ===
(end)
[0m
Three cargo gates pass; `rbops/verify.sh` genuinely does not exist in this checkout. Let me review the diffs to pre-existing tests, which is the highest-risk part of the prior attempt.
[0m$ [0mgit diff 722ef32 dc2c83a -- tests/bytecode_vm_test.rs tests/bootstrap_selfhost_test.rs
diff --git a/tests/bootstrap_selfhost_test.rs b/tests/bootstrap_selfhost_test.rs
index f81c565..3adea71 100644
--- a/tests/bootstrap_selfhost_test.rs
+++ b/tests/bootstrap_selfhost_test.rs
@@ -509,8 +509,8 @@ fn stage2_is_byte_identical_on_the_examples_and_the_modules() {
     }
 
     assert_eq!(
-        checked, 8,
-        "{checked} of the examples and modules were compared, not all 8; the language's \
+        checked, 9,
+        "{checked} of the examples and modules were compared, not all 9; the language's \
          specification by example is what this test exists to check"
     );
 }
diff --git a/tests/bytecode_vm_test.rs b/tests/bytecode_vm_test.rs
index e780927..e4f1951 100644
--- a/tests/bytecode_vm_test.rs
+++ b/tests/bytecode_vm_test.rs
@@ -241,12 +241,16 @@ fn assert_agrees_bounded(
 /// Programs read from disk that this test cannot compare, named rather than
 /// detected.
 ///
-/// A differential test is only worth anything if it is deterministic, and one of
-/// these prints the wall clock, so its two runs differ by a second however
-/// faithfully both VMs behave. They are still executed by `redblue_suite_test.rs`
-/// and by the gate's examples run, so excluding them here loses no coverage —
-/// it only keeps a comparison from being meaningless.
-const NOT_COMPARABLE: &[&str] = &["examples/time.rb", "examples/random.rb"];
+/// A differential test is only worth anything if it is deterministic, and this
+/// one prints the wall clock, so its two runs differ by a second however
+/// faithfully both VMs behave. It is still executed by `redblue_suite_test.rs`
+/// and by the gate's examples run, so excluding it here loses no coverage — it
+/// only keeps a comparison from being meaningless.
+///
+/// `examples/random.rb` was on this list for the same reason and no longer is:
+/// it seeds its draws with `random_seed`, so both runs print the same bytes and
+/// the comparison says something about the two engines again.
+const NOT_COMPARABLE: &[&str] = &["examples/time.rb"];
 
 /// The corpus the differential test runs: every program under `examples/`,
 /// `modules/` and `tests/` that [`NOT_COMPARABLE`] does not name, plus the
[0m
[0m$ [0mgit log --oneline -3 -- examples/random.rb; echo "=== original random.rb ==="; git show 722ef32:examples/random.rb
dc2c83a resume phase-037: adopt preserved work
=== original random.rb ===
fatal: path 'examples/random.rb' exists on disk, but not in '722ef32'
[0m
[0m$ [0mcargo test --test bytecode_vm_test 2>&1 | tail -8; echo "=== selfhost ==="; cargo test --test bootstrap_selfhost_test 2>&1 | tail -12
test tree_walk_and_bytecode_print_the_same_thing ... ok
test a_corpus_of_programs_runs_identically_on_both_vms ... ok
test edge_a_decoded_chunk_runs_identically_to_the_compiled_one ... ok
test edge_the_two_vms_report_the_same_failure_for_every_corpus_program has been running for over 60 seconds
test edge_the_two_vms_report_the_same_failure_for_every_corpus_program ... ok

test result: ok. 71 passed; 0 failed; 0 ignored; 0 measured; 0 filtered out; finished in 70.91s

=== selfhost ===
test stage2_is_byte_identical_for_each_statement_kind ... ok
test edge_stage3_is_byte_identical_on_every_corpus_program ... ok
test edge_the_self_hosted_compiler_compiles_itself_byte_identically has been running for over 60 seconds
test stage2_is_byte_identical_on_the_examples_and_the_modules ... ok
test edge_three_consecutive_self_compilations_are_byte_identical has been running for over 60 seconds
test stage2_is_byte_identical_on_its_corpus_families has been running for over 60 seconds
test stage2_is_byte_identical_on_its_corpus_families ... ok
test edge_three_consecutive_self_compilations_are_byte_identical ... ok
test edge_the_self_hosted_compiler_compiles_itself_byte_identically ... ok

test result: ok. 20 passed; 0 failed; 0 ignored; 0 measured; 0 filtered out; finished in 287.07s
[0m
Confirmed: `examples/random.rb` did not exist at the base commit. Let me check the remaining risk items — no newly-skipped tests, no suppressions, and edge coverage.
[0m$ [0msed -n '265,345p' tests/random_builtin_test.rs
#[test]
fn edge_random_refuses_the_arguments_it_cannot_use() {
    // An empty list has no member to choose, so there is no answer to give and
    // the call is refused rather than answered `nothing`.
    let empty = eval_err("random_choice([])");
    assert!(
        matches!(empty, Error::Runtime(_, _)),
        "random_choice of an empty list should be a Runtime error, got {empty:?}"
    );

    // A single-element list has exactly one answer, whatever the seed is.
    for seed in [0i64, 1, 99, 12345] {
        assert_eq!(
            eval(&format!("random_seed({seed})\nrandom_choice([\"only\"])")),
            Value::Text("only".to_string()),
            "the only element of a one-element list is the only answer, for seed {seed}"
        );
    }
    // Shuffling one element is the identity, and an empty list stays empty.
    assert_eq!(
        eval("random_shuffle([])"),
        eval("[]"),
        "shuffling an empty list cannot add anything to it"
    );
    assert_eq!(
        eval("random_seed(7)\nrandom_shuffle([\"only\"])"),
        eval("[\"only\"]"),
        "shuffling one element cannot move it"
    );

    // A range whose low end is above its high end is empty, and refused by name.
    for source in [
        "random(10, 1)",
        "random_number(10, 1)",
        "random_seed(10, 1)",
    ] {
        let error = eval_err(source);
        let message = error.to_string();
        assert!(
            message.contains("random"),
            "`{source}` should be refused naming the builtin, got: {message}"
        );
    }

    // A negative range is ordinary: the draw lands in it.
    let negative = match eval("random(-10, -5)") {
        Value::Number(n) => n,
        other => panic!("random(-10, -5) should be a number, got {other:?}"),
    };
    assert!(
        (-10.0..=-5.0).contains(&negative),
        "random(-10, -5) answered {negative}, outside the negative range it was given"
    );
    assert!(
        eval("random_number(-1.5, -0.5)") != Value::Number(f64::NAN),
        "random_number over a negative range must answer a number"
    );

    // A non-number is refused rather than read as 0 and quietly ignored.
    for source in [
        "random(\"a\", 1)",
        "random(1, \"b\")",
        "random_number(\"a\", 1)",
        "random_number(1, \"b\")",
        "random_seed(\"a\")",
        "random_choice(\"a\")",
        "random_shuffle(\"a\")",
        "random_shuffle(7)",
    ] {
        let error = eval_err(source);
        assert!(
            matches!(error, Error::Runtime(_, _)),
            "`{source}` should be a clean Runtime error, got {error:?}"
        );
    }
}

/// The zero-width range: `random(5, 5)` has one member and `random_number(1, 1)`
/// has none, and both are legal where a half-open reading would refuse them.
#[test]
fn edge_a_range_of_no_width_is_still_a_range() {
[0m
[0m$ [0mecho "=== newly added ignore/skip/allow in the phase diff ==="; git diff 722ef32 dc2c83a | grep -nE "^\+" | grep -E "#\[ignore\]|// skip|\.skip|allow\(clippy|allow\(dead_code" || echo "(none)"; echo "=== removed #[ignore] (weakening) ==="; git diff 722ef32 dc2c83a | grep -nE "^-" | grep -E "#\[ignore\]|// skip|allow\(" || echo "(none)"
=== newly added ignore/skip/allow in the phase diff ===
(none)
=== removed #[ignore] (weakening) ===
(none)
[0m
Three cargo gates pass and every achievable DoD item verifies. Let me check the remaining risk: `random_float` relies on `Value::number` refusing NaN/inf.
[0m$ [0mgrep -n "pub fn number" -A 25 src/value.rs | head -40
354:    pub fn number(n: f64, span: Span) -> Result<Value> {
355-        finite_number(n, span).map(Value::Number)
356-    }
357-
358-    /// The name `type_of` reports, and the name a `Runtime` error quotes when
359-    /// it has to say what it was handed instead of the type it wanted.
360-    pub fn type_name(&self) -> &'static str {
361-        match self {
362-            Value::Nothing => "nothing",
363-            Value::Number(_) => "number",
364-            Value::Text(_) => "text",
365-            Value::YesNo(_) => "yes/no",
366-            Value::List(_) => "list",
367-            Value::Record(_) => "record",
368-            Value::Object(_, _) => "object",
369-            Value::Function(_) => "function",
370-            Value::Builtin(_) => "builtin",
371-        }
372-    }
373-
374-    pub fn is_truthy(&self) -> bool {
375-        match self {
376-            Value::Nothing => false,
377-            Value::YesNo(b) => *b,
378-            Value::Number(n) => *n != 0.0,
379-            Value::Text(s) => !s.is_empty(),
[0m
[0m→ [0mRead phases/phase-037/FINDINGS.md
Three cargo gates pass. Let me adversarially probe for panic paths the tests might miss.
[0m
[0m$ [0mmkdir -p target/tmp/adv
probe() { printf '%s\n' "$2" > target/tmp/adv/p.rb; out=$(./target/debug/rb run target/tmp/adv/p.rb 2>&1); code=$?; echo "[$1] exit=$code :: $(echo "$out" | head -2 | tr '\n' ' ')"; }
probe "frac width"        'say random(0, 10.5)'
probe "frac width 2"      'say random(2.25, 2.75)'
probe "neg zero"          'say random(-0.0, 0.0)'
probe "huge width"        'say random(-1e308, 1e308)'
probe "huge num"          'say random_number(-1e308, 1e308)'
probe "53bit"             'say random(0, 9007199254740992)'
probe "53bit+1"           'say random(0, 9007199254740993)'
probe "inf"               'say random(0, 1e400)'
probe "nan"               'say random_number(0, 0)'
probe "neg zero range"    'say random(-5, -5)'
probe "tiny width"        'say random(1, 1.0000001)'
probe "shuffle empty"     'say random_shuffle([])'
probe "choice empty"      'say random_choice([])'
probe "seed huge"         'random_seed(1e300)
say random(0,100)'
probe "seed neg"          'random_seed(-1)
say random(0,100)'
[frac width] exit=0 :: 4 
[frac width 2] exit=0 :: 2.25 
[neg zero] exit=0 :: 0 
[huge width] exit=1 :: Error: RuntimeError: random: the range is too wide to measure in a number   --> target/tmp/adv/p.rb:1:1 
[huge num] exit=1 :: Error: RuntimeError: infinity is not a finite number   --> target/tmp/adv/p.rb:1:1 
[53bit] exit=0 :: 6929580258059764 
[53bit+1] exit=0 :: 6929580258059764 
[inf] exit=1 :: Error: RuntimeError: infinity is not a finite number   --> target/tmp/adv/p.rb:1:1 
[nan] exit=0 :: 0 
[neg zero range] exit=0 :: -5 
[tiny width] exit=0 :: 1 
[shuffle empty] exit=0 :: [] 
[choice empty] exit=1 :: Error: RuntimeError: random_choice requires a list with at least one element   --> target/tmp/adv/p.rb:1:1 
[seed huge] exit=0 :: 66 
[seed neg] exit=0 :: 1
[0m
No panics; all edge inputs give clean errors. Let me confirm the clock usage and check the arithmetic behind the two DoD lines I couldn't satisfy.
[0m$ [0msed -n '780,790p' src/runtime.rs; echo "=== arithmetic check on the DoD bucket line ==="; python3 -c "
print('1000 draws / 10 deciles -> mean per bucket:', 1000/10)
print('band the prompt asks for: 400..600')
print('total draws that band implies:', 10*400, '..', 10*600)
print('=> the prompt asks for 4000-6000 draws, but says 1000. Off by 5x.')
print()
print('band for 1000 draws consistent with that 400..600 shape (x/5):', 80, 120)
"
std::fs::rename(from, to)
                .map(|_| Some(Value::Nothing))
                .map_err(|e| Error::Io(format!("Failed to rename '{}' to '{}': {}", from, to, e)))
        }
        // Time module
        "time_now" => {
            let now = since_epoch(SystemTime::now(), span)?;
            let secs = now.as_secs();
            let nanos = now.subsec_nanos();
            let record = crate::value::Fields::from([
                ("seconds".to_string(), Value::Number(secs as f64)),
=== arithmetic check on the DoD bucket line ===
1000 draws / 10 deciles -> mean per bucket: 100.0
band the prompt asks for: 400..600
total draws that band implies: 4000 .. 6000
=> the prompt asks for 4000-6000 draws, but says 1000. Off by 5x.

band for 1000 draws consistent with that 400..600 shape (x/5): 80 120
[0m
Let me verify backwards compatibility (all examples/modules still run) and confirm no dead code.
[0m$ [0mgrep -rn "seed_random" src/ | head; echo "=== allow(dead_code) anywhere in src/runtime.rs ==="; grep -c "allow(dead_code" src/runtime.rs
src/runtime.rs:507:pub fn seed_random(seed: u64) {
src/runtime.rs:661:            seed_random(seed.trunc() as i64 as u64);
=== allow(dead_code) anywhere in src/runtime.rs ===
0
[0m
[0m$ [0mpass=0; fail=0; failed=""
for f in examples/*.rb modules/*.rb; do
  if ./target/debug/rb run "$f" >/dev/null 2>&1; then pass=$((pass+1)); else fail=$((fail+1)); failed="$failed $f"; fi
done
echo "examples+modules run: pass=$pass fail=$fail"; [ -n "$failed" ] && echo "FAILED:$failed"
examples+modules run: pass=9 fail=0
[0m
All gates green. But I found two Definition-of-Done lines that are arithmetically impossible as written. Let me verify and tighten the distribution assertion.
[0m$ [0mgit diff 722ef32 dc2c83a -- SPEC.md
diff --git a/SPEC.md b/SPEC.md
index 205d9d6..948bb6b 100644
--- a/SPEC.md
+++ b/SPEC.md
@@ -970,8 +970,24 @@ set floored to math.floor(1.7)  // 1
 `PI` and `E` are globals, not module members: a module has functions, so
 `math.PI` is not a name in the language.
 
-`math.random` is not implemented. The random builtins are `random_number`,
-`random_choice` and `random_shuffle`, spelled flat.
+`math.random` is not implemented. The random builtins are spelled flat: `random`,
+`random_seed`, `random_number`, `random_choice` and `random_shuffle`.
+
+```redblue
+random_seed(42)                // every draw after this is reproducible
+set n to random(1, 6)          // a whole number from 1 to 6, both ends included
+set f to random_number(0, 1)   // a number from 0 up to (not including) 1
+set one to random_choice(xs)    // one member of a list
+set mixed to random_shuffle(xs) // the same members, in a seeded order
+```
+
+`random_seed` makes the draws after it reproducible: the same seed gives the
+same sequence of draws, in one process or in two. A program that never seeds
+draws from a fixed default seed rather than from the clock, so Redblue's output
+is reproducible by default and a program has to *ask* for variation it cannot
+reproduce. `random` answers a whole number and `random_number` a fraction; both
+refuse a range whose low end is above its high end, because such a range has no
+member. `random_choice` refuses an empty list, since it has no member to choose.
 
 ### files
[0m
[0m$ [0mpython3 -c "
# Can 200 continuous draws over [0,100) yield <=101 distinct values?
n=200
space=100*2**53
import math
# expected distinct
print('expected distinct of 200 draws from ~%.3e values:' % space, n*(1-(1-1/space)**n))
print('P(distinct <= 101) is astronomically small -> DoD line is unreachable for a float draw')
"
expected distinct of 200 draws from ~9.007e+17 values: 0.0
P(distinct <= 101) is astronomically small -> DoD line is unreachable for a float draw
[0m
Both remaining DoD lines are arithmetically unreachable. Let me confirm the exact numbers and tighten the one weak assertion.
[0m$ [0mfor s in 12345 1 7 999; do
 printf 'random_seed(%d)\nset i to 0\nwhile i < 1000\n say random_number(0,100)\n set i to i + 1\nend\n' "$s" > target/tmp/adv/d.rb
 echo "seed $s:"; ./target/debug/rb run target/tmp/adv/d.rb | python3 -c "
import sys
b=[0]*10
for l in sys.stdin: b[min(int(float(l)//10),9)]+=1
print('  buckets',b,'min',min(b),'max',max(b),'in 80..120:',all(80<=c<=120 for c in b))
"
done
seed 12345:
  buckets [105, 95, 103, 94, 101, 98, 116, 100, 89, 99] min 89 max 116 in 80..120: True
seed 1:
  buckets [112, 112, 107, 104, 95, 104, 108, 80, 81, 97] min 80 max 112 in 80..120: True
seed 7:
  buckets [107, 92, 74, 102, 108, 93, 93, 120, 96, 115] min 74 max 120 in 80..120: False
seed 999:
  buckets [92, 79, 99, 94, 102, 103, 120, 94, 113, 104] min 79 max 120 in 80..120: False
[0m
Let me check the one property that underpins the default-determinism claim, and confirm my distinct count.
[0m$ [0mgrep -n "DEFAULT_SEED\|default seed\|never seeds\|unseeded" tests/random_builtin_test.rs | head
(no output)
[0m
[0m$ [0mprintf 'say random(0,100)\nsay random(0,100)\nsay random_number(0,1)\n' > target/tmp/adv/u1.rb
./target/debug/rb run target/tmp/adv/u1.rb > target/tmp/adv/o1.txt
./target/debug/rb run target/tmp/adv/u1.rb > target/tmp/adv/o2.txt
diff target/tmp/adv/o1.txt target/tmp/adv/o2.txt && echo "UNSEEDED two processes: IDENTICAL (default seed is deterministic)"
cat target/tmp/adv/o1.txt
UNSEEDED two processes: IDENTICAL (default seed is deterministic)
26
59
0.5026230818294767
[0m
[0m→ [0mRead tests/random_builtin_test.rs[90m [offset=136, limit=45][0m
Found a real gap: the default-seed determinism is a load-bearing claim in the code and SPEC, but no test pins it. Adding that test plus tightening the loose distribution band.
[0m
[0m← [0mEdit tests/random_builtin_test.rs
Index: /home/runner/work/rbops/rbops/redblue/tests/random_builtin_test.rs
===================================================================
--- /home/runner/work/rbops/rbops/redblue/tests/random_builtin_test.rs
+++ /home/runner/work/rbops/rbops/redblue/tests/random_builtin_test.rs
@@ -153,8 +153,62 @@
         "two processes given the same seed printed different things:\n--- first\n{first}\n--- second\n{second}"
     );
 }
 
+/// A program that never calls `random_seed` is reproducible too.
+///
+/// This is the claim `src/runtime.rs` and SPEC.md both make: draws come from a
+/// fixed `DEFAULT_SEED` rather than from the clock, so Redblue's output is
+/// reproducible *by default* and a program has to ask for variation it cannot
+/// reproduce. Two processes that never seed must therefore agree.
+///
+/// Without this test the determinism would hold only for programs that remember
+/// to seed, which is the weaker and less useful half of the property — and the
+/// failure it guards is silent: nothing goes wrong, output just stops being
+/// reproducible.
+#[test]
+fn edge_two_processes_that_never_seed_still_agree() {
+    let source = "for each i from 1 to 50\n    \
+                     say random(0, 1000)\n    \
+                     say random_number(0, 1)\n    \
+                     say random_choice([\"a\", \"b\", \"c\", \"d\"])\n    \
+                     say random_shuffle([1, 2, 3, 4, 5])\n\
+                 end";
+    let first = run_process("unseeded_a", source);
+    let second = run_process("unseeded_b", source);
+    assert!(
+        first.lines().count() > 100,
+        "the unseeded program printed {} lines, so this proves nothing",
+        first.lines().count()
+    );
+    assert_eq!(
+        first, second,
+        "two processes that never seeded printed different things, so the default \
+         seed is not fixed:\n--- first\n{first}\n--- second\n{second}"
+    );
+}
+
+/// Seeding twice is not the same as never seeding: `random_seed` has to move the
+/// generator, or a program that sets the seed to the documented default could
+/// not tell seeded from unseeded and the two would be indistinguishable.
+#[test]
+fn edge_seeding_moves_the_generator() {
+    let unseeded = draws("random_number(0, 1)", 16);
+    // `DEFAULT_SEED` is a fixed value in `src/runtime.rs`; drawing from it
+    // explicitly must reproduce what an unseeded program draws.
+    let explicitly = draws("random_number(0, 1)", 16);
+    assert_eq!(
+        unseeded, explicitly,
+        "two unseeded runs disagreed with each other, so the default seed is not stable"
+    );
+    let seeded = format!("random_seed(424242)\n{}", DRAWS_PREAMBLE);
+    let seeded_values = super::draws_from(&seeded, "random_number(0, 1)", 16);
+    assert_ne!(
+        unseeded, seeded_values,
+        "seeding with 424242 produced the default sequence, so `random_seed` did not move the generator"
+    );
+}
+
 /// One seed, the same draws, every time — inside a single process too.
 ///
 /// The bytecode VM and the tree-walker run the same program, so both engines'
 /// draws have to be the same sequence too; `both_engines_agree` pins that.

[0m
I referenced helpers that don't exist. Let me fix that properly with a real preamble parameter.
[0m← [0mEdit tests/random_builtin_test.rs
Index: /home/runner/work/rbops/rbops/redblue/tests/random_builtin_test.rs
===================================================================
--- /home/runner/work/rbops/rbops/redblue/tests/random_builtin_test.rs
+++ /home/runner/work/rbops/rbops/redblue/tests/random_builtin_test.rs
@@ -192,21 +192,18 @@
 /// not tell seeded from unseeded and the two would be indistinguishable.
 #[test]
 fn edge_seeding_moves_the_generator() {
     let unseeded = draws("random_number(0, 1)", 16);
-    // `DEFAULT_SEED` is a fixed value in `src/runtime.rs`; drawing from it
-    // explicitly must reproduce what an unseeded program draws.
-    let explicitly = draws("random_number(0, 1)", 16);
-    assert_eq!(
-        unseeded, explicitly,
-        "two unseeded runs disagreed with each other, so the default seed is not stable"
-    );
-    let seeded = format!("random_seed(424242)\n{}", DRAWS_PREAMBLE);
-    let seeded_values = super::draws_from(&seeded, "random_number(0, 1)", 16);
+    let seeded = draws_from("random_seed(424242)\n", "random_number(0, 1)", 16);
+    let other = draws_from("random_seed(424243)\n", "random_number(0, 1)", 16);
     assert_ne!(
-        unseeded, seeded_values,
+        unseeded, seeded,
         "seeding with 424242 produced the default sequence, so `random_seed` did not move the generator"
     );
+    assert_ne!(
+        seeded, other,
+        "two different seeds produced the same sequence, so `random_seed` is not reaching the generator"
+    );
 }
 
 /// One seed, the same draws, every time — inside a single process too.
 ///

[0m
[0m← [0mEdit tests/random_builtin_test.rs
Index: /home/runner/work/rbops/rbops/redblue/tests/random_builtin_test.rs
===================================================================
--- /home/runner/work/rbops/rbops/redblue/tests/random_builtin_test.rs
+++ /home/runner/work/rbops/rbops/redblue/tests/random_builtin_test.rs
@@ -48,10 +48,17 @@
 /// The program is whole: seeding, the loop and the list all run inside one VM,
 /// so what is asserted is what a Redblue program would see.
 #[track_caller]
 fn draws(expr: &str, count: usize) -> Vec<f64> {
+    draws_from(&format!("random_seed({SEED})\n"), expr, count)
+}
+
+/// The same, under a caller-supplied preamble, so a test can seed differently
+/// or not at all.
+#[track_caller]
+fn draws_from(preamble: &str, expr: &str, count: usize) -> Vec<f64> {
     let source = format!(
-        "random_seed({SEED})\n\
+        "{preamble}\
          set xs to []\n\
          for each i from 1 to {count}\n    \
              append(\"xs\", {expr})\n\
          end\n\

[0m
Now refactor `draws` to build on a `draws_from` helper so both exist:
[0m$ [0mcargo test --test random_builtin_test 2>&1 | tail -25
[1m[92m   Compiling[0m redblue v0.2.0 (/home/runner/work/rbops/rbops/redblue)
[1m[92m    Finished[0m `test` profile [unoptimized] target(s) in 2.07s
[1m[92m     Running[0m tests/random_builtin_test.rs (target/debug/deps/random_builtin_test-e62e411272b15846)

running 16 tests
test edge_random_choice_and_shuffle_carry_nested_values ... ok
test both_engines_agree_on_a_seeded_sequence ... ok
test edge_a_range_of_no_width_is_still_a_range ... ok
test edge_random_refuses_a_range_no_number_can_measure ... ok
test edge_random_number_spreads_its_draws_across_the_range ... ok
test edge_random_seed_refuses_a_seed_it_cannot_use ... ok
test edge_random_refuses_the_arguments_it_cannot_use ... ok
test edge_random_choice_reaches_every_element_of_the_list ... ok
test edge_random_shuffle_keeps_every_repeated_member ... ok
test edge_seeding_moves_the_generator ... ok
test edge_two_processes_that_never_seed_still_agree ... ok
test edge_random_shuffle_permutes_its_input_for_every_seed ... ok
test random_draws_are_reproducible_from_a_seed ... ok
test random_honours_its_range_arguments ... ok
test edge_two_processes_seeded_alike_print_identical_output ... ok
test edge_many_draws_stay_in_range_and_do_not_grow ... ok

test result: ok. 16 passed; 0 failed; 0 ignored; 0 measured; 0 filtered out; finished in 0.12s
[0m
Let me prove the new tests can actually fail via a temporary mutation.
[0m$ [0mcp src/runtime.rs target/tmp/runtime.rs.bak
python3 - <<'PY'
import re
p='src/runtime.rs'
s=open(p).read()
s=s.replace(
 'const DEFAULT_SEED: u64 = 0x9E37_79B9_7F4A_7C15;',
 'const DEFAULT_SEED: u64 = 0x9E37_79B9_7F4A_7C15;\n#[allow(dead_code)]\nfn _clock_default() -> u64 { SystemTime::now().duration_since(UNIX_EPOCH).map(|d| d.as_nanos() as u64).unwrap_or(0) }')
# make the thread-local initialiser read the clock instead of the fixed constant
s=s.replace('static RANDOM_STATE: Cell<u64> = const { Cell::new(DEFAULT_SEED) };',
            'static RANDOM_STATE: Cell<u64> = Cell::new(0);')
open(p,'w').write(s)
PY
grep -n "static RANDOM_STATE" src/runtime.rs
466:    static RANDOM_STATE: Cell<u64> = Cell::new(0);
[0m
[0m$ [0mpython3 - <<'PY'
p='src/runtime.rs'
s=open(p).read()
s=s.replace('static RANDOM_STATE: Cell<u64> = Cell::new(0);',
            'static RANDOM_STATE: Cell<u64> = Cell::new(0);\n    static UNINIT: Cell<bool> = Cell::new(true);')
s=s.replace("""fn next_bits() -> u64 {
    RANDOM_STATE.with(|state| {
        let next = splitmix64(state.get());
        state.set(next);
        next
    })
}""","""fn next_bits() -> u64 {
    UNINIT.with(|u| {
        if u.get() {
            u.set(false);
            RANDOM_STATE.with(|state| state.set(_clock_default()));
        }
    });
    RANDOM_STATE.with(|state| {
        let next = splitmix64(state.get());
        state.set(next);
        next
    })
}""")
s=s.replace("""pub fn seed_random(seed: u64) {
    RANDOM_STATE.with(|state| state.set(splitmix64(seed)));
}""","""pub fn seed_random(seed: u64) {
    UNINIT.with(|u| u.set(false));
    RANDOM_STATE.with(|state| state.set(splitmix64(seed)));
}""")
open(p,'w').write(s)
PY
cargo test --test random_builtin_test 2>&1 | grep -E "^test |test result" | grep -Ev "\.\.\. ok" | head -20
(no output)
[0m
[0m$ [0mcargo test --test random_builtin_test 2>&1 | tail -30
[1m[92m   Compiling[0m redblue v0.2.0 (/home/runner/work/rbops/rbops/redblue)
[1m[91merror[0m[1m: constant `DEFAULT_SEED` is never used[0m
   [1m[94m--> [0msrc/runtime.rs:476:7
    [1m[94m|[0m
[1m[94m476[0m [1m[94m|[0m const DEFAULT_SEED: u64 = 0x9E37_79B9_7F4A_7C15;
    [1m[94m|[0m       [1m[91m^^^^^^^^^^^^[0m
    [1m[94m|[0m
    [1m[94m= [0m[1mnote[0m: `-D dead-code` implied by `-D warnings`
    [1m[94m= [0m[1mhelp[0m: to override `-D warnings` add `#[expect(dead_code)]` or `#[allow(dead_code)]`

[1m[91merror[0m: could not compile `redblue` (lib) due to 1 previous error
[0m
[0m$ [0mpython3 - <<'PY'
p='src/runtime.rs'
s=open(p).read()
s=s.replace('const DEFAULT_SEED: u64 = 0x9E37_79B9_7F4A_7C15;',
            '#[allow(dead_code)]\nconst DEFAULT_SEED: u64 = 0x9E37_79B9_7F4A_7C15;')
open(p,'w').write(s)
PY
cargo test --test random_builtin_test 2>&1 | grep -E "^test [a-z]|test result|panicked|assertion" | head -30
test edge_random_choice_and_shuffle_carry_nested_values ... ok
test both_engines_agree_on_a_seeded_sequence ... ok
test edge_a_range_of_no_width_is_still_a_range ... FAILED
test edge_random_refuses_a_range_no_number_can_measure ... ok
test edge_random_refuses_the_arguments_it_cannot_use ... ok
test edge_random_seed_refuses_a_seed_it_cannot_use ... ok
test edge_random_shuffle_keeps_every_repeated_member ... ok
test edge_random_choice_reaches_every_element_of_the_list ... ok
test edge_random_number_spreads_its_draws_across_the_range ... ok
test edge_seeding_moves_the_generator ... ok
test edge_random_shuffle_permutes_its_input_for_every_seed ... ok
test edge_two_processes_that_never_seed_still_agree ... FAILED
test random_draws_are_reproducible_from_a_seed ... ok
test random_honours_its_range_arguments ... ok
test edge_two_processes_seeded_alike_print_identical_output ... ok
test edge_many_draws_stay_in_range_and_do_not_grow ... ok
thread 'edge_a_range_of_no_width_is_still_a_range' (54079) panicked at tests/random_builtin_test.rs:409:5:
assertion `left == right` failed: a width of one whole step has one whole member in it
thread 'edge_two_processes_that_never_seed_still_agree' (54092) panicked at tests/random_builtin_test.rs:190:5:
assertion `left == right` failed: two processes that never seeded printed different things, so the default seed is not fixed:
test result: FAILED. 14 passed; 2 failed; 0 ignored; 0 measured; 0 filtered out; finished in 0.12s
[0m
The mutation is caught by my new test. Restoring the real implementation:
[0m$ [0mcp target/tmp/runtime.rs.bak src/runtime.rs && grep -n "static RANDOM_STATE\|allow(dead_code)\|_clock_default" src/runtime.rs && echo "--- restored cleanly ---"
466:    static RANDOM_STATE: Cell<u64> = const { Cell::new(DEFAULT_SEED) };
--- restored cleanly ---
[0m
[0m$ [0mgit diff --stat src/runtime.rs; echo "(empty above = runtime.rs identical to committed)"; cargo test --test random_builtin_test 2>&1 | tail -6
(empty above = runtime.rs identical to committed)
test edge_two_processes_seeded_alike_print_identical_output ... ok
test random_honours_its_range_arguments ... ok
test edge_many_draws_stay_in_range_and_do_not_grow ... ok

test result: ok. 16 passed; 0 failed; 0 ignored; 0 measured; 0 filtered out; finished in 0.12s
[0m
Now the four gates with the restored code:
[0m$ [0mcargo fmt --all -- --check && echo "GATE1 fmt: PASS"
GATE1 fmt: PASS
[0m
[0m$ [0mcargo clippy --all-targets -- -D warnings 2>&1 | grep -E "^(error|warning)" | head -10; echo "GATE2 clippy exit=${PIPESTATUS[0]}"; cargo clippy --all-targets -- -D warnings >/dev/null 2>&1 && echo "GATE2 clippy: PASS"
GATE2 clippy exit=0
GATE2 clippy: PASS
[0m
[0m$ [0mcargo test --all-targets 2>&1 | tee target/tmp/full_test.txt | grep -E "^test result" | awk -F'[ ;]' '{p+=$4; f+=$6; i+=$8} END {print "GATE3 cargo test: passed="p" failed="f" ignored="i}'
grep -cE "FAILED|panicked" target/tmp/full_test.txt
GATE3 cargo test: passed=1120 failed=0 ignored=0
0
[0m
[0m$ [0mls rbops/verify.sh 2>&1; ./rbops/verify.sh phase-037 2>&1 || echo "GATE4: cannot run - rbops/verify.sh absent from this checkout"
ls: cannot access 'rbops/verify.sh': No such file or directory
/bin/bash: line 1: ./rbops/verify.sh: No such file or directory
GATE4: cannot run - rbops/verify.sh absent from this checkout
[0m
All three runnable gates pass (1120 tests, 0 failed, 0 ignored). Now writing REPORT.md.
[0m← [0mWrite phases/phase-037/REPORT.md
Wrote file successfully.
[0m
Now recording the manifest defects in FINDINGS.md:
[0m← [0mEdit phases/phase-037/FINDINGS.md
Index: /home/runner/work/rbops/rbops/redblue/phases/phase-037/FINDINGS.md
===================================================================
--- /home/runner/work/rbops/rbops/redblue/phases/phase-037/FINDINGS.md
+++ /home/runner/work/rbops/rbops/redblue/phases/phase-037/FINDINGS.md
@@ -12,10 +12,43 @@
 were run and are recorded in REPORT.md with what they actually printed. The
 fourth gate is **unverified**; a reviewer must run it before this phase is
 `.done`.
 
-## 2. A seeded generator is not an unpredictable one
+## 2. Two Definition-of-Done lines in `rbops/phases.json` are unsatisfiable
 
+Recorded so the auditor can correct the manifest rather than a later implementer
+being sent to fail them again. Both are in phase-037's "Definition of done".
+
+**(a) "200 draws of `random_number(0, 100)` produce at most 101 distinct
+values".** `random_number` is the fractional draw over `[0, 100)`, about
+`100 × 2^53 ≈ 9.0 × 10^17` representable values. The expected number of
+collisions in 200 draws is `200 × 199 / 2 / 9.0e17 ≈ 2 × 10^-14`; getting to
+101 distinct needs ~99 of them. Measured on the built binary: **200 distinct of
+200**.
+
+The 101-member bound is a true statement about `random(0, 100)`, the whole-number
+draw, and that one meets it (91 ≤ 101). It cannot be a statement about
+`random_number(0, 100)` without discarding the fractional part — which would
+contradict the *next* line of the same section, the decile-bucket requirement,
+since a whole-number draw over `[0, 100)` cannot occupy ten deciles of width 10
+in the way that line describes. The two lines cannot both hold.
+
+**(b) "1000 draws of `random_number(0, 100)` ... put between 400 and 600 draws
+in each of the ten decile buckets".** 1000 draws over ten buckets is a mean of
+100 a bucket; 400–600 per bucket implies 4000–6000 total draws. The line is off
+by 5× against its own stated draw count.
+
+What the line is reaching for — draws spread across the range rather than
+marching monotonically across it, which was exactly the old
+`now.as_nanos()` defect — is implemented and pinned:
+`tests/random_builtin_test.rs::edge_random_number_spreads_its_draws_across_the_range`
+asserts every decile of the 1000-draw distribution lies in 40–160, and measures
+`[105, 95, 103, 94, 101, 98, 116, 100, 89, 99]` — mean 100.0.
+
+Neither line was made to pass by weakening a test. Both are reported in REPORT.md.
+
+## 3. A seeded generator is not an unpredictable one
+
 Phase 037 replaced the wall clock in the `random*` builtins with a seeded
 SplitMix64, so draws are reproducible — which is what the bootstrap fixed point
 needs. But a *seeded* generator is deterministic by construction, so a Redblue
 program now has no source of unpredictable data at all.

[0m
[0m$ [0mpython3 - <<'PY'
import re
p='phases/phase-037/FINDINGS.md'
s=open(p).read()
s=s.replace('## 3. `random` and `random_number` disagree at the high end','## 4. `random` and `random_number` disagree at the high end')
s=s.replace('## 4. The bytecode compiler still refuses function literals','## 5. The bytecode compiler still refuses function literals')
open(p,'w').write(s)
PY
grep -n "^## " phases/phase-037/FINDINGS.md
5:## 1. `rbops/` is not present in the checkout
16:## 2. Two Definition-of-Done lines in `rbops/phases.json` are unsatisfiable
49:## 3. A seeded generator is not an unpredictable one
63:## 4. `random` and `random_number` disagree at the high end
78:## 5. The bytecode compiler still refuses function literals
[0m
Final verification run of the three gates plus a last consistency check:
[0m$ [0mcd /home/runner/work/rbops/rbops/redblue && cargo fmt --all -- --check && echo "1 fmt PASS" && cargo clippy --all-targets -- -D warnings >/dev/null 2>&1 && echo "2 clippy PASS"
1 fmt PASS
2 clippy PASS
[0m
[0m$ [0mcargo test --all-targets 2>&1 | grep -E "^test result" | awk -F'[ ;]' '{p+=$4; f+=$6; i+=$8} END {print "3 test: passed="p" failed="f" ignored="i}'
3 test: passed=1120 failed=0 ignored=0
[0m
[0m$ [0mecho "=== new tests in this file: $(grep -c '#\[test\]' tests/random_builtin_test.rs), edge_*: $(grep -c 'fn edge_' tests/random_builtin_test.rs)"; echo "=== newly added ignore/skip/allow in my diff ==="; git diff | grep -E "^\+" | grep -E "#\[ignore\]|// skip|\.skip\(|allow\(clippy|allow\(dead_code" || echo "(none)"; echo "=== git status ==="; git status --short
=== new tests in this file: 16, edge_*: 13
=== newly added ignore/skip/allow in my diff ===
(none)
=== git status ===
 M phases/phase-037/FINDINGS.md
 M phases/phase-037/REPORT.md
 M tests/random_builtin_test.rs
[0m
All gates green. Summary of this run:

**State on arrival:** The prior attempt's implementation was already merged and correct. I verified it independently rather than trusting its report — running `random(5,5)` → `5`, 200 draws of `random(0,100)` → 91 distinct (was 179), `random_shuffle` a non-identity permutation for all seeds 0..=99 across 100 separate processes, `random_choice` hitting all four elements (266/245/266/223), and two processes producing an empty diff.

**What I added** — one real gap: `src/runtime.rs:473` claims a program that never seeds draws from a fixed `DEFAULT_SEED`, and SPEC.md repeats it, but no test pinned it. Determinism previously held only for programs that remembered to seed — the weaker half of the property, and its failure mode is silent. Two tests now cover it: `edge_two_processes_that_never_seed_still_agree` and `edge_seeding_moves_the_generator`.

**I proved the tests can fail** rather than asserting it: mutating the generator to read the clock made both the new default-seed test and an existing boundary test go red. The mutation was reverted; `git diff --stat src/runtime.rs` is empty.

**Two things I did not deliver, deliberately:**

1. `./rbops/verify.sh` cannot run — `rbops/` does not exist in this checkout. Hard rule 1 forbids creating it. **The fourth gate is unverified by me** and needs a reviewer.

2. Two Definition-of-Done lines are arithmetically impossible and I did not bend a test to make them look passed. The line requiring 200 draws of `random_number(0,100)` to yield ≤101 distinct values contradicts the adjacent decile-bucket line for the same function — one demands whole numbers, the other demands a fractional spread across a continuous range. The bucket band of 400–600 per bucket also implies 4000–6000 draws, not the 1000 stated. Both are written up in REPORT.md and FINDINGS.md with the arithmetic, since they are manifest defects rather than implementation bugs.

**Gates:** fmt pass, clippy pass (zero warnings, no `allow` added), `cargo test --all-targets` 1120 passed / 0 failed / 0 ignored. Diff touches only tests and phase docs; `src/` changes were already present from the prior attempt.

DONE
