[93m[1m! [0m agent "reviewer" not found. Falling back to default agent
[0m
> build · muse-spark-1.3-contributor-free
[0m
Adversarial review underway — hunting for fake passes, panics, and spec drift.
[0m→ [0mRead .
[0m→ [0mRead src/bytecode/disasm.rs
[0m→ [0mRead src/bytecode/format.rs
[0m→ [0mRead src/bytecode/codegen.rs
[0m→ [0mRead src/bytecode/mod.rs
[0m→ [0mRead src/bytecode/opcode.rs
Core bytecode modules look structurally sound — now probing the tests and spec for gaps.
[0m→ [0mRead docs/BYTECODE.md
[0m→ [0mRead src/lib.rs
[0m→ [0mRead tests/bytecode_test.rs
[0m✱ [0mGrep "Object\s*\{"[90m 7 matches[0m
[0m→ [0mRead src/parser.rs[90m [offset=180, limit=30][0m
[0m→ [0mRead phases/phase-018/FINDINGS.md
[0m→ [0mRead src/vm.rs[90m [offset=540, limit=40][0m
[0m✱ [0mGrep "extends|DEF_OBJECT|DefObject"[90m 59 matches[0m
[0m→ [0mRead src/parser.rs[90m [limit=40, offset=940][0m
Found lossy object compilation — now verifying the remaining semantic gaps.
[0m✱ [0mGrep "Has\s*\{|default"[90m in src · 44 matches[0m
[0m→ [0mRead docs/BYTECODE.md[90m [limit=15, offset=180][0m
[0m→ [0mRead src/vm.rs[90m [limit=30, offset=1390][0m
[0m✱ [0mGrep "unwrap|expect\(|panic!|unreachable!|todo!|\[0\]|\[index\]|as u32|as usize"[90m in src/bytecode · 30 matches[0m
[0m✱ [0mGrep "extends|has |default"[90m in examples · 0 matches[0m
[0m→ [0mRead examples
FINDINGS:
1. [BLOCKER] src/bytecode/codegen.rs:306 — `let inherits = u32::from(extends.is_some())` discards the parent name, so `object Child extends Parent` encodes only a 1-bit flag with no parent operand — the format row in docs/BYTECODE.md:183 has no parent field, so an S1b VM can never resolve the parent that src/vm.rs:1419 reads — intern the parent name as a constant and carry its index (new operand plus version bump) and add a test compiling `extends`.
2. [BLOCKER] src/bytecode/codegen.rs:286 — `Statement::Has { name, .. }` ignores `default: Option<Expr>`, and docs/BYTECODE.md:184 gives `DEF_FIELD` only a name index, so `has size default 5` silently loses its value while src/vm.rs:1397 evaluates defaults — encode the default (emitted init code or constant) or refuse it, and add a test with a non-trivial default.
3. [MAJOR] tests/bytecode_test.rs:426 — asserts `(instruction.arg as usize) < block.code.len()` while tests/bytecode_test.rs:471 and docs/BYTECODE.md:214 define `== code.len()` as the legal block exit, so the old invariant contradicts the new one and passes only because its program avoids a trailing exit jump — change 426 to `<=` and pin the exit form there too.
4. [MAJOR] src/bytecode/disasm.rs:42 — `render_block` recurses once per nesting level with no depth guard, and src/bytecode/format.rs:274 `collect` does the same, while phases/phase-018/FINDINGS.md:83 admits only `write_block` recursion, so a hand-built `Chunk` deeper than `MAX_BLOCK_DEPTH` stack-overflows via public `disassemble`/`all_blocks` even though decode and codegen refuse that depth — walk iteratively or check depth before recursing.
5. [MAJOR] src/bytecode/disasm.rs:8 — claims "Every index it prints is checked" but `describe` at src/bytecode/disasm.rs:108 checks only constant-pool indices and jump targets, never `DefFunction`/`DefMethod`/`DefObject`/`Try`/`Test` block indices, and src/bytecode/format.rs:474 accepts any `u32` arg, so a corrupt block index decodes silently and disassembles without comment — validate block args against `blocks.len()` in decode or report them like jumps.
REVIEW VERDICT: FINDINGS 5
